[2026-03-04T13:15:22.364+0530][info][gc] Using G1
[2026-03-04T13:15:22.364+0530][info][gc,init] Version: 17.0.12+8-LTS-286 (release)
[2026-03-04T13:15:22.364+0530][info][gc,init] CPUs: 16 total, 16 available
[2026-03-04T13:15:22.364+0530][info][gc,init] Memory: 16044M
[2026-03-04T13:15:22.364+0530][info][gc,init] Large Page Support: Disabled
[2026-03-04T13:15:22.364+0530][info][gc,init] NUMA Support: Disabled
[2026-03-04T13:15:22.364+0530][info][gc,init] Compressed Oops: Enabled (32-bit)
[2026-03-04T13:15:22.364+0530][info][gc,init] Heap Region Size: 1M
[2026-03-04T13:15:22.364+0530][info][gc,init] Heap Min Capacity: 512M
[2026-03-04T13:15:22.364+0530][info][gc,init] Heap Initial Capacity: 512M
[2026-03-04T13:15:22.364+0530][info][gc,init] Heap Max Capacity: 514M
[2026-03-04T13:15:22.364+0530][info][gc,init] Pre-touch: Disabled
[2026-03-04T13:15:22.364+0530][info][gc,init] Parallel Workers: 13
[2026-03-04T13:15:22.364+0530][info][gc,init] Concurrent Workers: 3
[2026-03-04T13:15:22.364+0530][info][gc,init] Concurrent Refinement Workers: 13
[2026-03-04T13:15:22.364+0530][info][gc,init] Periodic GC: Disabled
[2026-03-04T13:15:22.364+0530][info][gc,metaspace] CDS archive(s) mapped at: [0x0000020100000000-0x0000020100bd0000-0x0000020100bd0000), size 12386304, SharedBaseAddress: 0x0000020100000000, ArchiveRelocationMode: 1.
[2026-03-04T13:15:22.364+0530][info][gc,metaspace] Compressed class space mapped at: 0x0000020101000000-0x0000020141000000, reserved size: 1073741824
[2026-03-04T13:15:22.364+0530][info][gc,metaspace] Narrow klass base: 0x0000020100000000, Narrow klass shift: 0, Narrow klass range: 0x100000000
[2026-03-04T13:15:23.018+0530][info][gc,start    ] GC(0) Pause Young (Normal) (G1 Evacuation Pause)
[2026-03-04T13:15:23.018+0530][info][gc,task     ] GC(0) Using 12 workers of 13 for evacuation
[2026-03-04T13:15:23.023+0530][info][gc,phases   ] GC(0)   Pre Evacuate Collection Set: 0.1ms
[2026-03-04T13:15:23.023+0530][info][gc,phases   ] GC(0)   Merge Heap Roots: 0.1ms
[2026-03-04T13:15:23.023+0530][info][gc,phases   ] GC(0)   Evacuate Collection Set: 3.3ms
[2026-03-04T13:15:23.023+0530][info][gc,phases   ] GC(0)   Post Evacuate Collection Set: 0.5ms
[2026-03-04T13:15:23.023+0530][info][gc,phases   ] GC(0)   Other: 0.7ms
[2026-03-04T13:15:23.023+0530][info][gc,heap     ] GC(0) Eden regions: 25->0(30)
[2026-03-04T13:15:23.023+0530][info][gc,heap     ] GC(0) Survivor regions: 0->4(4)
[2026-03-04T13:15:23.023+0530][info][gc,heap     ] GC(0) Old regions: 0->3
[2026-03-04T13:15:23.023+0530][info][gc,heap     ] GC(0) Archive regions: 0->0
[2026-03-04T13:15:23.023+0530][info][gc,heap     ] GC(0) Humongous regions: 2->2
[2026-03-04T13:15:23.023+0530][info][gc,metaspace] GC(0) Metaspace: 11028K(11200K)->11028K(11200K) NonClass: 9914K(9984K)->9914K(9984K) Class: 1114K(1216K)->1114K(1216K)
[2026-03-04T13:15:23.023+0530][info][gc          ] GC(0) Pause Young (Normal) (G1 Evacuation Pause) 27M->8M(512M) 4.768ms
[2026-03-04T13:15:23.023+0530][info][gc,cpu      ] GC(0) User=0.03s Sys=0.00s Real=0.01s
[2026-03-04T13:15:23.462+0530][info][gc,start    ] GC(1) Pause Young (Normal) (G1 Evacuation Pause)
[2026-03-04T13:15:23.463+0530][info][gc,task     ] GC(1) Using 12 workers of 13 for evacuation
[2026-03-04T13:15:23.465+0530][info][gc,phases   ] GC(1)   Pre Evacuate Collection Set: 0.1ms
[2026-03-04T13:15:23.465+0530][info][gc,phases   ] GC(1)   Merge Heap Roots: 0.1ms
[2026-03-04T13:15:23.465+0530][info][gc,phases   ] GC(1)   Evacuate Collection Set: 2.0ms
[2026-03-04T13:15:23.465+0530][info][gc,phases   ] GC(1)   Post Evacuate Collection Set: 0.3ms
[2026-03-04T13:15:23.465+0530][info][gc,phases   ] GC(1)   Other: 0.1ms
[2026-03-04T13:15:23.465+0530][info][gc,heap     ] GC(1) Eden regions: 26->0(144)
[2026-03-04T13:15:23.465+0530][info][gc,heap     ] GC(1) Survivor regions: 4->2(4)
[2026-03-04T13:15:23.465+0530][info][gc,heap     ] GC(1) Old regions: 3->7
[2026-03-04T13:15:23.465+0530][info][gc,heap     ] GC(1) Archive regions: 0->0
[2026-03-04T13:15:23.465+0530][info][gc,heap     ] GC(1) Humongous regions: 2->2
[2026-03-04T13:15:23.465+0530][info][gc,metaspace] GC(1) Metaspace: 15992K(16256K)->15992K(16256K) NonClass: 14238K(14336K)->14238K(14336K) Class: 1754K(1920K)->1754K(1920K)
[2026-03-04T13:15:23.465+0530][info][gc          ] GC(1) Pause Young (Normal) (G1 Evacuation Pause) 34M->9M(512M) 2.727ms
[2026-03-04T13:15:23.465+0530][info][gc,cpu      ] GC(1) User=0.00s Sys=0.00s Real=0.00s
[2026-03-04T13:15:23.676+0530][info][gc,start    ] GC(2) Pause Young (Concurrent Start) (GCLocker Initiated GC)
[2026-03-04T13:15:23.676+0530][info][gc,task     ] GC(2) Using 12 workers of 13 for evacuation
[2026-03-04T13:15:23.676+0530][info][gc,phases   ] GC(2)   Pre Evacuate Collection Set: 0.1ms
[2026-03-04T13:15:23.676+0530][info][gc,phases   ] GC(2)   Merge Heap Roots: 0.0ms
[2026-03-04T13:15:23.676+0530][info][gc,phases   ] GC(2)   Evacuate Collection Set: 1.2ms
[2026-03-04T13:15:23.676+0530][info][gc,phases   ] GC(2)   Post Evacuate Collection Set: 0.3ms
[2026-03-04T13:15:23.676+0530][info][gc,phases   ] GC(2)   Other: 0.2ms
[2026-03-04T13:15:23.676+0530][info][gc,heap     ] GC(2) Eden regions: 23->0(205)
[2026-03-04T13:15:23.676+0530][info][gc,heap     ] GC(2) Survivor regions: 2->3(19)
[2026-03-04T13:15:23.676+0530][info][gc,heap     ] GC(2) Old regions: 7->7
[2026-03-04T13:15:23.676+0530][info][gc,heap     ] GC(2) Archive regions: 0->0
[2026-03-04T13:15:23.676+0530][info][gc,heap     ] GC(2) Humongous regions: 2->2
[2026-03-04T13:15:23.676+0530][info][gc,metaspace] GC(2) Metaspace: 21303K(21632K)->21303K(21632K) NonClass: 18909K(19072K)->18909K(19072K) Class: 2394K(2560K)->2394K(2560K)
[2026-03-04T13:15:23.676+0530][info][gc          ] GC(2) Pause Young (Concurrent Start) (GCLocker Initiated GC) 32M->11M(512M) 1.959ms
[2026-03-04T13:15:23.676+0530][info][gc,cpu      ] GC(2) User=0.00s Sys=0.00s Real=0.00s
[2026-03-04T13:15:23.676+0530][info][gc          ] GC(3) Concurrent Mark Cycle
[2026-03-04T13:15:23.676+0530][info][gc,marking  ] GC(3) Concurrent Clear Claimed Marks
[2026-03-04T13:15:23.676+0530][info][gc,marking  ] GC(3) Concurrent Clear Claimed Marks 0.014ms
[2026-03-04T13:15:23.676+0530][info][gc,marking  ] GC(3) Concurrent Scan Root Regions
[2026-03-04T13:15:23.676+0530][info][gc,marking  ] GC(3) Concurrent Scan Root Regions 1.158ms
[2026-03-04T13:15:23.676+0530][info][gc,marking  ] GC(3) Concurrent Mark
[2026-03-04T13:15:23.676+0530][info][gc,marking  ] GC(3) Concurrent Mark From Roots
[2026-03-04T13:15:23.676+0530][info][gc,task     ] GC(3) Using 3 workers of 3 for marking
[2026-03-04T13:15:23.676+0530][info][gc,marking  ] GC(3) Concurrent Mark From Roots 1.806ms
[2026-03-04T13:15:23.676+0530][info][gc,marking  ] GC(3) Concurrent Preclean
[2026-03-04T13:15:23.684+0530][info][gc,marking  ] GC(3) Concurrent Preclean 0.065ms
[2026-03-04T13:15:23.684+0530][info][gc,start    ] GC(3) Pause Remark
[2026-03-04T13:15:23.684+0530][info][gc          ] GC(3) Pause Remark 12M->12M(512M) 1.400ms
[2026-03-04T13:15:23.684+0530][info][gc,cpu      ] GC(3) User=0.00s Sys=0.00s Real=0.00s
[2026-03-04T13:15:23.684+0530][info][gc,marking  ] GC(3) Concurrent Mark 3.568ms
[2026-03-04T13:15:23.684+0530][info][gc,marking  ] GC(3) Concurrent Rebuild Remembered Sets
[2026-03-04T13:15:23.684+0530][info][gc,marking  ] GC(3) Concurrent Rebuild Remembered Sets 0.880ms
[2026-03-04T13:15:23.684+0530][info][gc,start    ] GC(3) Pause Cleanup
[2026-03-04T13:15:23.684+0530][info][gc          ] GC(3) Pause Cleanup 12M->12M(512M) 0.120ms
[2026-03-04T13:15:23.684+0530][info][gc,cpu      ] GC(3) User=0.00s Sys=0.00s Real=0.00s
[2026-03-04T13:15:23.684+0530][info][gc,marking  ] GC(3) Concurrent Cleanup for Next Mark
[2026-03-04T13:15:23.684+0530][info][gc,marking  ] GC(3) Concurrent Cleanup for Next Mark 0.797ms
[2026-03-04T13:15:23.684+0530][info][gc          ] GC(3) Concurrent Mark Cycle 6.896ms
[2026-03-04T13:15:25.248+0530][info][gc,start    ] GC(4) Pause Young (Concurrent Start) (Metadata GC Threshold)
[2026-03-04T13:15:25.248+0530][info][gc,task     ] GC(4) Using 12 workers of 13 for evacuation
[2026-03-04T13:15:25.257+0530][info][gc,phases   ] GC(4)   Pre Evacuate Collection Set: 0.1ms
[2026-03-04T13:15:25.257+0530][info][gc,phases   ] GC(4)   Merge Heap Roots: 0.1ms
[2026-03-04T13:15:25.257+0530][info][gc,phases   ] GC(4)   Evacuate Collection Set: 5.8ms
[2026-03-04T13:15:25.257+0530][info][gc,phases   ] GC(4)   Post Evacuate Collection Set: 0.6ms
[2026-03-04T13:15:25.257+0530][info][gc,phases   ] GC(4)   Other: 0.2ms
[2026-03-04T13:15:25.257+0530][info][gc,heap     ] GC(4) Eden regions: 110->0(296)
[2026-03-04T13:15:25.257+0530][info][gc,heap     ] GC(4) Survivor regions: 3->11(26)
[2026-03-04T13:15:25.257+0530][info][gc,heap     ] GC(4) Old regions: 7->7
[2026-03-04T13:15:25.257+0530][info][gc,heap     ] GC(4) Archive regions: 0->0
[2026-03-04T13:15:25.257+0530][info][gc,heap     ] GC(4) Humongous regions: 2->2
[2026-03-04T13:15:25.257+0530][info][gc,metaspace] GC(4) Metaspace: 35716K(36096K)->35716K(36096K) NonClass: 31422K(31616K)->31422K(31616K) Class: 4293K(4480K)->4293K(4480K)
[2026-03-04T13:15:25.257+0530][info][gc          ] GC(4) Pause Young (Concurrent Start) (Metadata GC Threshold) 121M->18M(512M) 6.886ms
[2026-03-04T13:15:25.257+0530][info][gc,cpu      ] GC(4) User=0.00s Sys=0.00s Real=0.01s
[2026-03-04T13:15:25.257+0530][info][gc          ] GC(5) Concurrent Mark Cycle
[2026-03-04T13:15:25.257+0530][info][gc,marking  ] GC(5) Concurrent Clear Claimed Marks
[2026-03-04T13:15:25.257+0530][info][gc,marking  ] GC(5) Concurrent Clear Claimed Marks 0.034ms
[2026-03-04T13:15:25.257+0530][info][gc,marking  ] GC(5) Concurrent Scan Root Regions
[2026-03-04T13:15:25.257+0530][info][gc,marking  ] GC(5) Concurrent Scan Root Regions 2.051ms
[2026-03-04T13:15:25.257+0530][info][gc,marking  ] GC(5) Concurrent Mark
[2026-03-04T13:15:25.257+0530][info][gc,marking  ] GC(5) Concurrent Mark From Roots
[2026-03-04T13:15:25.257+0530][info][gc,task     ] GC(5) Using 3 workers of 3 for marking
[2026-03-04T13:15:25.257+0530][info][gc,marking  ] GC(5) Concurrent Mark From Roots 1.638ms
[2026-03-04T13:15:25.257+0530][info][gc,marking  ] GC(5) Concurrent Preclean
[2026-03-04T13:15:25.257+0530][info][gc,marking  ] GC(5) Concurrent Preclean 0.078ms
[2026-03-04T13:15:25.279+0530][info][gc,start    ] GC(5) Pause Remark
[2026-03-04T13:15:25.279+0530][info][gc          ] GC(5) Pause Remark 18M->18M(512M) 3.320ms
[2026-03-04T13:15:25.279+0530][info][gc,cpu      ] GC(5) User=0.02s Sys=0.00s Real=0.00s
[2026-03-04T13:15:25.279+0530][info][gc,marking  ] GC(5) Concurrent Mark 21.618ms
[2026-03-04T13:15:25.279+0530][info][gc,marking  ] GC(5) Concurrent Rebuild Remembered Sets
[2026-03-04T13:15:25.284+0530][info][gc,marking  ] GC(5) Concurrent Rebuild Remembered Sets 1.144ms
[2026-03-04T13:15:25.284+0530][info][gc,start    ] GC(5) Pause Cleanup
[2026-03-04T13:15:25.284+0530][info][gc          ] GC(5) Pause Cleanup 18M->18M(512M) 0.157ms
[2026-03-04T13:15:25.284+0530][info][gc,cpu      ] GC(5) User=0.00s Sys=0.00s Real=0.00s
[2026-03-04T13:15:25.284+0530][info][gc,marking  ] GC(5) Concurrent Cleanup for Next Mark
[2026-03-04T13:15:25.284+0530][info][gc,marking  ] GC(5) Concurrent Cleanup for Next Mark 0.901ms
[2026-03-04T13:15:25.284+0530][info][gc          ] GC(5) Concurrent Mark Cycle 26.330ms
[2026-03-04T13:15:28.055+0530][info][gc,start    ] GC(6) Pause Young (Concurrent Start) (Metadata GC Threshold)
[2026-03-04T13:15:28.055+0530][info][gc,task     ] GC(6) Using 12 workers of 13 for evacuation
[2026-03-04T13:15:28.072+0530][info][gc,phases   ] GC(6)   Pre Evacuate Collection Set: 0.1ms
[2026-03-04T13:15:28.072+0530][info][gc,phases   ] GC(6)   Merge Heap Roots: 0.0ms
[2026-03-04T13:15:28.072+0530][info][gc,phases   ] GC(6)   Evacuate Collection Set: 8.6ms
[2026-03-04T13:15:28.072+0530][info][gc,phases   ] GC(6)   Post Evacuate Collection Set: 0.7ms
[2026-03-04T13:15:28.072+0530][info][gc,phases   ] GC(6)   Other: 0.1ms
[2026-03-04T13:15:28.072+0530][info][gc,heap     ] GC(6) Eden regions: 131->0(288)
[2026-03-04T13:15:28.072+0530][info][gc,heap     ] GC(6) Survivor regions: 11->19(39)
[2026-03-04T13:15:28.072+0530][info][gc,heap     ] GC(6) Old regions: 7->7
[2026-03-04T13:15:28.072+0530][info][gc,heap     ] GC(6) Archive regions: 0->0
[2026-03-04T13:15:28.072+0530][info][gc,heap     ] GC(6) Humongous regions: 2->2
[2026-03-04T13:15:28.072+0530][info][gc,metaspace] GC(6) Metaspace: 59847K(60288K)->59847K(60288K) NonClass: 52325K(52544K)->52325K(52544K) Class: 7522K(7744K)->7522K(7744K)
[2026-03-04T13:15:28.072+0530][info][gc          ] GC(6) Pause Young (Concurrent Start) (Metadata GC Threshold) 149M->26M(512M) 9.700ms
[2026-03-04T13:15:28.072+0530][info][gc,cpu      ] GC(6) User=0.02s Sys=0.06s Real=0.02s
[2026-03-04T13:15:28.072+0530][info][gc          ] GC(7) Concurrent Mark Cycle
[2026-03-04T13:15:28.072+0530][info][gc,marking  ] GC(7) Concurrent Clear Claimed Marks
[2026-03-04T13:15:28.072+0530][info][gc,marking  ] GC(7) Concurrent Clear Claimed Marks 0.036ms
[2026-03-04T13:15:28.072+0530][info][gc,marking  ] GC(7) Concurrent Scan Root Regions
[2026-03-04T13:15:28.072+0530][info][gc,marking  ] GC(7) Concurrent Scan Root Regions 3.027ms
[2026-03-04T13:15:28.072+0530][info][gc,marking  ] GC(7) Concurrent Mark
[2026-03-04T13:15:28.072+0530][info][gc,marking  ] GC(7) Concurrent Mark From Roots
[2026-03-04T13:15:28.072+0530][info][gc,task     ] GC(7) Using 3 workers of 3 for marking
[2026-03-04T13:15:28.072+0530][info][gc,marking  ] GC(7) Concurrent Mark From Roots 1.224ms
[2026-03-04T13:15:28.072+0530][info][gc,marking  ] GC(7) Concurrent Preclean
[2026-03-04T13:15:28.072+0530][info][gc,marking  ] GC(7) Concurrent Preclean 0.060ms
[2026-03-04T13:15:28.072+0530][info][gc,start    ] GC(7) Pause Remark
[2026-03-04T13:15:28.072+0530][info][gc          ] GC(7) Pause Remark 27M->27M(512M) 3.496ms
[2026-03-04T13:15:28.072+0530][info][gc,cpu      ] GC(7) User=0.00s Sys=0.03s Real=0.00s
[2026-03-04T13:15:28.072+0530][info][gc,marking  ] GC(7) Concurrent Mark 4.957ms
[2026-03-04T13:15:28.072+0530][info][gc,marking  ] GC(7) Concurrent Rebuild Remembered Sets
[2026-03-04T13:15:28.082+0530][info][gc,marking  ] GC(7) Concurrent Rebuild Remembered Sets 0.801ms
[2026-03-04T13:15:28.082+0530][info][gc,start    ] GC(7) Pause Cleanup
[2026-03-04T13:15:28.082+0530][info][gc          ] GC(7) Pause Cleanup 27M->27M(512M) 0.096ms
[2026-03-04T13:15:28.082+0530][info][gc,cpu      ] GC(7) User=0.00s Sys=0.00s Real=0.00s
[2026-03-04T13:15:28.082+0530][info][gc,marking  ] GC(7) Concurrent Cleanup for Next Mark
[2026-03-04T13:15:28.082+0530][info][gc,marking  ] GC(7) Concurrent Cleanup for Next Mark 0.288ms
[2026-03-04T13:15:28.082+0530][info][gc          ] GC(7) Concurrent Mark Cycle 9.705ms
[2026-03-04T13:15:47.763+0530][info][gc,heap,exit] Heap
[2026-03-04T13:15:47.763+0530][info][gc,heap,exit]  garbage-first heap   total 524288K, used 283321K [0x00000000dfe00000, 0x0000000100000000)
[2026-03-04T13:15:47.763+0530][info][gc,heap,exit]   region size 1024K, 269 young (275456K), 19 survivors (19456K)
[2026-03-04T13:15:47.763+0530][info][gc,heap,exit]  Metaspace       used 87834K, committed 88448K, reserved 1179648K
[2026-03-04T13:15:47.763+0530][info][gc,heap,exit]   class space    used 11758K, committed 12032K, reserved 1048576K
