[2026-03-02T08:55:47.472+0530][info][gc] Using G1
[2026-03-02T08:55:47.475+0530][info][gc,init] Version: 17.0.12+8-LTS-286 (release)
[2026-03-02T08:55:47.475+0530][info][gc,init] CPUs: 16 total, 16 available
[2026-03-02T08:55:47.475+0530][info][gc,init] Memory: 16044M
[2026-03-02T08:55:47.476+0530][info][gc,init] Large Page Support: Disabled
[2026-03-02T08:55:47.476+0530][info][gc,init] NUMA Support: Disabled
[2026-03-02T08:55:47.476+0530][info][gc,init] Compressed Oops: Enabled (32-bit)
[2026-03-02T08:55:47.476+0530][info][gc,init] Heap Region Size: 1M
[2026-03-02T08:55:47.476+0530][info][gc,init] Heap Min Capacity: 512M
[2026-03-02T08:55:47.476+0530][info][gc,init] Heap Initial Capacity: 512M
[2026-03-02T08:55:47.476+0530][info][gc,init] Heap Max Capacity: 514M
[2026-03-02T08:55:47.476+0530][info][gc,init] Pre-touch: Disabled
[2026-03-02T08:55:47.476+0530][info][gc,init] Parallel Workers: 13
[2026-03-02T08:55:47.476+0530][info][gc,init] Concurrent Workers: 3
[2026-03-02T08:55:47.476+0530][info][gc,init] Concurrent Refinement Workers: 13
[2026-03-02T08:55:47.476+0530][info][gc,init] Periodic GC: Disabled
[2026-03-02T08:55:47.483+0530][info][gc,metaspace] CDS archive(s) mapped at: [0x0000019980000000-0x0000019980bd0000-0x0000019980bd0000), size 12386304, SharedBaseAddress: 0x0000019980000000, ArchiveRelocationMode: 1.
[2026-03-02T08:55:47.483+0530][info][gc,metaspace] Compressed class space mapped at: 0x0000019981000000-0x00000199c1000000, reserved size: 1073741824
[2026-03-02T08:55:47.483+0530][info][gc,metaspace] Narrow klass base: 0x0000019980000000, Narrow klass shift: 0, Narrow klass range: 0x100000000
[2026-03-02T08:55:48.055+0530][info][gc,start    ] GC(0) Pause Young (Normal) (G1 Evacuation Pause)
[2026-03-02T08:55:48.055+0530][info][gc,task     ] GC(0) Using 12 workers of 13 for evacuation
[2026-03-02T08:55:48.059+0530][info][gc,phases   ] GC(0)   Pre Evacuate Collection Set: 0.1ms
[2026-03-02T08:55:48.059+0530][info][gc,phases   ] GC(0)   Merge Heap Roots: 0.0ms
[2026-03-02T08:55:48.059+0530][info][gc,phases   ] GC(0)   Evacuate Collection Set: 2.9ms
[2026-03-02T08:55:48.059+0530][info][gc,phases   ] GC(0)   Post Evacuate Collection Set: 0.4ms
[2026-03-02T08:55:48.059+0530][info][gc,phases   ] GC(0)   Other: 0.5ms
[2026-03-02T08:55:48.059+0530][info][gc,heap     ] GC(0) Eden regions: 25->0(29)
[2026-03-02T08:55:48.059+0530][info][gc,heap     ] GC(0) Survivor regions: 0->4(4)
[2026-03-02T08:55:48.059+0530][info][gc,heap     ] GC(0) Old regions: 0->3
[2026-03-02T08:55:48.059+0530][info][gc,heap     ] GC(0) Archive regions: 0->0
[2026-03-02T08:55:48.059+0530][info][gc,heap     ] GC(0) Humongous regions: 1->1
[2026-03-02T08:55:48.059+0530][info][gc,metaspace] GC(0) Metaspace: 7909K(8128K)->7909K(8128K) NonClass: 7039K(7168K)->7039K(7168K) Class: 870K(960K)->870K(960K)
[2026-03-02T08:55:48.059+0530][info][gc          ] GC(0) Pause Young (Normal) (G1 Evacuation Pause) 26M->7M(512M) 4.215ms
[2026-03-02T08:55:48.059+0530][info][gc,cpu      ] GC(0) User=0.00s Sys=0.00s Real=0.00s
[2026-03-02T08:55:48.372+0530][info][gc,start    ] GC(1) Pause Young (Normal) (G1 Evacuation Pause)
[2026-03-02T08:55:48.372+0530][info][gc,task     ] GC(1) Using 12 workers of 13 for evacuation
[2026-03-02T08:55:48.375+0530][info][gc,phases   ] GC(1)   Pre Evacuate Collection Set: 0.1ms
[2026-03-02T08:55:48.375+0530][info][gc,phases   ] GC(1)   Merge Heap Roots: 0.0ms
[2026-03-02T08:55:48.375+0530][info][gc,phases   ] GC(1)   Evacuate Collection Set: 2.0ms
[2026-03-02T08:55:48.375+0530][info][gc,phases   ] GC(1)   Post Evacuate Collection Set: 0.3ms
[2026-03-02T08:55:48.375+0530][info][gc,phases   ] GC(1)   Other: 0.1ms
[2026-03-02T08:55:48.375+0530][info][gc,heap     ] GC(1) Eden regions: 27->0(199)
[2026-03-02T08:55:48.375+0530][info][gc,heap     ] GC(1) Survivor regions: 4->2(4)
[2026-03-02T08:55:48.375+0530][info][gc,heap     ] GC(1) Old regions: 3->7
[2026-03-02T08:55:48.375+0530][info][gc,heap     ] GC(1) Archive regions: 0->0
[2026-03-02T08:55:48.375+0530][info][gc,heap     ] GC(1) Humongous regions: 1->1
[2026-03-02T08:55:48.375+0530][info][gc,metaspace] GC(1) Metaspace: 14632K(14784K)->14632K(14784K) NonClass: 12904K(12992K)->12904K(12992K) Class: 1727K(1792K)->1727K(1792K)
[2026-03-02T08:55:48.375+0530][info][gc          ] GC(1) Pause Young (Normal) (G1 Evacuation Pause) 34M->9M(512M) 2.659ms
[2026-03-02T08:55:48.375+0530][info][gc,cpu      ] GC(1) User=0.00s Sys=0.00s Real=0.00s
[2026-03-02T08:55:48.906+0530][info][gc,start    ] GC(2) Pause Young (Concurrent Start) (Metadata GC Threshold)
[2026-03-02T08:55:48.906+0530][info][gc,task     ] GC(2) Using 12 workers of 13 for evacuation
[2026-03-02T08:55:48.909+0530][info][gc,phases   ] GC(2)   Pre Evacuate Collection Set: 0.1ms
[2026-03-02T08:55:48.909+0530][info][gc,phases   ] GC(2)   Merge Heap Roots: 0.0ms
[2026-03-02T08:55:48.909+0530][info][gc,phases   ] GC(2)   Evacuate Collection Set: 2.8ms
[2026-03-02T08:55:48.909+0530][info][gc,phases   ] GC(2)   Post Evacuate Collection Set: 0.4ms
[2026-03-02T08:55:48.909+0530][info][gc,phases   ] GC(2)   Other: 0.1ms
[2026-03-02T08:55:48.909+0530][info][gc,heap     ] GC(2) Eden regions: 50->0(229)
[2026-03-02T08:55:48.909+0530][info][gc,heap     ] GC(2) Survivor regions: 2->5(26)
[2026-03-02T08:55:48.909+0530][info][gc,heap     ] GC(2) Old regions: 7->7
[2026-03-02T08:55:48.909+0530][info][gc,heap     ] GC(2) Archive regions: 0->0
[2026-03-02T08:55:48.909+0530][info][gc,heap     ] GC(2) Humongous regions: 1->1
[2026-03-02T08:55:48.909+0530][info][gc,metaspace] GC(2) Metaspace: 21314K(21504K)->21314K(21504K) NonClass: 18746K(18816K)->18746K(18816K) Class: 2568K(2688K)->2568K(2688K)
[2026-03-02T08:55:48.909+0530][info][gc          ] GC(2) Pause Young (Concurrent Start) (Metadata GC Threshold) 58M->11M(512M) 3.519ms
[2026-03-02T08:55:48.909+0530][info][gc,cpu      ] GC(2) User=0.05s Sys=0.05s Real=0.00s
[2026-03-02T08:55:48.909+0530][info][gc          ] GC(3) Concurrent Mark Cycle
[2026-03-02T08:55:48.909+0530][info][gc,marking  ] GC(3) Concurrent Clear Claimed Marks
[2026-03-02T08:55:48.909+0530][info][gc,marking  ] GC(3) Concurrent Clear Claimed Marks 0.017ms
[2026-03-02T08:55:48.909+0530][info][gc,marking  ] GC(3) Concurrent Scan Root Regions
[2026-03-02T08:55:48.911+0530][info][gc,marking  ] GC(3) Concurrent Scan Root Regions 1.046ms
[2026-03-02T08:55:48.911+0530][info][gc,marking  ] GC(3) Concurrent Mark
[2026-03-02T08:55:48.911+0530][info][gc,marking  ] GC(3) Concurrent Mark From Roots
[2026-03-02T08:55:48.911+0530][info][gc,task     ] GC(3) Using 3 workers of 3 for marking
[2026-03-02T08:55:48.912+0530][info][gc,marking  ] GC(3) Concurrent Mark From Roots 1.594ms
[2026-03-02T08:55:48.912+0530][info][gc,marking  ] GC(3) Concurrent Preclean
[2026-03-02T08:55:48.912+0530][info][gc,marking  ] GC(3) Concurrent Preclean 0.227ms
[2026-03-02T08:55:48.913+0530][info][gc,start    ] GC(3) Pause Remark
[2026-03-02T08:55:48.914+0530][info][gc          ] GC(3) Pause Remark 12M->12M(512M) 1.213ms
[2026-03-02T08:55:48.914+0530][info][gc,cpu      ] GC(3) User=0.00s Sys=0.00s Real=0.00s
[2026-03-02T08:55:48.914+0530][info][gc,marking  ] GC(3) Concurrent Mark 3.341ms
[2026-03-02T08:55:48.914+0530][info][gc,marking  ] GC(3) Concurrent Rebuild Remembered Sets
[2026-03-02T08:55:48.915+0530][info][gc,marking  ] GC(3) Concurrent Rebuild Remembered Sets 0.644ms
[2026-03-02T08:55:48.915+0530][info][gc,start    ] GC(3) Pause Cleanup
[2026-03-02T08:55:48.915+0530][info][gc          ] GC(3) Pause Cleanup 12M->12M(512M) 0.073ms
[2026-03-02T08:55:48.915+0530][info][gc,cpu      ] GC(3) User=0.00s Sys=0.00s Real=0.00s
[2026-03-02T08:55:48.915+0530][info][gc,marking  ] GC(3) Concurrent Cleanup for Next Mark
[2026-03-02T08:55:48.915+0530][info][gc,marking  ] GC(3) Concurrent Cleanup for Next Mark 0.665ms
[2026-03-02T08:55:48.915+0530][info][gc          ] GC(3) Concurrent Mark Cycle 5.988ms
[2026-03-02T08:55:50.752+0530][info][gc,start    ] GC(4) Pause Young (Concurrent Start) (Metadata GC Threshold)
[2026-03-02T08:55:50.752+0530][info][gc,task     ] GC(4) Using 12 workers of 13 for evacuation
[2026-03-02T08:55:50.759+0530][info][gc,phases   ] GC(4)   Pre Evacuate Collection Set: 0.1ms
[2026-03-02T08:55:50.759+0530][info][gc,phases   ] GC(4)   Merge Heap Roots: 0.1ms
[2026-03-02T08:55:50.759+0530][info][gc,phases   ] GC(4)   Evacuate Collection Set: 6.4ms
[2026-03-02T08:55:50.759+0530][info][gc,phases   ] GC(4)   Post Evacuate Collection Set: 0.4ms
[2026-03-02T08:55:50.759+0530][info][gc,phases   ] GC(4)   Other: 0.1ms
[2026-03-02T08:55:50.759+0530][info][gc,heap     ] GC(4) Eden regions: 86->0(248)
[2026-03-02T08:55:50.759+0530][info][gc,heap     ] GC(4) Survivor regions: 5->12(30)
[2026-03-02T08:55:50.759+0530][info][gc,heap     ] GC(4) Old regions: 7->7
[2026-03-02T08:55:50.759+0530][info][gc,heap     ] GC(4) Archive regions: 0->0
[2026-03-02T08:55:50.759+0530][info][gc,heap     ] GC(4) Humongous regions: 1->1
[2026-03-02T08:55:50.759+0530][info][gc,metaspace] GC(4) Metaspace: 35685K(35968K)->35685K(35968K) NonClass: 31030K(31168K)->31030K(31168K) Class: 4654K(4800K)->4654K(4800K)
[2026-03-02T08:55:50.759+0530][info][gc          ] GC(4) Pause Young (Concurrent Start) (Metadata GC Threshold) 97M->18M(512M) 7.201ms
[2026-03-02T08:55:50.759+0530][info][gc,cpu      ] GC(4) User=0.00s Sys=0.00s Real=0.01s
[2026-03-02T08:55:50.759+0530][info][gc          ] GC(5) Concurrent Mark Cycle
[2026-03-02T08:55:50.759+0530][info][gc,marking  ] GC(5) Concurrent Clear Claimed Marks
[2026-03-02T08:55:50.759+0530][info][gc,marking  ] GC(5) Concurrent Clear Claimed Marks 0.015ms
[2026-03-02T08:55:50.759+0530][info][gc,marking  ] GC(5) Concurrent Scan Root Regions
[2026-03-02T08:55:50.761+0530][info][gc,marking  ] GC(5) Concurrent Scan Root Regions 2.111ms
[2026-03-02T08:55:50.761+0530][info][gc,marking  ] GC(5) Concurrent Mark
[2026-03-02T08:55:50.761+0530][info][gc,marking  ] GC(5) Concurrent Mark From Roots
[2026-03-02T08:55:50.761+0530][info][gc,task     ] GC(5) Using 3 workers of 3 for marking
[2026-03-02T08:55:50.762+0530][info][gc,marking  ] GC(5) Concurrent Mark From Roots 1.351ms
[2026-03-02T08:55:50.762+0530][info][gc,marking  ] GC(5) Concurrent Preclean
[2026-03-02T08:55:50.762+0530][info][gc,marking  ] GC(5) Concurrent Preclean 0.048ms
[2026-03-02T08:55:50.763+0530][info][gc,start    ] GC(5) Pause Remark
[2026-03-02T08:55:50.764+0530][info][gc          ] GC(5) Pause Remark 19M->19M(512M) 1.719ms
[2026-03-02T08:55:50.764+0530][info][gc,cpu      ] GC(5) User=0.00s Sys=0.00s Real=0.00s
[2026-03-02T08:55:50.764+0530][info][gc,marking  ] GC(5) Concurrent Mark 3.440ms
[2026-03-02T08:55:50.764+0530][info][gc,marking  ] GC(5) Concurrent Rebuild Remembered Sets
[2026-03-02T08:55:50.765+0530][info][gc,marking  ] GC(5) Concurrent Rebuild Remembered Sets 1.013ms
[2026-03-02T08:55:50.766+0530][info][gc,start    ] GC(5) Pause Cleanup
[2026-03-02T08:55:50.766+0530][info][gc          ] GC(5) Pause Cleanup 19M->19M(512M) 0.090ms
[2026-03-02T08:55:50.766+0530][info][gc,cpu      ] GC(5) User=0.00s Sys=0.00s Real=0.00s
[2026-03-02T08:55:50.766+0530][info][gc,marking  ] GC(5) Concurrent Cleanup for Next Mark
[2026-03-02T08:55:50.767+0530][info][gc,marking  ] GC(5) Concurrent Cleanup for Next Mark 0.968ms
[2026-03-02T08:55:50.767+0530][info][gc          ] GC(5) Concurrent Mark Cycle 8.229ms
[2026-03-02T08:55:52.607+0530][info][gc,start    ] GC(6) Pause Young (Concurrent Start) (Metadata GC Threshold)
[2026-03-02T08:55:52.607+0530][info][gc,task     ] GC(6) Using 12 workers of 13 for evacuation
[2026-03-02T08:55:52.615+0530][info][gc,phases   ] GC(6)   Pre Evacuate Collection Set: 0.1ms
[2026-03-02T08:55:52.615+0530][info][gc,phases   ] GC(6)   Merge Heap Roots: 0.1ms
[2026-03-02T08:55:52.615+0530][info][gc,phases   ] GC(6)   Evacuate Collection Set: 7.3ms
[2026-03-02T08:55:52.615+0530][info][gc,phases   ] GC(6)   Post Evacuate Collection Set: 0.5ms
[2026-03-02T08:55:52.615+0530][info][gc,phases   ] GC(6)   Other: 0.1ms
[2026-03-02T08:55:52.615+0530][info][gc,heap     ] GC(6) Eden regions: 105->0(264)
[2026-03-02T08:55:52.615+0530][info][gc,heap     ] GC(6) Survivor regions: 12->19(33)
[2026-03-02T08:55:52.615+0530][info][gc,heap     ] GC(6) Old regions: 7->7
[2026-03-02T08:55:52.615+0530][info][gc,heap     ] GC(6) Archive regions: 0->0
[2026-03-02T08:55:52.616+0530][info][gc,heap     ] GC(6) Humongous regions: 1->1
[2026-03-02T08:55:52.616+0530][info][gc,metaspace] GC(6) Metaspace: 59798K(60160K)->59798K(60160K) NonClass: 51847K(52032K)->51847K(52032K) Class: 7950K(8128K)->7950K(8128K)
[2026-03-02T08:55:52.616+0530][info][gc          ] GC(6) Pause Young (Concurrent Start) (Metadata GC Threshold) 123M->25M(512M) 8.196ms
[2026-03-02T08:55:52.616+0530][info][gc,cpu      ] GC(6) User=0.06s Sys=0.06s Real=0.01s
[2026-03-02T08:55:52.616+0530][info][gc          ] GC(7) Concurrent Mark Cycle
[2026-03-02T08:55:52.616+0530][info][gc,marking  ] GC(7) Concurrent Clear Claimed Marks
[2026-03-02T08:55:52.616+0530][info][gc,marking  ] GC(7) Concurrent Clear Claimed Marks 0.026ms
[2026-03-02T08:55:52.616+0530][info][gc,marking  ] GC(7) Concurrent Scan Root Regions
[2026-03-02T08:55:52.618+0530][info][gc,marking  ] GC(7) Concurrent Scan Root Regions 2.862ms
[2026-03-02T08:55:52.618+0530][info][gc,marking  ] GC(7) Concurrent Mark
[2026-03-02T08:55:52.618+0530][info][gc,marking  ] GC(7) Concurrent Mark From Roots
[2026-03-02T08:55:52.618+0530][info][gc,task     ] GC(7) Using 3 workers of 3 for marking
[2026-03-02T08:55:52.620+0530][info][gc,marking  ] GC(7) Concurrent Mark From Roots 1.464ms
[2026-03-02T08:55:52.620+0530][info][gc,marking  ] GC(7) Concurrent Preclean
[2026-03-02T08:55:52.620+0530][info][gc,marking  ] GC(7) Concurrent Preclean 0.055ms
[2026-03-02T08:55:52.620+0530][info][gc,start    ] GC(7) Pause Remark
[2026-03-02T08:55:52.623+0530][info][gc          ] GC(7) Pause Remark 26M->26M(512M) 2.926ms
[2026-03-02T08:55:52.623+0530][info][gc,cpu      ] GC(7) User=0.00s Sys=0.00s Real=0.00s
[2026-03-02T08:55:52.623+0530][info][gc,marking  ] GC(7) Concurrent Mark 5.096ms
[2026-03-02T08:55:52.623+0530][info][gc,marking  ] GC(7) Concurrent Rebuild Remembered Sets
[2026-03-02T08:55:52.624+0530][info][gc,marking  ] GC(7) Concurrent Rebuild Remembered Sets 0.766ms
[2026-03-02T08:55:52.624+0530][info][gc,start    ] GC(7) Pause Cleanup
[2026-03-02T08:55:52.624+0530][info][gc          ] GC(7) Pause Cleanup 26M->26M(512M) 0.105ms
[2026-03-02T08:55:52.624+0530][info][gc,cpu      ] GC(7) User=0.00s Sys=0.00s Real=0.00s
[2026-03-02T08:55:52.624+0530][info][gc,marking  ] GC(7) Concurrent Cleanup for Next Mark
[2026-03-02T08:55:52.625+0530][info][gc,marking  ] GC(7) Concurrent Cleanup for Next Mark 0.309ms
[2026-03-02T08:55:52.625+0530][info][gc          ] GC(7) Concurrent Mark Cycle 9.486ms
[2026-03-02T09:07:21.156+0530][info][gc,start    ] GC(8) Pause Young (Normal) (G1 Evacuation Pause)
[2026-03-02T09:07:21.156+0530][info][gc,task     ] GC(8) Using 12 workers of 13 for evacuation
[2026-03-02T09:07:21.185+0530][info][gc,phases   ] GC(8)   Pre Evacuate Collection Set: 0.1ms
[2026-03-02T09:07:21.185+0530][info][gc,phases   ] GC(8)   Merge Heap Roots: 0.1ms
[2026-03-02T09:07:21.185+0530][info][gc,phases   ] GC(8)   Evacuate Collection Set: 27.8ms
[2026-03-02T09:07:21.185+0530][info][gc,phases   ] GC(8)   Post Evacuate Collection Set: 1.5ms
[2026-03-02T09:07:21.185+0530][info][gc,phases   ] GC(8)   Other: 0.3ms
[2026-03-02T09:07:21.185+0530][info][gc,heap     ] GC(8) Eden regions: 264->0(284)
[2026-03-02T09:07:21.185+0530][info][gc,heap     ] GC(8) Survivor regions: 19->23(36)
[2026-03-02T09:07:21.185+0530][info][gc,heap     ] GC(8) Old regions: 7->7
[2026-03-02T09:07:21.185+0530][info][gc,heap     ] GC(8) Archive regions: 0->0
[2026-03-02T09:07:21.185+0530][info][gc,heap     ] GC(8) Humongous regions: 1->1
[2026-03-02T09:07:21.185+0530][info][gc,metaspace] GC(8) Metaspace: 70194K(70720K)->70194K(70720K) NonClass: 61071K(61376K)->61071K(61376K) Class: 9123K(9344K)->9123K(9344K)
[2026-03-02T09:07:21.185+0530][info][gc          ] GC(8) Pause Young (Normal) (G1 Evacuation Pause) 289M->30M(512M) 30.110ms
[2026-03-02T09:07:21.185+0530][info][gc,cpu      ] GC(8) User=0.08s Sys=0.03s Real=0.03s
[2026-03-02T09:07:28.882+0530][info][gc,start    ] GC(9) Pause Young (Normal) (G1 Evacuation Pause)
[2026-03-02T09:07:28.882+0530][info][gc,task     ] GC(9) Using 12 workers of 13 for evacuation
[2026-03-02T09:07:28.918+0530][info][gc,phases   ] GC(9)   Pre Evacuate Collection Set: 0.2ms
[2026-03-02T09:07:28.918+0530][info][gc,phases   ] GC(9)   Merge Heap Roots: 0.2ms
[2026-03-02T09:07:28.918+0530][info][gc,phases   ] GC(9)   Evacuate Collection Set: 31.3ms
[2026-03-02T09:07:28.918+0530][info][gc,phases   ] GC(9)   Post Evacuate Collection Set: 3.0ms
[2026-03-02T09:07:28.918+0530][info][gc,phases   ] GC(9)   Other: 0.4ms
[2026-03-02T09:07:28.918+0530][info][gc,heap     ] GC(9) Eden regions: 284->0(288)
[2026-03-02T09:07:28.918+0530][info][gc,heap     ] GC(9) Survivor regions: 23->19(39)
[2026-03-02T09:07:28.918+0530][info][gc,heap     ] GC(9) Old regions: 7->10
[2026-03-02T09:07:28.918+0530][info][gc,heap     ] GC(9) Archive regions: 0->0
[2026-03-02T09:07:28.918+0530][info][gc,heap     ] GC(9) Humongous regions: 1->1
[2026-03-02T09:07:28.918+0530][info][gc,metaspace] GC(9) Metaspace: 71267K(71808K)->71267K(71808K) NonClass: 62056K(62336K)->62056K(62336K) Class: 9210K(9472K)->9210K(9472K)
[2026-03-02T09:07:28.918+0530][info][gc          ] GC(9) Pause Young (Normal) (G1 Evacuation Pause) 314M->29M(512M) 35.451ms
[2026-03-02T09:07:28.918+0530][info][gc,cpu      ] GC(9) User=0.03s Sys=0.06s Real=0.04s
[2026-03-02T09:07:33.731+0530][info][gc,start    ] GC(10) Pause Young (Normal) (G1 Evacuation Pause)
[2026-03-02T09:07:33.731+0530][info][gc,task     ] GC(10) Using 12 workers of 13 for evacuation
[2026-03-02T09:07:33.754+0530][info][gc,phases   ] GC(10)   Pre Evacuate Collection Set: 0.2ms
[2026-03-02T09:07:33.754+0530][info][gc,phases   ] GC(10)   Merge Heap Roots: 0.2ms
[2026-03-02T09:07:33.754+0530][info][gc,phases   ] GC(10)   Evacuate Collection Set: 21.0ms
[2026-03-02T09:07:33.754+0530][info][gc,phases   ] GC(10)   Post Evacuate Collection Set: 2.4ms
[2026-03-02T09:07:33.754+0530][info][gc,phases   ] GC(10)   Other: 0.3ms
[2026-03-02T09:07:33.754+0530][info][gc,heap     ] GC(10) Eden regions: 288->0(287)
[2026-03-02T09:07:33.756+0530][info][gc,heap     ] GC(10) Survivor regions: 19->20(39)
[2026-03-02T09:07:33.756+0530][info][gc,heap     ] GC(10) Old regions: 10->10
[2026-03-02T09:07:33.756+0530][info][gc,heap     ] GC(10) Archive regions: 0->0
[2026-03-02T09:07:33.756+0530][info][gc,heap     ] GC(10) Humongous regions: 1->1
[2026-03-02T09:07:33.756+0530][info][gc,metaspace] GC(10) Metaspace: 72101K(72640K)->72101K(72640K) NonClass: 62863K(63104K)->62863K(63104K) Class: 9237K(9536K)->9237K(9536K)
[2026-03-02T09:07:33.756+0530][info][gc          ] GC(10) Pause Young (Normal) (G1 Evacuation Pause) 317M->30M(512M) 24.443ms
[2026-03-02T09:07:33.756+0530][info][gc,cpu      ] GC(10) User=0.06s Sys=0.06s Real=0.03s
[2026-03-02T09:07:36.460+0530][info][gc,start    ] GC(11) Pause Young (Normal) (G1 Evacuation Pause)
[2026-03-02T09:07:36.460+0530][info][gc,task     ] GC(11) Using 12 workers of 13 for evacuation
[2026-03-02T09:07:36.485+0530][info][gc,phases   ] GC(11)   Pre Evacuate Collection Set: 0.1ms
[2026-03-02T09:07:36.485+0530][info][gc,phases   ] GC(11)   Merge Heap Roots: 0.1ms
[2026-03-02T09:07:36.485+0530][info][gc,phases   ] GC(11)   Evacuate Collection Set: 22.0ms
[2026-03-02T09:07:36.485+0530][info][gc,phases   ] GC(11)   Post Evacuate Collection Set: 1.9ms
[2026-03-02T09:07:36.485+0530][info][gc,phases   ] GC(11)   Other: 0.2ms
[2026-03-02T09:07:36.485+0530][info][gc,heap     ] GC(11) Eden regions: 287->0(286)
[2026-03-02T09:07:36.485+0530][info][gc,heap     ] GC(11) Survivor regions: 20->21(39)
[2026-03-02T09:07:36.485+0530][info][gc,heap     ] GC(11) Old regions: 10->10
[2026-03-02T09:07:36.485+0530][info][gc,heap     ] GC(11) Archive regions: 0->0
[2026-03-02T09:07:36.485+0530][info][gc,heap     ] GC(11) Humongous regions: 1->1
[2026-03-02T09:07:36.485+0530][info][gc,metaspace] GC(11) Metaspace: 72470K(73024K)->72470K(73024K) NonClass: 63230K(63488K)->63230K(63488K) Class: 9239K(9536K)->9239K(9536K)
[2026-03-02T09:07:36.485+0530][info][gc          ] GC(11) Pause Young (Normal) (G1 Evacuation Pause) 317M->31M(512M) 24.635ms
[2026-03-02T09:07:36.485+0530][info][gc,cpu      ] GC(11) User=0.06s Sys=0.03s Real=0.02s
[2026-03-02T09:07:39.904+0530][info][gc,start    ] GC(12) Pause Young (Normal) (G1 Evacuation Pause)
[2026-03-02T09:07:39.904+0530][info][gc,task     ] GC(12) Using 12 workers of 13 for evacuation
[2026-03-02T09:07:39.923+0530][info][gc,phases   ] GC(12)   Pre Evacuate Collection Set: 0.1ms
[2026-03-02T09:07:39.923+0530][info][gc,phases   ] GC(12)   Merge Heap Roots: 0.1ms
[2026-03-02T09:07:39.923+0530][info][gc,phases   ] GC(12)   Evacuate Collection Set: 17.4ms
[2026-03-02T09:07:39.923+0530][info][gc,phases   ] GC(12)   Post Evacuate Collection Set: 1.3ms
[2026-03-02T09:07:39.923+0530][info][gc,phases   ] GC(12)   Other: 0.2ms
[2026-03-02T09:07:39.923+0530][info][gc,heap     ] GC(12) Eden regions: 286->0(289)
[2026-03-02T09:07:39.923+0530][info][gc,heap     ] GC(12) Survivor regions: 21->18(39)
[2026-03-02T09:07:39.923+0530][info][gc,heap     ] GC(12) Old regions: 10->10
[2026-03-02T09:07:39.923+0530][info][gc,heap     ] GC(12) Archive regions: 0->0
[2026-03-02T09:07:39.923+0530][info][gc,heap     ] GC(12) Humongous regions: 1->1
[2026-03-02T09:07:39.923+0530][info][gc,metaspace] GC(12) Metaspace: 72937K(73536K)->72937K(73536K) NonClass: 63695K(64000K)->63695K(64000K) Class: 9241K(9536K)->9241K(9536K)
[2026-03-02T09:07:39.923+0530][info][gc          ] GC(12) Pause Young (Normal) (G1 Evacuation Pause) 317M->28M(512M) 19.393ms
[2026-03-02T09:07:39.923+0530][info][gc,cpu      ] GC(12) User=0.11s Sys=0.00s Real=0.02s
[2026-03-02T09:07:42.578+0530][info][gc,start    ] GC(13) Pause Young (Normal) (G1 Evacuation Pause)
[2026-03-02T09:07:42.578+0530][info][gc,task     ] GC(13) Using 12 workers of 13 for evacuation
[2026-03-02T09:07:42.618+0530][info][gc,phases   ] GC(13)   Pre Evacuate Collection Set: 6.6ms
[2026-03-02T09:07:42.618+0530][info][gc,phases   ] GC(13)   Merge Heap Roots: 0.2ms
[2026-03-02T09:07:42.618+0530][info][gc,phases   ] GC(13)   Evacuate Collection Set: 31.0ms
[2026-03-02T09:07:42.618+0530][info][gc,phases   ] GC(13)   Post Evacuate Collection Set: 2.0ms
[2026-03-02T09:07:42.618+0530][info][gc,phases   ] GC(13)   Other: 0.3ms
[2026-03-02T09:07:42.618+0530][info][gc,heap     ] GC(13) Eden regions: 289->0(287)
[2026-03-02T09:07:42.618+0530][info][gc,heap     ] GC(13) Survivor regions: 18->20(39)
[2026-03-02T09:07:42.618+0530][info][gc,heap     ] GC(13) Old regions: 10->10
[2026-03-02T09:07:42.618+0530][info][gc,heap     ] GC(13) Archive regions: 0->0
[2026-03-02T09:07:42.618+0530][info][gc,heap     ] GC(13) Humongous regions: 1->1
[2026-03-02T09:07:42.618+0530][info][gc,metaspace] GC(13) Metaspace: 73094K(73664K)->73094K(73664K) NonClass: 63847K(64128K)->63847K(64128K) Class: 9247K(9536K)->9247K(9536K)
[2026-03-02T09:07:42.618+0530][info][gc          ] GC(13) Pause Young (Normal) (G1 Evacuation Pause) 317M->30M(512M) 40.496ms
[2026-03-02T09:07:42.618+0530][info][gc,cpu      ] GC(13) User=0.03s Sys=0.05s Real=0.04s
[2026-03-02T09:07:45.753+0530][info][gc,start    ] GC(14) Pause Young (Normal) (G1 Evacuation Pause)
[2026-03-02T09:07:45.753+0530][info][gc,task     ] GC(14) Using 12 workers of 13 for evacuation
[2026-03-02T09:07:45.779+0530][info][gc,phases   ] GC(14)   Pre Evacuate Collection Set: 0.2ms
[2026-03-02T09:07:45.779+0530][info][gc,phases   ] GC(14)   Merge Heap Roots: 0.1ms
[2026-03-02T09:07:45.779+0530][info][gc,phases   ] GC(14)   Evacuate Collection Set: 22.1ms
[2026-03-02T09:07:45.779+0530][info][gc,phases   ] GC(14)   Post Evacuate Collection Set: 2.1ms
[2026-03-02T09:07:45.779+0530][info][gc,phases   ] GC(14)   Other: 0.3ms
[2026-03-02T09:07:45.779+0530][info][gc,heap     ] GC(14) Eden regions: 287->0(287)
[2026-03-02T09:07:45.779+0530][info][gc,heap     ] GC(14) Survivor regions: 20->20(39)
[2026-03-02T09:07:45.779+0530][info][gc,heap     ] GC(14) Old regions: 10->10
[2026-03-02T09:07:45.779+0530][info][gc,heap     ] GC(14) Archive regions: 0->0
[2026-03-02T09:07:45.779+0530][info][gc,heap     ] GC(14) Humongous regions: 1->1
[2026-03-02T09:07:45.779+0530][info][gc,metaspace] GC(14) Metaspace: 73272K(73856K)->73272K(73856K) NonClass: 64019K(64320K)->64019K(64320K) Class: 9253K(9536K)->9253K(9536K)
[2026-03-02T09:07:45.779+0530][info][gc          ] GC(14) Pause Young (Normal) (G1 Evacuation Pause) 317M->30M(512M) 25.179ms
[2026-03-02T09:07:45.779+0530][info][gc,cpu      ] GC(14) User=0.05s Sys=0.02s Real=0.03s
[2026-03-02T09:07:50.379+0530][info][gc,start    ] GC(15) Pause Young (Normal) (G1 Evacuation Pause)
[2026-03-02T09:07:50.379+0530][info][gc,task     ] GC(15) Using 12 workers of 13 for evacuation
[2026-03-02T09:07:50.402+0530][info][gc,phases   ] GC(15)   Pre Evacuate Collection Set: 0.2ms
[2026-03-02T09:07:50.402+0530][info][gc,phases   ] GC(15)   Merge Heap Roots: 0.2ms
[2026-03-02T09:07:50.402+0530][info][gc,phases   ] GC(15)   Evacuate Collection Set: 21.3ms
[2026-03-02T09:07:50.402+0530][info][gc,phases   ] GC(15)   Post Evacuate Collection Set: 2.3ms
[2026-03-02T09:07:50.402+0530][info][gc,phases   ] GC(15)   Other: 0.3ms
[2026-03-02T09:07:50.402+0530][info][gc,heap     ] GC(15) Eden regions: 287->0(287)
[2026-03-02T09:07:50.402+0530][info][gc,heap     ] GC(15) Survivor regions: 20->20(39)
[2026-03-02T09:07:50.402+0530][info][gc,heap     ] GC(15) Old regions: 10->10
[2026-03-02T09:07:50.402+0530][info][gc,heap     ] GC(15) Archive regions: 0->0
[2026-03-02T09:07:50.402+0530][info][gc,heap     ] GC(15) Humongous regions: 1->1
[2026-03-02T09:07:50.403+0530][info][gc,metaspace] GC(15) Metaspace: 73374K(73920K)->73374K(73920K) NonClass: 64121K(64384K)->64121K(64384K) Class: 9253K(9536K)->9253K(9536K)
[2026-03-02T09:07:50.403+0530][info][gc          ] GC(15) Pause Young (Normal) (G1 Evacuation Pause) 317M->30M(512M) 24.548ms
[2026-03-02T09:07:50.403+0530][info][gc,cpu      ] GC(15) User=0.05s Sys=0.00s Real=0.02s
[2026-03-02T09:07:54.522+0530][info][gc,start    ] GC(16) Pause Young (Normal) (G1 Evacuation Pause)
[2026-03-02T09:07:54.522+0530][info][gc,task     ] GC(16) Using 12 workers of 13 for evacuation
[2026-03-02T09:07:54.543+0530][info][gc,phases   ] GC(16)   Pre Evacuate Collection Set: 0.2ms
[2026-03-02T09:07:54.543+0530][info][gc,phases   ] GC(16)   Merge Heap Roots: 0.2ms
[2026-03-02T09:07:54.543+0530][info][gc,phases   ] GC(16)   Evacuate Collection Set: 19.4ms
[2026-03-02T09:07:54.543+0530][info][gc,phases   ] GC(16)   Post Evacuate Collection Set: 2.1ms
[2026-03-02T09:07:54.543+0530][info][gc,phases   ] GC(16)   Other: 0.3ms
[2026-03-02T09:07:54.543+0530][info][gc,heap     ] GC(16) Eden regions: 287->0(288)
[2026-03-02T09:07:54.543+0530][info][gc,heap     ] GC(16) Survivor regions: 20->19(39)
[2026-03-02T09:07:54.543+0530][info][gc,heap     ] GC(16) Old regions: 10->10
[2026-03-02T09:07:54.543+0530][info][gc,heap     ] GC(16) Archive regions: 0->0
[2026-03-02T09:07:54.543+0530][info][gc,heap     ] GC(16) Humongous regions: 1->1
[2026-03-02T09:07:54.545+0530][info][gc,metaspace] GC(16) Metaspace: 73469K(74048K)->73469K(74048K) NonClass: 64215K(64512K)->64215K(64512K) Class: 9253K(9536K)->9253K(9536K)
[2026-03-02T09:07:54.545+0530][info][gc          ] GC(16) Pause Young (Normal) (G1 Evacuation Pause) 317M->29M(512M) 22.486ms
[2026-03-02T09:07:54.545+0530][info][gc,cpu      ] GC(16) User=0.05s Sys=0.02s Real=0.02s
[2026-03-02T09:07:58.535+0530][info][gc,start    ] GC(17) Pause Young (Normal) (G1 Evacuation Pause)
[2026-03-02T09:07:58.535+0530][info][gc,task     ] GC(17) Using 12 workers of 13 for evacuation
[2026-03-02T09:07:58.554+0530][info][gc,phases   ] GC(17)   Pre Evacuate Collection Set: 0.1ms
[2026-03-02T09:07:58.554+0530][info][gc,phases   ] GC(17)   Merge Heap Roots: 0.1ms
[2026-03-02T09:07:58.555+0530][info][gc,phases   ] GC(17)   Evacuate Collection Set: 17.9ms
[2026-03-02T09:07:58.555+0530][info][gc,phases   ] GC(17)   Post Evacuate Collection Set: 2.1ms
[2026-03-02T09:07:58.555+0530][info][gc,phases   ] GC(17)   Other: 0.2ms
[2026-03-02T09:07:58.555+0530][info][gc,heap     ] GC(17) Eden regions: 288->0(288)
[2026-03-02T09:07:58.555+0530][info][gc,heap     ] GC(17) Survivor regions: 19->19(39)
[2026-03-02T09:07:58.555+0530][info][gc,heap     ] GC(17) Old regions: 10->10
[2026-03-02T09:07:58.555+0530][info][gc,heap     ] GC(17) Archive regions: 0->0
[2026-03-02T09:07:58.555+0530][info][gc,heap     ] GC(17) Humongous regions: 1->1
[2026-03-02T09:07:58.555+0530][info][gc,metaspace] GC(17) Metaspace: 73519K(74112K)->73519K(74112K) NonClass: 64265K(64576K)->64265K(64576K) Class: 9254K(9536K)->9254K(9536K)
[2026-03-02T09:07:58.555+0530][info][gc          ] GC(17) Pause Young (Normal) (G1 Evacuation Pause) 317M->29M(512M) 20.817ms
[2026-03-02T09:07:58.555+0530][info][gc,cpu      ] GC(17) User=0.05s Sys=0.00s Real=0.02s
[2026-03-02T09:08:02.551+0530][info][gc,start    ] GC(18) Pause Young (Normal) (G1 Evacuation Pause)
[2026-03-02T09:08:02.551+0530][info][gc,task     ] GC(18) Using 12 workers of 13 for evacuation
[2026-03-02T09:08:02.575+0530][info][gc,phases   ] GC(18)   Pre Evacuate Collection Set: 0.2ms
[2026-03-02T09:08:02.575+0530][info][gc,phases   ] GC(18)   Merge Heap Roots: 0.2ms
[2026-03-02T09:08:02.575+0530][info][gc,phases   ] GC(18)   Evacuate Collection Set: 20.7ms
[2026-03-02T09:08:02.575+0530][info][gc,phases   ] GC(18)   Post Evacuate Collection Set: 2.0ms
[2026-03-02T09:08:02.575+0530][info][gc,phases   ] GC(18)   Other: 0.3ms
[2026-03-02T09:08:02.575+0530][info][gc,heap     ] GC(18) Eden regions: 288->0(287)
[2026-03-02T09:08:02.575+0530][info][gc,heap     ] GC(18) Survivor regions: 19->20(39)
[2026-03-02T09:08:02.575+0530][info][gc,heap     ] GC(18) Old regions: 10->10
[2026-03-02T09:08:02.575+0530][info][gc,heap     ] GC(18) Archive regions: 0->0
[2026-03-02T09:08:02.575+0530][info][gc,heap     ] GC(18) Humongous regions: 1->1
[2026-03-02T09:08:02.576+0530][info][gc,metaspace] GC(18) Metaspace: 73603K(74176K)->73603K(74176K) NonClass: 64348K(64640K)->64348K(64640K) Class: 9254K(9536K)->9254K(9536K)
[2026-03-02T09:08:02.576+0530][info][gc          ] GC(18) Pause Young (Normal) (G1 Evacuation Pause) 317M->29M(512M) 23.786ms
[2026-03-02T09:08:02.576+0530][info][gc,cpu      ] GC(18) User=0.06s Sys=0.00s Real=0.02s
[2026-03-02T09:08:07.061+0530][info][gc,start    ] GC(19) Pause Young (Normal) (G1 Evacuation Pause)
[2026-03-02T09:08:07.061+0530][info][gc,task     ] GC(19) Using 12 workers of 13 for evacuation
[2026-03-02T09:08:07.079+0530][info][gc,phases   ] GC(19)   Pre Evacuate Collection Set: 0.1ms
[2026-03-02T09:08:07.079+0530][info][gc,phases   ] GC(19)   Merge Heap Roots: 0.1ms
[2026-03-02T09:08:07.079+0530][info][gc,phases   ] GC(19)   Evacuate Collection Set: 15.1ms
[2026-03-02T09:08:07.079+0530][info][gc,phases   ] GC(19)   Post Evacuate Collection Set: 2.2ms
[2026-03-02T09:08:07.079+0530][info][gc,phases   ] GC(19)   Other: 0.2ms
[2026-03-02T09:08:07.079+0530][info][gc,heap     ] GC(19) Eden regions: 287->0(287)
[2026-03-02T09:08:07.079+0530][info][gc,heap     ] GC(19) Survivor regions: 20->20(39)
[2026-03-02T09:08:07.079+0530][info][gc,heap     ] GC(19) Old regions: 10->10
[2026-03-02T09:08:07.079+0530][info][gc,heap     ] GC(19) Archive regions: 0->0
[2026-03-02T09:08:07.079+0530][info][gc,heap     ] GC(19) Humongous regions: 1->1
[2026-03-02T09:08:07.079+0530][info][gc,metaspace] GC(19) Metaspace: 73712K(74304K)->73712K(74304K) NonClass: 64456K(64768K)->64456K(64768K) Class: 9255K(9536K)->9255K(9536K)
[2026-03-02T09:08:07.079+0530][info][gc          ] GC(19) Pause Young (Normal) (G1 Evacuation Pause) 316M->30M(512M) 18.090ms
[2026-03-02T09:08:07.079+0530][info][gc,cpu      ] GC(19) User=0.11s Sys=0.02s Real=0.02s
[2026-03-02T09:08:10.389+0530][info][gc,start    ] GC(20) Pause Young (Normal) (G1 Evacuation Pause)
[2026-03-02T09:08:10.389+0530][info][gc,task     ] GC(20) Using 12 workers of 13 for evacuation
[2026-03-02T09:08:10.413+0530][info][gc,phases   ] GC(20)   Pre Evacuate Collection Set: 0.2ms
[2026-03-02T09:08:10.413+0530][info][gc,phases   ] GC(20)   Merge Heap Roots: 0.2ms
[2026-03-02T09:08:10.413+0530][info][gc,phases   ] GC(20)   Evacuate Collection Set: 21.3ms
[2026-03-02T09:08:10.413+0530][info][gc,phases   ] GC(20)   Post Evacuate Collection Set: 2.3ms
[2026-03-02T09:08:10.413+0530][info][gc,phases   ] GC(20)   Other: 0.3ms
[2026-03-02T09:08:10.413+0530][info][gc,heap     ] GC(20) Eden regions: 287->0(288)
[2026-03-02T09:08:10.413+0530][info][gc,heap     ] GC(20) Survivor regions: 20->19(39)
[2026-03-02T09:08:10.413+0530][info][gc,heap     ] GC(20) Old regions: 10->10
[2026-03-02T09:08:10.413+0530][info][gc,heap     ] GC(20) Archive regions: 0->0
[2026-03-02T09:08:10.413+0530][info][gc,heap     ] GC(20) Humongous regions: 1->1
[2026-03-02T09:08:10.413+0530][info][gc,metaspace] GC(20) Metaspace: 73779K(74304K)->73779K(74304K) NonClass: 64524K(64768K)->64524K(64768K) Class: 9255K(9536K)->9255K(9536K)
[2026-03-02T09:08:10.413+0530][info][gc          ] GC(20) Pause Young (Normal) (G1 Evacuation Pause) 317M->29M(512M) 24.762ms
[2026-03-02T09:08:10.413+0530][info][gc,cpu      ] GC(20) User=0.12s Sys=0.00s Real=0.02s
[2026-03-02T09:08:15.847+0530][info][gc,start    ] GC(21) Pause Young (Normal) (G1 Evacuation Pause)
[2026-03-02T09:08:15.847+0530][info][gc,task     ] GC(21) Using 12 workers of 13 for evacuation
[2026-03-02T09:08:15.872+0530][info][gc,phases   ] GC(21)   Pre Evacuate Collection Set: 0.2ms
[2026-03-02T09:08:15.872+0530][info][gc,phases   ] GC(21)   Merge Heap Roots: 0.2ms
[2026-03-02T09:08:15.872+0530][info][gc,phases   ] GC(21)   Evacuate Collection Set: 23.0ms
[2026-03-02T09:08:15.872+0530][info][gc,phases   ] GC(21)   Post Evacuate Collection Set: 2.0ms
[2026-03-02T09:08:15.872+0530][info][gc,phases   ] GC(21)   Other: 0.4ms
[2026-03-02T09:08:15.872+0530][info][gc,heap     ] GC(21) Eden regions: 288->0(292)
[2026-03-02T09:08:15.873+0530][info][gc,heap     ] GC(21) Survivor regions: 19->15(39)
[2026-03-02T09:08:15.873+0530][info][gc,heap     ] GC(21) Old regions: 10->16
[2026-03-02T09:08:15.873+0530][info][gc,heap     ] GC(21) Archive regions: 0->0
[2026-03-02T09:08:15.873+0530][info][gc,heap     ] GC(21) Humongous regions: 1->1
[2026-03-02T09:08:15.873+0530][info][gc,metaspace] GC(21) Metaspace: 73808K(74368K)->73808K(74368K) NonClass: 64553K(64832K)->64553K(64832K) Class: 9255K(9536K)->9255K(9536K)
[2026-03-02T09:08:15.873+0530][info][gc          ] GC(21) Pause Young (Normal) (G1 Evacuation Pause) 317M->30M(512M) 26.178ms
[2026-03-02T09:08:15.873+0530][info][gc,cpu      ] GC(21) User=0.06s Sys=0.00s Real=0.03s
[2026-03-02T09:08:22.317+0530][info][gc,start    ] GC(22) Pause Young (Normal) (G1 Evacuation Pause)
[2026-03-02T09:08:22.317+0530][info][gc,task     ] GC(22) Using 12 workers of 13 for evacuation
[2026-03-02T09:08:22.336+0530][info][gc,phases   ] GC(22)   Pre Evacuate Collection Set: 0.2ms
[2026-03-02T09:08:22.336+0530][info][gc,phases   ] GC(22)   Merge Heap Roots: 0.1ms
[2026-03-02T09:08:22.336+0530][info][gc,phases   ] GC(22)   Evacuate Collection Set: 17.6ms
[2026-03-02T09:08:22.337+0530][info][gc,phases   ] GC(22)   Post Evacuate Collection Set: 1.9ms
[2026-03-02T09:08:22.337+0530][info][gc,phases   ] GC(22)   Other: 0.3ms
[2026-03-02T09:08:22.337+0530][info][gc,heap     ] GC(22) Eden regions: 292->0(298)
[2026-03-02T09:08:22.337+0530][info][gc,heap     ] GC(22) Survivor regions: 15->9(39)
[2026-03-02T09:08:22.337+0530][info][gc,heap     ] GC(22) Old regions: 16->22
[2026-03-02T09:08:22.337+0530][info][gc,heap     ] GC(22) Archive regions: 0->0
[2026-03-02T09:08:22.337+0530][info][gc,heap     ] GC(22) Humongous regions: 1->1
[2026-03-02T09:08:22.337+0530][info][gc,metaspace] GC(22) Metaspace: 73827K(74368K)->73827K(74368K) NonClass: 64572K(64832K)->64572K(64832K) Class: 9255K(9536K)->9255K(9536K)
[2026-03-02T09:08:22.337+0530][info][gc          ] GC(22) Pause Young (Normal) (G1 Evacuation Pause) 322M->30M(512M) 20.552ms
[2026-03-02T09:08:22.337+0530][info][gc,cpu      ] GC(22) User=0.06s Sys=0.00s Real=0.02s
[2026-03-02T09:08:29.397+0530][info][gc,start    ] GC(23) Pause Young (Normal) (G1 Evacuation Pause)
[2026-03-02T09:08:29.397+0530][info][gc,task     ] GC(23) Using 12 workers of 13 for evacuation
[2026-03-02T09:08:29.410+0530][info][gc,phases   ] GC(23)   Pre Evacuate Collection Set: 0.2ms
[2026-03-02T09:08:29.410+0530][info][gc,phases   ] GC(23)   Merge Heap Roots: 0.1ms
[2026-03-02T09:08:29.410+0530][info][gc,phases   ] GC(23)   Evacuate Collection Set: 11.3ms
[2026-03-02T09:08:29.410+0530][info][gc,phases   ] GC(23)   Post Evacuate Collection Set: 1.2ms
[2026-03-02T09:08:29.410+0530][info][gc,phases   ] GC(23)   Other: 0.4ms
[2026-03-02T09:08:29.410+0530][info][gc,heap     ] GC(23) Eden regions: 298->0(303)
[2026-03-02T09:08:29.410+0530][info][gc,heap     ] GC(23) Survivor regions: 9->4(39)
[2026-03-02T09:08:29.410+0530][info][gc,heap     ] GC(23) Old regions: 22->26
[2026-03-02T09:08:29.410+0530][info][gc,heap     ] GC(23) Archive regions: 0->0
[2026-03-02T09:08:29.410+0530][info][gc,heap     ] GC(23) Humongous regions: 1->1
[2026-03-02T09:08:29.410+0530][info][gc,metaspace] GC(23) Metaspace: 73850K(74368K)->73850K(74368K) NonClass: 64595K(64832K)->64595K(64832K) Class: 9255K(9536K)->9255K(9536K)
[2026-03-02T09:08:29.410+0530][info][gc          ] GC(23) Pause Young (Normal) (G1 Evacuation Pause) 328M->30M(512M) 13.575ms
[2026-03-02T09:08:29.410+0530][info][gc,cpu      ] GC(23) User=0.06s Sys=0.00s Real=0.01s
[2026-03-02T09:08:35.800+0530][info][gc,start    ] GC(24) Pause Young (Normal) (G1 Evacuation Pause)
[2026-03-02T09:08:35.800+0530][info][gc,task     ] GC(24) Using 12 workers of 13 for evacuation
[2026-03-02T09:08:35.806+0530][info][gc,phases   ] GC(24)   Pre Evacuate Collection Set: 0.2ms
[2026-03-02T09:08:35.806+0530][info][gc,phases   ] GC(24)   Merge Heap Roots: 0.2ms
[2026-03-02T09:08:35.806+0530][info][gc,phases   ] GC(24)   Evacuate Collection Set: 5.1ms
[2026-03-02T09:08:35.807+0530][info][gc,phases   ] GC(24)   Post Evacuate Collection Set: 0.7ms
[2026-03-02T09:08:35.807+0530][info][gc,phases   ] GC(24)   Other: 0.3ms
[2026-03-02T09:08:35.807+0530][info][gc,heap     ] GC(24) Eden regions: 303->0(304)
[2026-03-02T09:08:35.807+0530][info][gc,heap     ] GC(24) Survivor regions: 4->3(39)
[2026-03-02T09:08:35.807+0530][info][gc,heap     ] GC(24) Old regions: 26->28
[2026-03-02T09:08:35.807+0530][info][gc,heap     ] GC(24) Archive regions: 0->0
[2026-03-02T09:08:35.807+0530][info][gc,heap     ] GC(24) Humongous regions: 1->1
[2026-03-02T09:08:35.807+0530][info][gc,metaspace] GC(24) Metaspace: 73868K(74368K)->73868K(74368K) NonClass: 64613K(64832K)->64613K(64832K) Class: 9255K(9536K)->9255K(9536K)
[2026-03-02T09:08:35.807+0530][info][gc          ] GC(24) Pause Young (Normal) (G1 Evacuation Pause) 333M->30M(512M) 6.766ms
[2026-03-02T09:08:35.807+0530][info][gc,cpu      ] GC(24) User=0.00s Sys=0.00s Real=0.01s
[2026-03-02T09:08:41.647+0530][info][gc,start    ] GC(25) Pause Young (Normal) (G1 Evacuation Pause)
[2026-03-02T09:08:41.647+0530][info][gc,task     ] GC(25) Using 12 workers of 13 for evacuation
[2026-03-02T09:08:41.653+0530][info][gc,phases   ] GC(25)   Pre Evacuate Collection Set: 0.2ms
[2026-03-02T09:08:41.653+0530][info][gc,phases   ] GC(25)   Merge Heap Roots: 0.1ms
[2026-03-02T09:08:41.653+0530][info][gc,phases   ] GC(25)   Evacuate Collection Set: 4.3ms
[2026-03-02T09:08:41.653+0530][info][gc,phases   ] GC(25)   Post Evacuate Collection Set: 0.9ms
[2026-03-02T09:08:41.653+0530][info][gc,phases   ] GC(25)   Other: 0.3ms
[2026-03-02T09:08:41.653+0530][info][gc,heap     ] GC(25) Eden regions: 304->0(304)
[2026-03-02T09:08:41.653+0530][info][gc,heap     ] GC(25) Survivor regions: 3->3(39)
[2026-03-02T09:08:41.653+0530][info][gc,heap     ] GC(25) Old regions: 28->28
[2026-03-02T09:08:41.653+0530][info][gc,heap     ] GC(25) Archive regions: 0->0
[2026-03-02T09:08:41.653+0530][info][gc,heap     ] GC(25) Humongous regions: 1->1
[2026-03-02T09:08:41.653+0530][info][gc,metaspace] GC(25) Metaspace: 73893K(74432K)->73893K(74432K) NonClass: 64638K(64896K)->64638K(64896K) Class: 9255K(9536K)->9255K(9536K)
[2026-03-02T09:08:41.653+0530][info][gc          ] GC(25) Pause Young (Normal) (G1 Evacuation Pause) 334M->30M(512M) 5.955ms
[2026-03-02T09:08:41.653+0530][info][gc,cpu      ] GC(25) User=0.00s Sys=0.00s Real=0.01s
[2026-03-02T09:08:49.138+0530][info][gc,start    ] GC(26) Pause Young (Normal) (G1 Evacuation Pause)
[2026-03-02T09:08:49.138+0530][info][gc,task     ] GC(26) Using 12 workers of 13 for evacuation
[2026-03-02T09:08:49.142+0530][info][gc,phases   ] GC(26)   Pre Evacuate Collection Set: 0.1ms
[2026-03-02T09:08:49.142+0530][info][gc,phases   ] GC(26)   Merge Heap Roots: 0.1ms
[2026-03-02T09:08:49.142+0530][info][gc,phases   ] GC(26)   Evacuate Collection Set: 2.3ms
[2026-03-02T09:08:49.142+0530][info][gc,phases   ] GC(26)   Post Evacuate Collection Set: 0.8ms
[2026-03-02T09:08:49.142+0530][info][gc,phases   ] GC(26)   Other: 0.2ms
[2026-03-02T09:08:49.142+0530][info][gc,heap     ] GC(26) Eden regions: 304->0(304)
[2026-03-02T09:08:49.142+0530][info][gc,heap     ] GC(26) Survivor regions: 3->3(39)
[2026-03-02T09:08:49.142+0530][info][gc,heap     ] GC(26) Old regions: 28->28
[2026-03-02T09:08:49.142+0530][info][gc,heap     ] GC(26) Archive regions: 0->0
[2026-03-02T09:08:49.142+0530][info][gc,heap     ] GC(26) Humongous regions: 1->1
[2026-03-02T09:08:49.142+0530][info][gc,metaspace] GC(26) Metaspace: 73921K(74432K)->73921K(74432K) NonClass: 64666K(64896K)->64666K(64896K) Class: 9255K(9536K)->9255K(9536K)
[2026-03-02T09:08:49.142+0530][info][gc          ] GC(26) Pause Young (Normal) (G1 Evacuation Pause) 334M->30M(512M) 3.818ms
[2026-03-02T09:08:49.142+0530][info][gc,cpu      ] GC(26) User=0.05s Sys=0.02s Real=0.00s
[2026-03-02T09:08:54.728+0530][info][gc,start    ] GC(27) Pause Young (Normal) (G1 Evacuation Pause)
[2026-03-02T09:08:54.728+0530][info][gc,task     ] GC(27) Using 12 workers of 13 for evacuation
[2026-03-02T09:08:54.732+0530][info][gc,phases   ] GC(27)   Pre Evacuate Collection Set: 0.2ms
[2026-03-02T09:08:54.733+0530][info][gc,phases   ] GC(27)   Merge Heap Roots: 0.2ms
[2026-03-02T09:08:54.733+0530][info][gc,phases   ] GC(27)   Evacuate Collection Set: 3.2ms
[2026-03-02T09:08:54.733+0530][info][gc,phases   ] GC(27)   Post Evacuate Collection Set: 0.7ms
[2026-03-02T09:08:54.733+0530][info][gc,phases   ] GC(27)   Other: 0.3ms
[2026-03-02T09:08:54.733+0530][info][gc,heap     ] GC(27) Eden regions: 304->0(305)
[2026-03-02T09:08:54.733+0530][info][gc,heap     ] GC(27) Survivor regions: 3->2(39)
[2026-03-02T09:08:54.733+0530][info][gc,heap     ] GC(27) Old regions: 28->28
[2026-03-02T09:08:54.733+0530][info][gc,heap     ] GC(27) Archive regions: 0->0
[2026-03-02T09:08:54.733+0530][info][gc,heap     ] GC(27) Humongous regions: 1->1
[2026-03-02T09:08:54.733+0530][info][gc,metaspace] GC(27) Metaspace: 73964K(74496K)->73964K(74496K) NonClass: 64708K(64960K)->64708K(64960K) Class: 9255K(9536K)->9255K(9536K)
[2026-03-02T09:08:54.733+0530][info][gc          ] GC(27) Pause Young (Normal) (G1 Evacuation Pause) 334M->30M(512M) 4.857ms
[2026-03-02T09:08:54.733+0530][info][gc,cpu      ] GC(27) User=0.00s Sys=0.00s Real=0.01s
[2026-03-02T09:09:01.089+0530][info][gc,start    ] GC(28) Pause Young (Normal) (G1 Evacuation Pause)
[2026-03-02T09:09:01.089+0530][info][gc,task     ] GC(28) Using 12 workers of 13 for evacuation
[2026-03-02T09:09:01.092+0530][info][gc,phases   ] GC(28)   Pre Evacuate Collection Set: 0.1ms
[2026-03-02T09:09:01.092+0530][info][gc,phases   ] GC(28)   Merge Heap Roots: 0.1ms
[2026-03-02T09:09:01.092+0530][info][gc,phases   ] GC(28)   Evacuate Collection Set: 1.9ms
[2026-03-02T09:09:01.092+0530][info][gc,phases   ] GC(28)   Post Evacuate Collection Set: 0.5ms
[2026-03-02T09:09:01.092+0530][info][gc,phases   ] GC(28)   Other: 0.2ms
[2026-03-02T09:09:01.092+0530][info][gc,heap     ] GC(28) Eden regions: 305->0(305)
[2026-03-02T09:09:01.092+0530][info][gc,heap     ] GC(28) Survivor regions: 2->2(39)
[2026-03-02T09:09:01.092+0530][info][gc,heap     ] GC(28) Old regions: 28->28
[2026-03-02T09:09:01.092+0530][info][gc,heap     ] GC(28) Archive regions: 0->0
[2026-03-02T09:09:01.092+0530][info][gc,heap     ] GC(28) Humongous regions: 1->1
[2026-03-02T09:09:01.092+0530][info][gc,metaspace] GC(28) Metaspace: 73972K(74496K)->73972K(74496K) NonClass: 64717K(64960K)->64717K(64960K) Class: 9255K(9536K)->9255K(9536K)
[2026-03-02T09:09:01.092+0530][info][gc          ] GC(28) Pause Young (Normal) (G1 Evacuation Pause) 335M->30M(512M) 2.955ms
[2026-03-02T09:09:01.092+0530][info][gc,cpu      ] GC(28) User=0.00s Sys=0.00s Real=0.00s
[2026-03-02T09:09:06.899+0530][info][gc,start    ] GC(29) Pause Young (Normal) (G1 Evacuation Pause)
[2026-03-02T09:09:06.899+0530][info][gc,task     ] GC(29) Using 12 workers of 13 for evacuation
[2026-03-02T09:09:06.903+0530][info][gc,phases   ] GC(29)   Pre Evacuate Collection Set: 0.2ms
[2026-03-02T09:09:06.903+0530][info][gc,phases   ] GC(29)   Merge Heap Roots: 0.1ms
[2026-03-02T09:09:06.903+0530][info][gc,phases   ] GC(29)   Evacuate Collection Set: 3.2ms
[2026-03-02T09:09:06.903+0530][info][gc,phases   ] GC(29)   Post Evacuate Collection Set: 0.8ms
[2026-03-02T09:09:06.903+0530][info][gc,phases   ] GC(29)   Other: 0.3ms
[2026-03-02T09:09:06.903+0530][info][gc,heap     ] GC(29) Eden regions: 305->0(305)
[2026-03-02T09:09:06.903+0530][info][gc,heap     ] GC(29) Survivor regions: 2->2(39)
[2026-03-02T09:09:06.903+0530][info][gc,heap     ] GC(29) Old regions: 28->28
[2026-03-02T09:09:06.903+0530][info][gc,heap     ] GC(29) Archive regions: 0->0
[2026-03-02T09:09:06.903+0530][info][gc,heap     ] GC(29) Humongous regions: 1->1
[2026-03-02T09:09:06.903+0530][info][gc,metaspace] GC(29) Metaspace: 73979K(74496K)->73979K(74496K) NonClass: 64723K(64960K)->64723K(64960K) Class: 9255K(9536K)->9255K(9536K)
[2026-03-02T09:09:06.904+0530][info][gc          ] GC(29) Pause Young (Normal) (G1 Evacuation Pause) 335M->30M(512M) 5.011ms
[2026-03-02T09:09:06.904+0530][info][gc,cpu      ] GC(29) User=0.00s Sys=0.00s Real=0.01s
[2026-03-02T09:09:13.549+0530][info][gc,start    ] GC(30) Pause Young (Normal) (G1 Evacuation Pause)
[2026-03-02T09:09:13.549+0530][info][gc,task     ] GC(30) Using 12 workers of 13 for evacuation
[2026-03-02T09:09:13.553+0530][info][gc,phases   ] GC(30)   Pre Evacuate Collection Set: 0.2ms
[2026-03-02T09:09:13.553+0530][info][gc,phases   ] GC(30)   Merge Heap Roots: 0.1ms
[2026-03-02T09:09:13.553+0530][info][gc,phases   ] GC(30)   Evacuate Collection Set: 2.2ms
[2026-03-02T09:09:13.553+0530][info][gc,phases   ] GC(30)   Post Evacuate Collection Set: 1.0ms
[2026-03-02T09:09:13.553+0530][info][gc,phases   ] GC(30)   Other: 0.2ms
[2026-03-02T09:09:13.553+0530][info][gc,heap     ] GC(30) Eden regions: 305->0(305)
[2026-03-02T09:09:13.553+0530][info][gc,heap     ] GC(30) Survivor regions: 2->2(39)
[2026-03-02T09:09:13.553+0530][info][gc,heap     ] GC(30) Old regions: 28->28
[2026-03-02T09:09:13.553+0530][info][gc,heap     ] GC(30) Archive regions: 0->0
[2026-03-02T09:09:13.553+0530][info][gc,heap     ] GC(30) Humongous regions: 1->1
[2026-03-02T09:09:13.553+0530][info][gc,metaspace] GC(30) Metaspace: 73991K(74496K)->73991K(74496K) NonClass: 64735K(64960K)->64735K(64960K) Class: 9255K(9536K)->9255K(9536K)
[2026-03-02T09:09:13.553+0530][info][gc          ] GC(30) Pause Young (Normal) (G1 Evacuation Pause) 335M->30M(512M) 4.005ms
[2026-03-02T09:09:13.553+0530][info][gc,cpu      ] GC(30) User=0.00s Sys=0.00s Real=0.00s
[2026-03-02T09:09:19.088+0530][info][gc,start    ] GC(31) Pause Young (Normal) (G1 Evacuation Pause)
[2026-03-02T09:09:19.088+0530][info][gc,task     ] GC(31) Using 12 workers of 13 for evacuation
[2026-03-02T09:09:19.088+0530][info][gc,phases   ] GC(31)   Pre Evacuate Collection Set: 0.2ms
[2026-03-02T09:09:19.088+0530][info][gc,phases   ] GC(31)   Merge Heap Roots: 0.2ms
[2026-03-02T09:09:19.088+0530][info][gc,phases   ] GC(31)   Evacuate Collection Set: 3.6ms
[2026-03-02T09:09:19.088+0530][info][gc,phases   ] GC(31)   Post Evacuate Collection Set: 0.7ms
[2026-03-02T09:09:19.088+0530][info][gc,phases   ] GC(31)   Other: 0.3ms
[2026-03-02T09:09:19.088+0530][info][gc,heap     ] GC(31) Eden regions: 305->0(304)
[2026-03-02T09:09:19.088+0530][info][gc,heap     ] GC(31) Survivor regions: 2->3(39)
[2026-03-02T09:09:19.088+0530][info][gc,heap     ] GC(31) Old regions: 28->28
[2026-03-02T09:09:19.088+0530][info][gc,heap     ] GC(31) Archive regions: 0->0
[2026-03-02T09:09:19.088+0530][info][gc,heap     ] GC(31) Humongous regions: 1->1
[2026-03-02T09:09:19.088+0530][info][gc,metaspace] GC(31) Metaspace: 74007K(74496K)->74007K(74496K) NonClass: 64752K(64960K)->64752K(64960K) Class: 9255K(9536K)->9255K(9536K)
[2026-03-02T09:09:19.088+0530][info][gc          ] GC(31) Pause Young (Normal) (G1 Evacuation Pause) 335M->31M(512M) 5.340ms
[2026-03-02T09:09:19.088+0530][info][gc,cpu      ] GC(31) User=0.03s Sys=0.03s Real=0.00s
[2026-03-02T09:09:24.794+0530][info][gc,start    ] GC(32) Pause Young (Normal) (G1 Evacuation Pause)
[2026-03-02T09:09:24.794+0530][info][gc,task     ] GC(32) Using 12 workers of 13 for evacuation
[2026-03-02T09:09:24.794+0530][info][gc,phases   ] GC(32)   Pre Evacuate Collection Set: 0.2ms
[2026-03-02T09:09:24.794+0530][info][gc,phases   ] GC(32)   Merge Heap Roots: 0.2ms
[2026-03-02T09:09:24.794+0530][info][gc,phases   ] GC(32)   Evacuate Collection Set: 1.8ms
[2026-03-02T09:09:24.794+0530][info][gc,phases   ] GC(32)   Post Evacuate Collection Set: 0.8ms
[2026-03-02T09:09:24.794+0530][info][gc,phases   ] GC(32)   Other: 0.3ms
[2026-03-02T09:09:24.794+0530][info][gc,heap     ] GC(32) Eden regions: 304->0(305)
[2026-03-02T09:09:24.794+0530][info][gc,heap     ] GC(32) Survivor regions: 3->2(39)
[2026-03-02T09:09:24.794+0530][info][gc,heap     ] GC(32) Old regions: 28->28
[2026-03-02T09:09:24.794+0530][info][gc,heap     ] GC(32) Archive regions: 0->0
[2026-03-02T09:09:24.794+0530][info][gc,heap     ] GC(32) Humongous regions: 1->1
[2026-03-02T09:09:24.794+0530][info][gc,metaspace] GC(32) Metaspace: 74010K(74560K)->74010K(74560K) NonClass: 64755K(65024K)->64755K(65024K) Class: 9255K(9536K)->9255K(9536K)
[2026-03-02T09:09:24.798+0530][info][gc          ] GC(32) Pause Young (Normal) (G1 Evacuation Pause) 335M->29M(512M) 3.603ms
[2026-03-02T09:09:24.798+0530][info][gc,cpu      ] GC(32) User=0.06s Sys=0.00s Real=0.00s
[2026-03-02T09:09:30.921+0530][info][gc,start    ] GC(33) Pause Young (Normal) (G1 Evacuation Pause)
[2026-03-02T09:09:30.922+0530][info][gc,task     ] GC(33) Using 12 workers of 13 for evacuation
[2026-03-02T09:09:30.924+0530][info][gc,phases   ] GC(33)   Pre Evacuate Collection Set: 0.1ms
[2026-03-02T09:09:30.924+0530][info][gc,phases   ] GC(33)   Merge Heap Roots: 0.1ms
[2026-03-02T09:09:30.924+0530][info][gc,phases   ] GC(33)   Evacuate Collection Set: 2.2ms
[2026-03-02T09:09:30.924+0530][info][gc,phases   ] GC(33)   Post Evacuate Collection Set: 0.4ms
[2026-03-02T09:09:30.925+0530][info][gc,phases   ] GC(33)   Other: 0.2ms
[2026-03-02T09:09:30.925+0530][info][gc,heap     ] GC(33) Eden regions: 305->0(304)
[2026-03-02T09:09:30.925+0530][info][gc,heap     ] GC(33) Survivor regions: 2->3(39)
[2026-03-02T09:09:30.925+0530][info][gc,heap     ] GC(33) Old regions: 28->28
[2026-03-02T09:09:30.925+0530][info][gc,heap     ] GC(33) Archive regions: 0->0
[2026-03-02T09:09:30.925+0530][info][gc,heap     ] GC(33) Humongous regions: 1->1
[2026-03-02T09:09:30.925+0530][info][gc,metaspace] GC(33) Metaspace: 74088K(74624K)->74088K(74624K) NonClass: 64832K(65088K)->64832K(65088K) Class: 9256K(9536K)->9256K(9536K)
[2026-03-02T09:09:30.925+0530][info][gc          ] GC(33) Pause Young (Normal) (G1 Evacuation Pause) 334M->31M(512M) 3.250ms
[2026-03-02T09:09:30.925+0530][info][gc,cpu      ] GC(33) User=0.06s Sys=0.00s Real=0.00s
[2026-03-02T09:09:36.305+0530][info][gc,start    ] GC(34) Pause Young (Normal) (G1 Evacuation Pause)
[2026-03-02T09:09:36.305+0530][info][gc,task     ] GC(34) Using 12 workers of 13 for evacuation
[2026-03-02T09:09:36.310+0530][info][gc,phases   ] GC(34)   Pre Evacuate Collection Set: 0.1ms
[2026-03-02T09:09:36.310+0530][info][gc,phases   ] GC(34)   Merge Heap Roots: 0.1ms
[2026-03-02T09:09:36.310+0530][info][gc,phases   ] GC(34)   Evacuate Collection Set: 3.2ms
[2026-03-02T09:09:36.310+0530][info][gc,phases   ] GC(34)   Post Evacuate Collection Set: 0.7ms
[2026-03-02T09:09:36.310+0530][info][gc,phases   ] GC(34)   Other: 0.2ms
[2026-03-02T09:09:36.310+0530][info][gc,heap     ] GC(34) Eden regions: 304->0(304)
[2026-03-02T09:09:36.310+0530][info][gc,heap     ] GC(34) Survivor regions: 3->3(39)
[2026-03-02T09:09:36.310+0530][info][gc,heap     ] GC(34) Old regions: 28->28
[2026-03-02T09:09:36.311+0530][info][gc,heap     ] GC(34) Archive regions: 0->0
[2026-03-02T09:09:36.311+0530][info][gc,heap     ] GC(34) Humongous regions: 1->1
[2026-03-02T09:09:36.311+0530][info][gc,metaspace] GC(34) Metaspace: 74099K(74624K)->74099K(74624K) NonClass: 64842K(65088K)->64842K(65088K) Class: 9256K(9536K)->9256K(9536K)
[2026-03-02T09:09:36.311+0530][info][gc          ] GC(34) Pause Young (Normal) (G1 Evacuation Pause) 335M->31M(512M) 4.601ms
[2026-03-02T09:09:36.311+0530][info][gc,cpu      ] GC(34) User=0.00s Sys=0.00s Real=0.01s
[2026-03-02T09:09:42.931+0530][info][gc,start    ] GC(35) Pause Young (Normal) (G1 Evacuation Pause)
[2026-03-02T09:09:42.931+0530][info][gc,task     ] GC(35) Using 12 workers of 13 for evacuation
[2026-03-02T09:09:42.936+0530][info][gc,phases   ] GC(35)   Pre Evacuate Collection Set: 0.2ms
[2026-03-02T09:09:42.936+0530][info][gc,phases   ] GC(35)   Merge Heap Roots: 0.2ms
[2026-03-02T09:09:42.936+0530][info][gc,phases   ] GC(35)   Evacuate Collection Set: 2.9ms
[2026-03-02T09:09:42.936+0530][info][gc,phases   ] GC(35)   Post Evacuate Collection Set: 0.8ms
[2026-03-02T09:09:42.936+0530][info][gc,phases   ] GC(35)   Other: 0.3ms
[2026-03-02T09:09:42.936+0530][info][gc,heap     ] GC(35) Eden regions: 304->0(304)
[2026-03-02T09:09:42.936+0530][info][gc,heap     ] GC(35) Survivor regions: 3->3(39)
[2026-03-02T09:09:42.936+0530][info][gc,heap     ] GC(35) Old regions: 28->28
[2026-03-02T09:09:42.936+0530][info][gc,heap     ] GC(35) Archive regions: 0->0
[2026-03-02T09:09:42.936+0530][info][gc,heap     ] GC(35) Humongous regions: 1->1
[2026-03-02T09:09:42.936+0530][info][gc,metaspace] GC(35) Metaspace: 74110K(74688K)->74110K(74688K) NonClass: 64854K(65152K)->64854K(65152K) Class: 9256K(9536K)->9256K(9536K)
[2026-03-02T09:09:42.936+0530][info][gc          ] GC(35) Pause Young (Normal) (G1 Evacuation Pause) 335M->30M(512M) 4.820ms
[2026-03-02T09:09:42.936+0530][info][gc,cpu      ] GC(35) User=0.00s Sys=0.00s Real=0.01s
[2026-03-02T09:09:49.094+0530][info][gc,start    ] GC(36) Pause Young (Normal) (G1 Evacuation Pause)
[2026-03-02T09:09:49.094+0530][info][gc,task     ] GC(36) Using 12 workers of 13 for evacuation
[2026-03-02T09:09:49.094+0530][info][gc,phases   ] GC(36)   Pre Evacuate Collection Set: 0.2ms
[2026-03-02T09:09:49.094+0530][info][gc,phases   ] GC(36)   Merge Heap Roots: 0.1ms
[2026-03-02T09:09:49.094+0530][info][gc,phases   ] GC(36)   Evacuate Collection Set: 3.4ms
[2026-03-02T09:09:49.094+0530][info][gc,phases   ] GC(36)   Post Evacuate Collection Set: 0.8ms
[2026-03-02T09:09:49.094+0530][info][gc,phases   ] GC(36)   Other: 0.3ms
[2026-03-02T09:09:49.094+0530][info][gc,heap     ] GC(36) Eden regions: 304->0(304)
[2026-03-02T09:09:49.094+0530][info][gc,heap     ] GC(36) Survivor regions: 3->3(39)
[2026-03-02T09:09:49.094+0530][info][gc,heap     ] GC(36) Old regions: 28->28
[2026-03-02T09:09:49.094+0530][info][gc,heap     ] GC(36) Archive regions: 0->0
[2026-03-02T09:09:49.094+0530][info][gc,heap     ] GC(36) Humongous regions: 1->1
[2026-03-02T09:09:49.094+0530][info][gc,metaspace] GC(36) Metaspace: 74132K(74688K)->74132K(74688K) NonClass: 64876K(65152K)->64876K(65152K) Class: 9256K(9536K)->9256K(9536K)
[2026-03-02T09:09:49.094+0530][info][gc          ] GC(36) Pause Young (Normal) (G1 Evacuation Pause) 334M->31M(512M) 5.300ms
[2026-03-02T09:09:49.094+0530][info][gc,cpu      ] GC(36) User=0.00s Sys=0.00s Real=0.00s
[2026-03-02T09:09:54.886+0530][info][gc,start    ] GC(37) Pause Young (Normal) (G1 Evacuation Pause)
[2026-03-02T09:09:54.886+0530][info][gc,task     ] GC(37) Using 12 workers of 13 for evacuation
[2026-03-02T09:09:54.886+0530][info][gc,phases   ] GC(37)   Pre Evacuate Collection Set: 0.2ms
[2026-03-02T09:09:54.886+0530][info][gc,phases   ] GC(37)   Merge Heap Roots: 0.2ms
[2026-03-02T09:09:54.886+0530][info][gc,phases   ] GC(37)   Evacuate Collection Set: 3.7ms
[2026-03-02T09:09:54.886+0530][info][gc,phases   ] GC(37)   Post Evacuate Collection Set: 0.7ms
[2026-03-02T09:09:54.886+0530][info][gc,phases   ] GC(37)   Other: 0.2ms
[2026-03-02T09:09:54.886+0530][info][gc,heap     ] GC(37) Eden regions: 304->0(304)
[2026-03-02T09:09:54.886+0530][info][gc,heap     ] GC(37) Survivor regions: 3->3(39)
[2026-03-02T09:09:54.886+0530][info][gc,heap     ] GC(37) Old regions: 28->28
[2026-03-02T09:09:54.886+0530][info][gc,heap     ] GC(37) Archive regions: 0->0
[2026-03-02T09:09:54.886+0530][info][gc,heap     ] GC(37) Humongous regions: 1->1
[2026-03-02T09:09:54.886+0530][info][gc,metaspace] GC(37) Metaspace: 74147K(74688K)->74147K(74688K) NonClass: 64890K(65152K)->64890K(65152K) Class: 9256K(9536K)->9256K(9536K)
[2026-03-02T09:09:54.886+0530][info][gc          ] GC(37) Pause Young (Normal) (G1 Evacuation Pause) 335M->31M(512M) 5.326ms
[2026-03-02T09:09:54.886+0530][info][gc,cpu      ] GC(37) User=0.05s Sys=0.00s Real=0.00s
[2026-03-02T09:10:00.028+0530][info][gc,start    ] GC(38) Pause Young (Normal) (G1 Evacuation Pause)
[2026-03-02T09:10:00.028+0530][info][gc,task     ] GC(38) Using 12 workers of 13 for evacuation
[2026-03-02T09:10:00.032+0530][info][gc,phases   ] GC(38)   Pre Evacuate Collection Set: 0.2ms
[2026-03-02T09:10:00.032+0530][info][gc,phases   ] GC(38)   Merge Heap Roots: 0.2ms
[2026-03-02T09:10:00.032+0530][info][gc,phases   ] GC(38)   Evacuate Collection Set: 3.1ms
[2026-03-02T09:10:00.032+0530][info][gc,phases   ] GC(38)   Post Evacuate Collection Set: 0.7ms
[2026-03-02T09:10:00.032+0530][info][gc,phases   ] GC(38)   Other: 0.3ms
[2026-03-02T09:10:00.032+0530][info][gc,heap     ] GC(38) Eden regions: 304->0(304)
[2026-03-02T09:10:00.032+0530][info][gc,heap     ] GC(38) Survivor regions: 3->3(39)
[2026-03-02T09:10:00.032+0530][info][gc,heap     ] GC(38) Old regions: 28->28
[2026-03-02T09:10:00.032+0530][info][gc,heap     ] GC(38) Archive regions: 0->0
[2026-03-02T09:10:00.032+0530][info][gc,heap     ] GC(38) Humongous regions: 1->1
[2026-03-02T09:10:00.032+0530][info][gc,metaspace] GC(38) Metaspace: 74153K(74688K)->74153K(74688K) NonClass: 64897K(65152K)->64897K(65152K) Class: 9256K(9536K)->9256K(9536K)
[2026-03-02T09:10:00.032+0530][info][gc          ] GC(38) Pause Young (Normal) (G1 Evacuation Pause) 335M->30M(512M) 4.822ms
[2026-03-02T09:10:00.032+0530][info][gc,cpu      ] GC(38) User=0.06s Sys=0.00s Real=0.00s
[2026-03-02T09:10:05.884+0530][info][gc,start    ] GC(39) Pause Young (Normal) (G1 Evacuation Pause)
[2026-03-02T09:10:05.884+0530][info][gc,task     ] GC(39) Using 12 workers of 13 for evacuation
[2026-03-02T09:10:05.899+0530][info][gc,phases   ] GC(39)   Pre Evacuate Collection Set: 0.2ms
[2026-03-02T09:10:05.899+0530][info][gc,phases   ] GC(39)   Merge Heap Roots: 0.2ms
[2026-03-02T09:10:05.899+0530][info][gc,phases   ] GC(39)   Evacuate Collection Set: 2.8ms
[2026-03-02T09:10:05.899+0530][info][gc,phases   ] GC(39)   Post Evacuate Collection Set: 0.7ms
[2026-03-02T09:10:05.899+0530][info][gc,phases   ] GC(39)   Other: 0.3ms
[2026-03-02T09:10:05.899+0530][info][gc,heap     ] GC(39) Eden regions: 304->0(305)
[2026-03-02T09:10:05.899+0530][info][gc,heap     ] GC(39) Survivor regions: 3->2(39)
[2026-03-02T09:10:05.899+0530][info][gc,heap     ] GC(39) Old regions: 28->28
[2026-03-02T09:10:05.899+0530][info][gc,heap     ] GC(39) Archive regions: 0->0
[2026-03-02T09:10:05.899+0530][info][gc,heap     ] GC(39) Humongous regions: 1->1
[2026-03-02T09:10:05.899+0530][info][gc,metaspace] GC(39) Metaspace: 74156K(74688K)->74156K(74688K) NonClass: 64900K(65152K)->64900K(65152K) Class: 9256K(9536K)->9256K(9536K)
[2026-03-02T09:10:05.899+0530][info][gc          ] GC(39) Pause Young (Normal) (G1 Evacuation Pause) 334M->30M(512M) 4.411ms
[2026-03-02T09:10:05.899+0530][info][gc,cpu      ] GC(39) User=0.00s Sys=0.00s Real=0.01s
[2026-03-02T09:10:12.727+0530][info][gc,start    ] GC(40) Pause Young (Normal) (G1 Evacuation Pause)
[2026-03-02T09:10:12.727+0530][info][gc,task     ] GC(40) Using 12 workers of 13 for evacuation
[2026-03-02T09:10:12.727+0530][info][gc,phases   ] GC(40)   Pre Evacuate Collection Set: 0.2ms
[2026-03-02T09:10:12.727+0530][info][gc,phases   ] GC(40)   Merge Heap Roots: 0.2ms
[2026-03-02T09:10:12.727+0530][info][gc,phases   ] GC(40)   Evacuate Collection Set: 2.6ms
[2026-03-02T09:10:12.727+0530][info][gc,phases   ] GC(40)   Post Evacuate Collection Set: 0.5ms
[2026-03-02T09:10:12.727+0530][info][gc,phases   ] GC(40)   Other: 0.4ms
[2026-03-02T09:10:12.727+0530][info][gc,heap     ] GC(40) Eden regions: 305->0(305)
[2026-03-02T09:10:12.727+0530][info][gc,heap     ] GC(40) Survivor regions: 2->2(39)
[2026-03-02T09:10:12.727+0530][info][gc,heap     ] GC(40) Old regions: 28->28
[2026-03-02T09:10:12.727+0530][info][gc,heap     ] GC(40) Archive regions: 0->0
[2026-03-02T09:10:12.727+0530][info][gc,heap     ] GC(40) Humongous regions: 1->1
[2026-03-02T09:10:12.727+0530][info][gc,metaspace] GC(40) Metaspace: 74163K(74688K)->74163K(74688K) NonClass: 64907K(65152K)->64907K(65152K) Class: 9256K(9536K)->9256K(9536K)
[2026-03-02T09:10:12.727+0530][info][gc          ] GC(40) Pause Young (Normal) (G1 Evacuation Pause) 335M->30M(512M) 4.255ms
[2026-03-02T09:10:12.727+0530][info][gc,cpu      ] GC(40) User=0.00s Sys=0.00s Real=0.00s
[2026-03-02T09:10:25.670+0530][info][gc,start    ] GC(41) Pause Young (Normal) (G1 Evacuation Pause)
[2026-03-02T09:10:25.670+0530][info][gc,task     ] GC(41) Using 12 workers of 13 for evacuation
[2026-03-02T09:10:25.670+0530][info][gc,phases   ] GC(41)   Pre Evacuate Collection Set: 0.2ms
[2026-03-02T09:10:25.670+0530][info][gc,phases   ] GC(41)   Merge Heap Roots: 0.1ms
[2026-03-02T09:10:25.670+0530][info][gc,phases   ] GC(41)   Evacuate Collection Set: 2.0ms
[2026-03-02T09:10:25.670+0530][info][gc,phases   ] GC(41)   Post Evacuate Collection Set: 0.7ms
[2026-03-02T09:10:25.670+0530][info][gc,phases   ] GC(41)   Other: 0.3ms
[2026-03-02T09:10:25.670+0530][info][gc,heap     ] GC(41) Eden regions: 305->0(305)
[2026-03-02T09:10:25.670+0530][info][gc,heap     ] GC(41) Survivor regions: 2->2(39)
[2026-03-02T09:10:25.670+0530][info][gc,heap     ] GC(41) Old regions: 28->28
[2026-03-02T09:10:25.670+0530][info][gc,heap     ] GC(41) Archive regions: 0->0
[2026-03-02T09:10:25.670+0530][info][gc,heap     ] GC(41) Humongous regions: 1->1
[2026-03-02T09:10:25.670+0530][info][gc,metaspace] GC(41) Metaspace: 74164K(74688K)->74164K(74688K) NonClass: 64907K(65152K)->64907K(65152K) Class: 9256K(9536K)->9256K(9536K)
[2026-03-02T09:10:25.670+0530][info][gc          ] GC(41) Pause Young (Normal) (G1 Evacuation Pause) 335M->29M(512M) 3.642ms
[2026-03-02T09:10:25.670+0530][info][gc,cpu      ] GC(41) User=0.00s Sys=0.00s Real=0.00s
[2026-03-02T09:10:37.618+0530][info][gc,start    ] GC(42) Pause Young (Normal) (G1 Evacuation Pause)
[2026-03-02T09:10:37.618+0530][info][gc,task     ] GC(42) Using 12 workers of 13 for evacuation
[2026-03-02T09:10:37.618+0530][info][gc,phases   ] GC(42)   Pre Evacuate Collection Set: 0.2ms
[2026-03-02T09:10:37.618+0530][info][gc,phases   ] GC(42)   Merge Heap Roots: 0.2ms
[2026-03-02T09:10:37.618+0530][info][gc,phases   ] GC(42)   Evacuate Collection Set: 2.2ms
[2026-03-02T09:10:37.618+0530][info][gc,phases   ] GC(42)   Post Evacuate Collection Set: 0.6ms
[2026-03-02T09:10:37.618+0530][info][gc,phases   ] GC(42)   Other: 0.4ms
[2026-03-02T09:10:37.618+0530][info][gc,heap     ] GC(42) Eden regions: 305->0(305)
[2026-03-02T09:10:37.618+0530][info][gc,heap     ] GC(42) Survivor regions: 2->2(39)
[2026-03-02T09:10:37.618+0530][info][gc,heap     ] GC(42) Old regions: 28->28
[2026-03-02T09:10:37.618+0530][info][gc,heap     ] GC(42) Archive regions: 0->0
[2026-03-02T09:10:37.618+0530][info][gc,heap     ] GC(42) Humongous regions: 1->1
[2026-03-02T09:10:37.618+0530][info][gc,metaspace] GC(42) Metaspace: 74193K(74752K)->74193K(74752K) NonClass: 64935K(65216K)->64935K(65216K) Class: 9257K(9536K)->9257K(9536K)
[2026-03-02T09:10:37.618+0530][info][gc          ] GC(42) Pause Young (Normal) (G1 Evacuation Pause) 334M->29M(512M) 3.856ms
[2026-03-02T09:10:37.618+0530][info][gc,cpu      ] GC(42) User=0.00s Sys=0.00s Real=0.00s
[2026-03-02T09:10:50.901+0530][info][gc,start    ] GC(43) Pause Young (Normal) (G1 Evacuation Pause)
[2026-03-02T09:10:50.901+0530][info][gc,task     ] GC(43) Using 12 workers of 13 for evacuation
[2026-03-02T09:10:50.901+0530][info][gc,phases   ] GC(43)   Pre Evacuate Collection Set: 0.2ms
[2026-03-02T09:10:50.901+0530][info][gc,phases   ] GC(43)   Merge Heap Roots: 0.1ms
[2026-03-02T09:10:50.901+0530][info][gc,phases   ] GC(43)   Evacuate Collection Set: 2.7ms
[2026-03-02T09:10:50.901+0530][info][gc,phases   ] GC(43)   Post Evacuate Collection Set: 0.8ms
[2026-03-02T09:10:50.901+0530][info][gc,phases   ] GC(43)   Other: 0.2ms
[2026-03-02T09:10:50.901+0530][info][gc,heap     ] GC(43) Eden regions: 305->0(305)
[2026-03-02T09:10:50.901+0530][info][gc,heap     ] GC(43) Survivor regions: 2->2(39)
[2026-03-02T09:10:50.901+0530][info][gc,heap     ] GC(43) Old regions: 28->28
[2026-03-02T09:10:50.901+0530][info][gc,heap     ] GC(43) Archive regions: 0->0
[2026-03-02T09:10:50.901+0530][info][gc,heap     ] GC(43) Humongous regions: 1->1
[2026-03-02T09:10:50.901+0530][info][gc,metaspace] GC(43) Metaspace: 74194K(74752K)->74194K(74752K) NonClass: 64937K(65216K)->64937K(65216K) Class: 9257K(9536K)->9257K(9536K)
[2026-03-02T09:10:50.901+0530][info][gc          ] GC(43) Pause Young (Normal) (G1 Evacuation Pause) 334M->29M(512M) 4.387ms
[2026-03-02T09:10:50.901+0530][info][gc,cpu      ] GC(43) User=0.00s Sys=0.00s Real=0.00s
[2026-03-02T09:11:03.883+0530][info][gc,start    ] GC(44) Pause Young (Normal) (G1 Evacuation Pause)
[2026-03-02T09:11:03.883+0530][info][gc,task     ] GC(44) Using 12 workers of 13 for evacuation
[2026-03-02T09:11:03.883+0530][info][gc,phases   ] GC(44)   Pre Evacuate Collection Set: 0.2ms
[2026-03-02T09:11:03.883+0530][info][gc,phases   ] GC(44)   Merge Heap Roots: 0.2ms
[2026-03-02T09:11:03.883+0530][info][gc,phases   ] GC(44)   Evacuate Collection Set: 1.4ms
[2026-03-02T09:11:03.883+0530][info][gc,phases   ] GC(44)   Post Evacuate Collection Set: 0.7ms
[2026-03-02T09:11:03.883+0530][info][gc,phases   ] GC(44)   Other: 0.3ms
[2026-03-02T09:11:03.883+0530][info][gc,heap     ] GC(44) Eden regions: 305->0(306)
[2026-03-02T09:11:03.883+0530][info][gc,heap     ] GC(44) Survivor regions: 2->1(39)
[2026-03-02T09:11:03.883+0530][info][gc,heap     ] GC(44) Old regions: 28->28
[2026-03-02T09:11:03.883+0530][info][gc,heap     ] GC(44) Archive regions: 0->0
[2026-03-02T09:11:03.883+0530][info][gc,heap     ] GC(44) Humongous regions: 1->1
[2026-03-02T09:11:03.883+0530][info][gc,metaspace] GC(44) Metaspace: 74194K(74752K)->74194K(74752K) NonClass: 64937K(65216K)->64937K(65216K) Class: 9257K(9536K)->9257K(9536K)
[2026-03-02T09:11:03.883+0530][info][gc          ] GC(44) Pause Young (Normal) (G1 Evacuation Pause) 334M->29M(512M) 3.182ms
[2026-03-02T09:11:03.883+0530][info][gc,cpu      ] GC(44) User=0.00s Sys=0.02s Real=0.00s
[2026-03-02T09:11:15.521+0530][info][gc,start    ] GC(45) Pause Young (Normal) (G1 Evacuation Pause)
[2026-03-02T09:11:15.521+0530][info][gc,task     ] GC(45) Using 12 workers of 13 for evacuation
[2026-03-02T09:11:15.523+0530][info][gc,phases   ] GC(45)   Pre Evacuate Collection Set: 0.1ms
[2026-03-02T09:11:15.523+0530][info][gc,phases   ] GC(45)   Merge Heap Roots: 0.1ms
[2026-03-02T09:11:15.524+0530][info][gc,phases   ] GC(45)   Evacuate Collection Set: 1.5ms
[2026-03-02T09:11:15.524+0530][info][gc,phases   ] GC(45)   Post Evacuate Collection Set: 0.7ms
[2026-03-02T09:11:15.524+0530][info][gc,phases   ] GC(45)   Other: 0.2ms
[2026-03-02T09:11:15.524+0530][info][gc,heap     ] GC(45) Eden regions: 306->0(305)
[2026-03-02T09:11:15.524+0530][info][gc,heap     ] GC(45) Survivor regions: 1->2(39)
[2026-03-02T09:11:15.524+0530][info][gc,heap     ] GC(45) Old regions: 28->28
[2026-03-02T09:11:15.524+0530][info][gc,heap     ] GC(45) Archive regions: 0->0
[2026-03-02T09:11:15.524+0530][info][gc,heap     ] GC(45) Humongous regions: 1->1
[2026-03-02T09:11:15.524+0530][info][gc,metaspace] GC(45) Metaspace: 74202K(74752K)->74202K(74752K) NonClass: 64944K(65216K)->64944K(65216K) Class: 9257K(9536K)->9257K(9536K)
[2026-03-02T09:11:15.524+0530][info][gc          ] GC(45) Pause Young (Normal) (G1 Evacuation Pause) 335M->30M(512M) 2.933ms
[2026-03-02T09:11:15.524+0530][info][gc,cpu      ] GC(45) User=0.00s Sys=0.00s Real=0.00s
[2026-03-02T09:11:27.576+0530][info][gc,start    ] GC(46) Pause Young (Normal) (G1 Evacuation Pause)
[2026-03-02T09:11:27.576+0530][info][gc,task     ] GC(46) Using 12 workers of 13 for evacuation
[2026-03-02T09:11:27.580+0530][info][gc,phases   ] GC(46)   Pre Evacuate Collection Set: 0.1ms
[2026-03-02T09:11:27.580+0530][info][gc,phases   ] GC(46)   Merge Heap Roots: 0.1ms
[2026-03-02T09:11:27.580+0530][info][gc,phases   ] GC(46)   Evacuate Collection Set: 2.1ms
[2026-03-02T09:11:27.580+0530][info][gc,phases   ] GC(46)   Post Evacuate Collection Set: 0.7ms
[2026-03-02T09:11:27.580+0530][info][gc,phases   ] GC(46)   Other: 0.2ms
[2026-03-02T09:11:27.580+0530][info][gc,heap     ] GC(46) Eden regions: 305->0(305)
[2026-03-02T09:11:27.580+0530][info][gc,heap     ] GC(46) Survivor regions: 2->2(39)
[2026-03-02T09:11:27.580+0530][info][gc,heap     ] GC(46) Old regions: 28->28
[2026-03-02T09:11:27.580+0530][info][gc,heap     ] GC(46) Archive regions: 0->0
[2026-03-02T09:11:27.580+0530][info][gc,heap     ] GC(46) Humongous regions: 1->1
[2026-03-02T09:11:27.580+0530][info][gc,metaspace] GC(46) Metaspace: 74248K(74816K)->74248K(74816K) NonClass: 64990K(65280K)->64990K(65280K) Class: 9257K(9536K)->9257K(9536K)
[2026-03-02T09:11:27.580+0530][info][gc          ] GC(46) Pause Young (Normal) (G1 Evacuation Pause) 335M->30M(512M) 3.691ms
[2026-03-02T09:11:27.580+0530][info][gc,cpu      ] GC(46) User=0.06s Sys=0.00s Real=0.00s
[2026-03-02T09:11:39.254+0530][info][gc,start    ] GC(47) Pause Young (Normal) (G1 Evacuation Pause)
[2026-03-02T09:11:39.254+0530][info][gc,task     ] GC(47) Using 12 workers of 13 for evacuation
[2026-03-02T09:11:39.254+0530][info][gc,phases   ] GC(47)   Pre Evacuate Collection Set: 0.2ms
[2026-03-02T09:11:39.254+0530][info][gc,phases   ] GC(47)   Merge Heap Roots: 0.2ms
[2026-03-02T09:11:39.254+0530][info][gc,phases   ] GC(47)   Evacuate Collection Set: 1.4ms
[2026-03-02T09:11:39.254+0530][info][gc,phases   ] GC(47)   Post Evacuate Collection Set: 0.4ms
[2026-03-02T09:11:39.254+0530][info][gc,phases   ] GC(47)   Other: 0.3ms
[2026-03-02T09:11:39.254+0530][info][gc,heap     ] GC(47) Eden regions: 305->0(305)
[2026-03-02T09:11:39.254+0530][info][gc,heap     ] GC(47) Survivor regions: 2->2(39)
[2026-03-02T09:11:39.254+0530][info][gc,heap     ] GC(47) Old regions: 28->28
[2026-03-02T09:11:39.254+0530][info][gc,heap     ] GC(47) Archive regions: 0->0
[2026-03-02T09:11:39.254+0530][info][gc,heap     ] GC(47) Humongous regions: 1->1
[2026-03-02T09:11:39.254+0530][info][gc,metaspace] GC(47) Metaspace: 74256K(74816K)->74256K(74816K) NonClass: 64998K(65280K)->64998K(65280K) Class: 9257K(9536K)->9257K(9536K)
[2026-03-02T09:11:39.254+0530][info][gc          ] GC(47) Pause Young (Normal) (G1 Evacuation Pause) 335M->30M(512M) 2.630ms
[2026-03-02T09:11:39.254+0530][info][gc,cpu      ] GC(47) User=0.00s Sys=0.00s Real=0.00s
[2026-03-02T09:11:50.756+0530][info][gc,start    ] GC(48) Pause Young (Normal) (G1 Evacuation Pause)
[2026-03-02T09:11:50.756+0530][info][gc,task     ] GC(48) Using 12 workers of 13 for evacuation
[2026-03-02T09:11:50.759+0530][info][gc,phases   ] GC(48)   Pre Evacuate Collection Set: 0.2ms
[2026-03-02T09:11:50.759+0530][info][gc,phases   ] GC(48)   Merge Heap Roots: 0.2ms
[2026-03-02T09:11:50.759+0530][info][gc,phases   ] GC(48)   Evacuate Collection Set: 2.0ms
[2026-03-02T09:11:50.759+0530][info][gc,phases   ] GC(48)   Post Evacuate Collection Set: 0.7ms
[2026-03-02T09:11:50.759+0530][info][gc,phases   ] GC(48)   Other: 0.3ms
[2026-03-02T09:11:50.759+0530][info][gc,heap     ] GC(48) Eden regions: 305->0(305)
[2026-03-02T09:11:50.759+0530][info][gc,heap     ] GC(48) Survivor regions: 2->2(39)
[2026-03-02T09:11:50.760+0530][info][gc,heap     ] GC(48) Old regions: 28->28
[2026-03-02T09:11:50.760+0530][info][gc,heap     ] GC(48) Archive regions: 0->0
[2026-03-02T09:11:50.760+0530][info][gc,heap     ] GC(48) Humongous regions: 1->1
[2026-03-02T09:11:50.760+0530][info][gc,metaspace] GC(48) Metaspace: 74264K(74880K)->74264K(74880K) NonClass: 65007K(65344K)->65007K(65344K) Class: 9257K(9536K)->9257K(9536K)
[2026-03-02T09:11:50.760+0530][info][gc          ] GC(48) Pause Young (Normal) (G1 Evacuation Pause) 335M->30M(512M) 3.624ms
[2026-03-02T09:11:50.760+0530][info][gc,cpu      ] GC(48) User=0.00s Sys=0.00s Real=0.00s
[2026-03-02T09:12:04.275+0530][info][gc,start    ] GC(49) Pause Young (Normal) (G1 Evacuation Pause)
[2026-03-02T09:12:04.275+0530][info][gc,task     ] GC(49) Using 12 workers of 13 for evacuation
[2026-03-02T09:12:04.279+0530][info][gc,phases   ] GC(49)   Pre Evacuate Collection Set: 0.2ms
[2026-03-02T09:12:04.279+0530][info][gc,phases   ] GC(49)   Merge Heap Roots: 0.2ms
[2026-03-02T09:12:04.279+0530][info][gc,phases   ] GC(49)   Evacuate Collection Set: 2.0ms
[2026-03-02T09:12:04.279+0530][info][gc,phases   ] GC(49)   Post Evacuate Collection Set: 0.6ms
[2026-03-02T09:12:04.279+0530][info][gc,phases   ] GC(49)   Other: 0.2ms
[2026-03-02T09:12:04.279+0530][info][gc,heap     ] GC(49) Eden regions: 305->0(305)
[2026-03-02T09:12:04.279+0530][info][gc,heap     ] GC(49) Survivor regions: 2->2(39)
[2026-03-02T09:12:04.279+0530][info][gc,heap     ] GC(49) Old regions: 28->28
[2026-03-02T09:12:04.279+0530][info][gc,heap     ] GC(49) Archive regions: 0->0
[2026-03-02T09:12:04.279+0530][info][gc,heap     ] GC(49) Humongous regions: 1->1
[2026-03-02T09:12:04.279+0530][info][gc,metaspace] GC(49) Metaspace: 74269K(74880K)->74269K(74880K) NonClass: 65011K(65344K)->65011K(65344K) Class: 9257K(9536K)->9257K(9536K)
[2026-03-02T09:12:04.279+0530][info][gc          ] GC(49) Pause Young (Normal) (G1 Evacuation Pause) 335M->30M(512M) 3.514ms
[2026-03-02T09:12:04.279+0530][info][gc,cpu      ] GC(49) User=0.00s Sys=0.00s Real=0.00s
[2026-03-02T09:12:18.007+0530][info][gc,start    ] GC(50) Pause Young (Normal) (G1 Evacuation Pause)
[2026-03-02T09:12:18.007+0530][info][gc,task     ] GC(50) Using 12 workers of 13 for evacuation
[2026-03-02T09:12:18.009+0530][info][gc,phases   ] GC(50)   Pre Evacuate Collection Set: 0.2ms
[2026-03-02T09:12:18.009+0530][info][gc,phases   ] GC(50)   Merge Heap Roots: 0.2ms
[2026-03-02T09:12:18.009+0530][info][gc,phases   ] GC(50)   Evacuate Collection Set: 2.8ms
[2026-03-02T09:12:18.009+0530][info][gc,phases   ] GC(50)   Post Evacuate Collection Set: 0.8ms
[2026-03-02T09:12:18.009+0530][info][gc,phases   ] GC(50)   Other: 0.3ms
[2026-03-02T09:12:18.009+0530][info][gc,heap     ] GC(50) Eden regions: 305->0(305)
[2026-03-02T09:12:18.009+0530][info][gc,heap     ] GC(50) Survivor regions: 2->2(39)
[2026-03-02T09:12:18.009+0530][info][gc,heap     ] GC(50) Old regions: 28->28
[2026-03-02T09:12:18.009+0530][info][gc,heap     ] GC(50) Archive regions: 0->0
[2026-03-02T09:12:18.009+0530][info][gc,heap     ] GC(50) Humongous regions: 1->1
[2026-03-02T09:12:18.009+0530][info][gc,metaspace] GC(50) Metaspace: 74269K(74880K)->74269K(74880K) NonClass: 65011K(65344K)->65011K(65344K) Class: 9257K(9536K)->9257K(9536K)
[2026-03-02T09:12:18.009+0530][info][gc          ] GC(50) Pause Young (Normal) (G1 Evacuation Pause) 335M->30M(512M) 4.630ms
[2026-03-02T09:12:18.009+0530][info][gc,cpu      ] GC(50) User=0.00s Sys=0.00s Real=0.00s
[2026-03-02T09:12:30.269+0530][info][gc,start    ] GC(51) Pause Young (Normal) (G1 Evacuation Pause)
[2026-03-02T09:12:30.269+0530][info][gc,task     ] GC(51) Using 12 workers of 13 for evacuation
[2026-03-02T09:12:30.271+0530][info][gc,phases   ] GC(51)   Pre Evacuate Collection Set: 0.1ms
[2026-03-02T09:12:30.271+0530][info][gc,phases   ] GC(51)   Merge Heap Roots: 0.1ms
[2026-03-02T09:12:30.271+0530][info][gc,phases   ] GC(51)   Evacuate Collection Set: 1.5ms
[2026-03-02T09:12:30.271+0530][info][gc,phases   ] GC(51)   Post Evacuate Collection Set: 0.6ms
[2026-03-02T09:12:30.271+0530][info][gc,phases   ] GC(51)   Other: 0.2ms
[2026-03-02T09:12:30.271+0530][info][gc,heap     ] GC(51) Eden regions: 305->0(305)
[2026-03-02T09:12:30.271+0530][info][gc,heap     ] GC(51) Survivor regions: 2->2(39)
[2026-03-02T09:12:30.271+0530][info][gc,heap     ] GC(51) Old regions: 28->28
[2026-03-02T09:12:30.271+0530][info][gc,heap     ] GC(51) Archive regions: 0->0
[2026-03-02T09:12:30.271+0530][info][gc,heap     ] GC(51) Humongous regions: 1->1
[2026-03-02T09:12:30.271+0530][info][gc,metaspace] GC(51) Metaspace: 74269K(74880K)->74269K(74880K) NonClass: 65011K(65344K)->65011K(65344K) Class: 9257K(9536K)->9257K(9536K)
[2026-03-02T09:12:30.271+0530][info][gc          ] GC(51) Pause Young (Normal) (G1 Evacuation Pause) 335M->30M(512M) 2.714ms
[2026-03-02T09:12:30.271+0530][info][gc,cpu      ] GC(51) User=0.00s Sys=0.00s Real=0.00s
[2026-03-02T09:12:41.479+0530][info][gc,start    ] GC(52) Pause Young (Normal) (G1 Evacuation Pause)
[2026-03-02T09:12:41.479+0530][info][gc,task     ] GC(52) Using 12 workers of 13 for evacuation
[2026-03-02T09:12:41.482+0530][info][gc,phases   ] GC(52)   Pre Evacuate Collection Set: 0.1ms
[2026-03-02T09:12:41.482+0530][info][gc,phases   ] GC(52)   Merge Heap Roots: 0.1ms
[2026-03-02T09:12:41.482+0530][info][gc,phases   ] GC(52)   Evacuate Collection Set: 2.3ms
[2026-03-02T09:12:41.482+0530][info][gc,phases   ] GC(52)   Post Evacuate Collection Set: 0.6ms
[2026-03-02T09:12:41.482+0530][info][gc,phases   ] GC(52)   Other: 0.3ms
[2026-03-02T09:12:41.482+0530][info][gc,heap     ] GC(52) Eden regions: 305->0(305)
[2026-03-02T09:12:41.482+0530][info][gc,heap     ] GC(52) Survivor regions: 2->2(39)
[2026-03-02T09:12:41.483+0530][info][gc,heap     ] GC(52) Old regions: 28->28
[2026-03-02T09:12:41.483+0530][info][gc,heap     ] GC(52) Archive regions: 0->0
[2026-03-02T09:12:41.483+0530][info][gc,heap     ] GC(52) Humongous regions: 1->1
[2026-03-02T09:12:41.483+0530][info][gc,metaspace] GC(52) Metaspace: 74269K(74880K)->74269K(74880K) NonClass: 65011K(65344K)->65011K(65344K) Class: 9257K(9536K)->9257K(9536K)
[2026-03-02T09:12:41.483+0530][info][gc          ] GC(52) Pause Young (Normal) (G1 Evacuation Pause) 335M->30M(512M) 3.770ms
[2026-03-02T09:12:41.483+0530][info][gc,cpu      ] GC(52) User=0.00s Sys=0.00s Real=0.00s
[2026-03-02T09:12:53.387+0530][info][gc,start    ] GC(53) Pause Young (Normal) (G1 Evacuation Pause)
[2026-03-02T09:12:53.387+0530][info][gc,task     ] GC(53) Using 12 workers of 13 for evacuation
[2026-03-02T09:12:53.387+0530][info][gc,phases   ] GC(53)   Pre Evacuate Collection Set: 0.2ms
[2026-03-02T09:12:53.387+0530][info][gc,phases   ] GC(53)   Merge Heap Roots: 0.2ms
[2026-03-02T09:12:53.387+0530][info][gc,phases   ] GC(53)   Evacuate Collection Set: 2.5ms
[2026-03-02T09:12:53.387+0530][info][gc,phases   ] GC(53)   Post Evacuate Collection Set: 0.7ms
[2026-03-02T09:12:53.387+0530][info][gc,phases   ] GC(53)   Other: 0.3ms
[2026-03-02T09:12:53.387+0530][info][gc,heap     ] GC(53) Eden regions: 305->0(305)
[2026-03-02T09:12:53.387+0530][info][gc,heap     ] GC(53) Survivor regions: 2->2(39)
[2026-03-02T09:12:53.387+0530][info][gc,heap     ] GC(53) Old regions: 28->28
[2026-03-02T09:12:53.387+0530][info][gc,heap     ] GC(53) Archive regions: 0->0
[2026-03-02T09:12:53.387+0530][info][gc,heap     ] GC(53) Humongous regions: 1->1
[2026-03-02T09:12:53.387+0530][info][gc,metaspace] GC(53) Metaspace: 74269K(74880K)->74269K(74880K) NonClass: 65011K(65344K)->65011K(65344K) Class: 9257K(9536K)->9257K(9536K)
[2026-03-02T09:12:53.387+0530][info][gc          ] GC(53) Pause Young (Normal) (G1 Evacuation Pause) 335M->30M(512M) 4.088ms
[2026-03-02T09:12:53.387+0530][info][gc,cpu      ] GC(53) User=0.00s Sys=0.00s Real=0.00s
[2026-03-02T09:13:05.805+0530][info][gc,start    ] GC(54) Pause Young (Normal) (G1 Evacuation Pause)
[2026-03-02T09:13:05.805+0530][info][gc,task     ] GC(54) Using 12 workers of 13 for evacuation
[2026-03-02T09:13:05.805+0530][info][gc,phases   ] GC(54)   Pre Evacuate Collection Set: 0.2ms
[2026-03-02T09:13:05.805+0530][info][gc,phases   ] GC(54)   Merge Heap Roots: 0.2ms
[2026-03-02T09:13:05.805+0530][info][gc,phases   ] GC(54)   Evacuate Collection Set: 2.8ms
[2026-03-02T09:13:05.805+0530][info][gc,phases   ] GC(54)   Post Evacuate Collection Set: 0.7ms
[2026-03-02T09:13:05.805+0530][info][gc,phases   ] GC(54)   Other: 0.3ms
[2026-03-02T09:13:05.805+0530][info][gc,heap     ] GC(54) Eden regions: 305->0(305)
[2026-03-02T09:13:05.805+0530][info][gc,heap     ] GC(54) Survivor regions: 2->2(39)
[2026-03-02T09:13:05.805+0530][info][gc,heap     ] GC(54) Old regions: 28->29
[2026-03-02T09:13:05.805+0530][info][gc,heap     ] GC(54) Archive regions: 0->0
[2026-03-02T09:13:05.805+0530][info][gc,heap     ] GC(54) Humongous regions: 1->1
[2026-03-02T09:13:05.805+0530][info][gc,metaspace] GC(54) Metaspace: 74269K(74880K)->74269K(74880K) NonClass: 65011K(65344K)->65011K(65344K) Class: 9257K(9536K)->9257K(9536K)
[2026-03-02T09:13:05.805+0530][info][gc          ] GC(54) Pause Young (Normal) (G1 Evacuation Pause) 335M->30M(512M) 4.482ms
[2026-03-02T09:13:05.805+0530][info][gc,cpu      ] GC(54) User=0.00s Sys=0.00s Real=0.00s
[2026-03-02T09:13:15.881+0530][info][gc,start    ] GC(55) Pause Young (Normal) (G1 Evacuation Pause)
[2026-03-02T09:13:15.881+0530][info][gc,task     ] GC(55) Using 12 workers of 13 for evacuation
[2026-03-02T09:13:15.883+0530][info][gc,phases   ] GC(55)   Pre Evacuate Collection Set: 0.1ms
[2026-03-02T09:13:15.883+0530][info][gc,phases   ] GC(55)   Merge Heap Roots: 0.1ms
[2026-03-02T09:13:15.883+0530][info][gc,phases   ] GC(55)   Evacuate Collection Set: 1.5ms
[2026-03-02T09:13:15.883+0530][info][gc,phases   ] GC(55)   Post Evacuate Collection Set: 0.7ms
[2026-03-02T09:13:15.883+0530][info][gc,phases   ] GC(55)   Other: 0.2ms
[2026-03-02T09:13:15.883+0530][info][gc,heap     ] GC(55) Eden regions: 305->0(305)
[2026-03-02T09:13:15.883+0530][info][gc,heap     ] GC(55) Survivor regions: 2->2(39)
[2026-03-02T09:13:15.883+0530][info][gc,heap     ] GC(55) Old regions: 29->29
[2026-03-02T09:13:15.883+0530][info][gc,heap     ] GC(55) Archive regions: 0->0
[2026-03-02T09:13:15.883+0530][info][gc,heap     ] GC(55) Humongous regions: 1->1
[2026-03-02T09:13:15.883+0530][info][gc,metaspace] GC(55) Metaspace: 74269K(74880K)->74269K(74880K) NonClass: 65011K(65344K)->65011K(65344K) Class: 9257K(9536K)->9257K(9536K)
[2026-03-02T09:13:15.884+0530][info][gc          ] GC(55) Pause Young (Normal) (G1 Evacuation Pause) 335M->30M(512M) 2.967ms
[2026-03-02T09:13:15.884+0530][info][gc,cpu      ] GC(55) User=0.00s Sys=0.00s Real=0.00s
[2026-03-02T09:13:27.539+0530][info][gc,start    ] GC(56) Pause Young (Normal) (G1 Evacuation Pause)
[2026-03-02T09:13:27.539+0530][info][gc,task     ] GC(56) Using 12 workers of 13 for evacuation
[2026-03-02T09:13:27.542+0530][info][gc,phases   ] GC(56)   Pre Evacuate Collection Set: 0.2ms
[2026-03-02T09:13:27.542+0530][info][gc,phases   ] GC(56)   Merge Heap Roots: 0.1ms
[2026-03-02T09:13:27.542+0530][info][gc,phases   ] GC(56)   Evacuate Collection Set: 2.3ms
[2026-03-02T09:13:27.542+0530][info][gc,phases   ] GC(56)   Post Evacuate Collection Set: 0.5ms
[2026-03-02T09:13:27.542+0530][info][gc,phases   ] GC(56)   Other: 0.2ms
[2026-03-02T09:13:27.542+0530][info][gc,heap     ] GC(56) Eden regions: 305->0(305)
[2026-03-02T09:13:27.542+0530][info][gc,heap     ] GC(56) Survivor regions: 2->2(39)
[2026-03-02T09:13:27.542+0530][info][gc,heap     ] GC(56) Old regions: 29->29
[2026-03-02T09:13:27.542+0530][info][gc,heap     ] GC(56) Archive regions: 0->0
[2026-03-02T09:13:27.542+0530][info][gc,heap     ] GC(56) Humongous regions: 1->1
[2026-03-02T09:13:27.542+0530][info][gc,metaspace] GC(56) Metaspace: 74270K(74880K)->74270K(74880K) NonClass: 65012K(65344K)->65012K(65344K) Class: 9257K(9536K)->9257K(9536K)
[2026-03-02T09:13:27.542+0530][info][gc          ] GC(56) Pause Young (Normal) (G1 Evacuation Pause) 335M->30M(512M) 3.685ms
[2026-03-02T09:13:27.543+0530][info][gc,cpu      ] GC(56) User=0.00s Sys=0.00s Real=0.00s
[2026-03-02T09:13:38.073+0530][info][gc,start    ] GC(57) Pause Young (Normal) (G1 Evacuation Pause)
[2026-03-02T09:13:38.073+0530][info][gc,task     ] GC(57) Using 12 workers of 13 for evacuation
[2026-03-02T09:13:38.077+0530][info][gc,phases   ] GC(57)   Pre Evacuate Collection Set: 0.2ms
[2026-03-02T09:13:38.077+0530][info][gc,phases   ] GC(57)   Merge Heap Roots: 0.2ms
[2026-03-02T09:13:38.077+0530][info][gc,phases   ] GC(57)   Evacuate Collection Set: 2.5ms
[2026-03-02T09:13:38.077+0530][info][gc,phases   ] GC(57)   Post Evacuate Collection Set: 0.7ms
[2026-03-02T09:13:38.077+0530][info][gc,phases   ] GC(57)   Other: 0.3ms
[2026-03-02T09:13:38.077+0530][info][gc,heap     ] GC(57) Eden regions: 305->0(305)
[2026-03-02T09:13:38.077+0530][info][gc,heap     ] GC(57) Survivor regions: 2->2(39)
[2026-03-02T09:13:38.077+0530][info][gc,heap     ] GC(57) Old regions: 29->29
[2026-03-02T09:13:38.077+0530][info][gc,heap     ] GC(57) Archive regions: 0->0
[2026-03-02T09:13:38.077+0530][info][gc,heap     ] GC(57) Humongous regions: 1->1
[2026-03-02T09:13:38.077+0530][info][gc,metaspace] GC(57) Metaspace: 74270K(74880K)->74270K(74880K) NonClass: 65012K(65344K)->65012K(65344K) Class: 9257K(9536K)->9257K(9536K)
[2026-03-02T09:13:38.078+0530][info][gc          ] GC(57) Pause Young (Normal) (G1 Evacuation Pause) 335M->30M(512M) 4.218ms
[2026-03-02T09:13:38.078+0530][info][gc,cpu      ] GC(57) User=0.00s Sys=0.00s Real=0.01s
[2026-03-02T09:13:49.336+0530][info][gc,start    ] GC(58) Pause Young (Normal) (G1 Evacuation Pause)
[2026-03-02T09:13:49.336+0530][info][gc,task     ] GC(58) Using 12 workers of 13 for evacuation
[2026-03-02T09:13:49.338+0530][info][gc,phases   ] GC(58)   Pre Evacuate Collection Set: 0.2ms
[2026-03-02T09:13:49.338+0530][info][gc,phases   ] GC(58)   Merge Heap Roots: 0.2ms
[2026-03-02T09:13:49.338+0530][info][gc,phases   ] GC(58)   Evacuate Collection Set: 1.7ms
[2026-03-02T09:13:49.338+0530][info][gc,phases   ] GC(58)   Post Evacuate Collection Set: 0.3ms
[2026-03-02T09:13:49.338+0530][info][gc,phases   ] GC(58)   Other: 0.2ms
[2026-03-02T09:13:49.338+0530][info][gc,heap     ] GC(58) Eden regions: 305->0(305)
[2026-03-02T09:13:49.338+0530][info][gc,heap     ] GC(58) Survivor regions: 2->2(39)
[2026-03-02T09:13:49.338+0530][info][gc,heap     ] GC(58) Old regions: 29->29
[2026-03-02T09:13:49.338+0530][info][gc,heap     ] GC(58) Archive regions: 0->0
[2026-03-02T09:13:49.338+0530][info][gc,heap     ] GC(58) Humongous regions: 1->1
[2026-03-02T09:13:49.338+0530][info][gc,metaspace] GC(58) Metaspace: 74270K(74880K)->74270K(74880K) NonClass: 65012K(65344K)->65012K(65344K) Class: 9257K(9536K)->9257K(9536K)
[2026-03-02T09:13:49.338+0530][info][gc          ] GC(58) Pause Young (Normal) (G1 Evacuation Pause) 335M->30M(512M) 2.831ms
[2026-03-02T09:13:49.338+0530][info][gc,cpu      ] GC(58) User=0.00s Sys=0.00s Real=0.00s
[2026-03-02T09:14:01.515+0530][info][gc,start    ] GC(59) Pause Young (Normal) (G1 Evacuation Pause)
[2026-03-02T09:14:01.515+0530][info][gc,task     ] GC(59) Using 12 workers of 13 for evacuation
[2026-03-02T09:14:01.519+0530][info][gc,phases   ] GC(59)   Pre Evacuate Collection Set: 0.1ms
[2026-03-02T09:14:01.519+0530][info][gc,phases   ] GC(59)   Merge Heap Roots: 0.1ms
[2026-03-02T09:14:01.519+0530][info][gc,phases   ] GC(59)   Evacuate Collection Set: 2.8ms
[2026-03-02T09:14:01.519+0530][info][gc,phases   ] GC(59)   Post Evacuate Collection Set: 0.6ms
[2026-03-02T09:14:01.519+0530][info][gc,phases   ] GC(59)   Other: 0.2ms
[2026-03-02T09:14:01.519+0530][info][gc,heap     ] GC(59) Eden regions: 305->0(305)
[2026-03-02T09:14:01.519+0530][info][gc,heap     ] GC(59) Survivor regions: 2->2(39)
[2026-03-02T09:14:01.519+0530][info][gc,heap     ] GC(59) Old regions: 29->29
[2026-03-02T09:14:01.519+0530][info][gc,heap     ] GC(59) Archive regions: 0->0
[2026-03-02T09:14:01.519+0530][info][gc,heap     ] GC(59) Humongous regions: 1->1
[2026-03-02T09:14:01.520+0530][info][gc,metaspace] GC(59) Metaspace: 74270K(74880K)->74270K(74880K) NonClass: 65012K(65344K)->65012K(65344K) Class: 9257K(9536K)->9257K(9536K)
[2026-03-02T09:14:01.520+0530][info][gc          ] GC(59) Pause Young (Normal) (G1 Evacuation Pause) 335M->30M(512M) 4.159ms
[2026-03-02T09:14:01.520+0530][info][gc,cpu      ] GC(59) User=0.05s Sys=0.00s Real=0.00s
[2026-03-02T09:14:12.101+0530][info][gc,start    ] GC(60) Pause Young (Normal) (G1 Evacuation Pause)
[2026-03-02T09:14:12.101+0530][info][gc,task     ] GC(60) Using 12 workers of 13 for evacuation
[2026-03-02T09:14:12.101+0530][info][gc,phases   ] GC(60)   Pre Evacuate Collection Set: 0.1ms
[2026-03-02T09:14:12.101+0530][info][gc,phases   ] GC(60)   Merge Heap Roots: 0.1ms
[2026-03-02T09:14:12.101+0530][info][gc,phases   ] GC(60)   Evacuate Collection Set: 2.4ms
[2026-03-02T09:14:12.101+0530][info][gc,phases   ] GC(60)   Post Evacuate Collection Set: 0.8ms
[2026-03-02T09:14:12.101+0530][info][gc,phases   ] GC(60)   Other: 0.2ms
[2026-03-02T09:14:12.101+0530][info][gc,heap     ] GC(60) Eden regions: 305->0(305)
[2026-03-02T09:14:12.101+0530][info][gc,heap     ] GC(60) Survivor regions: 2->2(39)
[2026-03-02T09:14:12.101+0530][info][gc,heap     ] GC(60) Old regions: 29->29
[2026-03-02T09:14:12.101+0530][info][gc,heap     ] GC(60) Archive regions: 0->0
[2026-03-02T09:14:12.101+0530][info][gc,heap     ] GC(60) Humongous regions: 1->1
[2026-03-02T09:14:12.101+0530][info][gc,metaspace] GC(60) Metaspace: 74270K(74880K)->74270K(74880K) NonClass: 65012K(65344K)->65012K(65344K) Class: 9257K(9536K)->9257K(9536K)
[2026-03-02T09:14:12.101+0530][info][gc          ] GC(60) Pause Young (Normal) (G1 Evacuation Pause) 335M->30M(512M) 3.974ms
[2026-03-02T09:14:12.101+0530][info][gc,cpu      ] GC(60) User=0.00s Sys=0.00s Real=0.00s
[2026-03-02T09:14:24.045+0530][info][gc,start    ] GC(61) Pause Young (Normal) (G1 Evacuation Pause)
[2026-03-02T09:14:24.045+0530][info][gc,task     ] GC(61) Using 12 workers of 13 for evacuation
[2026-03-02T09:14:24.045+0530][info][gc,phases   ] GC(61)   Pre Evacuate Collection Set: 0.2ms
[2026-03-02T09:14:24.045+0530][info][gc,phases   ] GC(61)   Merge Heap Roots: 0.1ms
[2026-03-02T09:14:24.045+0530][info][gc,phases   ] GC(61)   Evacuate Collection Set: 2.2ms
[2026-03-02T09:14:24.045+0530][info][gc,phases   ] GC(61)   Post Evacuate Collection Set: 0.8ms
[2026-03-02T09:14:24.045+0530][info][gc,phases   ] GC(61)   Other: 0.3ms
[2026-03-02T09:14:24.045+0530][info][gc,heap     ] GC(61) Eden regions: 305->0(305)
[2026-03-02T09:14:24.045+0530][info][gc,heap     ] GC(61) Survivor regions: 2->2(39)
[2026-03-02T09:14:24.045+0530][info][gc,heap     ] GC(61) Old regions: 29->29
[2026-03-02T09:14:24.045+0530][info][gc,heap     ] GC(61) Archive regions: 0->0
[2026-03-02T09:14:24.045+0530][info][gc,heap     ] GC(61) Humongous regions: 1->1
[2026-03-02T09:14:24.045+0530][info][gc,metaspace] GC(61) Metaspace: 74270K(74880K)->74270K(74880K) NonClass: 65012K(65344K)->65012K(65344K) Class: 9257K(9536K)->9257K(9536K)
[2026-03-02T09:14:24.045+0530][info][gc          ] GC(61) Pause Young (Normal) (G1 Evacuation Pause) 335M->30M(512M) 3.872ms
[2026-03-02T09:14:24.045+0530][info][gc,cpu      ] GC(61) User=0.06s Sys=0.00s Real=0.00s
[2026-03-02T09:14:35.419+0530][info][gc,start    ] GC(62) Pause Young (Normal) (G1 Evacuation Pause)
[2026-03-02T09:14:35.419+0530][info][gc,task     ] GC(62) Using 12 workers of 13 for evacuation
[2026-03-02T09:14:35.419+0530][info][gc,phases   ] GC(62)   Pre Evacuate Collection Set: 0.2ms
[2026-03-02T09:14:35.419+0530][info][gc,phases   ] GC(62)   Merge Heap Roots: 0.2ms
[2026-03-02T09:14:35.419+0530][info][gc,phases   ] GC(62)   Evacuate Collection Set: 2.0ms
[2026-03-02T09:14:35.419+0530][info][gc,phases   ] GC(62)   Post Evacuate Collection Set: 0.6ms
[2026-03-02T09:14:35.419+0530][info][gc,phases   ] GC(62)   Other: 0.3ms
[2026-03-02T09:14:35.419+0530][info][gc,heap     ] GC(62) Eden regions: 305->0(305)
[2026-03-02T09:14:35.419+0530][info][gc,heap     ] GC(62) Survivor regions: 2->2(39)
[2026-03-02T09:14:35.419+0530][info][gc,heap     ] GC(62) Old regions: 29->29
[2026-03-02T09:14:35.419+0530][info][gc,heap     ] GC(62) Archive regions: 0->0
[2026-03-02T09:14:35.419+0530][info][gc,heap     ] GC(62) Humongous regions: 1->1
[2026-03-02T09:14:35.419+0530][info][gc,metaspace] GC(62) Metaspace: 74271K(74880K)->74271K(74880K) NonClass: 65012K(65344K)->65012K(65344K) Class: 9258K(9536K)->9258K(9536K)
[2026-03-02T09:14:35.423+0530][info][gc          ] GC(62) Pause Young (Normal) (G1 Evacuation Pause) 335M->30M(512M) 3.605ms
[2026-03-02T09:14:35.423+0530][info][gc,cpu      ] GC(62) User=0.02s Sys=0.02s Real=0.00s
[2026-03-02T09:14:46.540+0530][info][gc,start    ] GC(63) Pause Young (Normal) (G1 Evacuation Pause)
[2026-03-02T09:14:46.540+0530][info][gc,task     ] GC(63) Using 12 workers of 13 for evacuation
[2026-03-02T09:14:46.540+0530][info][gc,phases   ] GC(63)   Pre Evacuate Collection Set: 0.2ms
[2026-03-02T09:14:46.540+0530][info][gc,phases   ] GC(63)   Merge Heap Roots: 0.2ms
[2026-03-02T09:14:46.540+0530][info][gc,phases   ] GC(63)   Evacuate Collection Set: 2.2ms
[2026-03-02T09:14:46.540+0530][info][gc,phases   ] GC(63)   Post Evacuate Collection Set: 0.8ms
[2026-03-02T09:14:46.550+0530][info][gc,phases   ] GC(63)   Other: 0.3ms
[2026-03-02T09:14:46.550+0530][info][gc,heap     ] GC(63) Eden regions: 305->0(306)
[2026-03-02T09:14:46.550+0530][info][gc,heap     ] GC(63) Survivor regions: 2->1(39)
[2026-03-02T09:14:46.550+0530][info][gc,heap     ] GC(63) Old regions: 29->29
[2026-03-02T09:14:46.550+0530][info][gc,heap     ] GC(63) Archive regions: 0->0
[2026-03-02T09:14:46.550+0530][info][gc,heap     ] GC(63) Humongous regions: 1->1
[2026-03-02T09:14:46.550+0530][info][gc,metaspace] GC(63) Metaspace: 74271K(74880K)->74271K(74880K) NonClass: 65012K(65344K)->65012K(65344K) Class: 9258K(9536K)->9258K(9536K)
[2026-03-02T09:14:46.550+0530][info][gc          ] GC(63) Pause Young (Normal) (G1 Evacuation Pause) 335M->30M(512M) 4.157ms
[2026-03-02T09:14:46.550+0530][info][gc,cpu      ] GC(63) User=0.06s Sys=0.00s Real=0.01s
[2026-03-02T09:14:58.583+0530][info][gc,start    ] GC(64) Pause Young (Normal) (G1 Evacuation Pause)
[2026-03-02T09:14:58.583+0530][info][gc,task     ] GC(64) Using 12 workers of 13 for evacuation
[2026-03-02T09:14:58.583+0530][info][gc,phases   ] GC(64)   Pre Evacuate Collection Set: 0.1ms
[2026-03-02T09:14:58.583+0530][info][gc,phases   ] GC(64)   Merge Heap Roots: 0.1ms
[2026-03-02T09:14:58.583+0530][info][gc,phases   ] GC(64)   Evacuate Collection Set: 1.9ms
[2026-03-02T09:14:58.583+0530][info][gc,phases   ] GC(64)   Post Evacuate Collection Set: 0.8ms
[2026-03-02T09:14:58.583+0530][info][gc,phases   ] GC(64)   Other: 0.2ms
[2026-03-02T09:14:58.583+0530][info][gc,heap     ] GC(64) Eden regions: 306->0(305)
[2026-03-02T09:14:58.583+0530][info][gc,heap     ] GC(64) Survivor regions: 1->2(39)
[2026-03-02T09:14:58.583+0530][info][gc,heap     ] GC(64) Old regions: 29->29
[2026-03-02T09:14:58.583+0530][info][gc,heap     ] GC(64) Archive regions: 0->0
[2026-03-02T09:14:58.583+0530][info][gc,heap     ] GC(64) Humongous regions: 1->1
[2026-03-02T09:14:58.583+0530][info][gc,metaspace] GC(64) Metaspace: 74271K(74880K)->74271K(74880K) NonClass: 65012K(65344K)->65012K(65344K) Class: 9258K(9536K)->9258K(9536K)
[2026-03-02T09:14:58.583+0530][info][gc          ] GC(64) Pause Young (Normal) (G1 Evacuation Pause) 336M->30M(512M) 3.435ms
[2026-03-02T09:14:58.583+0530][info][gc,cpu      ] GC(64) User=0.00s Sys=0.00s Real=0.00s
[2026-03-02T09:15:09.591+0530][info][gc,start    ] GC(65) Pause Young (Normal) (G1 Evacuation Pause)
[2026-03-02T09:15:09.591+0530][info][gc,task     ] GC(65) Using 12 workers of 13 for evacuation
[2026-03-02T09:15:09.592+0530][info][gc,phases   ] GC(65)   Pre Evacuate Collection Set: 0.1ms
[2026-03-02T09:15:09.592+0530][info][gc,phases   ] GC(65)   Merge Heap Roots: 0.1ms
[2026-03-02T09:15:09.592+0530][info][gc,phases   ] GC(65)   Evacuate Collection Set: 1.5ms
[2026-03-02T09:15:09.592+0530][info][gc,phases   ] GC(65)   Post Evacuate Collection Set: 0.4ms
[2026-03-02T09:15:09.592+0530][info][gc,phases   ] GC(65)   Other: 0.2ms
[2026-03-02T09:15:09.592+0530][info][gc,heap     ] GC(65) Eden regions: 305->0(305)
[2026-03-02T09:15:09.592+0530][info][gc,heap     ] GC(65) Survivor regions: 2->2(39)
[2026-03-02T09:15:09.592+0530][info][gc,heap     ] GC(65) Old regions: 29->29
[2026-03-02T09:15:09.592+0530][info][gc,heap     ] GC(65) Archive regions: 0->0
[2026-03-02T09:15:09.592+0530][info][gc,heap     ] GC(65) Humongous regions: 1->1
[2026-03-02T09:15:09.592+0530][info][gc,metaspace] GC(65) Metaspace: 74271K(74880K)->74271K(74880K) NonClass: 65012K(65344K)->65012K(65344K) Class: 9258K(9536K)->9258K(9536K)
[2026-03-02T09:15:09.592+0530][info][gc          ] GC(65) Pause Young (Normal) (G1 Evacuation Pause) 335M->30M(512M) 2.530ms
[2026-03-02T09:15:09.592+0530][info][gc,cpu      ] GC(65) User=0.00s Sys=0.00s Real=0.00s
[2026-03-02T09:15:19.662+0530][info][gc,start    ] GC(66) Pause Young (Normal) (G1 Evacuation Pause)
[2026-03-02T09:15:19.662+0530][info][gc,task     ] GC(66) Using 12 workers of 13 for evacuation
[2026-03-02T09:15:19.666+0530][info][gc,phases   ] GC(66)   Pre Evacuate Collection Set: 0.2ms
[2026-03-02T09:15:19.666+0530][info][gc,phases   ] GC(66)   Merge Heap Roots: 0.1ms
[2026-03-02T09:15:19.666+0530][info][gc,phases   ] GC(66)   Evacuate Collection Set: 2.6ms
[2026-03-02T09:15:19.666+0530][info][gc,phases   ] GC(66)   Post Evacuate Collection Set: 0.8ms
[2026-03-02T09:15:19.666+0530][info][gc,phases   ] GC(66)   Other: 0.3ms
[2026-03-02T09:15:19.666+0530][info][gc,heap     ] GC(66) Eden regions: 305->0(305)
[2026-03-02T09:15:19.666+0530][info][gc,heap     ] GC(66) Survivor regions: 2->2(39)
[2026-03-02T09:15:19.666+0530][info][gc,heap     ] GC(66) Old regions: 29->29
[2026-03-02T09:15:19.666+0530][info][gc,heap     ] GC(66) Archive regions: 0->0
[2026-03-02T09:15:19.666+0530][info][gc,heap     ] GC(66) Humongous regions: 1->1
[2026-03-02T09:15:19.666+0530][info][gc,metaspace] GC(66) Metaspace: 74272K(74880K)->74272K(74880K) NonClass: 65013K(65344K)->65013K(65344K) Class: 9258K(9536K)->9258K(9536K)
[2026-03-02T09:15:19.666+0530][info][gc          ] GC(66) Pause Young (Normal) (G1 Evacuation Pause) 335M->30M(512M) 4.430ms
[2026-03-02T09:15:19.666+0530][info][gc,cpu      ] GC(66) User=0.00s Sys=0.00s Real=0.00s
[2026-03-02T09:15:33.092+0530][info][gc,start    ] GC(67) Pause Young (Normal) (G1 Evacuation Pause)
[2026-03-02T09:15:33.092+0530][info][gc,task     ] GC(67) Using 12 workers of 13 for evacuation
[2026-03-02T09:15:33.096+0530][info][gc,phases   ] GC(67)   Pre Evacuate Collection Set: 0.2ms
[2026-03-02T09:15:33.096+0530][info][gc,phases   ] GC(67)   Merge Heap Roots: 0.2ms
[2026-03-02T09:15:33.096+0530][info][gc,phases   ] GC(67)   Evacuate Collection Set: 1.8ms
[2026-03-02T09:15:33.096+0530][info][gc,phases   ] GC(67)   Post Evacuate Collection Set: 0.7ms
[2026-03-02T09:15:33.096+0530][info][gc,phases   ] GC(67)   Other: 0.3ms
[2026-03-02T09:15:33.096+0530][info][gc,heap     ] GC(67) Eden regions: 305->0(306)
[2026-03-02T09:15:33.096+0530][info][gc,heap     ] GC(67) Survivor regions: 2->1(39)
[2026-03-02T09:15:33.096+0530][info][gc,heap     ] GC(67) Old regions: 29->29
[2026-03-02T09:15:33.096+0530][info][gc,heap     ] GC(67) Archive regions: 0->0
[2026-03-02T09:15:33.096+0530][info][gc,heap     ] GC(67) Humongous regions: 1->1
[2026-03-02T09:15:33.096+0530][info][gc,metaspace] GC(67) Metaspace: 74272K(74880K)->74272K(74880K) NonClass: 65014K(65344K)->65014K(65344K) Class: 9258K(9536K)->9258K(9536K)
[2026-03-02T09:15:33.096+0530][info][gc          ] GC(67) Pause Young (Normal) (G1 Evacuation Pause) 335M->29M(512M) 3.529ms
[2026-03-02T09:15:33.096+0530][info][gc,cpu      ] GC(67) User=0.06s Sys=0.00s Real=0.00s
[2026-03-02T09:15:45.851+0530][info][gc,start    ] GC(68) Pause Young (Normal) (G1 Evacuation Pause)
[2026-03-02T09:15:45.851+0530][info][gc,task     ] GC(68) Using 12 workers of 13 for evacuation
[2026-03-02T09:15:45.854+0530][info][gc,phases   ] GC(68)   Pre Evacuate Collection Set: 0.2ms
[2026-03-02T09:15:45.854+0530][info][gc,phases   ] GC(68)   Merge Heap Roots: 0.2ms
[2026-03-02T09:15:45.854+0530][info][gc,phases   ] GC(68)   Evacuate Collection Set: 1.3ms
[2026-03-02T09:15:45.854+0530][info][gc,phases   ] GC(68)   Post Evacuate Collection Set: 0.7ms
[2026-03-02T09:15:45.854+0530][info][gc,phases   ] GC(68)   Other: 0.2ms
[2026-03-02T09:15:45.854+0530][info][gc,heap     ] GC(68) Eden regions: 306->0(306)
[2026-03-02T09:15:45.854+0530][info][gc,heap     ] GC(68) Survivor regions: 1->1(39)
[2026-03-02T09:15:45.854+0530][info][gc,heap     ] GC(68) Old regions: 29->29
[2026-03-02T09:15:45.854+0530][info][gc,heap     ] GC(68) Archive regions: 0->0
[2026-03-02T09:15:45.854+0530][info][gc,heap     ] GC(68) Humongous regions: 1->1
[2026-03-02T09:15:45.854+0530][info][gc,metaspace] GC(68) Metaspace: 74273K(74880K)->74273K(74880K) NonClass: 65014K(65344K)->65014K(65344K) Class: 9258K(9536K)->9258K(9536K)
[2026-03-02T09:15:45.854+0530][info][gc          ] GC(68) Pause Young (Normal) (G1 Evacuation Pause) 335M->29M(512M) 2.868ms
[2026-03-02T09:15:45.854+0530][info][gc,cpu      ] GC(68) User=0.00s Sys=0.00s Real=0.00s
[2026-03-02T09:15:59.547+0530][info][gc,start    ] GC(69) Pause Young (Normal) (G1 Evacuation Pause)
[2026-03-02T09:15:59.547+0530][info][gc,task     ] GC(69) Using 12 workers of 13 for evacuation
[2026-03-02T09:15:59.548+0530][info][gc,phases   ] GC(69)   Pre Evacuate Collection Set: 0.2ms
[2026-03-02T09:15:59.549+0530][info][gc,phases   ] GC(69)   Merge Heap Roots: 0.2ms
[2026-03-02T09:15:59.549+0530][info][gc,phases   ] GC(69)   Evacuate Collection Set: 0.8ms
[2026-03-02T09:15:59.549+0530][info][gc,phases   ] GC(69)   Post Evacuate Collection Set: 0.8ms
[2026-03-02T09:15:59.549+0530][info][gc,phases   ] GC(69)   Other: 0.3ms
[2026-03-02T09:15:59.549+0530][info][gc,heap     ] GC(69) Eden regions: 306->0(306)
[2026-03-02T09:15:59.549+0530][info][gc,heap     ] GC(69) Survivor regions: 1->1(39)
[2026-03-02T09:15:59.549+0530][info][gc,heap     ] GC(69) Old regions: 29->29
[2026-03-02T09:15:59.549+0530][info][gc,heap     ] GC(69) Archive regions: 0->0
[2026-03-02T09:15:59.549+0530][info][gc,heap     ] GC(69) Humongous regions: 1->1
[2026-03-02T09:15:59.549+0530][info][gc,metaspace] GC(69) Metaspace: 74273K(74880K)->74273K(74880K) NonClass: 65014K(65344K)->65014K(65344K) Class: 9258K(9536K)->9258K(9536K)
[2026-03-02T09:15:59.549+0530][info][gc          ] GC(69) Pause Young (Normal) (G1 Evacuation Pause) 335M->29M(512M) 2.581ms
[2026-03-02T09:15:59.549+0530][info][gc,cpu      ] GC(69) User=0.06s Sys=0.00s Real=0.00s
[2026-03-02T09:16:11.136+0530][info][gc,start    ] GC(70) Pause Young (Normal) (G1 Evacuation Pause)
[2026-03-02T09:16:11.136+0530][info][gc,task     ] GC(70) Using 12 workers of 13 for evacuation
[2026-03-02T09:16:11.138+0530][info][gc,phases   ] GC(70)   Pre Evacuate Collection Set: 0.1ms
[2026-03-02T09:16:11.138+0530][info][gc,phases   ] GC(70)   Merge Heap Roots: 0.1ms
[2026-03-02T09:16:11.138+0530][info][gc,phases   ] GC(70)   Evacuate Collection Set: 1.4ms
[2026-03-02T09:16:11.138+0530][info][gc,phases   ] GC(70)   Post Evacuate Collection Set: 0.4ms
[2026-03-02T09:16:11.138+0530][info][gc,phases   ] GC(70)   Other: 0.2ms
[2026-03-02T09:16:11.138+0530][info][gc,heap     ] GC(70) Eden regions: 306->0(305)
[2026-03-02T09:16:11.138+0530][info][gc,heap     ] GC(70) Survivor regions: 1->2(39)
[2026-03-02T09:16:11.138+0530][info][gc,heap     ] GC(70) Old regions: 29->29
[2026-03-02T09:16:11.138+0530][info][gc,heap     ] GC(70) Archive regions: 0->0
[2026-03-02T09:16:11.138+0530][info][gc,heap     ] GC(70) Humongous regions: 1->1
[2026-03-02T09:16:11.138+0530][info][gc,metaspace] GC(70) Metaspace: 74276K(74880K)->74276K(74880K) NonClass: 65017K(65344K)->65017K(65344K) Class: 9258K(9536K)->9258K(9536K)
[2026-03-02T09:16:11.138+0530][info][gc          ] GC(70) Pause Young (Normal) (G1 Evacuation Pause) 335M->30M(512M) 2.415ms
[2026-03-02T09:16:11.138+0530][info][gc,cpu      ] GC(70) User=0.00s Sys=0.00s Real=0.00s
[2026-03-02T09:16:23.272+0530][info][gc,start    ] GC(71) Pause Young (Normal) (G1 Evacuation Pause)
[2026-03-02T09:16:23.272+0530][info][gc,task     ] GC(71) Using 12 workers of 13 for evacuation
[2026-03-02T09:16:23.272+0530][info][gc,phases   ] GC(71)   Pre Evacuate Collection Set: 0.2ms
[2026-03-02T09:16:23.272+0530][info][gc,phases   ] GC(71)   Merge Heap Roots: 0.2ms
[2026-03-02T09:16:23.272+0530][info][gc,phases   ] GC(71)   Evacuate Collection Set: 2.7ms
[2026-03-02T09:16:23.272+0530][info][gc,phases   ] GC(71)   Post Evacuate Collection Set: 0.8ms
[2026-03-02T09:16:23.272+0530][info][gc,phases   ] GC(71)   Other: 0.3ms
[2026-03-02T09:16:23.272+0530][info][gc,heap     ] GC(71) Eden regions: 305->0(305)
[2026-03-02T09:16:23.272+0530][info][gc,heap     ] GC(71) Survivor regions: 2->2(39)
[2026-03-02T09:16:23.272+0530][info][gc,heap     ] GC(71) Old regions: 29->29
[2026-03-02T09:16:23.272+0530][info][gc,heap     ] GC(71) Archive regions: 0->0
[2026-03-02T09:16:23.272+0530][info][gc,heap     ] GC(71) Humongous regions: 1->1
[2026-03-02T09:16:23.272+0530][info][gc,metaspace] GC(71) Metaspace: 74277K(74880K)->74277K(74880K) NonClass: 65018K(65344K)->65018K(65344K) Class: 9258K(9536K)->9258K(9536K)
[2026-03-02T09:16:23.272+0530][info][gc          ] GC(71) Pause Young (Normal) (G1 Evacuation Pause) 335M->30M(512M) 4.484ms
[2026-03-02T09:16:23.272+0530][info][gc,cpu      ] GC(71) User=0.00s Sys=0.00s Real=0.00s
[2026-03-02T09:16:37.136+0530][info][gc,start    ] GC(72) Pause Young (Normal) (G1 Evacuation Pause)
[2026-03-02T09:16:37.136+0530][info][gc,task     ] GC(72) Using 12 workers of 13 for evacuation
[2026-03-02T09:16:37.152+0530][info][gc,phases   ] GC(72)   Pre Evacuate Collection Set: 0.2ms
[2026-03-02T09:16:37.152+0530][info][gc,phases   ] GC(72)   Merge Heap Roots: 0.1ms
[2026-03-02T09:16:37.152+0530][info][gc,phases   ] GC(72)   Evacuate Collection Set: 2.3ms
[2026-03-02T09:16:37.152+0530][info][gc,phases   ] GC(72)   Post Evacuate Collection Set: 0.8ms
[2026-03-02T09:16:37.152+0530][info][gc,phases   ] GC(72)   Other: 0.3ms
[2026-03-02T09:16:37.152+0530][info][gc,heap     ] GC(72) Eden regions: 305->0(305)
[2026-03-02T09:16:37.152+0530][info][gc,heap     ] GC(72) Survivor regions: 2->2(39)
[2026-03-02T09:16:37.152+0530][info][gc,heap     ] GC(72) Old regions: 29->29
[2026-03-02T09:16:37.152+0530][info][gc,heap     ] GC(72) Archive regions: 0->0
[2026-03-02T09:16:37.152+0530][info][gc,heap     ] GC(72) Humongous regions: 1->1
[2026-03-02T09:16:37.152+0530][info][gc,metaspace] GC(72) Metaspace: 74278K(74880K)->74278K(74880K) NonClass: 65019K(65344K)->65019K(65344K) Class: 9258K(9536K)->9258K(9536K)
[2026-03-02T09:16:37.152+0530][info][gc          ] GC(72) Pause Young (Normal) (G1 Evacuation Pause) 335M->30M(512M) 4.267ms
[2026-03-02T09:16:37.152+0530][info][gc,cpu      ] GC(72) User=0.00s Sys=0.00s Real=0.02s
[2026-03-02T09:16:49.395+0530][info][gc,start    ] GC(73) Pause Young (Normal) (G1 Evacuation Pause)
[2026-03-02T09:16:49.395+0530][info][gc,task     ] GC(73) Using 12 workers of 13 for evacuation
[2026-03-02T09:16:49.397+0530][info][gc,phases   ] GC(73)   Pre Evacuate Collection Set: 0.1ms
[2026-03-02T09:16:49.397+0530][info][gc,phases   ] GC(73)   Merge Heap Roots: 0.2ms
[2026-03-02T09:16:49.397+0530][info][gc,phases   ] GC(73)   Evacuate Collection Set: 3.2ms
[2026-03-02T09:16:49.397+0530][info][gc,phases   ] GC(73)   Post Evacuate Collection Set: 0.8ms
[2026-03-02T09:16:49.397+0530][info][gc,phases   ] GC(73)   Other: 0.4ms
[2026-03-02T09:16:49.397+0530][info][gc,heap     ] GC(73) Eden regions: 305->0(305)
[2026-03-02T09:16:49.397+0530][info][gc,heap     ] GC(73) Survivor regions: 2->2(39)
[2026-03-02T09:16:49.397+0530][info][gc,heap     ] GC(73) Old regions: 29->29
[2026-03-02T09:16:49.397+0530][info][gc,heap     ] GC(73) Archive regions: 0->0
[2026-03-02T09:16:49.397+0530][info][gc,heap     ] GC(73) Humongous regions: 1->1
[2026-03-02T09:16:49.397+0530][info][gc,metaspace] GC(73) Metaspace: 74278K(74880K)->74278K(74880K) NonClass: 65020K(65344K)->65020K(65344K) Class: 9258K(9536K)->9258K(9536K)
[2026-03-02T09:16:49.397+0530][info][gc          ] GC(73) Pause Young (Normal) (G1 Evacuation Pause) 335M->30M(512M) 5.134ms
[2026-03-02T09:16:49.397+0530][info][gc,cpu      ] GC(73) User=0.00s Sys=0.00s Real=0.00s
[2026-03-02T09:17:03.334+0530][info][gc,start    ] GC(74) Pause Young (Normal) (G1 Evacuation Pause)
[2026-03-02T09:17:03.334+0530][info][gc,task     ] GC(74) Using 12 workers of 13 for evacuation
[2026-03-02T09:17:03.339+0530][info][gc,phases   ] GC(74)   Pre Evacuate Collection Set: 0.2ms
[2026-03-02T09:17:03.339+0530][info][gc,phases   ] GC(74)   Merge Heap Roots: 0.2ms
[2026-03-02T09:17:03.339+0530][info][gc,phases   ] GC(74)   Evacuate Collection Set: 2.7ms
[2026-03-02T09:17:03.339+0530][info][gc,phases   ] GC(74)   Post Evacuate Collection Set: 0.7ms
[2026-03-02T09:17:03.339+0530][info][gc,phases   ] GC(74)   Other: 0.3ms
[2026-03-02T09:17:03.339+0530][info][gc,heap     ] GC(74) Eden regions: 305->0(305)
[2026-03-02T09:17:03.339+0530][info][gc,heap     ] GC(74) Survivor regions: 2->2(39)
[2026-03-02T09:17:03.339+0530][info][gc,heap     ] GC(74) Old regions: 29->29
[2026-03-02T09:17:03.339+0530][info][gc,heap     ] GC(74) Archive regions: 0->0
[2026-03-02T09:17:03.339+0530][info][gc,heap     ] GC(74) Humongous regions: 1->1
[2026-03-02T09:17:03.339+0530][info][gc,metaspace] GC(74) Metaspace: 74288K(74880K)->74288K(74880K) NonClass: 65029K(65344K)->65029K(65344K) Class: 9258K(9536K)->9258K(9536K)
[2026-03-02T09:17:03.339+0530][info][gc          ] GC(74) Pause Young (Normal) (G1 Evacuation Pause) 335M->30M(512M) 4.525ms
[2026-03-02T09:17:03.339+0530][info][gc,cpu      ] GC(74) User=0.00s Sys=0.00s Real=0.00s
[2026-03-02T09:17:16.195+0530][info][gc,start    ] GC(75) Pause Young (Normal) (G1 Evacuation Pause)
[2026-03-02T09:17:16.195+0530][info][gc,task     ] GC(75) Using 12 workers of 13 for evacuation
[2026-03-02T09:17:16.195+0530][info][gc,phases   ] GC(75)   Pre Evacuate Collection Set: 0.2ms
[2026-03-02T09:17:16.195+0530][info][gc,phases   ] GC(75)   Merge Heap Roots: 0.1ms
[2026-03-02T09:17:16.195+0530][info][gc,phases   ] GC(75)   Evacuate Collection Set: 2.4ms
[2026-03-02T09:17:16.195+0530][info][gc,phases   ] GC(75)   Post Evacuate Collection Set: 0.7ms
[2026-03-02T09:17:16.195+0530][info][gc,phases   ] GC(75)   Other: 0.3ms
[2026-03-02T09:17:16.195+0530][info][gc,heap     ] GC(75) Eden regions: 305->0(305)
[2026-03-02T09:17:16.195+0530][info][gc,heap     ] GC(75) Survivor regions: 2->2(39)
[2026-03-02T09:17:16.195+0530][info][gc,heap     ] GC(75) Old regions: 29->29
[2026-03-02T09:17:16.195+0530][info][gc,heap     ] GC(75) Archive regions: 0->0
[2026-03-02T09:17:16.195+0530][info][gc,heap     ] GC(75) Humongous regions: 1->1
[2026-03-02T09:17:16.195+0530][info][gc,metaspace] GC(75) Metaspace: 74291K(74880K)->74291K(74880K) NonClass: 65032K(65344K)->65032K(65344K) Class: 9259K(9536K)->9259K(9536K)
[2026-03-02T09:17:16.195+0530][info][gc          ] GC(75) Pause Young (Normal) (G1 Evacuation Pause) 335M->30M(512M) 4.185ms
[2026-03-02T09:17:16.195+0530][info][gc,cpu      ] GC(75) User=0.05s Sys=0.00s Real=0.00s
[2026-03-02T09:17:28.143+0530][info][gc,start    ] GC(76) Pause Young (Normal) (G1 Evacuation Pause)
[2026-03-02T09:17:28.143+0530][info][gc,task     ] GC(76) Using 12 workers of 13 for evacuation
[2026-03-02T09:17:28.143+0530][info][gc,phases   ] GC(76)   Pre Evacuate Collection Set: 0.2ms
[2026-03-02T09:17:28.143+0530][info][gc,phases   ] GC(76)   Merge Heap Roots: 0.1ms
[2026-03-02T09:17:28.143+0530][info][gc,phases   ] GC(76)   Evacuate Collection Set: 2.2ms
[2026-03-02T09:17:28.143+0530][info][gc,phases   ] GC(76)   Post Evacuate Collection Set: 0.7ms
[2026-03-02T09:17:28.143+0530][info][gc,phases   ] GC(76)   Other: 0.3ms
[2026-03-02T09:17:28.155+0530][info][gc,heap     ] GC(76) Eden regions: 305->0(305)
[2026-03-02T09:17:28.155+0530][info][gc,heap     ] GC(76) Survivor regions: 2->2(39)
[2026-03-02T09:17:28.155+0530][info][gc,heap     ] GC(76) Old regions: 29->29
[2026-03-02T09:17:28.155+0530][info][gc,heap     ] GC(76) Archive regions: 0->0
[2026-03-02T09:17:28.155+0530][info][gc,heap     ] GC(76) Humongous regions: 1->1
[2026-03-02T09:17:28.155+0530][info][gc,metaspace] GC(76) Metaspace: 74292K(74880K)->74292K(74880K) NonClass: 65033K(65344K)->65033K(65344K) Class: 9259K(9536K)->9259K(9536K)
[2026-03-02T09:17:28.155+0530][info][gc          ] GC(76) Pause Young (Normal) (G1 Evacuation Pause) 335M->30M(512M) 3.959ms
[2026-03-02T09:17:28.155+0530][info][gc,cpu      ] GC(76) User=0.00s Sys=0.00s Real=0.01s
[2026-03-02T09:17:39.365+0530][info][gc,start    ] GC(77) Pause Young (Normal) (G1 Evacuation Pause)
[2026-03-02T09:17:39.365+0530][info][gc,task     ] GC(77) Using 12 workers of 13 for evacuation
[2026-03-02T09:17:39.381+0530][info][gc,phases   ] GC(77)   Pre Evacuate Collection Set: 0.2ms
[2026-03-02T09:17:39.381+0530][info][gc,phases   ] GC(77)   Merge Heap Roots: 0.2ms
[2026-03-02T09:17:39.381+0530][info][gc,phases   ] GC(77)   Evacuate Collection Set: 2.4ms
[2026-03-02T09:17:39.381+0530][info][gc,phases   ] GC(77)   Post Evacuate Collection Set: 0.8ms
[2026-03-02T09:17:39.381+0530][info][gc,phases   ] GC(77)   Other: 0.3ms
[2026-03-02T09:17:39.381+0530][info][gc,heap     ] GC(77) Eden regions: 305->0(305)
[2026-03-02T09:17:39.381+0530][info][gc,heap     ] GC(77) Survivor regions: 2->2(39)
[2026-03-02T09:17:39.381+0530][info][gc,heap     ] GC(77) Old regions: 29->29
[2026-03-02T09:17:39.381+0530][info][gc,heap     ] GC(77) Archive regions: 0->0
[2026-03-02T09:17:39.381+0530][info][gc,heap     ] GC(77) Humongous regions: 1->1
[2026-03-02T09:17:39.381+0530][info][gc,metaspace] GC(77) Metaspace: 74292K(74880K)->74292K(74880K) NonClass: 65033K(65344K)->65033K(65344K) Class: 9259K(9536K)->9259K(9536K)
[2026-03-02T09:17:39.381+0530][info][gc          ] GC(77) Pause Young (Normal) (G1 Evacuation Pause) 335M->30M(512M) 4.329ms
[2026-03-02T09:17:39.381+0530][info][gc,cpu      ] GC(77) User=0.00s Sys=0.00s Real=0.02s
[2026-03-02T09:17:50.822+0530][info][gc,start    ] GC(78) Pause Young (Normal) (G1 Evacuation Pause)
[2026-03-02T09:17:50.822+0530][info][gc,task     ] GC(78) Using 12 workers of 13 for evacuation
[2026-03-02T09:17:50.825+0530][info][gc,phases   ] GC(78)   Pre Evacuate Collection Set: 0.1ms
[2026-03-02T09:17:50.825+0530][info][gc,phases   ] GC(78)   Merge Heap Roots: 0.1ms
[2026-03-02T09:17:50.825+0530][info][gc,phases   ] GC(78)   Evacuate Collection Set: 2.1ms
[2026-03-02T09:17:50.825+0530][info][gc,phases   ] GC(78)   Post Evacuate Collection Set: 0.8ms
[2026-03-02T09:17:50.825+0530][info][gc,phases   ] GC(78)   Other: 0.2ms
[2026-03-02T09:17:50.825+0530][info][gc,heap     ] GC(78) Eden regions: 305->0(305)
[2026-03-02T09:17:50.825+0530][info][gc,heap     ] GC(78) Survivor regions: 2->2(39)
[2026-03-02T09:17:50.825+0530][info][gc,heap     ] GC(78) Old regions: 29->29
[2026-03-02T09:17:50.825+0530][info][gc,heap     ] GC(78) Archive regions: 0->0
[2026-03-02T09:17:50.825+0530][info][gc,heap     ] GC(78) Humongous regions: 1->1
[2026-03-02T09:17:50.825+0530][info][gc,metaspace] GC(78) Metaspace: 74292K(74880K)->74292K(74880K) NonClass: 65033K(65344K)->65033K(65344K) Class: 9259K(9536K)->9259K(9536K)
[2026-03-02T09:17:50.825+0530][info][gc          ] GC(78) Pause Young (Normal) (G1 Evacuation Pause) 335M->30M(512M) 3.676ms
[2026-03-02T09:17:50.825+0530][info][gc,cpu      ] GC(78) User=0.00s Sys=0.00s Real=0.00s
[2026-03-02T09:18:01.659+0530][info][gc,start    ] GC(79) Pause Young (Normal) (G1 Evacuation Pause)
[2026-03-02T09:18:01.659+0530][info][gc,task     ] GC(79) Using 12 workers of 13 for evacuation
[2026-03-02T09:18:01.661+0530][info][gc,phases   ] GC(79)   Pre Evacuate Collection Set: 0.2ms
[2026-03-02T09:18:01.661+0530][info][gc,phases   ] GC(79)   Merge Heap Roots: 0.2ms
[2026-03-02T09:18:01.661+0530][info][gc,phases   ] GC(79)   Evacuate Collection Set: 1.1ms
[2026-03-02T09:18:01.661+0530][info][gc,phases   ] GC(79)   Post Evacuate Collection Set: 0.7ms
[2026-03-02T09:18:01.661+0530][info][gc,phases   ] GC(79)   Other: 0.3ms
[2026-03-02T09:18:01.661+0530][info][gc,heap     ] GC(79) Eden regions: 305->0(306)
[2026-03-02T09:18:01.662+0530][info][gc,heap     ] GC(79) Survivor regions: 2->1(39)
[2026-03-02T09:18:01.662+0530][info][gc,heap     ] GC(79) Old regions: 29->29
[2026-03-02T09:18:01.662+0530][info][gc,heap     ] GC(79) Archive regions: 0->0
[2026-03-02T09:18:01.662+0530][info][gc,heap     ] GC(79) Humongous regions: 1->1
[2026-03-02T09:18:01.662+0530][info][gc,metaspace] GC(79) Metaspace: 74297K(74880K)->74297K(74880K) NonClass: 65036K(65344K)->65036K(65344K) Class: 9260K(9536K)->9260K(9536K)
[2026-03-02T09:18:01.662+0530][info][gc          ] GC(79) Pause Young (Normal) (G1 Evacuation Pause) 335M->29M(512M) 2.891ms
[2026-03-02T09:18:01.662+0530][info][gc,cpu      ] GC(79) User=0.00s Sys=0.00s Real=0.00s
[2026-03-02T09:18:13.972+0530][info][gc,start    ] GC(80) Pause Young (Normal) (G1 Evacuation Pause)
[2026-03-02T09:18:13.972+0530][info][gc,task     ] GC(80) Using 12 workers of 13 for evacuation
[2026-03-02T09:18:13.975+0530][info][gc,phases   ] GC(80)   Pre Evacuate Collection Set: 0.1ms
[2026-03-02T09:18:13.975+0530][info][gc,phases   ] GC(80)   Merge Heap Roots: 0.1ms
[2026-03-02T09:18:13.975+0530][info][gc,phases   ] GC(80)   Evacuate Collection Set: 1.7ms
[2026-03-02T09:18:13.975+0530][info][gc,phases   ] GC(80)   Post Evacuate Collection Set: 0.7ms
[2026-03-02T09:18:13.975+0530][info][gc,phases   ] GC(80)   Other: 0.2ms
[2026-03-02T09:18:13.975+0530][info][gc,heap     ] GC(80) Eden regions: 306->0(305)
[2026-03-02T09:18:13.975+0530][info][gc,heap     ] GC(80) Survivor regions: 1->2(39)
[2026-03-02T09:18:13.975+0530][info][gc,heap     ] GC(80) Old regions: 29->29
[2026-03-02T09:18:13.975+0530][info][gc,heap     ] GC(80) Archive regions: 0->0
[2026-03-02T09:18:13.975+0530][info][gc,heap     ] GC(80) Humongous regions: 1->1
[2026-03-02T09:18:13.975+0530][info][gc,metaspace] GC(80) Metaspace: 74301K(74880K)->74301K(74880K) NonClass: 65040K(65344K)->65040K(65344K) Class: 9260K(9536K)->9260K(9536K)
[2026-03-02T09:18:13.975+0530][info][gc          ] GC(80) Pause Young (Normal) (G1 Evacuation Pause) 335M->30M(512M) 3.246ms
[2026-03-02T09:18:13.975+0530][info][gc,cpu      ] GC(80) User=0.00s Sys=0.00s Real=0.00s
[2026-03-02T09:18:25.472+0530][info][gc,start    ] GC(81) Pause Young (Normal) (G1 Evacuation Pause)
[2026-03-02T09:18:25.472+0530][info][gc,task     ] GC(81) Using 12 workers of 13 for evacuation
[2026-03-02T09:18:25.472+0530][info][gc,phases   ] GC(81)   Pre Evacuate Collection Set: 0.2ms
[2026-03-02T09:18:25.472+0530][info][gc,phases   ] GC(81)   Merge Heap Roots: 0.1ms
[2026-03-02T09:18:25.472+0530][info][gc,phases   ] GC(81)   Evacuate Collection Set: 2.3ms
[2026-03-02T09:18:25.472+0530][info][gc,phases   ] GC(81)   Post Evacuate Collection Set: 0.9ms
[2026-03-02T09:18:25.472+0530][info][gc,phases   ] GC(81)   Other: 0.3ms
[2026-03-02T09:18:25.472+0530][info][gc,heap     ] GC(81) Eden regions: 305->0(305)
[2026-03-02T09:18:25.472+0530][info][gc,heap     ] GC(81) Survivor regions: 2->2(39)
[2026-03-02T09:18:25.472+0530][info][gc,heap     ] GC(81) Old regions: 29->29
[2026-03-02T09:18:25.472+0530][info][gc,heap     ] GC(81) Archive regions: 0->0
[2026-03-02T09:18:25.472+0530][info][gc,heap     ] GC(81) Humongous regions: 1->1
[2026-03-02T09:18:25.472+0530][info][gc,metaspace] GC(81) Metaspace: 74301K(74880K)->74301K(74880K) NonClass: 65040K(65344K)->65040K(65344K) Class: 9260K(9536K)->9260K(9536K)
[2026-03-02T09:18:25.472+0530][info][gc          ] GC(81) Pause Young (Normal) (G1 Evacuation Pause) 335M->30M(512M) 4.334ms
[2026-03-02T09:18:25.472+0530][info][gc,cpu      ] GC(81) User=0.03s Sys=0.03s Real=0.00s
[2026-03-02T09:18:36.707+0530][info][gc,start    ] GC(82) Pause Young (Normal) (G1 Evacuation Pause)
[2026-03-02T09:18:36.707+0530][info][gc,task     ] GC(82) Using 12 workers of 13 for evacuation
[2026-03-02T09:18:36.711+0530][info][gc,phases   ] GC(82)   Pre Evacuate Collection Set: 0.2ms
[2026-03-02T09:18:36.711+0530][info][gc,phases   ] GC(82)   Merge Heap Roots: 0.2ms
[2026-03-02T09:18:36.711+0530][info][gc,phases   ] GC(82)   Evacuate Collection Set: 2.7ms
[2026-03-02T09:18:36.712+0530][info][gc,phases   ] GC(82)   Post Evacuate Collection Set: 0.9ms
[2026-03-02T09:18:36.712+0530][info][gc,phases   ] GC(82)   Other: 0.2ms
[2026-03-02T09:18:36.712+0530][info][gc,heap     ] GC(82) Eden regions: 305->0(305)
[2026-03-02T09:18:36.712+0530][info][gc,heap     ] GC(82) Survivor regions: 2->2(39)
[2026-03-02T09:18:36.712+0530][info][gc,heap     ] GC(82) Old regions: 29->29
[2026-03-02T09:18:36.712+0530][info][gc,heap     ] GC(82) Archive regions: 0->0
[2026-03-02T09:18:36.712+0530][info][gc,heap     ] GC(82) Humongous regions: 1->1
[2026-03-02T09:18:36.712+0530][info][gc,metaspace] GC(82) Metaspace: 74301K(74880K)->74301K(74880K) NonClass: 65040K(65344K)->65040K(65344K) Class: 9260K(9536K)->9260K(9536K)
[2026-03-02T09:18:36.712+0530][info][gc          ] GC(82) Pause Young (Normal) (G1 Evacuation Pause) 335M->30M(512M) 4.577ms
[2026-03-02T09:18:36.712+0530][info][gc,cpu      ] GC(82) User=0.00s Sys=0.00s Real=0.00s
[2026-03-02T09:18:46.703+0530][info][gc,start    ] GC(83) Pause Young (Normal) (G1 Evacuation Pause)
[2026-03-02T09:18:46.703+0530][info][gc,task     ] GC(83) Using 12 workers of 13 for evacuation
[2026-03-02T09:18:46.703+0530][info][gc,phases   ] GC(83)   Pre Evacuate Collection Set: 0.2ms
[2026-03-02T09:18:46.703+0530][info][gc,phases   ] GC(83)   Merge Heap Roots: 0.2ms
[2026-03-02T09:18:46.703+0530][info][gc,phases   ] GC(83)   Evacuate Collection Set: 2.4ms
[2026-03-02T09:18:46.703+0530][info][gc,phases   ] GC(83)   Post Evacuate Collection Set: 0.9ms
[2026-03-02T09:18:46.703+0530][info][gc,phases   ] GC(83)   Other: 0.3ms
[2026-03-02T09:18:46.703+0530][info][gc,heap     ] GC(83) Eden regions: 305->0(305)
[2026-03-02T09:18:46.703+0530][info][gc,heap     ] GC(83) Survivor regions: 2->2(39)
[2026-03-02T09:18:46.703+0530][info][gc,heap     ] GC(83) Old regions: 29->29
[2026-03-02T09:18:46.703+0530][info][gc,heap     ] GC(83) Archive regions: 0->0
[2026-03-02T09:18:46.703+0530][info][gc,heap     ] GC(83) Humongous regions: 1->1
[2026-03-02T09:18:46.703+0530][info][gc,metaspace] GC(83) Metaspace: 74303K(74880K)->74303K(74880K) NonClass: 65043K(65344K)->65043K(65344K) Class: 9260K(9536K)->9260K(9536K)
[2026-03-02T09:18:46.703+0530][info][gc          ] GC(83) Pause Young (Normal) (G1 Evacuation Pause) 335M->30M(512M) 4.440ms
[2026-03-02T09:18:46.703+0530][info][gc,cpu      ] GC(83) User=0.00s Sys=0.00s Real=0.00s
[2026-03-02T09:18:57.889+0530][info][gc,start    ] GC(84) Pause Young (Normal) (G1 Evacuation Pause)
[2026-03-02T09:18:57.889+0530][info][gc,task     ] GC(84) Using 12 workers of 13 for evacuation
[2026-03-02T09:18:57.889+0530][info][gc,phases   ] GC(84)   Pre Evacuate Collection Set: 0.1ms
[2026-03-02T09:18:57.889+0530][info][gc,phases   ] GC(84)   Merge Heap Roots: 0.1ms
[2026-03-02T09:18:57.889+0530][info][gc,phases   ] GC(84)   Evacuate Collection Set: 0.9ms
[2026-03-02T09:18:57.889+0530][info][gc,phases   ] GC(84)   Post Evacuate Collection Set: 0.4ms
[2026-03-02T09:18:57.889+0530][info][gc,phases   ] GC(84)   Other: 0.2ms
[2026-03-02T09:18:57.889+0530][info][gc,heap     ] GC(84) Eden regions: 305->0(306)
[2026-03-02T09:18:57.889+0530][info][gc,heap     ] GC(84) Survivor regions: 2->1(39)
[2026-03-02T09:18:57.889+0530][info][gc,heap     ] GC(84) Old regions: 29->29
[2026-03-02T09:18:57.889+0530][info][gc,heap     ] GC(84) Archive regions: 0->0
[2026-03-02T09:18:57.889+0530][info][gc,heap     ] GC(84) Humongous regions: 1->1
[2026-03-02T09:18:57.889+0530][info][gc,metaspace] GC(84) Metaspace: 74303K(74880K)->74303K(74880K) NonClass: 65043K(65344K)->65043K(65344K) Class: 9260K(9536K)->9260K(9536K)
[2026-03-02T09:18:57.889+0530][info][gc          ] GC(84) Pause Young (Normal) (G1 Evacuation Pause) 335M->29M(512M) 2.031ms
[2026-03-02T09:18:57.889+0530][info][gc,cpu      ] GC(84) User=0.03s Sys=0.03s Real=0.00s
[2026-03-02T09:19:08.304+0530][info][gc,start    ] GC(85) Pause Young (Normal) (G1 Evacuation Pause)
[2026-03-02T09:19:08.304+0530][info][gc,task     ] GC(85) Using 12 workers of 13 for evacuation
[2026-03-02T09:19:08.307+0530][info][gc,phases   ] GC(85)   Pre Evacuate Collection Set: 0.2ms
[2026-03-02T09:19:08.307+0530][info][gc,phases   ] GC(85)   Merge Heap Roots: 0.2ms
[2026-03-02T09:19:08.307+0530][info][gc,phases   ] GC(85)   Evacuate Collection Set: 2.4ms
[2026-03-02T09:19:08.307+0530][info][gc,phases   ] GC(85)   Post Evacuate Collection Set: 0.7ms
[2026-03-02T09:19:08.307+0530][info][gc,phases   ] GC(85)   Other: 0.2ms
[2026-03-02T09:19:08.307+0530][info][gc,heap     ] GC(85) Eden regions: 306->0(305)
[2026-03-02T09:19:08.307+0530][info][gc,heap     ] GC(85) Survivor regions: 1->2(39)
[2026-03-02T09:19:08.308+0530][info][gc,heap     ] GC(85) Old regions: 29->29
[2026-03-02T09:19:08.308+0530][info][gc,heap     ] GC(85) Archive regions: 0->0
[2026-03-02T09:19:08.308+0530][info][gc,heap     ] GC(85) Humongous regions: 1->1
[2026-03-02T09:19:08.308+0530][info][gc,metaspace] GC(85) Metaspace: 74304K(74880K)->74304K(74880K) NonClass: 65043K(65344K)->65043K(65344K) Class: 9260K(9536K)->9260K(9536K)
[2026-03-02T09:19:08.308+0530][info][gc          ] GC(85) Pause Young (Normal) (G1 Evacuation Pause) 335M->30M(512M) 4.152ms
[2026-03-02T09:19:08.308+0530][info][gc,cpu      ] GC(85) User=0.00s Sys=0.00s Real=0.00s
[2026-03-02T09:19:19.349+0530][info][gc,start    ] GC(86) Pause Young (Normal) (G1 Evacuation Pause)
[2026-03-02T09:19:19.349+0530][info][gc,task     ] GC(86) Using 12 workers of 13 for evacuation
[2026-03-02T09:19:19.353+0530][info][gc,phases   ] GC(86)   Pre Evacuate Collection Set: 0.2ms
[2026-03-02T09:19:19.353+0530][info][gc,phases   ] GC(86)   Merge Heap Roots: 0.1ms
[2026-03-02T09:19:19.353+0530][info][gc,phases   ] GC(86)   Evacuate Collection Set: 2.6ms
[2026-03-02T09:19:19.353+0530][info][gc,phases   ] GC(86)   Post Evacuate Collection Set: 0.8ms
[2026-03-02T09:19:19.353+0530][info][gc,phases   ] GC(86)   Other: 0.3ms
[2026-03-02T09:19:19.353+0530][info][gc,heap     ] GC(86) Eden regions: 305->0(305)
[2026-03-02T09:19:19.353+0530][info][gc,heap     ] GC(86) Survivor regions: 2->2(39)
[2026-03-02T09:19:19.353+0530][info][gc,heap     ] GC(86) Old regions: 29->29
[2026-03-02T09:19:19.353+0530][info][gc,heap     ] GC(86) Archive regions: 0->0
[2026-03-02T09:19:19.353+0530][info][gc,heap     ] GC(86) Humongous regions: 1->1
[2026-03-02T09:19:19.353+0530][info][gc,metaspace] GC(86) Metaspace: 74304K(74880K)->74304K(74880K) NonClass: 65044K(65344K)->65044K(65344K) Class: 9260K(9536K)->9260K(9536K)
[2026-03-02T09:19:19.353+0530][info][gc          ] GC(86) Pause Young (Normal) (G1 Evacuation Pause) 335M->30M(512M) 4.482ms
[2026-03-02T09:19:19.353+0530][info][gc,cpu      ] GC(86) User=0.00s Sys=0.00s Real=0.00s
[2026-03-02T09:19:31.232+0530][info][gc,start    ] GC(87) Pause Young (Normal) (G1 Evacuation Pause)
[2026-03-02T09:19:31.232+0530][info][gc,task     ] GC(87) Using 12 workers of 13 for evacuation
[2026-03-02T09:19:31.232+0530][info][gc,phases   ] GC(87)   Pre Evacuate Collection Set: 0.2ms
[2026-03-02T09:19:31.232+0530][info][gc,phases   ] GC(87)   Merge Heap Roots: 0.2ms
[2026-03-02T09:19:31.232+0530][info][gc,phases   ] GC(87)   Evacuate Collection Set: 2.7ms
[2026-03-02T09:19:31.232+0530][info][gc,phases   ] GC(87)   Post Evacuate Collection Set: 0.8ms
[2026-03-02T09:19:31.232+0530][info][gc,phases   ] GC(87)   Other: 0.4ms
[2026-03-02T09:19:31.232+0530][info][gc,heap     ] GC(87) Eden regions: 305->0(305)
[2026-03-02T09:19:31.232+0530][info][gc,heap     ] GC(87) Survivor regions: 2->2(39)
[2026-03-02T09:19:31.232+0530][info][gc,heap     ] GC(87) Old regions: 29->29
[2026-03-02T09:19:31.232+0530][info][gc,heap     ] GC(87) Archive regions: 0->0
[2026-03-02T09:19:31.232+0530][info][gc,heap     ] GC(87) Humongous regions: 1->1
[2026-03-02T09:19:31.232+0530][info][gc,metaspace] GC(87) Metaspace: 74306K(74880K)->74306K(74880K) NonClass: 65046K(65344K)->65046K(65344K) Class: 9260K(9536K)->9260K(9536K)
[2026-03-02T09:19:31.232+0530][info][gc          ] GC(87) Pause Young (Normal) (G1 Evacuation Pause) 335M->30M(512M) 4.683ms
[2026-03-02T09:19:31.232+0530][info][gc,cpu      ] GC(87) User=0.00s Sys=0.00s Real=0.00s
[2026-03-02T09:19:41.770+0530][info][gc,start    ] GC(88) Pause Young (Normal) (G1 Evacuation Pause)
[2026-03-02T09:19:41.770+0530][info][gc,task     ] GC(88) Using 12 workers of 13 for evacuation
[2026-03-02T09:19:41.770+0530][info][gc,phases   ] GC(88)   Pre Evacuate Collection Set: 0.1ms
[2026-03-02T09:19:41.770+0530][info][gc,phases   ] GC(88)   Merge Heap Roots: 0.1ms
[2026-03-02T09:19:41.770+0530][info][gc,phases   ] GC(88)   Evacuate Collection Set: 1.3ms
[2026-03-02T09:19:41.770+0530][info][gc,phases   ] GC(88)   Post Evacuate Collection Set: 0.5ms
[2026-03-02T09:19:41.770+0530][info][gc,phases   ] GC(88)   Other: 0.3ms
[2026-03-02T09:19:41.770+0530][info][gc,heap     ] GC(88) Eden regions: 305->0(306)
[2026-03-02T09:19:41.770+0530][info][gc,heap     ] GC(88) Survivor regions: 2->1(39)
[2026-03-02T09:19:41.770+0530][info][gc,heap     ] GC(88) Old regions: 29->29
[2026-03-02T09:19:41.770+0530][info][gc,heap     ] GC(88) Archive regions: 0->0
[2026-03-02T09:19:41.770+0530][info][gc,heap     ] GC(88) Humongous regions: 1->1
[2026-03-02T09:19:41.770+0530][info][gc,metaspace] GC(88) Metaspace: 74306K(74880K)->74306K(74880K) NonClass: 65046K(65344K)->65046K(65344K) Class: 9260K(9536K)->9260K(9536K)
[2026-03-02T09:19:41.770+0530][info][gc          ] GC(88) Pause Young (Normal) (G1 Evacuation Pause) 335M->29M(512M) 2.531ms
[2026-03-02T09:19:41.770+0530][info][gc,cpu      ] GC(88) User=0.00s Sys=0.00s Real=0.00s
[2026-03-02T09:19:53.323+0530][info][gc,start    ] GC(89) Pause Young (Normal) (G1 Evacuation Pause)
[2026-03-02T09:19:53.323+0530][info][gc,task     ] GC(89) Using 12 workers of 13 for evacuation
[2026-03-02T09:19:53.335+0530][info][gc,phases   ] GC(89)   Pre Evacuate Collection Set: 0.3ms
[2026-03-02T09:19:53.335+0530][info][gc,phases   ] GC(89)   Merge Heap Roots: 0.2ms
[2026-03-02T09:19:53.335+0530][info][gc,phases   ] GC(89)   Evacuate Collection Set: 2.9ms
[2026-03-02T09:19:53.335+0530][info][gc,phases   ] GC(89)   Post Evacuate Collection Set: 0.8ms
[2026-03-02T09:19:53.335+0530][info][gc,phases   ] GC(89)   Other: 0.3ms
[2026-03-02T09:19:53.335+0530][info][gc,heap     ] GC(89) Eden regions: 306->0(305)
[2026-03-02T09:19:53.335+0530][info][gc,heap     ] GC(89) Survivor regions: 1->2(39)
[2026-03-02T09:19:53.335+0530][info][gc,heap     ] GC(89) Old regions: 29->29
[2026-03-02T09:19:53.335+0530][info][gc,heap     ] GC(89) Archive regions: 0->0
[2026-03-02T09:19:53.335+0530][info][gc,heap     ] GC(89) Humongous regions: 1->1
[2026-03-02T09:19:53.335+0530][info][gc,metaspace] GC(89) Metaspace: 74306K(74880K)->74306K(74880K) NonClass: 65046K(65344K)->65046K(65344K) Class: 9260K(9536K)->9260K(9536K)
[2026-03-02T09:19:53.335+0530][info][gc          ] GC(89) Pause Young (Normal) (G1 Evacuation Pause) 335M->30M(512M) 4.895ms
[2026-03-02T09:19:53.335+0530][info][gc,cpu      ] GC(89) User=0.00s Sys=0.00s Real=0.01s
[2026-03-02T09:20:03.821+0530][info][gc,start    ] GC(90) Pause Young (Normal) (G1 Evacuation Pause)
[2026-03-02T09:20:03.821+0530][info][gc,task     ] GC(90) Using 12 workers of 13 for evacuation
[2026-03-02T09:20:03.830+0530][info][gc,phases   ] GC(90)   Pre Evacuate Collection Set: 0.2ms
[2026-03-02T09:20:03.830+0530][info][gc,phases   ] GC(90)   Merge Heap Roots: 0.2ms
[2026-03-02T09:20:03.830+0530][info][gc,phases   ] GC(90)   Evacuate Collection Set: 2.3ms
[2026-03-02T09:20:03.830+0530][info][gc,phases   ] GC(90)   Post Evacuate Collection Set: 0.8ms
[2026-03-02T09:20:03.830+0530][info][gc,phases   ] GC(90)   Other: 0.3ms
[2026-03-02T09:20:03.830+0530][info][gc,heap     ] GC(90) Eden regions: 305->0(305)
[2026-03-02T09:20:03.830+0530][info][gc,heap     ] GC(90) Survivor regions: 2->2(39)
[2026-03-02T09:20:03.830+0530][info][gc,heap     ] GC(90) Old regions: 29->29
[2026-03-02T09:20:03.830+0530][info][gc,heap     ] GC(90) Archive regions: 0->0
[2026-03-02T09:20:03.830+0530][info][gc,heap     ] GC(90) Humongous regions: 1->1
[2026-03-02T09:20:03.830+0530][info][gc,metaspace] GC(90) Metaspace: 74306K(74880K)->74306K(74880K) NonClass: 65046K(65344K)->65046K(65344K) Class: 9260K(9536K)->9260K(9536K)
[2026-03-02T09:20:03.830+0530][info][gc          ] GC(90) Pause Young (Normal) (G1 Evacuation Pause) 335M->30M(512M) 4.320ms
[2026-03-02T09:20:03.830+0530][info][gc,cpu      ] GC(90) User=0.05s Sys=0.00s Real=0.01s
[2026-03-02T09:20:14.364+0530][info][gc,start    ] GC(91) Pause Young (Normal) (G1 Evacuation Pause)
[2026-03-02T09:20:14.364+0530][info][gc,task     ] GC(91) Using 12 workers of 13 for evacuation
[2026-03-02T09:20:14.368+0530][info][gc,phases   ] GC(91)   Pre Evacuate Collection Set: 0.2ms
[2026-03-02T09:20:14.368+0530][info][gc,phases   ] GC(91)   Merge Heap Roots: 0.1ms
[2026-03-02T09:20:14.368+0530][info][gc,phases   ] GC(91)   Evacuate Collection Set: 2.7ms
[2026-03-02T09:20:14.368+0530][info][gc,phases   ] GC(91)   Post Evacuate Collection Set: 0.8ms
[2026-03-02T09:20:14.368+0530][info][gc,phases   ] GC(91)   Other: 0.3ms
[2026-03-02T09:20:14.368+0530][info][gc,heap     ] GC(91) Eden regions: 305->0(305)
[2026-03-02T09:20:14.368+0530][info][gc,heap     ] GC(91) Survivor regions: 2->2(39)
[2026-03-02T09:20:14.368+0530][info][gc,heap     ] GC(91) Old regions: 29->29
[2026-03-02T09:20:14.368+0530][info][gc,heap     ] GC(91) Archive regions: 0->0
[2026-03-02T09:20:14.368+0530][info][gc,heap     ] GC(91) Humongous regions: 1->1
[2026-03-02T09:20:14.368+0530][info][gc,metaspace] GC(91) Metaspace: 74307K(74880K)->74307K(74880K) NonClass: 65046K(65344K)->65046K(65344K) Class: 9260K(9536K)->9260K(9536K)
[2026-03-02T09:20:14.368+0530][info][gc          ] GC(91) Pause Young (Normal) (G1 Evacuation Pause) 335M->30M(512M) 4.723ms
[2026-03-02T09:20:14.369+0530][info][gc,cpu      ] GC(91) User=0.00s Sys=0.00s Real=0.00s
[2026-03-02T09:20:25.027+0530][info][gc,start    ] GC(92) Pause Young (Normal) (G1 Evacuation Pause)
[2026-03-02T09:20:25.027+0530][info][gc,task     ] GC(92) Using 12 workers of 13 for evacuation
[2026-03-02T09:20:25.031+0530][info][gc,phases   ] GC(92)   Pre Evacuate Collection Set: 0.1ms
[2026-03-02T09:20:25.031+0530][info][gc,phases   ] GC(92)   Merge Heap Roots: 0.1ms
[2026-03-02T09:20:25.031+0530][info][gc,phases   ] GC(92)   Evacuate Collection Set: 1.8ms
[2026-03-02T09:20:25.031+0530][info][gc,phases   ] GC(92)   Post Evacuate Collection Set: 0.6ms
[2026-03-02T09:20:25.031+0530][info][gc,phases   ] GC(92)   Other: 0.2ms
[2026-03-02T09:20:25.031+0530][info][gc,heap     ] GC(92) Eden regions: 305->0(305)
[2026-03-02T09:20:25.031+0530][info][gc,heap     ] GC(92) Survivor regions: 2->2(39)
[2026-03-02T09:20:25.031+0530][info][gc,heap     ] GC(92) Old regions: 29->29
[2026-03-02T09:20:25.031+0530][info][gc,heap     ] GC(92) Archive regions: 0->0
[2026-03-02T09:20:25.031+0530][info][gc,heap     ] GC(92) Humongous regions: 1->1
[2026-03-02T09:20:25.031+0530][info][gc,metaspace] GC(92) Metaspace: 74307K(74880K)->74307K(74880K) NonClass: 65047K(65344K)->65047K(65344K) Class: 9260K(9536K)->9260K(9536K)
[2026-03-02T09:20:25.031+0530][info][gc          ] GC(92) Pause Young (Normal) (G1 Evacuation Pause) 335M->30M(512M) 3.035ms
[2026-03-02T09:20:25.031+0530][info][gc,cpu      ] GC(92) User=0.00s Sys=0.00s Real=0.00s
[2026-03-02T09:20:34.953+0530][info][gc,start    ] GC(93) Pause Young (Normal) (G1 Evacuation Pause)
[2026-03-02T09:20:34.953+0530][info][gc,task     ] GC(93) Using 12 workers of 13 for evacuation
[2026-03-02T09:20:34.958+0530][info][gc,phases   ] GC(93)   Pre Evacuate Collection Set: 0.2ms
[2026-03-02T09:20:34.958+0530][info][gc,phases   ] GC(93)   Merge Heap Roots: 0.2ms
[2026-03-02T09:20:34.958+0530][info][gc,phases   ] GC(93)   Evacuate Collection Set: 2.8ms
[2026-03-02T09:20:34.958+0530][info][gc,phases   ] GC(93)   Post Evacuate Collection Set: 0.8ms
[2026-03-02T09:20:34.958+0530][info][gc,phases   ] GC(93)   Other: 0.2ms
[2026-03-02T09:20:34.958+0530][info][gc,heap     ] GC(93) Eden regions: 305->0(305)
[2026-03-02T09:20:34.958+0530][info][gc,heap     ] GC(93) Survivor regions: 2->2(39)
[2026-03-02T09:20:34.958+0530][info][gc,heap     ] GC(93) Old regions: 29->29
[2026-03-02T09:20:34.958+0530][info][gc,heap     ] GC(93) Archive regions: 0->0
[2026-03-02T09:20:34.958+0530][info][gc,heap     ] GC(93) Humongous regions: 1->1
[2026-03-02T09:20:34.958+0530][info][gc,metaspace] GC(93) Metaspace: 74307K(74880K)->74307K(74880K) NonClass: 65047K(65344K)->65047K(65344K) Class: 9260K(9536K)->9260K(9536K)
[2026-03-02T09:20:34.958+0530][info][gc          ] GC(93) Pause Young (Normal) (G1 Evacuation Pause) 335M->30M(512M) 4.657ms
[2026-03-02T09:20:34.958+0530][info][gc,cpu      ] GC(93) User=0.00s Sys=0.00s Real=0.00s
[2026-03-02T09:20:46.054+0530][info][gc,start    ] GC(94) Pause Young (Normal) (G1 Evacuation Pause)
[2026-03-02T09:20:46.054+0530][info][gc,task     ] GC(94) Using 12 workers of 13 for evacuation
[2026-03-02T09:20:46.054+0530][info][gc,phases   ] GC(94)   Pre Evacuate Collection Set: 0.2ms
[2026-03-02T09:20:46.054+0530][info][gc,phases   ] GC(94)   Merge Heap Roots: 0.1ms
[2026-03-02T09:20:46.054+0530][info][gc,phases   ] GC(94)   Evacuate Collection Set: 2.6ms
[2026-03-02T09:20:46.054+0530][info][gc,phases   ] GC(94)   Post Evacuate Collection Set: 0.7ms
[2026-03-02T09:20:46.054+0530][info][gc,phases   ] GC(94)   Other: 0.3ms
[2026-03-02T09:20:46.054+0530][info][gc,heap     ] GC(94) Eden regions: 305->0(305)
[2026-03-02T09:20:46.054+0530][info][gc,heap     ] GC(94) Survivor regions: 2->2(39)
[2026-03-02T09:20:46.054+0530][info][gc,heap     ] GC(94) Old regions: 29->29
[2026-03-02T09:20:46.054+0530][info][gc,heap     ] GC(94) Archive regions: 0->0
[2026-03-02T09:20:46.054+0530][info][gc,heap     ] GC(94) Humongous regions: 1->1
[2026-03-02T09:20:46.054+0530][info][gc,metaspace] GC(94) Metaspace: 74307K(74880K)->74307K(74880K) NonClass: 65047K(65344K)->65047K(65344K) Class: 9260K(9536K)->9260K(9536K)
[2026-03-02T09:20:46.054+0530][info][gc          ] GC(94) Pause Young (Normal) (G1 Evacuation Pause) 335M->30M(512M) 4.253ms
[2026-03-02T09:20:46.054+0530][info][gc,cpu      ] GC(94) User=0.00s Sys=0.00s Real=0.00s
[2026-03-02T09:20:56.991+0530][info][gc,start    ] GC(95) Pause Young (Normal) (G1 Evacuation Pause)
[2026-03-02T09:20:56.991+0530][info][gc,task     ] GC(95) Using 12 workers of 13 for evacuation
[2026-03-02T09:20:56.991+0530][info][gc,phases   ] GC(95)   Pre Evacuate Collection Set: 0.2ms
[2026-03-02T09:20:56.991+0530][info][gc,phases   ] GC(95)   Merge Heap Roots: 0.2ms
[2026-03-02T09:20:56.991+0530][info][gc,phases   ] GC(95)   Evacuate Collection Set: 2.3ms
[2026-03-02T09:20:56.991+0530][info][gc,phases   ] GC(95)   Post Evacuate Collection Set: 0.8ms
[2026-03-02T09:20:56.991+0530][info][gc,phases   ] GC(95)   Other: 0.3ms
[2026-03-02T09:20:56.991+0530][info][gc,heap     ] GC(95) Eden regions: 305->0(305)
[2026-03-02T09:20:56.991+0530][info][gc,heap     ] GC(95) Survivor regions: 2->2(39)
[2026-03-02T09:20:56.991+0530][info][gc,heap     ] GC(95) Old regions: 29->29
[2026-03-02T09:20:56.991+0530][info][gc,heap     ] GC(95) Archive regions: 0->0
[2026-03-02T09:20:56.991+0530][info][gc,heap     ] GC(95) Humongous regions: 1->1
[2026-03-02T09:20:56.991+0530][info][gc,metaspace] GC(95) Metaspace: 74310K(74880K)->74310K(74880K) NonClass: 65049K(65344K)->65049K(65344K) Class: 9260K(9536K)->9260K(9536K)
[2026-03-02T09:20:56.991+0530][info][gc          ] GC(95) Pause Young (Normal) (G1 Evacuation Pause) 335M->30M(512M) 4.194ms
[2026-03-02T09:20:56.991+0530][info][gc,cpu      ] GC(95) User=0.00s Sys=0.00s Real=0.00s
[2026-03-02T09:21:07.190+0530][info][gc,start    ] GC(96) Pause Young (Normal) (G1 Evacuation Pause)
[2026-03-02T09:21:07.190+0530][info][gc,task     ] GC(96) Using 12 workers of 13 for evacuation
[2026-03-02T09:21:07.190+0530][info][gc,phases   ] GC(96)   Pre Evacuate Collection Set: 0.2ms
[2026-03-02T09:21:07.190+0530][info][gc,phases   ] GC(96)   Merge Heap Roots: 0.1ms
[2026-03-02T09:21:07.190+0530][info][gc,phases   ] GC(96)   Evacuate Collection Set: 2.6ms
[2026-03-02T09:21:07.190+0530][info][gc,phases   ] GC(96)   Post Evacuate Collection Set: 0.8ms
[2026-03-02T09:21:07.190+0530][info][gc,phases   ] GC(96)   Other: 0.3ms
[2026-03-02T09:21:07.190+0530][info][gc,heap     ] GC(96) Eden regions: 305->0(305)
[2026-03-02T09:21:07.190+0530][info][gc,heap     ] GC(96) Survivor regions: 2->2(39)
[2026-03-02T09:21:07.190+0530][info][gc,heap     ] GC(96) Old regions: 29->29
[2026-03-02T09:21:07.190+0530][info][gc,heap     ] GC(96) Archive regions: 0->0
[2026-03-02T09:21:07.190+0530][info][gc,heap     ] GC(96) Humongous regions: 1->1
[2026-03-02T09:21:07.190+0530][info][gc,metaspace] GC(96) Metaspace: 74310K(74880K)->74310K(74880K) NonClass: 65050K(65344K)->65050K(65344K) Class: 9260K(9536K)->9260K(9536K)
[2026-03-02T09:21:07.190+0530][info][gc          ] GC(96) Pause Young (Normal) (G1 Evacuation Pause) 335M->30M(512M) 4.399ms
[2026-03-02T09:21:07.190+0530][info][gc,cpu      ] GC(96) User=0.02s Sys=0.02s Real=0.00s
[2026-03-02T09:21:19.044+0530][info][gc,start    ] GC(97) Pause Young (Normal) (G1 Evacuation Pause)
[2026-03-02T09:21:19.044+0530][info][gc,task     ] GC(97) Using 12 workers of 13 for evacuation
[2026-03-02T09:21:19.048+0530][info][gc,phases   ] GC(97)   Pre Evacuate Collection Set: 0.2ms
[2026-03-02T09:21:19.048+0530][info][gc,phases   ] GC(97)   Merge Heap Roots: 0.2ms
[2026-03-02T09:21:19.048+0530][info][gc,phases   ] GC(97)   Evacuate Collection Set: 2.6ms
[2026-03-02T09:21:19.048+0530][info][gc,phases   ] GC(97)   Post Evacuate Collection Set: 0.7ms
[2026-03-02T09:21:19.048+0530][info][gc,phases   ] GC(97)   Other: 0.4ms
[2026-03-02T09:21:19.048+0530][info][gc,heap     ] GC(97) Eden regions: 305->0(305)
[2026-03-02T09:21:19.049+0530][info][gc,heap     ] GC(97) Survivor regions: 2->2(39)
[2026-03-02T09:21:19.049+0530][info][gc,heap     ] GC(97) Old regions: 29->29
[2026-03-02T09:21:19.049+0530][info][gc,heap     ] GC(97) Archive regions: 0->0
[2026-03-02T09:21:19.049+0530][info][gc,heap     ] GC(97) Humongous regions: 1->1
[2026-03-02T09:21:19.049+0530][info][gc,metaspace] GC(97) Metaspace: 74310K(74880K)->74310K(74880K) NonClass: 65050K(65344K)->65050K(65344K) Class: 9260K(9536K)->9260K(9536K)
[2026-03-02T09:21:19.049+0530][info][gc          ] GC(97) Pause Young (Normal) (G1 Evacuation Pause) 335M->30M(512M) 4.463ms
[2026-03-02T09:21:19.049+0530][info][gc,cpu      ] GC(97) User=0.03s Sys=0.00s Real=0.01s
[2026-03-02T09:21:31.685+0530][info][gc,start    ] GC(98) Pause Young (Normal) (G1 Evacuation Pause)
[2026-03-02T09:21:31.685+0530][info][gc,task     ] GC(98) Using 12 workers of 13 for evacuation
[2026-03-02T09:21:31.701+0530][info][gc,phases   ] GC(98)   Pre Evacuate Collection Set: 0.2ms
[2026-03-02T09:21:31.701+0530][info][gc,phases   ] GC(98)   Merge Heap Roots: 0.1ms
[2026-03-02T09:21:31.701+0530][info][gc,phases   ] GC(98)   Evacuate Collection Set: 2.5ms
[2026-03-02T09:21:31.701+0530][info][gc,phases   ] GC(98)   Post Evacuate Collection Set: 0.8ms
[2026-03-02T09:21:31.701+0530][info][gc,phases   ] GC(98)   Other: 0.3ms
[2026-03-02T09:21:31.701+0530][info][gc,heap     ] GC(98) Eden regions: 305->0(305)
[2026-03-02T09:21:31.701+0530][info][gc,heap     ] GC(98) Survivor regions: 2->2(39)
[2026-03-02T09:21:31.701+0530][info][gc,heap     ] GC(98) Old regions: 29->29
[2026-03-02T09:21:31.701+0530][info][gc,heap     ] GC(98) Archive regions: 0->0
[2026-03-02T09:21:31.701+0530][info][gc,heap     ] GC(98) Humongous regions: 1->1
[2026-03-02T09:21:31.701+0530][info][gc,metaspace] GC(98) Metaspace: 74310K(74880K)->74310K(74880K) NonClass: 65050K(65344K)->65050K(65344K) Class: 9260K(9536K)->9260K(9536K)
[2026-03-02T09:21:31.701+0530][info][gc          ] GC(98) Pause Young (Normal) (G1 Evacuation Pause) 335M->30M(512M) 4.526ms
[2026-03-02T09:21:31.701+0530][info][gc,cpu      ] GC(98) User=0.02s Sys=0.00s Real=0.02s
[2026-03-02T09:21:43.567+0530][info][gc,start    ] GC(99) Pause Young (Normal) (G1 Evacuation Pause)
[2026-03-02T09:21:43.567+0530][info][gc,task     ] GC(99) Using 12 workers of 13 for evacuation
[2026-03-02T09:21:43.567+0530][info][gc,phases   ] GC(99)   Pre Evacuate Collection Set: 0.2ms
[2026-03-02T09:21:43.567+0530][info][gc,phases   ] GC(99)   Merge Heap Roots: 0.2ms
[2026-03-02T09:21:43.567+0530][info][gc,phases   ] GC(99)   Evacuate Collection Set: 2.8ms
[2026-03-02T09:21:43.567+0530][info][gc,phases   ] GC(99)   Post Evacuate Collection Set: 0.9ms
[2026-03-02T09:21:43.567+0530][info][gc,phases   ] GC(99)   Other: 0.3ms
[2026-03-02T09:21:43.567+0530][info][gc,heap     ] GC(99) Eden regions: 305->0(305)
[2026-03-02T09:21:43.567+0530][info][gc,heap     ] GC(99) Survivor regions: 2->2(39)
[2026-03-02T09:21:43.567+0530][info][gc,heap     ] GC(99) Old regions: 29->29
[2026-03-02T09:21:43.567+0530][info][gc,heap     ] GC(99) Archive regions: 0->0
[2026-03-02T09:21:43.567+0530][info][gc,heap     ] GC(99) Humongous regions: 1->1
[2026-03-02T09:21:43.567+0530][info][gc,metaspace] GC(99) Metaspace: 74310K(74880K)->74310K(74880K) NonClass: 65050K(65344K)->65050K(65344K) Class: 9260K(9536K)->9260K(9536K)
[2026-03-02T09:21:43.567+0530][info][gc          ] GC(99) Pause Young (Normal) (G1 Evacuation Pause) 335M->30M(512M) 4.756ms
[2026-03-02T09:21:43.567+0530][info][gc,cpu      ] GC(99) User=0.00s Sys=0.00s Real=0.00s
[2026-03-02T09:21:56.415+0530][info][gc,start    ] GC(100) Pause Young (Normal) (G1 Evacuation Pause)
[2026-03-02T09:21:56.415+0530][info][gc,task     ] GC(100) Using 12 workers of 13 for evacuation
[2026-03-02T09:21:56.419+0530][info][gc,phases   ] GC(100)   Pre Evacuate Collection Set: 0.2ms
[2026-03-02T09:21:56.419+0530][info][gc,phases   ] GC(100)   Merge Heap Roots: 0.2ms
[2026-03-02T09:21:56.419+0530][info][gc,phases   ] GC(100)   Evacuate Collection Set: 2.6ms
[2026-03-02T09:21:56.419+0530][info][gc,phases   ] GC(100)   Post Evacuate Collection Set: 0.7ms
[2026-03-02T09:21:56.419+0530][info][gc,phases   ] GC(100)   Other: 0.3ms
[2026-03-02T09:21:56.419+0530][info][gc,heap     ] GC(100) Eden regions: 305->0(305)
[2026-03-02T09:21:56.419+0530][info][gc,heap     ] GC(100) Survivor regions: 2->2(39)
[2026-03-02T09:21:56.419+0530][info][gc,heap     ] GC(100) Old regions: 29->29
[2026-03-02T09:21:56.419+0530][info][gc,heap     ] GC(100) Archive regions: 0->0
[2026-03-02T09:21:56.419+0530][info][gc,heap     ] GC(100) Humongous regions: 1->1
[2026-03-02T09:21:56.419+0530][info][gc,metaspace] GC(100) Metaspace: 74311K(74880K)->74311K(74880K) NonClass: 65050K(65344K)->65050K(65344K) Class: 9260K(9536K)->9260K(9536K)
[2026-03-02T09:21:56.419+0530][info][gc          ] GC(100) Pause Young (Normal) (G1 Evacuation Pause) 335M->30M(512M) 4.319ms
[2026-03-02T09:21:56.419+0530][info][gc,cpu      ] GC(100) User=0.00s Sys=0.00s Real=0.00s
[2026-03-02T09:22:08.510+0530][info][gc,start    ] GC(101) Pause Young (Normal) (G1 Evacuation Pause)
[2026-03-02T09:22:08.510+0530][info][gc,task     ] GC(101) Using 12 workers of 13 for evacuation
[2026-03-02T09:22:08.514+0530][info][gc,phases   ] GC(101)   Pre Evacuate Collection Set: 0.3ms
[2026-03-02T09:22:08.515+0530][info][gc,phases   ] GC(101)   Merge Heap Roots: 0.3ms
[2026-03-02T09:22:08.515+0530][info][gc,phases   ] GC(101)   Evacuate Collection Set: 2.4ms
[2026-03-02T09:22:08.515+0530][info][gc,phases   ] GC(101)   Post Evacuate Collection Set: 0.9ms
[2026-03-02T09:22:08.515+0530][info][gc,phases   ] GC(101)   Other: 0.5ms
[2026-03-02T09:22:08.515+0530][info][gc,heap     ] GC(101) Eden regions: 305->0(305)
[2026-03-02T09:22:08.515+0530][info][gc,heap     ] GC(101) Survivor regions: 2->2(39)
[2026-03-02T09:22:08.515+0530][info][gc,heap     ] GC(101) Old regions: 29->29
[2026-03-02T09:22:08.515+0530][info][gc,heap     ] GC(101) Archive regions: 0->0
[2026-03-02T09:22:08.515+0530][info][gc,heap     ] GC(101) Humongous regions: 1->1
[2026-03-02T09:22:08.515+0530][info][gc,metaspace] GC(101) Metaspace: 74315K(74880K)->74315K(74880K) NonClass: 65054K(65344K)->65054K(65344K) Class: 9260K(9536K)->9260K(9536K)
[2026-03-02T09:22:08.515+0530][info][gc          ] GC(101) Pause Young (Normal) (G1 Evacuation Pause) 335M->30M(512M) 4.862ms
[2026-03-02T09:22:08.515+0530][info][gc,cpu      ] GC(101) User=0.00s Sys=0.00s Real=0.01s
[2026-03-02T09:22:19.949+0530][info][gc,start    ] GC(102) Pause Young (Normal) (G1 Evacuation Pause)
[2026-03-02T09:22:19.949+0530][info][gc,task     ] GC(102) Using 12 workers of 13 for evacuation
[2026-03-02T09:22:19.949+0530][info][gc,phases   ] GC(102)   Pre Evacuate Collection Set: 0.1ms
[2026-03-02T09:22:19.949+0530][info][gc,phases   ] GC(102)   Merge Heap Roots: 0.1ms
[2026-03-02T09:22:19.949+0530][info][gc,phases   ] GC(102)   Evacuate Collection Set: 1.6ms
[2026-03-02T09:22:19.949+0530][info][gc,phases   ] GC(102)   Post Evacuate Collection Set: 0.5ms
[2026-03-02T09:22:19.949+0530][info][gc,phases   ] GC(102)   Other: 0.2ms
[2026-03-02T09:22:19.949+0530][info][gc,heap     ] GC(102) Eden regions: 305->0(305)
[2026-03-02T09:22:19.949+0530][info][gc,heap     ] GC(102) Survivor regions: 2->2(39)
[2026-03-02T09:22:19.949+0530][info][gc,heap     ] GC(102) Old regions: 29->29
[2026-03-02T09:22:19.949+0530][info][gc,heap     ] GC(102) Archive regions: 0->0
[2026-03-02T09:22:19.949+0530][info][gc,heap     ] GC(102) Humongous regions: 1->1
[2026-03-02T09:22:19.949+0530][info][gc,metaspace] GC(102) Metaspace: 74364K(74880K)->74364K(74880K) NonClass: 65104K(65344K)->65104K(65344K) Class: 9260K(9536K)->9260K(9536K)
[2026-03-02T09:22:19.949+0530][info][gc          ] GC(102) Pause Young (Normal) (G1 Evacuation Pause) 335M->30M(512M) 3.003ms
[2026-03-02T09:22:19.949+0530][info][gc,cpu      ] GC(102) User=0.00s Sys=0.00s Real=0.00s
[2026-03-02T09:22:30.603+0530][info][gc,start    ] GC(103) Pause Young (Normal) (G1 Evacuation Pause)
[2026-03-02T09:22:30.603+0530][info][gc,task     ] GC(103) Using 12 workers of 13 for evacuation
[2026-03-02T09:22:30.603+0530][info][gc,phases   ] GC(103)   Pre Evacuate Collection Set: 0.2ms
[2026-03-02T09:22:30.603+0530][info][gc,phases   ] GC(103)   Merge Heap Roots: 0.2ms
[2026-03-02T09:22:30.603+0530][info][gc,phases   ] GC(103)   Evacuate Collection Set: 2.6ms
[2026-03-02T09:22:30.603+0530][info][gc,phases   ] GC(103)   Post Evacuate Collection Set: 0.6ms
[2026-03-02T09:22:30.603+0530][info][gc,phases   ] GC(103)   Other: 0.3ms
[2026-03-02T09:22:30.603+0530][info][gc,heap     ] GC(103) Eden regions: 305->0(305)
[2026-03-02T09:22:30.603+0530][info][gc,heap     ] GC(103) Survivor regions: 2->2(39)
[2026-03-02T09:22:30.603+0530][info][gc,heap     ] GC(103) Old regions: 29->29
[2026-03-02T09:22:30.603+0530][info][gc,heap     ] GC(103) Archive regions: 0->0
[2026-03-02T09:22:30.603+0530][info][gc,heap     ] GC(103) Humongous regions: 1->1
[2026-03-02T09:22:30.603+0530][info][gc,metaspace] GC(103) Metaspace: 74364K(74880K)->74364K(74880K) NonClass: 65104K(65344K)->65104K(65344K) Class: 9260K(9536K)->9260K(9536K)
[2026-03-02T09:22:30.603+0530][info][gc          ] GC(103) Pause Young (Normal) (G1 Evacuation Pause) 335M->30M(512M) 4.181ms
[2026-03-02T09:22:30.603+0530][info][gc,cpu      ] GC(103) User=0.06s Sys=0.00s Real=0.00s
[2026-03-02T09:22:40.966+0530][info][gc,start    ] GC(104) Pause Young (Normal) (G1 Evacuation Pause)
[2026-03-02T09:22:40.966+0530][info][gc,task     ] GC(104) Using 12 workers of 13 for evacuation
[2026-03-02T09:22:40.966+0530][info][gc,phases   ] GC(104)   Pre Evacuate Collection Set: 0.2ms
[2026-03-02T09:22:40.966+0530][info][gc,phases   ] GC(104)   Merge Heap Roots: 0.2ms
[2026-03-02T09:22:40.966+0530][info][gc,phases   ] GC(104)   Evacuate Collection Set: 2.4ms
[2026-03-02T09:22:40.966+0530][info][gc,phases   ] GC(104)   Post Evacuate Collection Set: 0.8ms
[2026-03-02T09:22:40.966+0530][info][gc,phases   ] GC(104)   Other: 0.4ms
[2026-03-02T09:22:40.966+0530][info][gc,heap     ] GC(104) Eden regions: 305->0(305)
[2026-03-02T09:22:40.966+0530][info][gc,heap     ] GC(104) Survivor regions: 2->2(39)
[2026-03-02T09:22:40.966+0530][info][gc,heap     ] GC(104) Old regions: 29->29
[2026-03-02T09:22:40.966+0530][info][gc,heap     ] GC(104) Archive regions: 0->0
[2026-03-02T09:22:40.966+0530][info][gc,heap     ] GC(104) Humongous regions: 1->1
[2026-03-02T09:22:40.966+0530][info][gc,metaspace] GC(104) Metaspace: 74364K(74880K)->74364K(74880K) NonClass: 65104K(65344K)->65104K(65344K) Class: 9260K(9536K)->9260K(9536K)
[2026-03-02T09:22:40.966+0530][info][gc          ] GC(104) Pause Young (Normal) (G1 Evacuation Pause) 335M->30M(512M) 4.346ms
[2026-03-02T09:22:40.966+0530][info][gc,cpu      ] GC(104) User=0.00s Sys=0.00s Real=0.00s
[2026-03-02T09:22:52.792+0530][info][gc,start    ] GC(105) Pause Young (Normal) (G1 Evacuation Pause)
[2026-03-02T09:22:52.793+0530][info][gc,task     ] GC(105) Using 12 workers of 13 for evacuation
[2026-03-02T09:22:52.796+0530][info][gc,phases   ] GC(105)   Pre Evacuate Collection Set: 0.2ms
[2026-03-02T09:22:52.796+0530][info][gc,phases   ] GC(105)   Merge Heap Roots: 0.2ms
[2026-03-02T09:22:52.796+0530][info][gc,phases   ] GC(105)   Evacuate Collection Set: 2.5ms
[2026-03-02T09:22:52.796+0530][info][gc,phases   ] GC(105)   Post Evacuate Collection Set: 0.6ms
[2026-03-02T09:22:52.796+0530][info][gc,phases   ] GC(105)   Other: 0.3ms
[2026-03-02T09:22:52.796+0530][info][gc,heap     ] GC(105) Eden regions: 305->0(305)
[2026-03-02T09:22:52.796+0530][info][gc,heap     ] GC(105) Survivor regions: 2->2(39)
[2026-03-02T09:22:52.797+0530][info][gc,heap     ] GC(105) Old regions: 29->29
[2026-03-02T09:22:52.797+0530][info][gc,heap     ] GC(105) Archive regions: 0->0
[2026-03-02T09:22:52.797+0530][info][gc,heap     ] GC(105) Humongous regions: 1->1
[2026-03-02T09:22:52.797+0530][info][gc,metaspace] GC(105) Metaspace: 74364K(74880K)->74364K(74880K) NonClass: 65104K(65344K)->65104K(65344K) Class: 9260K(9536K)->9260K(9536K)
[2026-03-02T09:22:52.797+0530][info][gc          ] GC(105) Pause Young (Normal) (G1 Evacuation Pause) 335M->30M(512M) 4.205ms
[2026-03-02T09:22:52.797+0530][info][gc,cpu      ] GC(105) User=0.02s Sys=0.00s Real=0.00s
[2026-03-02T09:23:02.655+0530][info][gc,start    ] GC(106) Pause Young (Normal) (G1 Evacuation Pause)
[2026-03-02T09:23:02.655+0530][info][gc,task     ] GC(106) Using 12 workers of 13 for evacuation
[2026-03-02T09:23:02.665+0530][info][gc,phases   ] GC(106)   Pre Evacuate Collection Set: 0.2ms
[2026-03-02T09:23:02.665+0530][info][gc,phases   ] GC(106)   Merge Heap Roots: 0.2ms
[2026-03-02T09:23:02.665+0530][info][gc,phases   ] GC(106)   Evacuate Collection Set: 2.2ms
[2026-03-02T09:23:02.665+0530][info][gc,phases   ] GC(106)   Post Evacuate Collection Set: 0.8ms
[2026-03-02T09:23:02.665+0530][info][gc,phases   ] GC(106)   Other: 0.3ms
[2026-03-02T09:23:02.665+0530][info][gc,heap     ] GC(106) Eden regions: 305->0(305)
[2026-03-02T09:23:02.665+0530][info][gc,heap     ] GC(106) Survivor regions: 2->2(39)
[2026-03-02T09:23:02.665+0530][info][gc,heap     ] GC(106) Old regions: 29->29
[2026-03-02T09:23:02.665+0530][info][gc,heap     ] GC(106) Archive regions: 0->0
[2026-03-02T09:23:02.665+0530][info][gc,heap     ] GC(106) Humongous regions: 1->1
[2026-03-02T09:23:02.665+0530][info][gc,metaspace] GC(106) Metaspace: 74364K(74880K)->74364K(74880K) NonClass: 65104K(65344K)->65104K(65344K) Class: 9260K(9536K)->9260K(9536K)
[2026-03-02T09:23:02.665+0530][info][gc          ] GC(106) Pause Young (Normal) (G1 Evacuation Pause) 335M->30M(512M) 4.112ms
[2026-03-02T09:23:02.665+0530][info][gc,cpu      ] GC(106) User=0.00s Sys=0.00s Real=0.01s
[2026-03-02T09:23:13.423+0530][info][gc,start    ] GC(107) Pause Young (Normal) (G1 Evacuation Pause)
[2026-03-02T09:23:13.423+0530][info][gc,task     ] GC(107) Using 12 workers of 13 for evacuation
[2026-03-02T09:23:13.428+0530][info][gc,phases   ] GC(107)   Pre Evacuate Collection Set: 0.2ms
[2026-03-02T09:23:13.428+0530][info][gc,phases   ] GC(107)   Merge Heap Roots: 0.2ms
[2026-03-02T09:23:13.428+0530][info][gc,phases   ] GC(107)   Evacuate Collection Set: 2.9ms
[2026-03-02T09:23:13.428+0530][info][gc,phases   ] GC(107)   Post Evacuate Collection Set: 0.9ms
[2026-03-02T09:23:13.428+0530][info][gc,phases   ] GC(107)   Other: 0.3ms
[2026-03-02T09:23:13.428+0530][info][gc,heap     ] GC(107) Eden regions: 305->0(305)
[2026-03-02T09:23:13.428+0530][info][gc,heap     ] GC(107) Survivor regions: 2->2(39)
[2026-03-02T09:23:13.428+0530][info][gc,heap     ] GC(107) Old regions: 29->29
[2026-03-02T09:23:13.428+0530][info][gc,heap     ] GC(107) Archive regions: 0->0
[2026-03-02T09:23:13.428+0530][info][gc,heap     ] GC(107) Humongous regions: 1->1
[2026-03-02T09:23:13.428+0530][info][gc,metaspace] GC(107) Metaspace: 74364K(74880K)->74364K(74880K) NonClass: 65104K(65344K)->65104K(65344K) Class: 9260K(9536K)->9260K(9536K)
[2026-03-02T09:23:13.428+0530][info][gc          ] GC(107) Pause Young (Normal) (G1 Evacuation Pause) 335M->31M(512M) 4.861ms
[2026-03-02T09:23:13.428+0530][info][gc,cpu      ] GC(107) User=0.00s Sys=0.00s Real=0.00s
[2026-03-02T09:23:23.852+0530][info][gc,start    ] GC(108) Pause Young (Normal) (G1 Evacuation Pause)
[2026-03-02T09:23:23.852+0530][info][gc,task     ] GC(108) Using 12 workers of 13 for evacuation
[2026-03-02T09:23:23.852+0530][info][gc,phases   ] GC(108)   Pre Evacuate Collection Set: 0.2ms
[2026-03-02T09:23:23.852+0530][info][gc,phases   ] GC(108)   Merge Heap Roots: 0.2ms
[2026-03-02T09:23:23.852+0530][info][gc,phases   ] GC(108)   Evacuate Collection Set: 2.0ms
[2026-03-02T09:23:23.852+0530][info][gc,phases   ] GC(108)   Post Evacuate Collection Set: 0.8ms
[2026-03-02T09:23:23.852+0530][info][gc,phases   ] GC(108)   Other: 0.3ms
[2026-03-02T09:23:23.852+0530][info][gc,heap     ] GC(108) Eden regions: 305->0(305)
[2026-03-02T09:23:23.852+0530][info][gc,heap     ] GC(108) Survivor regions: 2->2(39)
[2026-03-02T09:23:23.852+0530][info][gc,heap     ] GC(108) Old regions: 29->29
[2026-03-02T09:23:23.852+0530][info][gc,heap     ] GC(108) Archive regions: 0->0
[2026-03-02T09:23:23.852+0530][info][gc,heap     ] GC(108) Humongous regions: 1->1
[2026-03-02T09:23:23.852+0530][info][gc,metaspace] GC(108) Metaspace: 74365K(74880K)->74365K(74880K) NonClass: 65104K(65344K)->65104K(65344K) Class: 9260K(9536K)->9260K(9536K)
[2026-03-02T09:23:23.852+0530][info][gc          ] GC(108) Pause Young (Normal) (G1 Evacuation Pause) 336M->30M(512M) 3.865ms
[2026-03-02T09:23:23.852+0530][info][gc,cpu      ] GC(108) User=0.00s Sys=0.00s Real=0.00s
[2026-03-02T09:23:34.957+0530][info][gc,start    ] GC(109) Pause Young (Normal) (G1 Evacuation Pause)
[2026-03-02T09:23:34.957+0530][info][gc,task     ] GC(109) Using 12 workers of 13 for evacuation
[2026-03-02T09:23:34.961+0530][info][gc,phases   ] GC(109)   Pre Evacuate Collection Set: 0.2ms
[2026-03-02T09:23:34.961+0530][info][gc,phases   ] GC(109)   Merge Heap Roots: 0.1ms
[2026-03-02T09:23:34.961+0530][info][gc,phases   ] GC(109)   Evacuate Collection Set: 2.3ms
[2026-03-02T09:23:34.961+0530][info][gc,phases   ] GC(109)   Post Evacuate Collection Set: 0.7ms
[2026-03-02T09:23:34.961+0530][info][gc,phases   ] GC(109)   Other: 0.3ms
[2026-03-02T09:23:34.961+0530][info][gc,heap     ] GC(109) Eden regions: 305->0(305)
[2026-03-02T09:23:34.961+0530][info][gc,heap     ] GC(109) Survivor regions: 2->2(39)
[2026-03-02T09:23:34.961+0530][info][gc,heap     ] GC(109) Old regions: 29->29
[2026-03-02T09:23:34.961+0530][info][gc,heap     ] GC(109) Archive regions: 0->0
[2026-03-02T09:23:34.961+0530][info][gc,heap     ] GC(109) Humongous regions: 1->1
[2026-03-02T09:23:34.962+0530][info][gc,metaspace] GC(109) Metaspace: 74365K(74880K)->74365K(74880K) NonClass: 65104K(65344K)->65104K(65344K) Class: 9260K(9536K)->9260K(9536K)
[2026-03-02T09:23:34.962+0530][info][gc          ] GC(109) Pause Young (Normal) (G1 Evacuation Pause) 335M->30M(512M) 3.994ms
[2026-03-02T09:23:34.962+0530][info][gc,cpu      ] GC(109) User=0.00s Sys=0.00s Real=0.00s
[2026-03-02T09:23:45.807+0530][info][gc,start    ] GC(110) Pause Young (Normal) (G1 Evacuation Pause)
[2026-03-02T09:23:45.807+0530][info][gc,task     ] GC(110) Using 12 workers of 13 for evacuation
[2026-03-02T09:23:45.810+0530][info][gc,phases   ] GC(110)   Pre Evacuate Collection Set: 0.1ms
[2026-03-02T09:23:45.810+0530][info][gc,phases   ] GC(110)   Merge Heap Roots: 0.1ms
[2026-03-02T09:23:45.811+0530][info][gc,phases   ] GC(110)   Evacuate Collection Set: 2.6ms
[2026-03-02T09:23:45.811+0530][info][gc,phases   ] GC(110)   Post Evacuate Collection Set: 0.6ms
[2026-03-02T09:23:45.811+0530][info][gc,phases   ] GC(110)   Other: 0.2ms
[2026-03-02T09:23:45.811+0530][info][gc,heap     ] GC(110) Eden regions: 305->0(305)
[2026-03-02T09:23:45.811+0530][info][gc,heap     ] GC(110) Survivor regions: 2->2(39)
[2026-03-02T09:23:45.811+0530][info][gc,heap     ] GC(110) Old regions: 29->29
[2026-03-02T09:23:45.811+0530][info][gc,heap     ] GC(110) Archive regions: 0->0
[2026-03-02T09:23:45.811+0530][info][gc,heap     ] GC(110) Humongous regions: 1->1
[2026-03-02T09:23:45.811+0530][info][gc,metaspace] GC(110) Metaspace: 74370K(74944K)->74370K(74944K) NonClass: 65110K(65408K)->65110K(65408K) Class: 9260K(9536K)->9260K(9536K)
[2026-03-02T09:23:45.811+0530][info][gc          ] GC(110) Pause Young (Normal) (G1 Evacuation Pause) 335M->31M(512M) 4.085ms
[2026-03-02T09:23:45.811+0530][info][gc,cpu      ] GC(110) User=0.00s Sys=0.00s Real=0.00s
[2026-03-02T09:23:56.375+0530][info][gc,start    ] GC(111) Pause Young (Normal) (G1 Evacuation Pause)
[2026-03-02T09:23:56.375+0530][info][gc,task     ] GC(111) Using 12 workers of 13 for evacuation
[2026-03-02T09:23:56.381+0530][info][gc,phases   ] GC(111)   Pre Evacuate Collection Set: 0.2ms
[2026-03-02T09:23:56.381+0530][info][gc,phases   ] GC(111)   Merge Heap Roots: 0.1ms
[2026-03-02T09:23:56.381+0530][info][gc,phases   ] GC(111)   Evacuate Collection Set: 3.2ms
[2026-03-02T09:23:56.381+0530][info][gc,phases   ] GC(111)   Post Evacuate Collection Set: 0.7ms
[2026-03-02T09:23:56.381+0530][info][gc,phases   ] GC(111)   Other: 0.3ms
[2026-03-02T09:23:56.381+0530][info][gc,heap     ] GC(111) Eden regions: 305->0(305)
[2026-03-02T09:23:56.381+0530][info][gc,heap     ] GC(111) Survivor regions: 2->2(39)
[2026-03-02T09:23:56.381+0530][info][gc,heap     ] GC(111) Old regions: 29->29
[2026-03-02T09:23:56.381+0530][info][gc,heap     ] GC(111) Archive regions: 0->0
[2026-03-02T09:23:56.381+0530][info][gc,heap     ] GC(111) Humongous regions: 1->1
[2026-03-02T09:23:56.381+0530][info][gc,metaspace] GC(111) Metaspace: 74370K(74944K)->74370K(74944K) NonClass: 65110K(65408K)->65110K(65408K) Class: 9260K(9536K)->9260K(9536K)
[2026-03-02T09:23:56.381+0530][info][gc          ] GC(111) Pause Young (Normal) (G1 Evacuation Pause) 336M->31M(512M) 4.987ms
[2026-03-02T09:23:56.381+0530][info][gc,cpu      ] GC(111) User=0.00s Sys=0.00s Real=0.01s
[2026-03-02T09:24:07.122+0530][info][gc,start    ] GC(112) Pause Young (Normal) (G1 Evacuation Pause)
[2026-03-02T09:24:07.122+0530][info][gc,task     ] GC(112) Using 12 workers of 13 for evacuation
[2026-03-02T09:24:07.124+0530][info][gc,phases   ] GC(112)   Pre Evacuate Collection Set: 0.1ms
[2026-03-02T09:24:07.124+0530][info][gc,phases   ] GC(112)   Merge Heap Roots: 0.1ms
[2026-03-02T09:24:07.124+0530][info][gc,phases   ] GC(112)   Evacuate Collection Set: 1.2ms
[2026-03-02T09:24:07.124+0530][info][gc,phases   ] GC(112)   Post Evacuate Collection Set: 0.4ms
[2026-03-02T09:24:07.124+0530][info][gc,phases   ] GC(112)   Other: 0.2ms
[2026-03-02T09:24:07.124+0530][info][gc,heap     ] GC(112) Eden regions: 305->0(305)
[2026-03-02T09:24:07.124+0530][info][gc,heap     ] GC(112) Survivor regions: 2->2(39)
[2026-03-02T09:24:07.124+0530][info][gc,heap     ] GC(112) Old regions: 29->29
[2026-03-02T09:24:07.124+0530][info][gc,heap     ] GC(112) Archive regions: 0->0
[2026-03-02T09:24:07.124+0530][info][gc,heap     ] GC(112) Humongous regions: 1->1
[2026-03-02T09:24:07.124+0530][info][gc,metaspace] GC(112) Metaspace: 74370K(74944K)->74370K(74944K) NonClass: 65110K(65408K)->65110K(65408K) Class: 9260K(9536K)->9260K(9536K)
[2026-03-02T09:24:07.124+0530][info][gc          ] GC(112) Pause Young (Normal) (G1 Evacuation Pause) 336M->30M(512M) 2.324ms
[2026-03-02T09:24:07.124+0530][info][gc,cpu      ] GC(112) User=0.00s Sys=0.00s Real=0.00s
[2026-03-02T09:24:17.365+0530][info][gc,start    ] GC(113) Pause Young (Normal) (G1 Evacuation Pause)
[2026-03-02T09:24:17.366+0530][info][gc,task     ] GC(113) Using 12 workers of 13 for evacuation
[2026-03-02T09:24:17.369+0530][info][gc,phases   ] GC(113)   Pre Evacuate Collection Set: 0.2ms
[2026-03-02T09:24:17.369+0530][info][gc,phases   ] GC(113)   Merge Heap Roots: 0.2ms
[2026-03-02T09:24:17.369+0530][info][gc,phases   ] GC(113)   Evacuate Collection Set: 2.5ms
[2026-03-02T09:24:17.369+0530][info][gc,phases   ] GC(113)   Post Evacuate Collection Set: 0.7ms
[2026-03-02T09:24:17.369+0530][info][gc,phases   ] GC(113)   Other: 0.2ms
[2026-03-02T09:24:17.369+0530][info][gc,heap     ] GC(113) Eden regions: 305->0(305)
[2026-03-02T09:24:17.369+0530][info][gc,heap     ] GC(113) Survivor regions: 2->2(39)
[2026-03-02T09:24:17.369+0530][info][gc,heap     ] GC(113) Old regions: 29->29
[2026-03-02T09:24:17.369+0530][info][gc,heap     ] GC(113) Archive regions: 0->0
[2026-03-02T09:24:17.369+0530][info][gc,heap     ] GC(113) Humongous regions: 1->1
[2026-03-02T09:24:17.369+0530][info][gc,metaspace] GC(113) Metaspace: 74370K(74944K)->74370K(74944K) NonClass: 65110K(65408K)->65110K(65408K) Class: 9260K(9536K)->9260K(9536K)
[2026-03-02T09:24:17.369+0530][info][gc          ] GC(113) Pause Young (Normal) (G1 Evacuation Pause) 335M->30M(512M) 4.123ms
[2026-03-02T09:24:17.369+0530][info][gc,cpu      ] GC(113) User=0.00s Sys=0.00s Real=0.00s
[2026-03-02T09:24:28.768+0530][info][gc,start    ] GC(114) Pause Young (Normal) (G1 Evacuation Pause)
[2026-03-02T09:24:28.768+0530][info][gc,task     ] GC(114) Using 12 workers of 13 for evacuation
[2026-03-02T09:24:28.771+0530][info][gc,phases   ] GC(114)   Pre Evacuate Collection Set: 0.3ms
[2026-03-02T09:24:28.771+0530][info][gc,phases   ] GC(114)   Merge Heap Roots: 0.2ms
[2026-03-02T09:24:28.771+0530][info][gc,phases   ] GC(114)   Evacuate Collection Set: 1.0ms
[2026-03-02T09:24:28.771+0530][info][gc,phases   ] GC(114)   Post Evacuate Collection Set: 0.9ms
[2026-03-02T09:24:28.771+0530][info][gc,phases   ] GC(114)   Other: 0.4ms
[2026-03-02T09:24:28.771+0530][info][gc,heap     ] GC(114) Eden regions: 305->0(306)
[2026-03-02T09:24:28.771+0530][info][gc,heap     ] GC(114) Survivor regions: 2->1(39)
[2026-03-02T09:24:28.771+0530][info][gc,heap     ] GC(114) Old regions: 29->29
[2026-03-02T09:24:28.771+0530][info][gc,heap     ] GC(114) Archive regions: 0->0
[2026-03-02T09:24:28.771+0530][info][gc,heap     ] GC(114) Humongous regions: 1->1
[2026-03-02T09:24:28.772+0530][info][gc,metaspace] GC(114) Metaspace: 74371K(74944K)->74371K(74944K) NonClass: 65110K(65408K)->65110K(65408K) Class: 9260K(9536K)->9260K(9536K)
[2026-03-02T09:24:28.772+0530][info][gc          ] GC(114) Pause Young (Normal) (G1 Evacuation Pause) 335M->29M(512M) 3.313ms
[2026-03-02T09:24:28.772+0530][info][gc,cpu      ] GC(114) User=0.00s Sys=0.00s Real=0.00s
[2026-03-02T09:24:39.725+0530][info][gc,start    ] GC(115) Pause Young (Normal) (G1 Evacuation Pause)
[2026-03-02T09:24:39.725+0530][info][gc,task     ] GC(115) Using 12 workers of 13 for evacuation
[2026-03-02T09:24:39.730+0530][info][gc,phases   ] GC(115)   Pre Evacuate Collection Set: 0.2ms
[2026-03-02T09:24:39.730+0530][info][gc,phases   ] GC(115)   Merge Heap Roots: 0.2ms
[2026-03-02T09:24:39.730+0530][info][gc,phases   ] GC(115)   Evacuate Collection Set: 3.6ms
[2026-03-02T09:24:39.730+0530][info][gc,phases   ] GC(115)   Post Evacuate Collection Set: 0.8ms
[2026-03-02T09:24:39.730+0530][info][gc,phases   ] GC(115)   Other: 0.2ms
[2026-03-02T09:24:39.730+0530][info][gc,heap     ] GC(115) Eden regions: 306->0(305)
[2026-03-02T09:24:39.730+0530][info][gc,heap     ] GC(115) Survivor regions: 1->2(39)
[2026-03-02T09:24:39.730+0530][info][gc,heap     ] GC(115) Old regions: 29->29
[2026-03-02T09:24:39.730+0530][info][gc,heap     ] GC(115) Archive regions: 0->0
[2026-03-02T09:24:39.730+0530][info][gc,heap     ] GC(115) Humongous regions: 1->1
[2026-03-02T09:24:39.730+0530][info][gc,metaspace] GC(115) Metaspace: 74371K(74944K)->74371K(74944K) NonClass: 65110K(65408K)->65110K(65408K) Class: 9260K(9536K)->9260K(9536K)
[2026-03-02T09:24:39.730+0530][info][gc          ] GC(115) Pause Young (Normal) (G1 Evacuation Pause) 335M->30M(512M) 5.399ms
[2026-03-02T09:24:39.730+0530][info][gc,cpu      ] GC(115) User=0.00s Sys=0.00s Real=0.01s
[2026-03-02T09:24:50.690+0530][info][gc,start    ] GC(116) Pause Young (Normal) (G1 Evacuation Pause)
[2026-03-02T09:24:50.690+0530][info][gc,task     ] GC(116) Using 12 workers of 13 for evacuation
[2026-03-02T09:24:50.695+0530][info][gc,phases   ] GC(116)   Pre Evacuate Collection Set: 0.2ms
[2026-03-02T09:24:50.695+0530][info][gc,phases   ] GC(116)   Merge Heap Roots: 0.2ms
[2026-03-02T09:24:50.695+0530][info][gc,phases   ] GC(116)   Evacuate Collection Set: 3.5ms
[2026-03-02T09:24:50.695+0530][info][gc,phases   ] GC(116)   Post Evacuate Collection Set: 0.7ms
[2026-03-02T09:24:50.695+0530][info][gc,phases   ] GC(116)   Other: 0.3ms
[2026-03-02T09:24:50.695+0530][info][gc,heap     ] GC(116) Eden regions: 305->0(305)
[2026-03-02T09:24:50.695+0530][info][gc,heap     ] GC(116) Survivor regions: 2->2(39)
[2026-03-02T09:24:50.695+0530][info][gc,heap     ] GC(116) Old regions: 29->29
[2026-03-02T09:24:50.695+0530][info][gc,heap     ] GC(116) Archive regions: 0->0
[2026-03-02T09:24:50.695+0530][info][gc,heap     ] GC(116) Humongous regions: 1->1
[2026-03-02T09:24:50.695+0530][info][gc,metaspace] GC(116) Metaspace: 74371K(74944K)->74371K(74944K) NonClass: 65110K(65408K)->65110K(65408K) Class: 9260K(9536K)->9260K(9536K)
[2026-03-02T09:24:50.695+0530][info][gc          ] GC(116) Pause Young (Normal) (G1 Evacuation Pause) 335M->31M(512M) 5.371ms
[2026-03-02T09:24:50.695+0530][info][gc,cpu      ] GC(116) User=0.00s Sys=0.00s Real=0.00s
[2026-03-02T09:25:00.341+0530][info][gc,start    ] GC(117) Pause Young (Normal) (G1 Evacuation Pause)
[2026-03-02T09:25:00.341+0530][info][gc,task     ] GC(117) Using 12 workers of 13 for evacuation
[2026-03-02T09:25:00.341+0530][info][gc,phases   ] GC(117)   Pre Evacuate Collection Set: 0.2ms
[2026-03-02T09:25:00.341+0530][info][gc,phases   ] GC(117)   Merge Heap Roots: 0.2ms
[2026-03-02T09:25:00.341+0530][info][gc,phases   ] GC(117)   Evacuate Collection Set: 3.3ms
[2026-03-02T09:25:00.341+0530][info][gc,phases   ] GC(117)   Post Evacuate Collection Set: 0.9ms
[2026-03-02T09:25:00.341+0530][info][gc,phases   ] GC(117)   Other: 0.3ms
[2026-03-02T09:25:00.341+0530][info][gc,heap     ] GC(117) Eden regions: 305->0(305)
[2026-03-02T09:25:00.341+0530][info][gc,heap     ] GC(117) Survivor regions: 2->2(39)
[2026-03-02T09:25:00.341+0530][info][gc,heap     ] GC(117) Old regions: 29->29
[2026-03-02T09:25:00.341+0530][info][gc,heap     ] GC(117) Archive regions: 0->0
[2026-03-02T09:25:00.341+0530][info][gc,heap     ] GC(117) Humongous regions: 1->1
[2026-03-02T09:25:00.341+0530][info][gc,metaspace] GC(117) Metaspace: 74371K(74944K)->74371K(74944K) NonClass: 65110K(65408K)->65110K(65408K) Class: 9260K(9536K)->9260K(9536K)
[2026-03-02T09:25:00.341+0530][info][gc          ] GC(117) Pause Young (Normal) (G1 Evacuation Pause) 336M->30M(512M) 5.221ms
[2026-03-02T09:25:00.341+0530][info][gc,cpu      ] GC(117) User=0.03s Sys=0.02s Real=0.00s
[2026-03-02T09:25:12.185+0530][info][gc,start    ] GC(118) Pause Young (Normal) (G1 Evacuation Pause)
[2026-03-02T09:25:12.185+0530][info][gc,task     ] GC(118) Using 12 workers of 13 for evacuation
[2026-03-02T09:25:12.200+0530][info][gc,phases   ] GC(118)   Pre Evacuate Collection Set: 0.3ms
[2026-03-02T09:25:12.200+0530][info][gc,phases   ] GC(118)   Merge Heap Roots: 0.2ms
[2026-03-02T09:25:12.200+0530][info][gc,phases   ] GC(118)   Evacuate Collection Set: 3.4ms
[2026-03-02T09:25:12.200+0530][info][gc,phases   ] GC(118)   Post Evacuate Collection Set: 0.9ms
[2026-03-02T09:25:12.200+0530][info][gc,phases   ] GC(118)   Other: 0.4ms
[2026-03-02T09:25:12.200+0530][info][gc,heap     ] GC(118) Eden regions: 305->0(305)
[2026-03-02T09:25:12.200+0530][info][gc,heap     ] GC(118) Survivor regions: 2->2(39)
[2026-03-02T09:25:12.200+0530][info][gc,heap     ] GC(118) Old regions: 29->29
[2026-03-02T09:25:12.200+0530][info][gc,heap     ] GC(118) Archive regions: 0->0
[2026-03-02T09:25:12.200+0530][info][gc,heap     ] GC(118) Humongous regions: 1->1
[2026-03-02T09:25:12.200+0530][info][gc,metaspace] GC(118) Metaspace: 74371K(74944K)->74371K(74944K) NonClass: 65110K(65408K)->65110K(65408K) Class: 9260K(9536K)->9260K(9536K)
[2026-03-02T09:25:12.200+0530][info][gc          ] GC(118) Pause Young (Normal) (G1 Evacuation Pause) 335M->31M(512M) 5.730ms
[2026-03-02T09:25:12.200+0530][info][gc,cpu      ] GC(118) User=0.00s Sys=0.00s Real=0.02s
[2026-03-02T09:33:42.830+0530][info][gc,start    ] GC(119) Pause Young (Normal) (G1 Evacuation Pause)
[2026-03-02T09:33:42.830+0530][info][gc,task     ] GC(119) Using 12 workers of 13 for evacuation
[2026-03-02T09:33:42.833+0530][info][gc,phases   ] GC(119)   Pre Evacuate Collection Set: 0.2ms
[2026-03-02T09:33:42.833+0530][info][gc,phases   ] GC(119)   Merge Heap Roots: 0.2ms
[2026-03-02T09:33:42.833+0530][info][gc,phases   ] GC(119)   Evacuate Collection Set: 0.6ms
[2026-03-02T09:33:42.833+0530][info][gc,phases   ] GC(119)   Post Evacuate Collection Set: 1.1ms
[2026-03-02T09:33:42.833+0530][info][gc,phases   ] GC(119)   Other: 0.2ms
[2026-03-02T09:33:42.833+0530][info][gc,heap     ] GC(119) Eden regions: 305->0(306)
[2026-03-02T09:33:42.833+0530][info][gc,heap     ] GC(119) Survivor regions: 2->1(39)
[2026-03-02T09:33:42.833+0530][info][gc,heap     ] GC(119) Old regions: 29->29
[2026-03-02T09:33:42.833+0530][info][gc,heap     ] GC(119) Archive regions: 0->0
[2026-03-02T09:33:42.833+0530][info][gc,heap     ] GC(119) Humongous regions: 1->1
[2026-03-02T09:33:42.833+0530][info][gc,metaspace] GC(119) Metaspace: 74447K(75008K)->74447K(75008K) NonClass: 65185K(65472K)->65185K(65472K) Class: 9261K(9536K)->9261K(9536K)
[2026-03-02T09:33:42.833+0530][info][gc          ] GC(119) Pause Young (Normal) (G1 Evacuation Pause) 336M->29M(512M) 2.462ms
[2026-03-02T09:33:42.833+0530][info][gc,cpu      ] GC(119) User=0.00s Sys=0.00s Real=0.00s
[2026-03-02T09:34:15.667+0530][info][gc,heap,exit] Heap
[2026-03-02T09:34:15.667+0530][info][gc,heap,exit]  garbage-first heap   total 524288K, used 42740K [0x00000000dfe00000, 0x0000000100000000)
[2026-03-02T09:34:15.667+0530][info][gc,heap,exit]   region size 1024K, 13 young (13312K), 1 survivors (1024K)
[2026-03-02T09:34:15.667+0530][info][gc,heap,exit]  Metaspace       used 74533K, committed 75072K, reserved 1179648K
[2026-03-02T09:34:15.667+0530][info][gc,heap,exit]   class space    used 9278K, committed 9536K, reserved 1048576K
