[2026-03-02T09:36:47.273+0530][info][gc] Using G1
[2026-03-02T09:36:47.276+0530][info][gc,init] Version: 17.0.12+8-LTS-286 (release)
[2026-03-02T09:36:47.276+0530][info][gc,init] CPUs: 16 total, 16 available
[2026-03-02T09:36:47.276+0530][info][gc,init] Memory: 16044M
[2026-03-02T09:36:47.276+0530][info][gc,init] Large Page Support: Disabled
[2026-03-02T09:36:47.276+0530][info][gc,init] NUMA Support: Disabled
[2026-03-02T09:36:47.276+0530][info][gc,init] Compressed Oops: Enabled (32-bit)
[2026-03-02T09:36:47.276+0530][info][gc,init] Heap Region Size: 1M
[2026-03-02T09:36:47.276+0530][info][gc,init] Heap Min Capacity: 512M
[2026-03-02T09:36:47.276+0530][info][gc,init] Heap Initial Capacity: 512M
[2026-03-02T09:36:47.276+0530][info][gc,init] Heap Max Capacity: 514M
[2026-03-02T09:36:47.276+0530][info][gc,init] Pre-touch: Disabled
[2026-03-02T09:36:47.276+0530][info][gc,init] Parallel Workers: 13
[2026-03-02T09:36:47.276+0530][info][gc,init] Concurrent Workers: 3
[2026-03-02T09:36:47.276+0530][info][gc,init] Concurrent Refinement Workers: 13
[2026-03-02T09:36:47.276+0530][info][gc,init] Periodic GC: Disabled
[2026-03-02T09:36:47.283+0530][info][gc,metaspace] CDS archive(s) mapped at: [0x0000023480000000-0x0000023480bd0000-0x0000023480bd0000), size 12386304, SharedBaseAddress: 0x0000023480000000, ArchiveRelocationMode: 1.
[2026-03-02T09:36:47.283+0530][info][gc,metaspace] Compressed class space mapped at: 0x0000023481000000-0x00000234c1000000, reserved size: 1073741824
[2026-03-02T09:36:47.283+0530][info][gc,metaspace] Narrow klass base: 0x0000023480000000, Narrow klass shift: 0, Narrow klass range: 0x100000000
[2026-03-02T09:36:47.792+0530][info][gc,start    ] GC(0) Pause Young (Normal) (G1 Evacuation Pause)
[2026-03-02T09:36:47.792+0530][info][gc,task     ] GC(0) Using 12 workers of 13 for evacuation
[2026-03-02T09:36:47.795+0530][info][gc,phases   ] GC(0)   Pre Evacuate Collection Set: 0.1ms
[2026-03-02T09:36:47.795+0530][info][gc,phases   ] GC(0)   Merge Heap Roots: 0.1ms
[2026-03-02T09:36:47.795+0530][info][gc,phases   ] GC(0)   Evacuate Collection Set: 2.9ms
[2026-03-02T09:36:47.795+0530][info][gc,phases   ] GC(0)   Post Evacuate Collection Set: 0.3ms
[2026-03-02T09:36:47.795+0530][info][gc,phases   ] GC(0)   Other: 0.3ms
[2026-03-02T09:36:47.795+0530][info][gc,heap     ] GC(0) Eden regions: 25->0(30)
[2026-03-02T09:36:47.795+0530][info][gc,heap     ] GC(0) Survivor regions: 0->4(4)
[2026-03-02T09:36:47.795+0530][info][gc,heap     ] GC(0) Old regions: 0->3
[2026-03-02T09:36:47.795+0530][info][gc,heap     ] GC(0) Archive regions: 0->0
[2026-03-02T09:36:47.795+0530][info][gc,heap     ] GC(0) Humongous regions: 1->1
[2026-03-02T09:36:47.795+0530][info][gc,metaspace] GC(0) Metaspace: 7906K(8128K)->7906K(8128K) NonClass: 7035K(7168K)->7035K(7168K) Class: 870K(960K)->870K(960K)
[2026-03-02T09:36:47.795+0530][info][gc          ] GC(0) Pause Young (Normal) (G1 Evacuation Pause) 26M->7M(512M) 3.779ms
[2026-03-02T09:36:47.795+0530][info][gc,cpu      ] GC(0) User=0.00s Sys=0.00s Real=0.00s
[2026-03-02T09:36:48.127+0530][info][gc,start    ] GC(1) Pause Young (Normal) (G1 Evacuation Pause)
[2026-03-02T09:36:48.127+0530][info][gc,task     ] GC(1) Using 12 workers of 13 for evacuation
[2026-03-02T09:36:48.130+0530][info][gc,phases   ] GC(1)   Pre Evacuate Collection Set: 0.1ms
[2026-03-02T09:36:48.130+0530][info][gc,phases   ] GC(1)   Merge Heap Roots: 0.1ms
[2026-03-02T09:36:48.130+0530][info][gc,phases   ] GC(1)   Evacuate Collection Set: 1.8ms
[2026-03-02T09:36:48.130+0530][info][gc,phases   ] GC(1)   Post Evacuate Collection Set: 0.3ms
[2026-03-02T09:36:48.130+0530][info][gc,phases   ] GC(1)   Other: 0.1ms
[2026-03-02T09:36:48.130+0530][info][gc,heap     ] GC(1) Eden regions: 25->0(58)
[2026-03-02T09:36:48.130+0530][info][gc,heap     ] GC(1) Survivor regions: 4->2(4)
[2026-03-02T09:36:48.130+0530][info][gc,heap     ] GC(1) Old regions: 3->7
[2026-03-02T09:36:48.130+0530][info][gc,heap     ] GC(1) Archive regions: 0->0
[2026-03-02T09:36:48.130+0530][info][gc,heap     ] GC(1) Humongous regions: 1->1
[2026-03-02T09:36:48.130+0530][info][gc,metaspace] GC(1) Metaspace: 14095K(14272K)->14095K(14272K) NonClass: 12411K(12480K)->12411K(12480K) Class: 1683K(1792K)->1683K(1792K)
[2026-03-02T09:36:48.130+0530][info][gc          ] GC(1) Pause Young (Normal) (G1 Evacuation Pause) 32M->8M(512M) 2.489ms
[2026-03-02T09:36:48.130+0530][info][gc,cpu      ] GC(1) User=0.00s Sys=0.00s Real=0.00s
[2026-03-02T09:36:48.792+0530][info][gc,start    ] GC(2) Pause Young (Concurrent Start) (Metadata GC Threshold)
[2026-03-02T09:36:48.792+0530][info][gc,task     ] GC(2) Using 12 workers of 13 for evacuation
[2026-03-02T09:36:48.795+0530][info][gc,phases   ] GC(2)   Pre Evacuate Collection Set: 0.1ms
[2026-03-02T09:36:48.795+0530][info][gc,phases   ] GC(2)   Merge Heap Roots: 0.0ms
[2026-03-02T09:36:48.795+0530][info][gc,phases   ] GC(2)   Evacuate Collection Set: 2.3ms
[2026-03-02T09:36:48.795+0530][info][gc,phases   ] GC(2)   Post Evacuate Collection Set: 0.5ms
[2026-03-02T09:36:48.795+0530][info][gc,phases   ] GC(2)   Other: 0.2ms
[2026-03-02T09:36:48.795+0530][info][gc,heap     ] GC(2) Eden regions: 51->0(229)
[2026-03-02T09:36:48.795+0530][info][gc,heap     ] GC(2) Survivor regions: 2->5(8)
[2026-03-02T09:36:48.795+0530][info][gc,heap     ] GC(2) Old regions: 7->7
[2026-03-02T09:36:48.795+0530][info][gc,heap     ] GC(2) Archive regions: 0->0
[2026-03-02T09:36:48.795+0530][info][gc,heap     ] GC(2) Humongous regions: 1->1
[2026-03-02T09:36:48.795+0530][info][gc,metaspace] GC(2) Metaspace: 21306K(21504K)->21306K(21504K) NonClass: 18735K(18816K)->18735K(18816K) Class: 2571K(2688K)->2571K(2688K)
[2026-03-02T09:36:48.795+0530][info][gc          ] GC(2) Pause Young (Concurrent Start) (Metadata GC Threshold) 59M->11M(512M) 3.235ms
[2026-03-02T09:36:48.795+0530][info][gc,cpu      ] GC(2) User=0.00s Sys=0.00s Real=0.00s
[2026-03-02T09:36:48.795+0530][info][gc          ] GC(3) Concurrent Mark Cycle
[2026-03-02T09:36:48.795+0530][info][gc,marking  ] GC(3) Concurrent Clear Claimed Marks
[2026-03-02T09:36:48.795+0530][info][gc,marking  ] GC(3) Concurrent Clear Claimed Marks 0.020ms
[2026-03-02T09:36:48.795+0530][info][gc,marking  ] GC(3) Concurrent Scan Root Regions
[2026-03-02T09:36:48.796+0530][info][gc,marking  ] GC(3) Concurrent Scan Root Regions 1.075ms
[2026-03-02T09:36:48.796+0530][info][gc,marking  ] GC(3) Concurrent Mark
[2026-03-02T09:36:48.796+0530][info][gc,marking  ] GC(3) Concurrent Mark From Roots
[2026-03-02T09:36:48.796+0530][info][gc,task     ] GC(3) Using 3 workers of 3 for marking
[2026-03-02T09:36:48.798+0530][info][gc,marking  ] GC(3) Concurrent Mark From Roots 1.577ms
[2026-03-02T09:36:48.798+0530][info][gc,marking  ] GC(3) Concurrent Preclean
[2026-03-02T09:36:48.798+0530][info][gc,marking  ] GC(3) Concurrent Preclean 0.050ms
[2026-03-02T09:36:48.798+0530][info][gc,start    ] GC(3) Pause Remark
[2026-03-02T09:36:48.800+0530][info][gc          ] GC(3) Pause Remark 12M->12M(512M) 1.565ms
[2026-03-02T09:36:48.800+0530][info][gc,cpu      ] GC(3) User=0.00s Sys=0.00s Real=0.00s
[2026-03-02T09:36:48.800+0530][info][gc,marking  ] GC(3) Concurrent Mark 3.397ms
[2026-03-02T09:36:48.800+0530][info][gc,marking  ] GC(3) Concurrent Rebuild Remembered Sets
[2026-03-02T09:36:48.801+0530][info][gc,marking  ] GC(3) Concurrent Rebuild Remembered Sets 0.936ms
[2026-03-02T09:36:48.801+0530][info][gc,start    ] GC(3) Pause Cleanup
[2026-03-02T09:36:48.801+0530][info][gc          ] GC(3) Pause Cleanup 12M->12M(512M) 0.096ms
[2026-03-02T09:36:48.801+0530][info][gc,cpu      ] GC(3) User=0.00s Sys=0.00s Real=0.00s
[2026-03-02T09:36:48.801+0530][info][gc,marking  ] GC(3) Concurrent Cleanup for Next Mark
[2026-03-02T09:36:48.801+0530][info][gc,marking  ] GC(3) Concurrent Cleanup for Next Mark 0.685ms
[2026-03-02T09:36:48.801+0530][info][gc          ] GC(3) Concurrent Mark Cycle 6.459ms
[2026-03-02T09:36:50.709+0530][info][gc,start    ] GC(4) Pause Young (Concurrent Start) (Metadata GC Threshold)
[2026-03-02T09:36:50.709+0530][info][gc,task     ] GC(4) Using 12 workers of 13 for evacuation
[2026-03-02T09:36:50.715+0530][info][gc,phases   ] GC(4)   Pre Evacuate Collection Set: 0.1ms
[2026-03-02T09:36:50.716+0530][info][gc,phases   ] GC(4)   Merge Heap Roots: 0.1ms
[2026-03-02T09:36:50.716+0530][info][gc,phases   ] GC(4)   Evacuate Collection Set: 4.8ms
[2026-03-02T09:36:50.716+0530][info][gc,phases   ] GC(4)   Post Evacuate Collection Set: 0.5ms
[2026-03-02T09:36:50.716+0530][info][gc,phases   ] GC(4)   Other: 0.2ms
[2026-03-02T09:36:50.716+0530][info][gc,heap     ] GC(4) Eden regions: 87->0(254)
[2026-03-02T09:36:50.716+0530][info][gc,heap     ] GC(4) Survivor regions: 5->12(30)
[2026-03-02T09:36:50.716+0530][info][gc,heap     ] GC(4) Old regions: 7->7
[2026-03-02T09:36:50.716+0530][info][gc,heap     ] GC(4) Archive regions: 0->0
[2026-03-02T09:36:50.716+0530][info][gc,heap     ] GC(4) Humongous regions: 1->1
[2026-03-02T09:36:50.716+0530][info][gc,metaspace] GC(4) Metaspace: 35838K(36096K)->35838K(36096K) NonClass: 31148K(31296K)->31148K(31296K) Class: 4690K(4800K)->4690K(4800K)
[2026-03-02T09:36:50.716+0530][info][gc          ] GC(4) Pause Young (Concurrent Start) (Metadata GC Threshold) 98M->18M(512M) 5.914ms
[2026-03-02T09:36:50.716+0530][info][gc,cpu      ] GC(4) User=0.00s Sys=0.00s Real=0.01s
[2026-03-02T09:36:50.716+0530][info][gc          ] GC(5) Concurrent Mark Cycle
[2026-03-02T09:36:50.716+0530][info][gc,marking  ] GC(5) Concurrent Clear Claimed Marks
[2026-03-02T09:36:50.716+0530][info][gc,marking  ] GC(5) Concurrent Clear Claimed Marks 0.072ms
[2026-03-02T09:36:50.716+0530][info][gc,marking  ] GC(5) Concurrent Scan Root Regions
[2026-03-02T09:36:50.718+0530][info][gc,marking  ] GC(5) Concurrent Scan Root Regions 2.297ms
[2026-03-02T09:36:50.718+0530][info][gc,marking  ] GC(5) Concurrent Mark
[2026-03-02T09:36:50.718+0530][info][gc,marking  ] GC(5) Concurrent Mark From Roots
[2026-03-02T09:36:50.718+0530][info][gc,task     ] GC(5) Using 3 workers of 3 for marking
[2026-03-02T09:36:50.720+0530][info][gc,marking  ] GC(5) Concurrent Mark From Roots 2.083ms
[2026-03-02T09:36:50.720+0530][info][gc,marking  ] GC(5) Concurrent Preclean
[2026-03-02T09:36:50.720+0530][info][gc,marking  ] GC(5) Concurrent Preclean 0.122ms
[2026-03-02T09:36:50.720+0530][info][gc,start    ] GC(5) Pause Remark
[2026-03-02T09:36:50.723+0530][info][gc          ] GC(5) Pause Remark 19M->19M(512M) 2.519ms
[2026-03-02T09:36:50.723+0530][info][gc,cpu      ] GC(5) User=0.00s Sys=0.00s Real=0.00s
[2026-03-02T09:36:50.723+0530][info][gc,marking  ] GC(5) Concurrent Mark 5.056ms
[2026-03-02T09:36:50.723+0530][info][gc,marking  ] GC(5) Concurrent Rebuild Remembered Sets
[2026-03-02T09:36:50.724+0530][info][gc,marking  ] GC(5) Concurrent Rebuild Remembered Sets 1.068ms
[2026-03-02T09:36:50.724+0530][info][gc,start    ] GC(5) Pause Cleanup
[2026-03-02T09:36:50.724+0530][info][gc          ] GC(5) Pause Cleanup 19M->19M(512M) 0.106ms
[2026-03-02T09:36:50.724+0530][info][gc,cpu      ] GC(5) User=0.00s Sys=0.00s Real=0.00s
[2026-03-02T09:36:50.725+0530][info][gc,marking  ] GC(5) Concurrent Cleanup for Next Mark
[2026-03-02T09:36:50.725+0530][info][gc,marking  ] GC(5) Concurrent Cleanup for Next Mark 0.859ms
[2026-03-02T09:36:50.725+0530][info][gc          ] GC(5) Concurrent Mark Cycle 10.153ms
[2026-03-02T09:36:53.426+0530][info][gc,start    ] GC(6) Pause Young (Concurrent Start) (Metadata GC Threshold)
[2026-03-02T09:36:53.426+0530][info][gc,task     ] GC(6) Using 12 workers of 13 for evacuation
[2026-03-02T09:36:53.437+0530][info][gc,phases   ] GC(6)   Pre Evacuate Collection Set: 0.2ms
[2026-03-02T09:36:53.437+0530][info][gc,phases   ] GC(6)   Merge Heap Roots: 0.1ms
[2026-03-02T09:36:53.437+0530][info][gc,phases   ] GC(6)   Evacuate Collection Set: 10.5ms
[2026-03-02T09:36:53.438+0530][info][gc,phases   ] GC(6)   Post Evacuate Collection Set: 1.0ms
[2026-03-02T09:36:53.438+0530][info][gc,phases   ] GC(6)   Other: 0.2ms
[2026-03-02T09:36:53.438+0530][info][gc,heap     ] GC(6) Eden regions: 108->0(266)
[2026-03-02T09:36:53.438+0530][info][gc,heap     ] GC(6) Survivor regions: 12->19(37)
[2026-03-02T09:36:53.438+0530][info][gc,heap     ] GC(6) Old regions: 7->7
[2026-03-02T09:36:53.438+0530][info][gc,heap     ] GC(6) Archive regions: 0->0
[2026-03-02T09:36:53.438+0530][info][gc,heap     ] GC(6) Humongous regions: 1->1
[2026-03-02T09:36:53.438+0530][info][gc,metaspace] GC(6) Metaspace: 60014K(60416K)->60014K(60416K) NonClass: 52023K(52224K)->52023K(52224K) Class: 7990K(8192K)->7990K(8192K)
[2026-03-02T09:36:53.438+0530][info][gc          ] GC(6) Pause Young (Concurrent Start) (Metadata GC Threshold) 126M->25M(512M) 12.172ms
[2026-03-02T09:36:53.438+0530][info][gc,cpu      ] GC(6) User=0.02s Sys=0.00s Real=0.01s
[2026-03-02T09:36:53.438+0530][info][gc          ] GC(7) Concurrent Mark Cycle
[2026-03-02T09:36:53.438+0530][info][gc,marking  ] GC(7) Concurrent Clear Claimed Marks
[2026-03-02T09:36:53.438+0530][info][gc,marking  ] GC(7) Concurrent Clear Claimed Marks 0.038ms
[2026-03-02T09:36:53.438+0530][info][gc,marking  ] GC(7) Concurrent Scan Root Regions
[2026-03-02T09:36:53.443+0530][info][gc,marking  ] GC(7) Concurrent Scan Root Regions 5.569ms
[2026-03-02T09:36:53.443+0530][info][gc,marking  ] GC(7) Concurrent Mark
[2026-03-02T09:36:53.444+0530][info][gc,marking  ] GC(7) Concurrent Mark From Roots
[2026-03-02T09:36:53.444+0530][info][gc,task     ] GC(7) Using 3 workers of 3 for marking
[2026-03-02T09:36:53.447+0530][info][gc,marking  ] GC(7) Concurrent Mark From Roots 3.497ms
[2026-03-02T09:36:53.447+0530][info][gc,marking  ] GC(7) Concurrent Preclean
[2026-03-02T09:36:53.447+0530][info][gc,marking  ] GC(7) Concurrent Preclean 0.130ms
[2026-03-02T09:36:53.448+0530][info][gc,start    ] GC(7) Pause Remark
[2026-03-02T09:36:53.453+0530][info][gc          ] GC(7) Pause Remark 27M->27M(512M) 5.083ms
[2026-03-02T09:36:53.454+0530][info][gc,cpu      ] GC(7) User=0.02s Sys=0.02s Real=0.01s
[2026-03-02T09:36:53.455+0530][info][gc,marking  ] GC(7) Concurrent Mark 11.291ms
[2026-03-02T09:36:53.455+0530][info][gc,marking  ] GC(7) Concurrent Rebuild Remembered Sets
[2026-03-02T09:36:53.457+0530][info][gc,marking  ] GC(7) Concurrent Rebuild Remembered Sets 1.676ms
[2026-03-02T09:36:53.458+0530][info][gc,start    ] GC(7) Pause Cleanup
[2026-03-02T09:36:53.458+0530][info][gc          ] GC(7) Pause Cleanup 27M->27M(512M) 0.203ms
[2026-03-02T09:36:53.458+0530][info][gc,cpu      ] GC(7) User=0.00s Sys=0.00s Real=0.00s
[2026-03-02T09:36:53.458+0530][info][gc,marking  ] GC(7) Concurrent Cleanup for Next Mark
[2026-03-02T09:36:53.459+0530][info][gc,marking  ] GC(7) Concurrent Cleanup for Next Mark 0.622ms
[2026-03-02T09:36:53.459+0530][info][gc          ] GC(7) Concurrent Mark Cycle 20.878ms
[2026-03-02T10:52:11.725+0530][info][gc,start    ] GC(8) Pause Young (Normal) (G1 Evacuation Pause)
[2026-03-02T10:52:11.725+0530][info][gc,task     ] GC(8) Using 12 workers of 13 for evacuation
[2026-03-02T10:52:11.784+0530][info][gc,phases   ] GC(8)   Pre Evacuate Collection Set: 1.1ms
[2026-03-02T10:52:11.784+0530][info][gc,phases   ] GC(8)   Merge Heap Roots: 0.2ms
[2026-03-02T10:52:11.784+0530][info][gc,phases   ] GC(8)   Evacuate Collection Set: 54.7ms
[2026-03-02T10:52:11.784+0530][info][gc,phases   ] GC(8)   Post Evacuate Collection Set: 2.6ms
[2026-03-02T10:52:11.784+0530][info][gc,phases   ] GC(8)   Other: 1.2ms
[2026-03-02T10:52:11.784+0530][info][gc,heap     ] GC(8) Eden regions: 288->0(284)
[2026-03-02T10:52:11.784+0530][info][gc,heap     ] GC(8) Survivor regions: 19->23(39)
[2026-03-02T10:52:11.784+0530][info][gc,heap     ] GC(8) Old regions: 7->7
[2026-03-02T10:52:11.784+0530][info][gc,heap     ] GC(8) Archive regions: 0->0
[2026-03-02T10:52:11.784+0530][info][gc,heap     ] GC(8) Humongous regions: 1->1
[2026-03-02T10:52:11.784+0530][info][gc,metaspace] GC(8) Metaspace: 69792K(70208K)->69792K(70208K) NonClass: 60805K(60992K)->60805K(60992K) Class: 8987K(9216K)->8987K(9216K)
[2026-03-02T10:52:11.785+0530][info][gc          ] GC(8) Pause Young (Normal) (G1 Evacuation Pause) 313M->29M(512M) 60.019ms
[2026-03-02T10:52:11.785+0530][info][gc,cpu      ] GC(8) User=0.11s Sys=0.09s Real=0.06s
[2026-03-02T10:52:26.861+0530][info][gc,start    ] GC(9) Pause Young (Normal) (G1 Evacuation Pause)
[2026-03-02T10:52:26.861+0530][info][gc,task     ] GC(9) Using 12 workers of 13 for evacuation
[2026-03-02T10:52:26.889+0530][info][gc,phases   ] GC(9)   Pre Evacuate Collection Set: 0.2ms
[2026-03-02T10:52:26.891+0530][info][gc,phases   ] GC(9)   Merge Heap Roots: 0.2ms
[2026-03-02T10:52:26.891+0530][info][gc,phases   ] GC(9)   Evacuate Collection Set: 26.8ms
[2026-03-02T10:52:26.891+0530][info][gc,phases   ] GC(9)   Post Evacuate Collection Set: 2.9ms
[2026-03-02T10:52:26.891+0530][info][gc,phases   ] GC(9)   Other: 0.5ms
[2026-03-02T10:52:26.891+0530][info][gc,heap     ] GC(9) Eden regions: 284->0(285)
[2026-03-02T10:52:26.891+0530][info][gc,heap     ] GC(9) Survivor regions: 23->22(39)
[2026-03-02T10:52:26.891+0530][info][gc,heap     ] GC(9) Old regions: 7->8
[2026-03-02T10:52:26.891+0530][info][gc,heap     ] GC(9) Archive regions: 0->0
[2026-03-02T10:52:26.891+0530][info][gc,heap     ] GC(9) Humongous regions: 1->1
[2026-03-02T10:52:26.891+0530][info][gc,metaspace] GC(9) Metaspace: 71239K(71680K)->71239K(71680K) NonClass: 62116K(62336K)->62116K(62336K) Class: 9122K(9344K)->9122K(9344K)
[2026-03-02T10:52:26.891+0530][info][gc          ] GC(9) Pause Young (Normal) (G1 Evacuation Pause) 313M->30M(512M) 30.708ms
[2026-03-02T10:52:26.891+0530][info][gc,cpu      ] GC(9) User=0.11s Sys=0.02s Real=0.03s
[2026-03-02T10:52:32.573+0530][info][gc,start    ] GC(10) Pause Young (Normal) (G1 Evacuation Pause)
[2026-03-02T10:52:32.573+0530][info][gc,task     ] GC(10) Using 12 workers of 13 for evacuation
[2026-03-02T10:52:32.601+0530][info][gc,phases   ] GC(10)   Pre Evacuate Collection Set: 0.1ms
[2026-03-02T10:52:32.601+0530][info][gc,phases   ] GC(10)   Merge Heap Roots: 0.1ms
[2026-03-02T10:52:32.601+0530][info][gc,phases   ] GC(10)   Evacuate Collection Set: 24.6ms
[2026-03-02T10:52:32.601+0530][info][gc,phases   ] GC(10)   Post Evacuate Collection Set: 1.8ms
[2026-03-02T10:52:32.601+0530][info][gc,phases   ] GC(10)   Other: 0.8ms
[2026-03-02T10:52:32.601+0530][info][gc,heap     ] GC(10) Eden regions: 285->0(287)
[2026-03-02T10:52:32.601+0530][info][gc,heap     ] GC(10) Survivor regions: 22->20(39)
[2026-03-02T10:52:32.601+0530][info][gc,heap     ] GC(10) Old regions: 8->10
[2026-03-02T10:52:32.601+0530][info][gc,heap     ] GC(10) Archive regions: 0->0
[2026-03-02T10:52:32.601+0530][info][gc,heap     ] GC(10) Humongous regions: 1->1
[2026-03-02T10:52:32.601+0530][info][gc,metaspace] GC(10) Metaspace: 71452K(71936K)->71452K(71936K) NonClass: 62323K(62592K)->62323K(62592K) Class: 9129K(9344K)->9129K(9344K)
[2026-03-02T10:52:32.601+0530][info][gc          ] GC(10) Pause Young (Normal) (G1 Evacuation Pause) 315M->30M(512M) 27.200ms
[2026-03-02T10:52:32.601+0530][info][gc,cpu      ] GC(10) User=0.05s Sys=0.06s Real=0.03s
[2026-03-02T10:52:36.632+0530][info][gc,start    ] GC(11) Pause Young (Normal) (G1 Evacuation Pause)
[2026-03-02T10:52:36.632+0530][info][gc,task     ] GC(11) Using 12 workers of 13 for evacuation
[2026-03-02T10:52:36.665+0530][info][gc,phases   ] GC(11)   Pre Evacuate Collection Set: 0.2ms
[2026-03-02T10:52:36.665+0530][info][gc,phases   ] GC(11)   Merge Heap Roots: 0.2ms
[2026-03-02T10:52:36.665+0530][info][gc,phases   ] GC(11)   Evacuate Collection Set: 19.2ms
[2026-03-02T10:52:36.665+0530][info][gc,phases   ] GC(11)   Post Evacuate Collection Set: 2.2ms
[2026-03-02T10:52:36.665+0530][info][gc,phases   ] GC(11)   Other: 0.3ms
[2026-03-02T10:52:36.665+0530][info][gc,heap     ] GC(11) Eden regions: 287->0(287)
[2026-03-02T10:52:36.665+0530][info][gc,heap     ] GC(11) Survivor regions: 20->20(39)
[2026-03-02T10:52:36.665+0530][info][gc,heap     ] GC(11) Old regions: 10->10
[2026-03-02T10:52:36.665+0530][info][gc,heap     ] GC(11) Archive regions: 0->0
[2026-03-02T10:52:36.665+0530][info][gc,heap     ] GC(11) Humongous regions: 1->1
[2026-03-02T10:52:36.665+0530][info][gc,metaspace] GC(11) Metaspace: 71672K(72128K)->71672K(72128K) NonClass: 62540K(62784K)->62540K(62784K) Class: 9132K(9344K)->9132K(9344K)
[2026-03-02T10:52:36.666+0530][info][gc          ] GC(11) Pause Young (Normal) (G1 Evacuation Pause) 317M->30M(512M) 22.527ms
[2026-03-02T10:52:36.666+0530][info][gc,cpu      ] GC(11) User=0.06s Sys=0.00s Real=0.03s
[2026-03-02T10:52:40.931+0530][info][gc,start    ] GC(12) Pause Young (Normal) (G1 Evacuation Pause)
[2026-03-02T10:52:40.931+0530][info][gc,task     ] GC(12) Using 12 workers of 13 for evacuation
[2026-03-02T10:52:40.953+0530][info][gc,phases   ] GC(12)   Pre Evacuate Collection Set: 0.1ms
[2026-03-02T10:52:40.953+0530][info][gc,phases   ] GC(12)   Merge Heap Roots: 0.1ms
[2026-03-02T10:52:40.953+0530][info][gc,phases   ] GC(12)   Evacuate Collection Set: 19.0ms
[2026-03-02T10:52:40.953+0530][info][gc,phases   ] GC(12)   Post Evacuate Collection Set: 2.0ms
[2026-03-02T10:52:40.953+0530][info][gc,phases   ] GC(12)   Other: 0.9ms
[2026-03-02T10:52:40.953+0530][info][gc,heap     ] GC(12) Eden regions: 287->0(286)
[2026-03-02T10:52:40.953+0530][info][gc,heap     ] GC(12) Survivor regions: 20->21(39)
[2026-03-02T10:52:40.953+0530][info][gc,heap     ] GC(12) Old regions: 10->10
[2026-03-02T10:52:40.953+0530][info][gc,heap     ] GC(12) Archive regions: 0->0
[2026-03-02T10:52:40.953+0530][info][gc,heap     ] GC(12) Humongous regions: 1->1
[2026-03-02T10:52:40.953+0530][info][gc,metaspace] GC(12) Metaspace: 71834K(72384K)->71834K(72384K) NonClass: 62700K(62976K)->62700K(62976K) Class: 9134K(9408K)->9134K(9408K)
[2026-03-02T10:52:40.953+0530][info][gc          ] GC(12) Pause Young (Normal) (G1 Evacuation Pause) 317M->31M(512M) 22.463ms
[2026-03-02T10:52:40.953+0530][info][gc,cpu      ] GC(12) User=0.05s Sys=0.03s Real=0.02s
[2026-03-02T10:52:44.633+0530][info][gc,start    ] GC(13) Pause Young (Normal) (G1 Evacuation Pause)
[2026-03-02T10:52:44.633+0530][info][gc,task     ] GC(13) Using 12 workers of 13 for evacuation
[2026-03-02T10:52:44.652+0530][info][gc,phases   ] GC(13)   Pre Evacuate Collection Set: 0.1ms
[2026-03-02T10:52:44.652+0530][info][gc,phases   ] GC(13)   Merge Heap Roots: 0.1ms
[2026-03-02T10:52:44.652+0530][info][gc,phases   ] GC(13)   Evacuate Collection Set: 17.3ms
[2026-03-02T10:52:44.652+0530][info][gc,phases   ] GC(13)   Post Evacuate Collection Set: 1.8ms
[2026-03-02T10:52:44.652+0530][info][gc,phases   ] GC(13)   Other: 0.3ms
[2026-03-02T10:52:44.652+0530][info][gc,heap     ] GC(13) Eden regions: 286->0(287)
[2026-03-02T10:52:44.652+0530][info][gc,heap     ] GC(13) Survivor regions: 21->20(39)
[2026-03-02T10:52:44.652+0530][info][gc,heap     ] GC(13) Old regions: 10->10
[2026-03-02T10:52:44.652+0530][info][gc,heap     ] GC(13) Archive regions: 0->0
[2026-03-02T10:52:44.652+0530][info][gc,heap     ] GC(13) Humongous regions: 1->1
[2026-03-02T10:52:44.652+0530][info][gc,metaspace] GC(13) Metaspace: 72062K(72576K)->72062K(72576K) NonClass: 62922K(63168K)->62922K(63168K) Class: 9139K(9408K)->9139K(9408K)
[2026-03-02T10:52:44.652+0530][info][gc          ] GC(13) Pause Young (Normal) (G1 Evacuation Pause) 317M->30M(512M) 19.936ms
[2026-03-02T10:52:44.653+0530][info][gc,cpu      ] GC(13) User=0.05s Sys=0.00s Real=0.02s
[2026-03-02T10:52:47.898+0530][info][gc,start    ] GC(14) Pause Young (Normal) (G1 Evacuation Pause)
[2026-03-02T10:52:47.898+0530][info][gc,task     ] GC(14) Using 12 workers of 13 for evacuation
[2026-03-02T10:52:47.916+0530][info][gc,phases   ] GC(14)   Pre Evacuate Collection Set: 0.1ms
[2026-03-02T10:52:47.916+0530][info][gc,phases   ] GC(14)   Merge Heap Roots: 0.1ms
[2026-03-02T10:52:47.916+0530][info][gc,phases   ] GC(14)   Evacuate Collection Set: 12.8ms
[2026-03-02T10:52:47.916+0530][info][gc,phases   ] GC(14)   Post Evacuate Collection Set: 1.3ms
[2026-03-02T10:52:47.916+0530][info][gc,phases   ] GC(14)   Other: 0.3ms
[2026-03-02T10:52:47.916+0530][info][gc,heap     ] GC(14) Eden regions: 287->0(289)
[2026-03-02T10:52:47.916+0530][info][gc,heap     ] GC(14) Survivor regions: 20->18(39)
[2026-03-02T10:52:47.916+0530][info][gc,heap     ] GC(14) Old regions: 10->10
[2026-03-02T10:52:47.916+0530][info][gc,heap     ] GC(14) Archive regions: 0->0
[2026-03-02T10:52:47.916+0530][info][gc,heap     ] GC(14) Humongous regions: 1->1
[2026-03-02T10:52:47.916+0530][info][gc,metaspace] GC(14) Metaspace: 72241K(72704K)->72241K(72704K) NonClass: 63102K(63296K)->63102K(63296K) Class: 9139K(9408K)->9139K(9408K)
[2026-03-02T10:52:47.916+0530][info][gc          ] GC(14) Pause Young (Normal) (G1 Evacuation Pause) 317M->28M(512M) 14.874ms
[2026-03-02T10:52:47.916+0530][info][gc,cpu      ] GC(14) User=0.05s Sys=0.02s Real=0.02s
[2026-03-02T10:52:51.567+0530][info][gc,start    ] GC(15) Pause Young (Normal) (G1 Evacuation Pause)
[2026-03-02T10:52:51.567+0530][info][gc,task     ] GC(15) Using 12 workers of 13 for evacuation
[2026-03-02T10:52:51.601+0530][info][gc,phases   ] GC(15)   Pre Evacuate Collection Set: 0.2ms
[2026-03-02T10:52:51.601+0530][info][gc,phases   ] GC(15)   Merge Heap Roots: 0.2ms
[2026-03-02T10:52:51.601+0530][info][gc,phases   ] GC(15)   Evacuate Collection Set: 21.6ms
[2026-03-02T10:52:51.601+0530][info][gc,phases   ] GC(15)   Post Evacuate Collection Set: 2.2ms
[2026-03-02T10:52:51.601+0530][info][gc,phases   ] GC(15)   Other: 0.3ms
[2026-03-02T10:52:51.601+0530][info][gc,heap     ] GC(15) Eden regions: 289->0(286)
[2026-03-02T10:52:51.601+0530][info][gc,heap     ] GC(15) Survivor regions: 18->21(39)
[2026-03-02T10:52:51.601+0530][info][gc,heap     ] GC(15) Old regions: 10->10
[2026-03-02T10:52:51.601+0530][info][gc,heap     ] GC(15) Archive regions: 0->0
[2026-03-02T10:52:51.601+0530][info][gc,heap     ] GC(15) Humongous regions: 1->1
[2026-03-02T10:52:51.601+0530][info][gc,metaspace] GC(15) Metaspace: 72280K(72832K)->72280K(72832K) NonClass: 63138K(63424K)->63138K(63424K) Class: 9141K(9408K)->9141K(9408K)
[2026-03-02T10:52:51.601+0530][info][gc          ] GC(15) Pause Young (Normal) (G1 Evacuation Pause) 317M->31M(512M) 24.870ms
[2026-03-02T10:52:51.601+0530][info][gc,cpu      ] GC(15) User=0.06s Sys=0.02s Real=0.03s
[2026-03-02T10:52:54.832+0530][info][gc,start    ] GC(16) Pause Young (Normal) (G1 Evacuation Pause)
[2026-03-02T10:52:54.832+0530][info][gc,task     ] GC(16) Using 12 workers of 13 for evacuation
[2026-03-02T10:52:54.850+0530][info][gc,phases   ] GC(16)   Pre Evacuate Collection Set: 0.1ms
[2026-03-02T10:52:54.850+0530][info][gc,phases   ] GC(16)   Merge Heap Roots: 0.1ms
[2026-03-02T10:52:54.850+0530][info][gc,phases   ] GC(16)   Evacuate Collection Set: 21.6ms
[2026-03-02T10:52:54.850+0530][info][gc,phases   ] GC(16)   Post Evacuate Collection Set: 2.2ms
[2026-03-02T10:52:54.850+0530][info][gc,phases   ] GC(16)   Other: 0.2ms
[2026-03-02T10:52:54.850+0530][info][gc,heap     ] GC(16) Eden regions: 286->0(287)
[2026-03-02T10:52:54.850+0530][info][gc,heap     ] GC(16) Survivor regions: 21->20(39)
[2026-03-02T10:52:54.850+0530][info][gc,heap     ] GC(16) Old regions: 10->10
[2026-03-02T10:52:54.850+0530][info][gc,heap     ] GC(16) Archive regions: 0->0
[2026-03-02T10:52:54.850+0530][info][gc,heap     ] GC(16) Humongous regions: 1->1
[2026-03-02T10:52:54.850+0530][info][gc,metaspace] GC(16) Metaspace: 72449K(72960K)->72449K(72960K) NonClass: 63302K(63552K)->63302K(63552K) Class: 9146K(9408K)->9146K(9408K)
[2026-03-02T10:52:54.850+0530][info][gc          ] GC(16) Pause Young (Normal) (G1 Evacuation Pause) 317M->30M(512M) 24.613ms
[2026-03-02T10:52:54.858+0530][info][gc,cpu      ] GC(16) User=0.06s Sys=0.00s Real=0.03s
[2026-03-02T10:52:58.174+0530][info][gc,start    ] GC(17) Pause Young (Normal) (G1 Evacuation Pause)
[2026-03-02T10:52:58.175+0530][info][gc,task     ] GC(17) Using 12 workers of 13 for evacuation
[2026-03-02T10:52:58.198+0530][info][gc,phases   ] GC(17)   Pre Evacuate Collection Set: 0.2ms
[2026-03-02T10:52:58.198+0530][info][gc,phases   ] GC(17)   Merge Heap Roots: 0.2ms
[2026-03-02T10:52:58.198+0530][info][gc,phases   ] GC(17)   Evacuate Collection Set: 20.3ms
[2026-03-02T10:52:58.198+0530][info][gc,phases   ] GC(17)   Post Evacuate Collection Set: 2.2ms
[2026-03-02T10:52:58.198+0530][info][gc,phases   ] GC(17)   Other: 0.3ms
[2026-03-02T10:52:58.198+0530][info][gc,heap     ] GC(17) Eden regions: 287->0(288)
[2026-03-02T10:52:58.198+0530][info][gc,heap     ] GC(17) Survivor regions: 20->19(39)
[2026-03-02T10:52:58.198+0530][info][gc,heap     ] GC(17) Old regions: 10->10
[2026-03-02T10:52:58.198+0530][info][gc,heap     ] GC(17) Archive regions: 0->0
[2026-03-02T10:52:58.198+0530][info][gc,heap     ] GC(17) Humongous regions: 1->1
[2026-03-02T10:52:58.198+0530][info][gc,metaspace] GC(17) Metaspace: 72522K(73024K)->72522K(73024K) NonClass: 63372K(63616K)->63372K(63616K) Class: 9150K(9408K)->9150K(9408K)
[2026-03-02T10:52:58.198+0530][info][gc          ] GC(17) Pause Young (Normal) (G1 Evacuation Pause) 317M->29M(512M) 23.589ms
[2026-03-02T10:52:58.198+0530][info][gc,cpu      ] GC(17) User=0.06s Sys=0.00s Real=0.02s
[2026-03-02T10:53:02.137+0530][info][gc,start    ] GC(18) Pause Young (Normal) (G1 Evacuation Pause)
[2026-03-02T10:53:02.137+0530][info][gc,task     ] GC(18) Using 12 workers of 13 for evacuation
[2026-03-02T10:53:02.162+0530][info][gc,phases   ] GC(18)   Pre Evacuate Collection Set: 0.2ms
[2026-03-02T10:53:02.162+0530][info][gc,phases   ] GC(18)   Merge Heap Roots: 0.2ms
[2026-03-02T10:53:02.162+0530][info][gc,phases   ] GC(18)   Evacuate Collection Set: 23.2ms
[2026-03-02T10:53:02.162+0530][info][gc,phases   ] GC(18)   Post Evacuate Collection Set: 2.3ms
[2026-03-02T10:53:02.162+0530][info][gc,phases   ] GC(18)   Other: 0.3ms
[2026-03-02T10:53:02.162+0530][info][gc,heap     ] GC(18) Eden regions: 288->0(286)
[2026-03-02T10:53:02.162+0530][info][gc,heap     ] GC(18) Survivor regions: 19->21(39)
[2026-03-02T10:53:02.162+0530][info][gc,heap     ] GC(18) Old regions: 10->10
[2026-03-02T10:53:02.162+0530][info][gc,heap     ] GC(18) Archive regions: 0->0
[2026-03-02T10:53:02.162+0530][info][gc,heap     ] GC(18) Humongous regions: 1->1
[2026-03-02T10:53:02.162+0530][info][gc,metaspace] GC(18) Metaspace: 72630K(73152K)->72630K(73152K) NonClass: 63478K(63744K)->63478K(63744K) Class: 9152K(9408K)->9152K(9408K)
[2026-03-02T10:53:02.162+0530][info][gc          ] GC(18) Pause Young (Normal) (G1 Evacuation Pause) 317M->31M(512M) 26.852ms
[2026-03-02T10:53:02.162+0530][info][gc,cpu      ] GC(18) User=0.11s Sys=0.02s Real=0.02s
[2026-03-02T10:53:05.089+0530][info][gc,start    ] GC(19) Pause Young (Normal) (G1 Evacuation Pause)
[2026-03-02T10:53:05.089+0530][info][gc,task     ] GC(19) Using 12 workers of 13 for evacuation
[2026-03-02T10:53:05.109+0530][info][gc,phases   ] GC(19)   Pre Evacuate Collection Set: 0.2ms
[2026-03-02T10:53:05.109+0530][info][gc,phases   ] GC(19)   Merge Heap Roots: 0.2ms
[2026-03-02T10:53:05.109+0530][info][gc,phases   ] GC(19)   Evacuate Collection Set: 17.6ms
[2026-03-02T10:53:05.109+0530][info][gc,phases   ] GC(19)   Post Evacuate Collection Set: 2.1ms
[2026-03-02T10:53:05.109+0530][info][gc,phases   ] GC(19)   Other: 0.3ms
[2026-03-02T10:53:05.109+0530][info][gc,heap     ] GC(19) Eden regions: 286->0(288)
[2026-03-02T10:53:05.109+0530][info][gc,heap     ] GC(19) Survivor regions: 21->19(39)
[2026-03-02T10:53:05.109+0530][info][gc,heap     ] GC(19) Old regions: 10->10
[2026-03-02T10:53:05.109+0530][info][gc,heap     ] GC(19) Archive regions: 0->0
[2026-03-02T10:53:05.109+0530][info][gc,heap     ] GC(19) Humongous regions: 1->1
[2026-03-02T10:53:05.109+0530][info][gc,metaspace] GC(19) Metaspace: 72666K(73152K)->72666K(73152K) NonClass: 63513K(63744K)->63513K(63744K) Class: 9152K(9408K)->9152K(9408K)
[2026-03-02T10:53:05.110+0530][info][gc          ] GC(19) Pause Young (Normal) (G1 Evacuation Pause) 317M->29M(512M) 20.918ms
[2026-03-02T10:53:05.110+0530][info][gc,cpu      ] GC(19) User=0.08s Sys=0.00s Real=0.02s
[2026-03-02T10:53:09.175+0530][info][gc,start    ] GC(20) Pause Young (Normal) (G1 Evacuation Pause)
[2026-03-02T10:53:09.175+0530][info][gc,task     ] GC(20) Using 12 workers of 13 for evacuation
[2026-03-02T10:53:09.196+0530][info][gc,phases   ] GC(20)   Pre Evacuate Collection Set: 0.2ms
[2026-03-02T10:53:09.196+0530][info][gc,phases   ] GC(20)   Merge Heap Roots: 0.2ms
[2026-03-02T10:53:09.196+0530][info][gc,phases   ] GC(20)   Evacuate Collection Set: 18.9ms
[2026-03-02T10:53:09.196+0530][info][gc,phases   ] GC(20)   Post Evacuate Collection Set: 2.2ms
[2026-03-02T10:53:09.196+0530][info][gc,phases   ] GC(20)   Other: 0.3ms
[2026-03-02T10:53:09.197+0530][info][gc,heap     ] GC(20) Eden regions: 288->0(287)
[2026-03-02T10:53:09.197+0530][info][gc,heap     ] GC(20) Survivor regions: 19->20(39)
[2026-03-02T10:53:09.197+0530][info][gc,heap     ] GC(20) Old regions: 10->10
[2026-03-02T10:53:09.197+0530][info][gc,heap     ] GC(20) Archive regions: 0->0
[2026-03-02T10:53:09.197+0530][info][gc,heap     ] GC(20) Humongous regions: 1->1
[2026-03-02T10:53:09.197+0530][info][gc,metaspace] GC(20) Metaspace: 72686K(73152K)->72686K(73152K) NonClass: 63534K(63744K)->63534K(63744K) Class: 9152K(9408K)->9152K(9408K)
[2026-03-02T10:53:09.197+0530][info][gc          ] GC(20) Pause Young (Normal) (G1 Evacuation Pause) 317M->30M(512M) 22.238ms
[2026-03-02T10:53:09.197+0530][info][gc,cpu      ] GC(20) User=0.06s Sys=0.00s Real=0.02s
[2026-03-02T10:53:12.665+0530][info][gc,start    ] GC(21) Pause Young (Normal) (G1 Evacuation Pause)
[2026-03-02T10:53:12.665+0530][info][gc,task     ] GC(21) Using 12 workers of 13 for evacuation
[2026-03-02T10:53:12.690+0530][info][gc,phases   ] GC(21)   Pre Evacuate Collection Set: 0.1ms
[2026-03-02T10:53:12.690+0530][info][gc,phases   ] GC(21)   Merge Heap Roots: 0.1ms
[2026-03-02T10:53:12.690+0530][info][gc,phases   ] GC(21)   Evacuate Collection Set: 22.3ms
[2026-03-02T10:53:12.690+0530][info][gc,phases   ] GC(21)   Post Evacuate Collection Set: 2.0ms
[2026-03-02T10:53:12.690+0530][info][gc,phases   ] GC(21)   Other: 0.2ms
[2026-03-02T10:53:12.690+0530][info][gc,heap     ] GC(21) Eden regions: 287->0(291)
[2026-03-02T10:53:12.690+0530][info][gc,heap     ] GC(21) Survivor regions: 20->16(39)
[2026-03-02T10:53:12.690+0530][info][gc,heap     ] GC(21) Old regions: 10->15
[2026-03-02T10:53:12.690+0530][info][gc,heap     ] GC(21) Archive regions: 0->0
[2026-03-02T10:53:12.690+0530][info][gc,heap     ] GC(21) Humongous regions: 1->1
[2026-03-02T10:53:12.690+0530][info][gc,metaspace] GC(21) Metaspace: 72745K(73280K)->72745K(73280K) NonClass: 63592K(63872K)->63592K(63872K) Class: 9152K(9408K)->9152K(9408K)
[2026-03-02T10:53:12.690+0530][info][gc          ] GC(21) Pause Young (Normal) (G1 Evacuation Pause) 317M->31M(512M) 25.189ms
[2026-03-02T10:53:12.690+0530][info][gc,cpu      ] GC(21) User=0.11s Sys=0.00s Real=0.03s
[2026-03-02T10:53:16.917+0530][info][gc,start    ] GC(22) Pause Young (Normal) (G1 Evacuation Pause)
[2026-03-02T10:53:16.917+0530][info][gc,task     ] GC(22) Using 12 workers of 13 for evacuation
[2026-03-02T10:53:16.934+0530][info][gc,phases   ] GC(22)   Pre Evacuate Collection Set: 0.2ms
[2026-03-02T10:53:16.934+0530][info][gc,phases   ] GC(22)   Merge Heap Roots: 0.2ms
[2026-03-02T10:53:16.934+0530][info][gc,phases   ] GC(22)   Evacuate Collection Set: 16.7ms
[2026-03-02T10:53:16.934+0530][info][gc,phases   ] GC(22)   Post Evacuate Collection Set: 1.9ms
[2026-03-02T10:53:16.934+0530][info][gc,phases   ] GC(22)   Other: 0.3ms
[2026-03-02T10:53:16.934+0530][info][gc,heap     ] GC(22) Eden regions: 291->0(298)
[2026-03-02T10:53:16.934+0530][info][gc,heap     ] GC(22) Survivor regions: 16->9(39)
[2026-03-02T10:53:16.934+0530][info][gc,heap     ] GC(22) Old regions: 15->22
[2026-03-02T10:53:16.934+0530][info][gc,heap     ] GC(22) Archive regions: 0->0
[2026-03-02T10:53:16.934+0530][info][gc,heap     ] GC(22) Humongous regions: 1->1
[2026-03-02T10:53:16.934+0530][info][gc,metaspace] GC(22) Metaspace: 72793K(73344K)->72793K(73344K) NonClass: 63640K(63936K)->63640K(63936K) Class: 9152K(9408K)->9152K(9408K)
[2026-03-02T10:53:16.934+0530][info][gc          ] GC(22) Pause Young (Normal) (G1 Evacuation Pause) 322M->30M(512M) 19.637ms
[2026-03-02T10:53:16.934+0530][info][gc,cpu      ] GC(22) User=0.06s Sys=0.02s Real=0.02s
[2026-03-02T10:53:21.999+0530][info][gc,start    ] GC(23) Pause Young (Normal) (G1 Evacuation Pause)
[2026-03-02T10:53:21.999+0530][info][gc,task     ] GC(23) Using 12 workers of 13 for evacuation
[2026-03-02T10:53:22.004+0530][info][gc,phases   ] GC(23)   Pre Evacuate Collection Set: 0.1ms
[2026-03-02T10:53:22.004+0530][info][gc,phases   ] GC(23)   Merge Heap Roots: 0.1ms
[2026-03-02T10:53:22.004+0530][info][gc,phases   ] GC(23)   Evacuate Collection Set: 10.9ms
[2026-03-02T10:53:22.004+0530][info][gc,phases   ] GC(23)   Post Evacuate Collection Set: 1.0ms
[2026-03-02T10:53:22.004+0530][info][gc,phases   ] GC(23)   Other: 0.2ms
[2026-03-02T10:53:22.004+0530][info][gc,heap     ] GC(23) Eden regions: 298->0(301)
[2026-03-02T10:53:22.004+0530][info][gc,heap     ] GC(23) Survivor regions: 9->6(39)
[2026-03-02T10:53:22.004+0530][info][gc,heap     ] GC(23) Old regions: 22->25
[2026-03-02T10:53:22.004+0530][info][gc,heap     ] GC(23) Archive regions: 0->0
[2026-03-02T10:53:22.004+0530][info][gc,heap     ] GC(23) Humongous regions: 1->1
[2026-03-02T10:53:22.004+0530][info][gc,metaspace] GC(23) Metaspace: 72839K(73344K)->72839K(73344K) NonClass: 63686K(63936K)->63686K(63936K) Class: 9152K(9408K)->9152K(9408K)
[2026-03-02T10:53:22.004+0530][info][gc          ] GC(23) Pause Young (Normal) (G1 Evacuation Pause) 328M->31M(512M) 12.691ms
[2026-03-02T10:53:22.004+0530][info][gc,cpu      ] GC(23) User=0.06s Sys=0.00s Real=0.00s
[2026-03-02T10:53:26.432+0530][info][gc,start    ] GC(24) Pause Young (Normal) (G1 Evacuation Pause)
[2026-03-02T10:53:26.432+0530][info][gc,task     ] GC(24) Using 12 workers of 13 for evacuation
[2026-03-02T10:53:26.449+0530][info][gc,phases   ] GC(24)   Pre Evacuate Collection Set: 0.2ms
[2026-03-02T10:53:26.449+0530][info][gc,phases   ] GC(24)   Merge Heap Roots: 0.2ms
[2026-03-02T10:53:26.449+0530][info][gc,phases   ] GC(24)   Evacuate Collection Set: 4.4ms
[2026-03-02T10:53:26.449+0530][info][gc,phases   ] GC(24)   Post Evacuate Collection Set: 0.6ms
[2026-03-02T10:53:26.449+0530][info][gc,phases   ] GC(24)   Other: 0.3ms
[2026-03-02T10:53:26.449+0530][info][gc,heap     ] GC(24) Eden regions: 301->0(304)
[2026-03-02T10:53:26.449+0530][info][gc,heap     ] GC(24) Survivor regions: 6->3(39)
[2026-03-02T10:53:26.449+0530][info][gc,heap     ] GC(24) Old regions: 25->27
[2026-03-02T10:53:26.449+0530][info][gc,heap     ] GC(24) Archive regions: 0->0
[2026-03-02T10:53:26.449+0530][info][gc,heap     ] GC(24) Humongous regions: 1->1
[2026-03-02T10:53:26.449+0530][info][gc,metaspace] GC(24) Metaspace: 72868K(73408K)->72868K(73408K) NonClass: 63715K(64000K)->63715K(64000K) Class: 9152K(9408K)->9152K(9408K)
[2026-03-02T10:53:26.449+0530][info][gc          ] GC(24) Pause Young (Normal) (G1 Evacuation Pause) 332M->29M(512M) 6.052ms
[2026-03-02T10:53:26.449+0530][info][gc,cpu      ] GC(24) User=0.00s Sys=0.00s Real=0.02s
[2026-03-02T10:53:30.871+0530][info][gc,start    ] GC(25) Pause Young (Normal) (G1 Evacuation Pause)
[2026-03-02T10:53:30.871+0530][info][gc,task     ] GC(25) Using 12 workers of 13 for evacuation
[2026-03-02T10:53:30.876+0530][info][gc,phases   ] GC(25)   Pre Evacuate Collection Set: 0.2ms
[2026-03-02T10:53:30.876+0530][info][gc,phases   ] GC(25)   Merge Heap Roots: 0.2ms
[2026-03-02T10:53:30.876+0530][info][gc,phases   ] GC(25)   Evacuate Collection Set: 4.0ms
[2026-03-02T10:53:30.876+0530][info][gc,phases   ] GC(25)   Post Evacuate Collection Set: 0.7ms
[2026-03-02T10:53:30.876+0530][info][gc,phases   ] GC(25)   Other: 0.3ms
[2026-03-02T10:53:30.876+0530][info][gc,heap     ] GC(25) Eden regions: 304->0(304)
[2026-03-02T10:53:30.876+0530][info][gc,heap     ] GC(25) Survivor regions: 3->3(39)
[2026-03-02T10:53:30.876+0530][info][gc,heap     ] GC(25) Old regions: 27->27
[2026-03-02T10:53:30.876+0530][info][gc,heap     ] GC(25) Archive regions: 0->0
[2026-03-02T10:53:30.876+0530][info][gc,heap     ] GC(25) Humongous regions: 1->1
[2026-03-02T10:53:30.876+0530][info][gc,metaspace] GC(25) Metaspace: 72872K(73408K)->72872K(73408K) NonClass: 63720K(64000K)->63720K(64000K) Class: 9152K(9408K)->9152K(9408K)
[2026-03-02T10:53:30.876+0530][info][gc          ] GC(25) Pause Young (Normal) (G1 Evacuation Pause) 333M->29M(512M) 5.719ms
[2026-03-02T10:53:30.876+0530][info][gc,cpu      ] GC(25) User=0.03s Sys=0.00s Real=0.00s
[2026-03-02T10:53:35.742+0530][info][gc,start    ] GC(26) Pause Young (Normal) (G1 Evacuation Pause)
[2026-03-02T10:53:35.743+0530][info][gc,task     ] GC(26) Using 12 workers of 13 for evacuation
[2026-03-02T10:53:35.747+0530][info][gc,phases   ] GC(26)   Pre Evacuate Collection Set: 0.2ms
[2026-03-02T10:53:35.748+0530][info][gc,phases   ] GC(26)   Merge Heap Roots: 0.1ms
[2026-03-02T10:53:35.748+0530][info][gc,phases   ] GC(26)   Evacuate Collection Set: 3.7ms
[2026-03-02T10:53:35.748+0530][info][gc,phases   ] GC(26)   Post Evacuate Collection Set: 0.7ms
[2026-03-02T10:53:35.748+0530][info][gc,phases   ] GC(26)   Other: 0.3ms
[2026-03-02T10:53:35.748+0530][info][gc,heap     ] GC(26) Eden regions: 304->0(304)
[2026-03-02T10:53:35.748+0530][info][gc,heap     ] GC(26) Survivor regions: 3->3(39)
[2026-03-02T10:53:35.748+0530][info][gc,heap     ] GC(26) Old regions: 27->27
[2026-03-02T10:53:35.748+0530][info][gc,heap     ] GC(26) Archive regions: 0->0
[2026-03-02T10:53:35.748+0530][info][gc,heap     ] GC(26) Humongous regions: 1->1
[2026-03-02T10:53:35.748+0530][info][gc,metaspace] GC(26) Metaspace: 72882K(73408K)->72882K(73408K) NonClass: 63729K(64000K)->63729K(64000K) Class: 9152K(9408K)->9152K(9408K)
[2026-03-02T10:53:35.748+0530][info][gc          ] GC(26) Pause Young (Normal) (G1 Evacuation Pause) 333M->29M(512M) 5.359ms
[2026-03-02T10:53:35.748+0530][info][gc,cpu      ] GC(26) User=0.00s Sys=0.00s Real=0.01s
[2026-03-02T10:53:40.303+0530][info][gc,start    ] GC(27) Pause Young (Normal) (G1 Evacuation Pause)
[2026-03-02T10:53:40.303+0530][info][gc,task     ] GC(27) Using 12 workers of 13 for evacuation
[2026-03-02T10:53:40.307+0530][info][gc,phases   ] GC(27)   Pre Evacuate Collection Set: 0.2ms
[2026-03-02T10:53:40.307+0530][info][gc,phases   ] GC(27)   Merge Heap Roots: 0.1ms
[2026-03-02T10:53:40.307+0530][info][gc,phases   ] GC(27)   Evacuate Collection Set: 5.2ms
[2026-03-02T10:53:40.307+0530][info][gc,phases   ] GC(27)   Post Evacuate Collection Set: 0.8ms
[2026-03-02T10:53:40.312+0530][info][gc,phases   ] GC(27)   Other: 0.3ms
[2026-03-02T10:53:40.312+0530][info][gc,heap     ] GC(27) Eden regions: 304->0(303)
[2026-03-02T10:53:40.312+0530][info][gc,heap     ] GC(27) Survivor regions: 3->4(39)
[2026-03-02T10:53:40.312+0530][info][gc,heap     ] GC(27) Old regions: 27->27
[2026-03-02T10:53:40.312+0530][info][gc,heap     ] GC(27) Archive regions: 0->0
[2026-03-02T10:53:40.312+0530][info][gc,heap     ] GC(27) Humongous regions: 1->1
[2026-03-02T10:53:40.312+0530][info][gc,metaspace] GC(27) Metaspace: 72892K(73408K)->72892K(73408K) NonClass: 63739K(64000K)->63739K(64000K) Class: 9152K(9408K)->9152K(9408K)
[2026-03-02T10:53:40.312+0530][info][gc          ] GC(27) Pause Young (Normal) (G1 Evacuation Pause) 333M->31M(512M) 6.928ms
[2026-03-02T10:53:40.312+0530][info][gc,cpu      ] GC(27) User=0.00s Sys=0.00s Real=0.01s
[2026-03-02T10:53:44.948+0530][info][gc,start    ] GC(28) Pause Young (Normal) (G1 Evacuation Pause)
[2026-03-02T10:53:44.948+0530][info][gc,task     ] GC(28) Using 12 workers of 13 for evacuation
[2026-03-02T10:53:44.950+0530][info][gc,phases   ] GC(28)   Pre Evacuate Collection Set: 0.2ms
[2026-03-02T10:53:44.950+0530][info][gc,phases   ] GC(28)   Merge Heap Roots: 0.1ms
[2026-03-02T10:53:44.950+0530][info][gc,phases   ] GC(28)   Evacuate Collection Set: 1.8ms
[2026-03-02T10:53:44.950+0530][info][gc,phases   ] GC(28)   Post Evacuate Collection Set: 0.5ms
[2026-03-02T10:53:44.950+0530][info][gc,phases   ] GC(28)   Other: 0.2ms
[2026-03-02T10:53:44.950+0530][info][gc,heap     ] GC(28) Eden regions: 303->0(305)
[2026-03-02T10:53:44.950+0530][info][gc,heap     ] GC(28) Survivor regions: 4->2(39)
[2026-03-02T10:53:44.950+0530][info][gc,heap     ] GC(28) Old regions: 27->27
[2026-03-02T10:53:44.950+0530][info][gc,heap     ] GC(28) Archive regions: 0->0
[2026-03-02T10:53:44.950+0530][info][gc,heap     ] GC(28) Humongous regions: 1->1
[2026-03-02T10:53:44.950+0530][info][gc,metaspace] GC(28) Metaspace: 72904K(73408K)->72904K(73408K) NonClass: 63751K(64000K)->63751K(64000K) Class: 9152K(9408K)->9152K(9408K)
[2026-03-02T10:53:44.950+0530][info][gc          ] GC(28) Pause Young (Normal) (G1 Evacuation Pause) 334M->29M(512M) 2.884ms
[2026-03-02T10:53:44.950+0530][info][gc,cpu      ] GC(28) User=0.00s Sys=0.00s Real=0.00s
[2026-03-02T10:53:49.514+0530][info][gc,start    ] GC(29) Pause Young (Normal) (G1 Evacuation Pause)
[2026-03-02T10:53:49.514+0530][info][gc,task     ] GC(29) Using 12 workers of 13 for evacuation
[2026-03-02T10:53:49.515+0530][info][gc,phases   ] GC(29)   Pre Evacuate Collection Set: 0.2ms
[2026-03-02T10:53:49.515+0530][info][gc,phases   ] GC(29)   Merge Heap Roots: 0.2ms
[2026-03-02T10:53:49.515+0530][info][gc,phases   ] GC(29)   Evacuate Collection Set: 1.8ms
[2026-03-02T10:53:49.515+0530][info][gc,phases   ] GC(29)   Post Evacuate Collection Set: 0.8ms
[2026-03-02T10:53:49.515+0530][info][gc,phases   ] GC(29)   Other: 0.3ms
[2026-03-02T10:53:49.515+0530][info][gc,heap     ] GC(29) Eden regions: 305->0(305)
[2026-03-02T10:53:49.515+0530][info][gc,heap     ] GC(29) Survivor regions: 2->2(39)
[2026-03-02T10:53:49.515+0530][info][gc,heap     ] GC(29) Old regions: 27->27
[2026-03-02T10:53:49.515+0530][info][gc,heap     ] GC(29) Archive regions: 0->0
[2026-03-02T10:53:49.515+0530][info][gc,heap     ] GC(29) Humongous regions: 1->1
[2026-03-02T10:53:49.515+0530][info][gc,metaspace] GC(29) Metaspace: 72927K(73472K)->72927K(73472K) NonClass: 63774K(64064K)->63774K(64064K) Class: 9152K(9408K)->9152K(9408K)
[2026-03-02T10:53:49.515+0530][info][gc          ] GC(29) Pause Young (Normal) (G1 Evacuation Pause) 334M->29M(512M) 3.644ms
[2026-03-02T10:53:49.515+0530][info][gc,cpu      ] GC(29) User=0.06s Sys=0.00s Real=0.00s
[2026-03-02T10:53:54.102+0530][info][gc,start    ] GC(30) Pause Young (Normal) (G1 Evacuation Pause)
[2026-03-02T10:53:54.102+0530][info][gc,task     ] GC(30) Using 12 workers of 13 for evacuation
[2026-03-02T10:53:54.102+0530][info][gc,phases   ] GC(30)   Pre Evacuate Collection Set: 0.2ms
[2026-03-02T10:53:54.102+0530][info][gc,phases   ] GC(30)   Merge Heap Roots: 0.2ms
[2026-03-02T10:53:54.102+0530][info][gc,phases   ] GC(30)   Evacuate Collection Set: 3.4ms
[2026-03-02T10:53:54.102+0530][info][gc,phases   ] GC(30)   Post Evacuate Collection Set: 0.8ms
[2026-03-02T10:53:54.102+0530][info][gc,phases   ] GC(30)   Other: 0.3ms
[2026-03-02T10:53:54.102+0530][info][gc,heap     ] GC(30) Eden regions: 305->0(305)
[2026-03-02T10:53:54.102+0530][info][gc,heap     ] GC(30) Survivor regions: 2->2(39)
[2026-03-02T10:53:54.102+0530][info][gc,heap     ] GC(30) Old regions: 27->27
[2026-03-02T10:53:54.102+0530][info][gc,heap     ] GC(30) Archive regions: 0->0
[2026-03-02T10:53:54.102+0530][info][gc,heap     ] GC(30) Humongous regions: 1->1
[2026-03-02T10:53:54.102+0530][info][gc,metaspace] GC(30) Metaspace: 72933K(73472K)->72933K(73472K) NonClass: 63780K(64064K)->63780K(64064K) Class: 9152K(9408K)->9152K(9408K)
[2026-03-02T10:53:54.102+0530][info][gc          ] GC(30) Pause Young (Normal) (G1 Evacuation Pause) 334M->29M(512M) 5.127ms
[2026-03-02T10:53:54.102+0530][info][gc,cpu      ] GC(30) User=0.06s Sys=0.00s Real=0.00s
[2026-03-02T10:53:58.913+0530][info][gc,start    ] GC(31) Pause Young (Normal) (G1 Evacuation Pause)
[2026-03-02T10:53:58.913+0530][info][gc,task     ] GC(31) Using 12 workers of 13 for evacuation
[2026-03-02T10:53:58.930+0530][info][gc,phases   ] GC(31)   Pre Evacuate Collection Set: 0.2ms
[2026-03-02T10:53:58.930+0530][info][gc,phases   ] GC(31)   Merge Heap Roots: 0.1ms
[2026-03-02T10:53:58.930+0530][info][gc,phases   ] GC(31)   Evacuate Collection Set: 4.8ms
[2026-03-02T10:53:58.930+0530][info][gc,phases   ] GC(31)   Post Evacuate Collection Set: 0.7ms
[2026-03-02T10:53:58.930+0530][info][gc,phases   ] GC(31)   Other: 0.2ms
[2026-03-02T10:53:58.930+0530][info][gc,heap     ] GC(31) Eden regions: 305->0(303)
[2026-03-02T10:53:58.930+0530][info][gc,heap     ] GC(31) Survivor regions: 2->4(39)
[2026-03-02T10:53:58.930+0530][info][gc,heap     ] GC(31) Old regions: 27->27
[2026-03-02T10:53:58.930+0530][info][gc,heap     ] GC(31) Archive regions: 0->0
[2026-03-02T10:53:58.930+0530][info][gc,heap     ] GC(31) Humongous regions: 1->1
[2026-03-02T10:53:58.930+0530][info][gc,metaspace] GC(31) Metaspace: 72936K(73472K)->72936K(73472K) NonClass: 63783K(64064K)->63783K(64064K) Class: 9153K(9408K)->9153K(9408K)
[2026-03-02T10:53:58.930+0530][info][gc          ] GC(31) Pause Young (Normal) (G1 Evacuation Pause) 334M->31M(512M) 6.433ms
[2026-03-02T10:53:58.930+0530][info][gc,cpu      ] GC(31) User=0.00s Sys=0.00s Real=0.02s
[2026-03-02T10:54:03.643+0530][info][gc,start    ] GC(32) Pause Young (Normal) (G1 Evacuation Pause)
[2026-03-02T10:54:03.643+0530][info][gc,task     ] GC(32) Using 12 workers of 13 for evacuation
[2026-03-02T10:54:03.643+0530][info][gc,phases   ] GC(32)   Pre Evacuate Collection Set: 0.2ms
[2026-03-02T10:54:03.643+0530][info][gc,phases   ] GC(32)   Merge Heap Roots: 0.2ms
[2026-03-02T10:54:03.643+0530][info][gc,phases   ] GC(32)   Evacuate Collection Set: 3.7ms
[2026-03-02T10:54:03.643+0530][info][gc,phases   ] GC(32)   Post Evacuate Collection Set: 0.8ms
[2026-03-02T10:54:03.643+0530][info][gc,phases   ] GC(32)   Other: 0.3ms
[2026-03-02T10:54:03.643+0530][info][gc,heap     ] GC(32) Eden regions: 303->0(304)
[2026-03-02T10:54:03.643+0530][info][gc,heap     ] GC(32) Survivor regions: 4->3(39)
[2026-03-02T10:54:03.643+0530][info][gc,heap     ] GC(32) Old regions: 27->27
[2026-03-02T10:54:03.643+0530][info][gc,heap     ] GC(32) Archive regions: 0->0
[2026-03-02T10:54:03.643+0530][info][gc,heap     ] GC(32) Humongous regions: 1->1
[2026-03-02T10:54:03.643+0530][info][gc,metaspace] GC(32) Metaspace: 72979K(73472K)->72979K(73472K) NonClass: 63826K(64064K)->63826K(64064K) Class: 9153K(9408K)->9153K(9408K)
[2026-03-02T10:54:03.643+0530][info][gc          ] GC(32) Pause Young (Normal) (G1 Evacuation Pause) 334M->30M(512M) 5.529ms
[2026-03-02T10:54:03.643+0530][info][gc,cpu      ] GC(32) User=0.00s Sys=0.00s Real=0.00s
[2026-03-02T10:54:08.525+0530][info][gc,start    ] GC(33) Pause Young (Normal) (G1 Evacuation Pause)
[2026-03-02T10:54:08.525+0530][info][gc,task     ] GC(33) Using 12 workers of 13 for evacuation
[2026-03-02T10:54:08.541+0530][info][gc,phases   ] GC(33)   Pre Evacuate Collection Set: 0.2ms
[2026-03-02T10:54:08.541+0530][info][gc,phases   ] GC(33)   Merge Heap Roots: 0.2ms
[2026-03-02T10:54:08.541+0530][info][gc,phases   ] GC(33)   Evacuate Collection Set: 5.1ms
[2026-03-02T10:54:08.541+0530][info][gc,phases   ] GC(33)   Post Evacuate Collection Set: 0.7ms
[2026-03-02T10:54:08.541+0530][info][gc,phases   ] GC(33)   Other: 0.3ms
[2026-03-02T10:54:08.541+0530][info][gc,heap     ] GC(33) Eden regions: 304->0(303)
[2026-03-02T10:54:08.541+0530][info][gc,heap     ] GC(33) Survivor regions: 3->4(39)
[2026-03-02T10:54:08.541+0530][info][gc,heap     ] GC(33) Old regions: 27->27
[2026-03-02T10:54:08.541+0530][info][gc,heap     ] GC(33) Archive regions: 0->0
[2026-03-02T10:54:08.541+0530][info][gc,heap     ] GC(33) Humongous regions: 1->1
[2026-03-02T10:54:08.541+0530][info][gc,metaspace] GC(33) Metaspace: 72979K(73472K)->72979K(73472K) NonClass: 63826K(64064K)->63826K(64064K) Class: 9153K(9408K)->9153K(9408K)
[2026-03-02T10:54:08.541+0530][info][gc          ] GC(33) Pause Young (Normal) (G1 Evacuation Pause) 334M->31M(512M) 6.809ms
[2026-03-02T10:54:08.541+0530][info][gc,cpu      ] GC(33) User=0.00s Sys=0.00s Real=0.02s
[2026-03-02T10:54:14.531+0530][info][gc,start    ] GC(34) Pause Young (Normal) (G1 Evacuation Pause)
[2026-03-02T10:54:14.531+0530][info][gc,task     ] GC(34) Using 12 workers of 13 for evacuation
[2026-03-02T10:54:14.536+0530][info][gc,phases   ] GC(34)   Pre Evacuate Collection Set: 0.2ms
[2026-03-02T10:54:14.536+0530][info][gc,phases   ] GC(34)   Merge Heap Roots: 0.1ms
[2026-03-02T10:54:14.536+0530][info][gc,phases   ] GC(34)   Evacuate Collection Set: 4.3ms
[2026-03-02T10:54:14.536+0530][info][gc,phases   ] GC(34)   Post Evacuate Collection Set: 0.7ms
[2026-03-02T10:54:14.536+0530][info][gc,phases   ] GC(34)   Other: 0.3ms
[2026-03-02T10:54:14.536+0530][info][gc,heap     ] GC(34) Eden regions: 303->0(303)
[2026-03-02T10:54:14.536+0530][info][gc,heap     ] GC(34) Survivor regions: 4->4(39)
[2026-03-02T10:54:14.536+0530][info][gc,heap     ] GC(34) Old regions: 27->27
[2026-03-02T10:54:14.536+0530][info][gc,heap     ] GC(34) Archive regions: 0->0
[2026-03-02T10:54:14.536+0530][info][gc,heap     ] GC(34) Humongous regions: 1->1
[2026-03-02T10:54:14.537+0530][info][gc,metaspace] GC(34) Metaspace: 73008K(73536K)->73008K(73536K) NonClass: 63855K(64128K)->63855K(64128K) Class: 9153K(9408K)->9153K(9408K)
[2026-03-02T10:54:14.537+0530][info][gc          ] GC(34) Pause Young (Normal) (G1 Evacuation Pause) 334M->31M(512M) 6.022ms
[2026-03-02T10:54:14.537+0530][info][gc,cpu      ] GC(34) User=0.05s Sys=0.02s Real=0.01s
[2026-03-02T10:54:19.136+0530][info][gc,start    ] GC(35) Pause Young (Normal) (G1 Evacuation Pause)
[2026-03-02T10:54:19.136+0530][info][gc,task     ] GC(35) Using 12 workers of 13 for evacuation
[2026-03-02T10:54:19.140+0530][info][gc,phases   ] GC(35)   Pre Evacuate Collection Set: 0.1ms
[2026-03-02T10:54:19.140+0530][info][gc,phases   ] GC(35)   Merge Heap Roots: 0.1ms
[2026-03-02T10:54:19.140+0530][info][gc,phases   ] GC(35)   Evacuate Collection Set: 2.9ms
[2026-03-02T10:54:19.140+0530][info][gc,phases   ] GC(35)   Post Evacuate Collection Set: 0.8ms
[2026-03-02T10:54:19.140+0530][info][gc,phases   ] GC(35)   Other: 0.2ms
[2026-03-02T10:54:19.141+0530][info][gc,heap     ] GC(35) Eden regions: 303->0(305)
[2026-03-02T10:54:19.141+0530][info][gc,heap     ] GC(35) Survivor regions: 4->2(39)
[2026-03-02T10:54:19.141+0530][info][gc,heap     ] GC(35) Old regions: 27->27
[2026-03-02T10:54:19.141+0530][info][gc,heap     ] GC(35) Archive regions: 0->0
[2026-03-02T10:54:19.141+0530][info][gc,heap     ] GC(35) Humongous regions: 1->1
[2026-03-02T10:54:19.141+0530][info][gc,metaspace] GC(35) Metaspace: 73018K(73536K)->73018K(73536K) NonClass: 63865K(64128K)->63865K(64128K) Class: 9153K(9408K)->9153K(9408K)
[2026-03-02T10:54:19.141+0530][info][gc          ] GC(35) Pause Young (Normal) (G1 Evacuation Pause) 334M->29M(512M) 4.363ms
[2026-03-02T10:54:19.141+0530][info][gc,cpu      ] GC(35) User=0.02s Sys=0.00s Real=0.01s
[2026-03-02T10:54:23.806+0530][info][gc,start    ] GC(36) Pause Young (Normal) (G1 Evacuation Pause)
[2026-03-02T10:54:23.806+0530][info][gc,task     ] GC(36) Using 12 workers of 13 for evacuation
[2026-03-02T10:54:23.812+0530][info][gc,phases   ] GC(36)   Pre Evacuate Collection Set: 0.2ms
[2026-03-02T10:54:23.812+0530][info][gc,phases   ] GC(36)   Merge Heap Roots: 0.2ms
[2026-03-02T10:54:23.812+0530][info][gc,phases   ] GC(36)   Evacuate Collection Set: 4.8ms
[2026-03-02T10:54:23.812+0530][info][gc,phases   ] GC(36)   Post Evacuate Collection Set: 0.4ms
[2026-03-02T10:54:23.812+0530][info][gc,phases   ] GC(36)   Other: 0.2ms
[2026-03-02T10:54:23.812+0530][info][gc,heap     ] GC(36) Eden regions: 305->0(303)
[2026-03-02T10:54:23.812+0530][info][gc,heap     ] GC(36) Survivor regions: 2->4(39)
[2026-03-02T10:54:23.812+0530][info][gc,heap     ] GC(36) Old regions: 27->27
[2026-03-02T10:54:23.812+0530][info][gc,heap     ] GC(36) Archive regions: 0->0
[2026-03-02T10:54:23.812+0530][info][gc,heap     ] GC(36) Humongous regions: 1->1
[2026-03-02T10:54:23.812+0530][info][gc,metaspace] GC(36) Metaspace: 73045K(73536K)->73045K(73536K) NonClass: 63892K(64128K)->63892K(64128K) Class: 9153K(9408K)->9153K(9408K)
[2026-03-02T10:54:23.812+0530][info][gc          ] GC(36) Pause Young (Normal) (G1 Evacuation Pause) 334M->31M(512M) 5.943ms
[2026-03-02T10:54:23.812+0530][info][gc,cpu      ] GC(36) User=0.00s Sys=0.00s Real=0.01s
[2026-03-02T10:54:28.351+0530][info][gc,start    ] GC(37) Pause Young (Normal) (G1 Evacuation Pause)
[2026-03-02T10:54:28.351+0530][info][gc,task     ] GC(37) Using 12 workers of 13 for evacuation
[2026-03-02T10:54:28.363+0530][info][gc,phases   ] GC(37)   Pre Evacuate Collection Set: 0.2ms
[2026-03-02T10:54:28.363+0530][info][gc,phases   ] GC(37)   Merge Heap Roots: 0.1ms
[2026-03-02T10:54:28.363+0530][info][gc,phases   ] GC(37)   Evacuate Collection Set: 4.3ms
[2026-03-02T10:54:28.363+0530][info][gc,phases   ] GC(37)   Post Evacuate Collection Set: 0.9ms
[2026-03-02T10:54:28.363+0530][info][gc,phases   ] GC(37)   Other: 0.2ms
[2026-03-02T10:54:28.363+0530][info][gc,heap     ] GC(37) Eden regions: 303->0(303)
[2026-03-02T10:54:28.363+0530][info][gc,heap     ] GC(37) Survivor regions: 4->4(39)
[2026-03-02T10:54:28.363+0530][info][gc,heap     ] GC(37) Old regions: 27->27
[2026-03-02T10:54:28.363+0530][info][gc,heap     ] GC(37) Archive regions: 0->0
[2026-03-02T10:54:28.363+0530][info][gc,heap     ] GC(37) Humongous regions: 1->1
[2026-03-02T10:54:28.364+0530][info][gc,metaspace] GC(37) Metaspace: 73063K(73600K)->73063K(73600K) NonClass: 63910K(64192K)->63910K(64192K) Class: 9153K(9408K)->9153K(9408K)
[2026-03-02T10:54:28.364+0530][info][gc          ] GC(37) Pause Young (Normal) (G1 Evacuation Pause) 334M->30M(512M) 6.165ms
[2026-03-02T10:54:28.364+0530][info][gc,cpu      ] GC(37) User=0.05s Sys=0.00s Real=0.01s
[2026-03-02T10:54:33.863+0530][info][gc,start    ] GC(38) Pause Young (Normal) (G1 Evacuation Pause)
[2026-03-02T10:54:33.863+0530][info][gc,task     ] GC(38) Using 12 workers of 13 for evacuation
[2026-03-02T10:54:33.870+0530][info][gc,phases   ] GC(38)   Pre Evacuate Collection Set: 0.1ms
[2026-03-02T10:54:33.870+0530][info][gc,phases   ] GC(38)   Merge Heap Roots: 0.1ms
[2026-03-02T10:54:33.870+0530][info][gc,phases   ] GC(38)   Evacuate Collection Set: 6.0ms
[2026-03-02T10:54:33.870+0530][info][gc,phases   ] GC(38)   Post Evacuate Collection Set: 0.7ms
[2026-03-02T10:54:33.870+0530][info][gc,phases   ] GC(38)   Other: 0.2ms
[2026-03-02T10:54:33.870+0530][info][gc,heap     ] GC(38) Eden regions: 303->0(302)
[2026-03-02T10:54:33.870+0530][info][gc,heap     ] GC(38) Survivor regions: 4->5(39)
[2026-03-02T10:54:33.870+0530][info][gc,heap     ] GC(38) Old regions: 27->27
[2026-03-02T10:54:33.870+0530][info][gc,heap     ] GC(38) Archive regions: 0->0
[2026-03-02T10:54:33.870+0530][info][gc,heap     ] GC(38) Humongous regions: 1->1
[2026-03-02T10:54:33.870+0530][info][gc,metaspace] GC(38) Metaspace: 73067K(73600K)->73067K(73600K) NonClass: 63914K(64192K)->63914K(64192K) Class: 9153K(9408K)->9153K(9408K)
[2026-03-02T10:54:33.870+0530][info][gc          ] GC(38) Pause Young (Normal) (G1 Evacuation Pause) 333M->31M(512M) 7.579ms
[2026-03-02T10:54:33.870+0530][info][gc,cpu      ] GC(38) User=0.00s Sys=0.00s Real=0.01s
[2026-03-02T10:54:39.855+0530][info][gc,start    ] GC(39) Pause Young (Normal) (G1 Evacuation Pause)
[2026-03-02T10:54:39.855+0530][info][gc,task     ] GC(39) Using 12 workers of 13 for evacuation
[2026-03-02T10:54:39.860+0530][info][gc,phases   ] GC(39)   Pre Evacuate Collection Set: 0.2ms
[2026-03-02T10:54:39.860+0530][info][gc,phases   ] GC(39)   Merge Heap Roots: 0.2ms
[2026-03-02T10:54:39.860+0530][info][gc,phases   ] GC(39)   Evacuate Collection Set: 4.0ms
[2026-03-02T10:54:39.860+0530][info][gc,phases   ] GC(39)   Post Evacuate Collection Set: 0.7ms
[2026-03-02T10:54:39.860+0530][info][gc,phases   ] GC(39)   Other: 0.3ms
[2026-03-02T10:54:39.860+0530][info][gc,heap     ] GC(39) Eden regions: 302->0(303)
[2026-03-02T10:54:39.860+0530][info][gc,heap     ] GC(39) Survivor regions: 5->4(39)
[2026-03-02T10:54:39.860+0530][info][gc,heap     ] GC(39) Old regions: 27->27
[2026-03-02T10:54:39.860+0530][info][gc,heap     ] GC(39) Archive regions: 0->0
[2026-03-02T10:54:39.860+0530][info][gc,heap     ] GC(39) Humongous regions: 1->1
[2026-03-02T10:54:39.860+0530][info][gc,metaspace] GC(39) Metaspace: 73073K(73600K)->73073K(73600K) NonClass: 63920K(64192K)->63920K(64192K) Class: 9153K(9408K)->9153K(9408K)
[2026-03-02T10:54:39.860+0530][info][gc          ] GC(39) Pause Young (Normal) (G1 Evacuation Pause) 333M->31M(512M) 5.618ms
[2026-03-02T10:54:39.860+0530][info][gc,cpu      ] GC(39) User=0.06s Sys=0.00s Real=0.00s
[2026-03-02T10:54:45.296+0530][info][gc,start    ] GC(40) Pause Young (Normal) (G1 Evacuation Pause)
[2026-03-02T10:54:45.296+0530][info][gc,task     ] GC(40) Using 12 workers of 13 for evacuation
[2026-03-02T10:54:45.297+0530][info][gc,phases   ] GC(40)   Pre Evacuate Collection Set: 0.1ms
[2026-03-02T10:54:45.297+0530][info][gc,phases   ] GC(40)   Merge Heap Roots: 0.1ms
[2026-03-02T10:54:45.297+0530][info][gc,phases   ] GC(40)   Evacuate Collection Set: 1.2ms
[2026-03-02T10:54:45.297+0530][info][gc,phases   ] GC(40)   Post Evacuate Collection Set: 0.3ms
[2026-03-02T10:54:45.297+0530][info][gc,phases   ] GC(40)   Other: 0.1ms
[2026-03-02T10:54:45.297+0530][info][gc,heap     ] GC(40) Eden regions: 303->0(304)
[2026-03-02T10:54:45.297+0530][info][gc,heap     ] GC(40) Survivor regions: 4->3(39)
[2026-03-02T10:54:45.297+0530][info][gc,heap     ] GC(40) Old regions: 27->27
[2026-03-02T10:54:45.297+0530][info][gc,heap     ] GC(40) Archive regions: 0->0
[2026-03-02T10:54:45.297+0530][info][gc,heap     ] GC(40) Humongous regions: 1->1
[2026-03-02T10:54:45.297+0530][info][gc,metaspace] GC(40) Metaspace: 73073K(73600K)->73073K(73600K) NonClass: 63920K(64192K)->63920K(64192K) Class: 9153K(9408K)->9153K(9408K)
[2026-03-02T10:54:45.297+0530][info][gc          ] GC(40) Pause Young (Normal) (G1 Evacuation Pause) 334M->30M(512M) 1.959ms
[2026-03-02T10:54:45.297+0530][info][gc,cpu      ] GC(40) User=0.05s Sys=0.00s Real=0.00s
[2026-03-02T10:54:50.478+0530][info][gc,start    ] GC(41) Pause Young (Normal) (G1 Evacuation Pause)
[2026-03-02T10:54:50.478+0530][info][gc,task     ] GC(41) Using 12 workers of 13 for evacuation
[2026-03-02T10:54:50.482+0530][info][gc,phases   ] GC(41)   Pre Evacuate Collection Set: 0.2ms
[2026-03-02T10:54:50.482+0530][info][gc,phases   ] GC(41)   Merge Heap Roots: 0.2ms
[2026-03-02T10:54:50.483+0530][info][gc,phases   ] GC(41)   Evacuate Collection Set: 2.8ms
[2026-03-02T10:54:50.483+0530][info][gc,phases   ] GC(41)   Post Evacuate Collection Set: 0.7ms
[2026-03-02T10:54:50.483+0530][info][gc,phases   ] GC(41)   Other: 0.3ms
[2026-03-02T10:54:50.483+0530][info][gc,heap     ] GC(41) Eden regions: 304->0(302)
[2026-03-02T10:54:50.483+0530][info][gc,heap     ] GC(41) Survivor regions: 3->5(39)
[2026-03-02T10:54:50.483+0530][info][gc,heap     ] GC(41) Old regions: 27->27
[2026-03-02T10:54:50.483+0530][info][gc,heap     ] GC(41) Archive regions: 0->0
[2026-03-02T10:54:50.483+0530][info][gc,heap     ] GC(41) Humongous regions: 1->1
[2026-03-02T10:54:50.483+0530][info][gc,metaspace] GC(41) Metaspace: 73792K(74368K)->73792K(74368K) NonClass: 64541K(64832K)->64541K(64832K) Class: 9251K(9536K)->9251K(9536K)
[2026-03-02T10:54:50.483+0530][info][gc          ] GC(41) Pause Young (Normal) (G1 Evacuation Pause) 334M->31M(512M) 4.444ms
[2026-03-02T10:54:50.483+0530][info][gc,cpu      ] GC(41) User=0.00s Sys=0.00s Real=0.01s
[2026-03-02T10:54:55.364+0530][info][gc,start    ] GC(42) Pause Young (Normal) (G1 Evacuation Pause)
[2026-03-02T10:54:55.364+0530][info][gc,task     ] GC(42) Using 12 workers of 13 for evacuation
[2026-03-02T10:54:55.368+0530][info][gc,phases   ] GC(42)   Pre Evacuate Collection Set: 0.2ms
[2026-03-02T10:54:55.368+0530][info][gc,phases   ] GC(42)   Merge Heap Roots: 0.2ms
[2026-03-02T10:54:55.368+0530][info][gc,phases   ] GC(42)   Evacuate Collection Set: 2.7ms
[2026-03-02T10:54:55.368+0530][info][gc,phases   ] GC(42)   Post Evacuate Collection Set: 0.7ms
[2026-03-02T10:54:55.368+0530][info][gc,phases   ] GC(42)   Other: 0.2ms
[2026-03-02T10:54:55.368+0530][info][gc,heap     ] GC(42) Eden regions: 302->0(302)
[2026-03-02T10:54:55.368+0530][info][gc,heap     ] GC(42) Survivor regions: 5->5(39)
[2026-03-02T10:54:55.368+0530][info][gc,heap     ] GC(42) Old regions: 27->27
[2026-03-02T10:54:55.368+0530][info][gc,heap     ] GC(42) Archive regions: 0->0
[2026-03-02T10:54:55.368+0530][info][gc,heap     ] GC(42) Humongous regions: 1->1
[2026-03-02T10:54:55.368+0530][info][gc,metaspace] GC(42) Metaspace: 73914K(74496K)->73914K(74496K) NonClass: 64661K(64960K)->64661K(64960K) Class: 9252K(9536K)->9252K(9536K)
[2026-03-02T10:54:55.369+0530][info][gc          ] GC(42) Pause Young (Normal) (G1 Evacuation Pause) 333M->32M(512M) 4.185ms
[2026-03-02T10:54:55.369+0530][info][gc,cpu      ] GC(42) User=0.00s Sys=0.00s Real=0.00s
[2026-03-02T10:54:59.872+0530][info][gc,start    ] GC(43) Pause Young (Normal) (G1 Evacuation Pause)
[2026-03-02T10:54:59.872+0530][info][gc,task     ] GC(43) Using 12 workers of 13 for evacuation
[2026-03-02T10:54:59.874+0530][info][gc,phases   ] GC(43)   Pre Evacuate Collection Set: 0.1ms
[2026-03-02T10:54:59.874+0530][info][gc,phases   ] GC(43)   Merge Heap Roots: 0.1ms
[2026-03-02T10:54:59.874+0530][info][gc,phases   ] GC(43)   Evacuate Collection Set: 1.2ms
[2026-03-02T10:54:59.874+0530][info][gc,phases   ] GC(43)   Post Evacuate Collection Set: 0.3ms
[2026-03-02T10:54:59.874+0530][info][gc,phases   ] GC(43)   Other: 0.1ms
[2026-03-02T10:54:59.874+0530][info][gc,heap     ] GC(43) Eden regions: 302->0(303)
[2026-03-02T10:54:59.874+0530][info][gc,heap     ] GC(43) Survivor regions: 5->4(39)
[2026-03-02T10:54:59.874+0530][info][gc,heap     ] GC(43) Old regions: 27->27
[2026-03-02T10:54:59.874+0530][info][gc,heap     ] GC(43) Archive regions: 0->0
[2026-03-02T10:54:59.874+0530][info][gc,heap     ] GC(43) Humongous regions: 1->1
[2026-03-02T10:54:59.874+0530][info][gc,metaspace] GC(43) Metaspace: 73974K(74560K)->73974K(74560K) NonClass: 64721K(65024K)->64721K(65024K) Class: 9253K(9536K)->9253K(9536K)
[2026-03-02T10:54:59.874+0530][info][gc          ] GC(43) Pause Young (Normal) (G1 Evacuation Pause) 334M->31M(512M) 2.053ms
[2026-03-02T10:54:59.874+0530][info][gc,cpu      ] GC(43) User=0.00s Sys=0.00s Real=0.00s
[2026-03-02T10:55:03.042+0530][info][gc,start    ] GC(44) Pause Young (Normal) (G1 Evacuation Pause)
[2026-03-02T10:55:03.042+0530][info][gc,task     ] GC(44) Using 12 workers of 13 for evacuation
[2026-03-02T10:55:03.044+0530][info][gc,phases   ] GC(44)   Pre Evacuate Collection Set: 0.2ms
[2026-03-02T10:55:03.044+0530][info][gc,phases   ] GC(44)   Merge Heap Roots: 0.1ms
[2026-03-02T10:55:03.044+0530][info][gc,phases   ] GC(44)   Evacuate Collection Set: 1.6ms
[2026-03-02T10:55:03.044+0530][info][gc,phases   ] GC(44)   Post Evacuate Collection Set: 0.4ms
[2026-03-02T10:55:03.045+0530][info][gc,phases   ] GC(44)   Other: 0.1ms
[2026-03-02T10:55:03.045+0530][info][gc,heap     ] GC(44) Eden regions: 303->0(302)
[2026-03-02T10:55:03.045+0530][info][gc,heap     ] GC(44) Survivor regions: 4->5(39)
[2026-03-02T10:55:03.045+0530][info][gc,heap     ] GC(44) Old regions: 27->27
[2026-03-02T10:55:03.045+0530][info][gc,heap     ] GC(44) Archive regions: 0->0
[2026-03-02T10:55:03.045+0530][info][gc,heap     ] GC(44) Humongous regions: 1->1
[2026-03-02T10:55:03.045+0530][info][gc,metaspace] GC(44) Metaspace: 74010K(74560K)->74010K(74560K) NonClass: 64754K(65024K)->64754K(65024K) Class: 9255K(9536K)->9255K(9536K)
[2026-03-02T10:55:03.045+0530][info][gc          ] GC(44) Pause Young (Normal) (G1 Evacuation Pause) 334M->32M(512M) 2.487ms
[2026-03-02T10:55:03.045+0530][info][gc,cpu      ] GC(44) User=0.00s Sys=0.00s Real=0.00s
[2026-03-02T10:55:06.792+0530][info][gc,start    ] GC(45) Pause Young (Normal) (G1 Evacuation Pause)
[2026-03-02T10:55:06.792+0530][info][gc,task     ] GC(45) Using 12 workers of 13 for evacuation
[2026-03-02T10:55:06.794+0530][info][gc,phases   ] GC(45)   Pre Evacuate Collection Set: 0.1ms
[2026-03-02T10:55:06.794+0530][info][gc,phases   ] GC(45)   Merge Heap Roots: 0.1ms
[2026-03-02T10:55:06.794+0530][info][gc,phases   ] GC(45)   Evacuate Collection Set: 1.0ms
[2026-03-02T10:55:06.794+0530][info][gc,phases   ] GC(45)   Post Evacuate Collection Set: 0.5ms
[2026-03-02T10:55:06.794+0530][info][gc,phases   ] GC(45)   Other: 0.1ms
[2026-03-02T10:55:06.794+0530][info][gc,heap     ] GC(45) Eden regions: 302->0(304)
[2026-03-02T10:55:06.794+0530][info][gc,heap     ] GC(45) Survivor regions: 5->3(39)
[2026-03-02T10:55:06.794+0530][info][gc,heap     ] GC(45) Old regions: 27->27
[2026-03-02T10:55:06.794+0530][info][gc,heap     ] GC(45) Archive regions: 0->0
[2026-03-02T10:55:06.794+0530][info][gc,heap     ] GC(45) Humongous regions: 1->1
[2026-03-02T10:55:06.794+0530][info][gc,metaspace] GC(45) Metaspace: 74060K(74624K)->74060K(74624K) NonClass: 64801K(65088K)->64801K(65088K) Class: 9258K(9536K)->9258K(9536K)
[2026-03-02T10:55:06.794+0530][info][gc          ] GC(45) Pause Young (Normal) (G1 Evacuation Pause) 334M->30M(512M) 2.008ms
[2026-03-02T10:55:06.794+0530][info][gc,cpu      ] GC(45) User=0.00s Sys=0.00s Real=0.00s
[2026-03-02T10:55:10.161+0530][info][gc,start    ] GC(46) Pause Young (Normal) (G1 Evacuation Pause)
[2026-03-02T10:55:10.161+0530][info][gc,task     ] GC(46) Using 12 workers of 13 for evacuation
[2026-03-02T10:55:10.163+0530][info][gc,phases   ] GC(46)   Pre Evacuate Collection Set: 0.2ms
[2026-03-02T10:55:10.163+0530][info][gc,phases   ] GC(46)   Merge Heap Roots: 0.1ms
[2026-03-02T10:55:10.163+0530][info][gc,phases   ] GC(46)   Evacuate Collection Set: 1.2ms
[2026-03-02T10:55:10.163+0530][info][gc,phases   ] GC(46)   Post Evacuate Collection Set: 0.5ms
[2026-03-02T10:55:10.163+0530][info][gc,phases   ] GC(46)   Other: 0.2ms
[2026-03-02T10:55:10.163+0530][info][gc,heap     ] GC(46) Eden regions: 304->0(304)
[2026-03-02T10:55:10.163+0530][info][gc,heap     ] GC(46) Survivor regions: 3->3(39)
[2026-03-02T10:55:10.163+0530][info][gc,heap     ] GC(46) Old regions: 27->27
[2026-03-02T10:55:10.163+0530][info][gc,heap     ] GC(46) Archive regions: 0->0
[2026-03-02T10:55:10.163+0530][info][gc,heap     ] GC(46) Humongous regions: 1->1
[2026-03-02T10:55:10.163+0530][info][gc,metaspace] GC(46) Metaspace: 74095K(74688K)->74095K(74688K) NonClass: 64837K(65152K)->64837K(65152K) Class: 9258K(9536K)->9258K(9536K)
[2026-03-02T10:55:10.163+0530][info][gc          ] GC(46) Pause Young (Normal) (G1 Evacuation Pause) 334M->30M(512M) 2.429ms
[2026-03-02T10:55:10.163+0530][info][gc,cpu      ] GC(46) User=0.00s Sys=0.00s Real=0.00s
[2026-03-02T10:55:13.488+0530][info][gc,start    ] GC(47) Pause Young (Normal) (G1 Evacuation Pause)
[2026-03-02T10:55:13.488+0530][info][gc,task     ] GC(47) Using 12 workers of 13 for evacuation
[2026-03-02T10:55:13.490+0530][info][gc,phases   ] GC(47)   Pre Evacuate Collection Set: 0.2ms
[2026-03-02T10:55:13.490+0530][info][gc,phases   ] GC(47)   Merge Heap Roots: 0.1ms
[2026-03-02T10:55:13.490+0530][info][gc,phases   ] GC(47)   Evacuate Collection Set: 1.2ms
[2026-03-02T10:55:13.490+0530][info][gc,phases   ] GC(47)   Post Evacuate Collection Set: 0.5ms
[2026-03-02T10:55:13.490+0530][info][gc,phases   ] GC(47)   Other: 0.2ms
[2026-03-02T10:55:13.490+0530][info][gc,heap     ] GC(47) Eden regions: 304->0(304)
[2026-03-02T10:55:13.490+0530][info][gc,heap     ] GC(47) Survivor regions: 3->3(39)
[2026-03-02T10:55:13.490+0530][info][gc,heap     ] GC(47) Old regions: 27->27
[2026-03-02T10:55:13.490+0530][info][gc,heap     ] GC(47) Archive regions: 0->0
[2026-03-02T10:55:13.490+0530][info][gc,heap     ] GC(47) Humongous regions: 1->1
[2026-03-02T10:55:13.490+0530][info][gc,metaspace] GC(47) Metaspace: 74099K(74688K)->74099K(74688K) NonClass: 64841K(65152K)->64841K(65152K) Class: 9258K(9536K)->9258K(9536K)
[2026-03-02T10:55:13.490+0530][info][gc          ] GC(47) Pause Young (Normal) (G1 Evacuation Pause) 334M->30M(512M) 2.288ms
[2026-03-02T10:55:13.490+0530][info][gc,cpu      ] GC(47) User=0.00s Sys=0.00s Real=0.00s
[2026-03-02T10:55:17.168+0530][info][gc,start    ] GC(48) Pause Young (Normal) (G1 Evacuation Pause)
[2026-03-02T10:55:17.168+0530][info][gc,task     ] GC(48) Using 12 workers of 13 for evacuation
[2026-03-02T10:55:17.170+0530][info][gc,phases   ] GC(48)   Pre Evacuate Collection Set: 0.1ms
[2026-03-02T10:55:17.170+0530][info][gc,phases   ] GC(48)   Merge Heap Roots: 0.1ms
[2026-03-02T10:55:17.170+0530][info][gc,phases   ] GC(48)   Evacuate Collection Set: 0.9ms
[2026-03-02T10:55:17.170+0530][info][gc,phases   ] GC(48)   Post Evacuate Collection Set: 0.5ms
[2026-03-02T10:55:17.170+0530][info][gc,phases   ] GC(48)   Other: 0.1ms
[2026-03-02T10:55:17.170+0530][info][gc,heap     ] GC(48) Eden regions: 304->0(304)
[2026-03-02T10:55:17.170+0530][info][gc,heap     ] GC(48) Survivor regions: 3->3(39)
[2026-03-02T10:55:17.170+0530][info][gc,heap     ] GC(48) Old regions: 27->27
[2026-03-02T10:55:17.170+0530][info][gc,heap     ] GC(48) Archive regions: 0->0
[2026-03-02T10:55:17.170+0530][info][gc,heap     ] GC(48) Humongous regions: 1->1
[2026-03-02T10:55:17.170+0530][info][gc,metaspace] GC(48) Metaspace: 74115K(74688K)->74115K(74688K) NonClass: 64856K(65152K)->64856K(65152K) Class: 9258K(9536K)->9258K(9536K)
[2026-03-02T10:55:17.170+0530][info][gc          ] GC(48) Pause Young (Normal) (G1 Evacuation Pause) 334M->30M(512M) 1.774ms
[2026-03-02T10:55:17.170+0530][info][gc,cpu      ] GC(48) User=0.00s Sys=0.00s Real=0.00s
[2026-03-02T10:55:20.271+0530][info][gc,start    ] GC(49) Pause Young (Normal) (G1 Evacuation Pause)
[2026-03-02T10:55:20.271+0530][info][gc,task     ] GC(49) Using 12 workers of 13 for evacuation
[2026-03-02T10:55:20.273+0530][info][gc,phases   ] GC(49)   Pre Evacuate Collection Set: 0.1ms
[2026-03-02T10:55:20.273+0530][info][gc,phases   ] GC(49)   Merge Heap Roots: 0.1ms
[2026-03-02T10:55:20.273+0530][info][gc,phases   ] GC(49)   Evacuate Collection Set: 1.1ms
[2026-03-02T10:55:20.273+0530][info][gc,phases   ] GC(49)   Post Evacuate Collection Set: 0.5ms
[2026-03-02T10:55:20.273+0530][info][gc,phases   ] GC(49)   Other: 0.1ms
[2026-03-02T10:55:20.273+0530][info][gc,heap     ] GC(49) Eden regions: 304->0(304)
[2026-03-02T10:55:20.273+0530][info][gc,heap     ] GC(49) Survivor regions: 3->3(39)
[2026-03-02T10:55:20.273+0530][info][gc,heap     ] GC(49) Old regions: 27->27
[2026-03-02T10:55:20.273+0530][info][gc,heap     ] GC(49) Archive regions: 0->0
[2026-03-02T10:55:20.273+0530][info][gc,heap     ] GC(49) Humongous regions: 1->1
[2026-03-02T10:55:20.273+0530][info][gc,metaspace] GC(49) Metaspace: 74148K(74688K)->74148K(74688K) NonClass: 64890K(65152K)->64890K(65152K) Class: 9258K(9536K)->9258K(9536K)
[2026-03-02T10:55:20.273+0530][info][gc          ] GC(49) Pause Young (Normal) (G1 Evacuation Pause) 334M->30M(512M) 2.100ms
[2026-03-02T10:55:20.273+0530][info][gc,cpu      ] GC(49) User=0.00s Sys=0.00s Real=0.00s
[2026-03-02T10:55:23.588+0530][info][gc,start    ] GC(50) Pause Young (Normal) (G1 Evacuation Pause)
[2026-03-02T10:55:23.588+0530][info][gc,task     ] GC(50) Using 12 workers of 13 for evacuation
[2026-03-02T10:55:23.590+0530][info][gc,phases   ] GC(50)   Pre Evacuate Collection Set: 0.2ms
[2026-03-02T10:55:23.590+0530][info][gc,phases   ] GC(50)   Merge Heap Roots: 0.2ms
[2026-03-02T10:55:23.590+0530][info][gc,phases   ] GC(50)   Evacuate Collection Set: 1.2ms
[2026-03-02T10:55:23.590+0530][info][gc,phases   ] GC(50)   Post Evacuate Collection Set: 0.5ms
[2026-03-02T10:55:23.590+0530][info][gc,phases   ] GC(50)   Other: 0.2ms
[2026-03-02T10:55:23.590+0530][info][gc,heap     ] GC(50) Eden regions: 304->0(303)
[2026-03-02T10:55:23.590+0530][info][gc,heap     ] GC(50) Survivor regions: 3->4(39)
[2026-03-02T10:55:23.590+0530][info][gc,heap     ] GC(50) Old regions: 27->27
[2026-03-02T10:55:23.590+0530][info][gc,heap     ] GC(50) Archive regions: 0->0
[2026-03-02T10:55:23.590+0530][info][gc,heap     ] GC(50) Humongous regions: 1->1
[2026-03-02T10:55:23.590+0530][info][gc,metaspace] GC(50) Metaspace: 74160K(74688K)->74160K(74688K) NonClass: 64901K(65152K)->64901K(65152K) Class: 9258K(9536K)->9258K(9536K)
[2026-03-02T10:55:23.590+0530][info][gc          ] GC(50) Pause Young (Normal) (G1 Evacuation Pause) 334M->31M(512M) 2.387ms
[2026-03-02T10:55:23.590+0530][info][gc,cpu      ] GC(50) User=0.00s Sys=0.00s Real=0.00s
[2026-03-02T10:55:26.693+0530][info][gc,start    ] GC(51) Pause Young (Normal) (G1 Evacuation Pause)
[2026-03-02T10:55:26.693+0530][info][gc,task     ] GC(51) Using 12 workers of 13 for evacuation
[2026-03-02T10:55:26.695+0530][info][gc,phases   ] GC(51)   Pre Evacuate Collection Set: 0.1ms
[2026-03-02T10:55:26.695+0530][info][gc,phases   ] GC(51)   Merge Heap Roots: 0.1ms
[2026-03-02T10:55:26.695+0530][info][gc,phases   ] GC(51)   Evacuate Collection Set: 1.4ms
[2026-03-02T10:55:26.695+0530][info][gc,phases   ] GC(51)   Post Evacuate Collection Set: 0.5ms
[2026-03-02T10:55:26.695+0530][info][gc,phases   ] GC(51)   Other: 0.2ms
[2026-03-02T10:55:26.695+0530][info][gc,heap     ] GC(51) Eden regions: 303->0(302)
[2026-03-02T10:55:26.695+0530][info][gc,heap     ] GC(51) Survivor regions: 4->5(39)
[2026-03-02T10:55:26.695+0530][info][gc,heap     ] GC(51) Old regions: 27->27
[2026-03-02T10:55:26.695+0530][info][gc,heap     ] GC(51) Archive regions: 0->0
[2026-03-02T10:55:26.695+0530][info][gc,heap     ] GC(51) Humongous regions: 1->1
[2026-03-02T10:55:26.695+0530][info][gc,metaspace] GC(51) Metaspace: 74179K(74752K)->74179K(74752K) NonClass: 64920K(65216K)->64920K(65216K) Class: 9258K(9536K)->9258K(9536K)
[2026-03-02T10:55:26.695+0530][info][gc          ] GC(51) Pause Young (Normal) (G1 Evacuation Pause) 334M->32M(512M) 2.655ms
[2026-03-02T10:55:26.695+0530][info][gc,cpu      ] GC(51) User=0.00s Sys=0.00s Real=0.00s
[2026-03-02T10:55:32.088+0530][info][gc,start    ] GC(52) Pause Young (Normal) (G1 Evacuation Pause)
[2026-03-02T10:55:32.088+0530][info][gc,task     ] GC(52) Using 12 workers of 13 for evacuation
[2026-03-02T10:55:32.089+0530][info][gc,phases   ] GC(52)   Pre Evacuate Collection Set: 0.1ms
[2026-03-02T10:55:32.089+0530][info][gc,phases   ] GC(52)   Merge Heap Roots: 0.1ms
[2026-03-02T10:55:32.089+0530][info][gc,phases   ] GC(52)   Evacuate Collection Set: 0.9ms
[2026-03-02T10:55:32.089+0530][info][gc,phases   ] GC(52)   Post Evacuate Collection Set: 0.5ms
[2026-03-02T10:55:32.089+0530][info][gc,phases   ] GC(52)   Other: 0.1ms
[2026-03-02T10:55:32.089+0530][info][gc,heap     ] GC(52) Eden regions: 302->0(304)
[2026-03-02T10:55:32.089+0530][info][gc,heap     ] GC(52) Survivor regions: 5->3(39)
[2026-03-02T10:55:32.089+0530][info][gc,heap     ] GC(52) Old regions: 27->27
[2026-03-02T10:55:32.089+0530][info][gc,heap     ] GC(52) Archive regions: 0->0
[2026-03-02T10:55:32.089+0530][info][gc,heap     ] GC(52) Humongous regions: 1->1
[2026-03-02T10:55:32.089+0530][info][gc,metaspace] GC(52) Metaspace: 74217K(74752K)->74217K(74752K) NonClass: 64959K(65216K)->64959K(65216K) Class: 9258K(9536K)->9258K(9536K)
[2026-03-02T10:55:32.089+0530][info][gc          ] GC(52) Pause Young (Normal) (G1 Evacuation Pause) 334M->30M(512M) 1.775ms
[2026-03-02T10:55:32.089+0530][info][gc,cpu      ] GC(52) User=0.00s Sys=0.00s Real=0.00s
[2026-03-02T10:55:37.982+0530][info][gc,start    ] GC(53) Pause Young (Normal) (G1 Evacuation Pause)
[2026-03-02T10:55:37.982+0530][info][gc,task     ] GC(53) Using 12 workers of 13 for evacuation
[2026-03-02T10:55:37.984+0530][info][gc,phases   ] GC(53)   Pre Evacuate Collection Set: 0.1ms
[2026-03-02T10:55:37.984+0530][info][gc,phases   ] GC(53)   Merge Heap Roots: 0.1ms
[2026-03-02T10:55:37.984+0530][info][gc,phases   ] GC(53)   Evacuate Collection Set: 1.1ms
[2026-03-02T10:55:37.984+0530][info][gc,phases   ] GC(53)   Post Evacuate Collection Set: 0.5ms
[2026-03-02T10:55:37.984+0530][info][gc,phases   ] GC(53)   Other: 0.3ms
[2026-03-02T10:55:37.984+0530][info][gc,heap     ] GC(53) Eden regions: 304->0(304)
[2026-03-02T10:55:37.984+0530][info][gc,heap     ] GC(53) Survivor regions: 3->3(39)
[2026-03-02T10:55:37.984+0530][info][gc,heap     ] GC(53) Old regions: 27->27
[2026-03-02T10:55:37.984+0530][info][gc,heap     ] GC(53) Archive regions: 0->0
[2026-03-02T10:55:37.984+0530][info][gc,heap     ] GC(53) Humongous regions: 1->1
[2026-03-02T10:55:37.984+0530][info][gc,metaspace] GC(53) Metaspace: 74225K(74752K)->74225K(74752K) NonClass: 64966K(65216K)->64966K(65216K) Class: 9258K(9536K)->9258K(9536K)
[2026-03-02T10:55:37.984+0530][info][gc          ] GC(53) Pause Young (Normal) (G1 Evacuation Pause) 334M->30M(512M) 2.042ms
[2026-03-02T10:55:37.984+0530][info][gc,cpu      ] GC(53) User=0.00s Sys=0.00s Real=0.00s
[2026-03-02T10:55:43.987+0530][info][gc,start    ] GC(54) Pause Young (Normal) (G1 Evacuation Pause)
[2026-03-02T10:55:43.987+0530][info][gc,task     ] GC(54) Using 12 workers of 13 for evacuation
[2026-03-02T10:55:43.989+0530][info][gc,phases   ] GC(54)   Pre Evacuate Collection Set: 0.3ms
[2026-03-02T10:55:43.989+0530][info][gc,phases   ] GC(54)   Merge Heap Roots: 0.2ms
[2026-03-02T10:55:43.989+0530][info][gc,phases   ] GC(54)   Evacuate Collection Set: 1.0ms
[2026-03-02T10:55:43.989+0530][info][gc,phases   ] GC(54)   Post Evacuate Collection Set: 0.6ms
[2026-03-02T10:55:43.989+0530][info][gc,phases   ] GC(54)   Other: 0.1ms
[2026-03-02T10:55:43.989+0530][info][gc,heap     ] GC(54) Eden regions: 304->0(304)
[2026-03-02T10:55:43.989+0530][info][gc,heap     ] GC(54) Survivor regions: 3->3(39)
[2026-03-02T10:55:43.989+0530][info][gc,heap     ] GC(54) Old regions: 27->27
[2026-03-02T10:55:43.989+0530][info][gc,heap     ] GC(54) Archive regions: 0->0
[2026-03-02T10:55:43.989+0530][info][gc,heap     ] GC(54) Humongous regions: 1->1
[2026-03-02T10:55:43.989+0530][info][gc,metaspace] GC(54) Metaspace: 74231K(74752K)->74231K(74752K) NonClass: 64973K(65216K)->64973K(65216K) Class: 9258K(9536K)->9258K(9536K)
[2026-03-02T10:55:43.989+0530][info][gc          ] GC(54) Pause Young (Normal) (G1 Evacuation Pause) 334M->29M(512M) 2.293ms
[2026-03-02T10:55:43.989+0530][info][gc,cpu      ] GC(54) User=0.00s Sys=0.00s Real=0.00s
[2026-03-02T10:55:49.845+0530][info][gc,start    ] GC(55) Pause Young (Normal) (G1 Evacuation Pause)
[2026-03-02T10:55:49.845+0530][info][gc,task     ] GC(55) Using 12 workers of 13 for evacuation
[2026-03-02T10:55:49.848+0530][info][gc,phases   ] GC(55)   Pre Evacuate Collection Set: 0.1ms
[2026-03-02T10:55:49.848+0530][info][gc,phases   ] GC(55)   Merge Heap Roots: 0.1ms
[2026-03-02T10:55:49.848+0530][info][gc,phases   ] GC(55)   Evacuate Collection Set: 1.5ms
[2026-03-02T10:55:49.848+0530][info][gc,phases   ] GC(55)   Post Evacuate Collection Set: 0.6ms
[2026-03-02T10:55:49.848+0530][info][gc,phases   ] GC(55)   Other: 0.1ms
[2026-03-02T10:55:49.848+0530][info][gc,heap     ] GC(55) Eden regions: 304->0(304)
[2026-03-02T10:55:49.848+0530][info][gc,heap     ] GC(55) Survivor regions: 3->3(39)
[2026-03-02T10:55:49.848+0530][info][gc,heap     ] GC(55) Old regions: 27->27
[2026-03-02T10:55:49.848+0530][info][gc,heap     ] GC(55) Archive regions: 0->0
[2026-03-02T10:55:49.848+0530][info][gc,heap     ] GC(55) Humongous regions: 1->1
[2026-03-02T10:55:49.848+0530][info][gc,metaspace] GC(55) Metaspace: 74246K(74816K)->74246K(74816K) NonClass: 64988K(65280K)->64988K(65280K) Class: 9258K(9536K)->9258K(9536K)
[2026-03-02T10:55:49.848+0530][info][gc          ] GC(55) Pause Young (Normal) (G1 Evacuation Pause) 333M->30M(512M) 2.660ms
[2026-03-02T10:55:49.848+0530][info][gc,cpu      ] GC(55) User=0.00s Sys=0.00s Real=0.00s
[2026-03-02T10:55:56.027+0530][info][gc,start    ] GC(56) Pause Young (Normal) (G1 Evacuation Pause)
[2026-03-02T10:55:56.027+0530][info][gc,task     ] GC(56) Using 12 workers of 13 for evacuation
[2026-03-02T10:55:56.028+0530][info][gc,phases   ] GC(56)   Pre Evacuate Collection Set: 0.1ms
[2026-03-02T10:55:56.028+0530][info][gc,phases   ] GC(56)   Merge Heap Roots: 0.1ms
[2026-03-02T10:55:56.028+0530][info][gc,phases   ] GC(56)   Evacuate Collection Set: 0.9ms
[2026-03-02T10:55:56.028+0530][info][gc,phases   ] GC(56)   Post Evacuate Collection Set: 0.5ms
[2026-03-02T10:55:56.028+0530][info][gc,phases   ] GC(56)   Other: 0.1ms
[2026-03-02T10:55:56.028+0530][info][gc,heap     ] GC(56) Eden regions: 304->0(305)
[2026-03-02T10:55:56.028+0530][info][gc,heap     ] GC(56) Survivor regions: 3->2(39)
[2026-03-02T10:55:56.028+0530][info][gc,heap     ] GC(56) Old regions: 27->28
[2026-03-02T10:55:56.028+0530][info][gc,heap     ] GC(56) Archive regions: 0->0
[2026-03-02T10:55:56.028+0530][info][gc,heap     ] GC(56) Humongous regions: 1->1
[2026-03-02T10:55:56.028+0530][info][gc,metaspace] GC(56) Metaspace: 74247K(74816K)->74247K(74816K) NonClass: 64988K(65280K)->64988K(65280K) Class: 9258K(9536K)->9258K(9536K)
[2026-03-02T10:55:56.028+0530][info][gc          ] GC(56) Pause Young (Normal) (G1 Evacuation Pause) 334M->30M(512M) 1.900ms
[2026-03-02T10:55:56.028+0530][info][gc,cpu      ] GC(56) User=0.00s Sys=0.00s Real=0.00s
[2026-03-02T10:56:02.203+0530][info][gc,start    ] GC(57) Pause Young (Normal) (G1 Evacuation Pause)
[2026-03-02T10:56:02.203+0530][info][gc,task     ] GC(57) Using 12 workers of 13 for evacuation
[2026-03-02T10:56:02.205+0530][info][gc,phases   ] GC(57)   Pre Evacuate Collection Set: 0.1ms
[2026-03-02T10:56:02.205+0530][info][gc,phases   ] GC(57)   Merge Heap Roots: 0.1ms
[2026-03-02T10:56:02.205+0530][info][gc,phases   ] GC(57)   Evacuate Collection Set: 0.8ms
[2026-03-02T10:56:02.205+0530][info][gc,phases   ] GC(57)   Post Evacuate Collection Set: 0.4ms
[2026-03-02T10:56:02.205+0530][info][gc,phases   ] GC(57)   Other: 0.1ms
[2026-03-02T10:56:02.205+0530][info][gc,heap     ] GC(57) Eden regions: 305->0(304)
[2026-03-02T10:56:02.205+0530][info][gc,heap     ] GC(57) Survivor regions: 2->3(39)
[2026-03-02T10:56:02.205+0530][info][gc,heap     ] GC(57) Old regions: 28->28
[2026-03-02T10:56:02.205+0530][info][gc,heap     ] GC(57) Archive regions: 0->0
[2026-03-02T10:56:02.205+0530][info][gc,heap     ] GC(57) Humongous regions: 1->1
[2026-03-02T10:56:02.205+0530][info][gc,metaspace] GC(57) Metaspace: 74247K(74816K)->74247K(74816K) NonClass: 64988K(65280K)->64988K(65280K) Class: 9258K(9536K)->9258K(9536K)
[2026-03-02T10:56:02.205+0530][info][gc          ] GC(57) Pause Young (Normal) (G1 Evacuation Pause) 335M->30M(512M) 1.748ms
[2026-03-02T10:56:02.205+0530][info][gc,cpu      ] GC(57) User=0.11s Sys=0.00s Real=0.00s
[2026-03-02T10:56:09.531+0530][info][gc,start    ] GC(58) Pause Young (Normal) (G1 Evacuation Pause)
[2026-03-02T10:56:09.531+0530][info][gc,task     ] GC(58) Using 12 workers of 13 for evacuation
[2026-03-02T10:56:09.533+0530][info][gc,phases   ] GC(58)   Pre Evacuate Collection Set: 0.1ms
[2026-03-02T10:56:09.533+0530][info][gc,phases   ] GC(58)   Merge Heap Roots: 0.1ms
[2026-03-02T10:56:09.533+0530][info][gc,phases   ] GC(58)   Evacuate Collection Set: 1.0ms
[2026-03-02T10:56:09.533+0530][info][gc,phases   ] GC(58)   Post Evacuate Collection Set: 0.6ms
[2026-03-02T10:56:09.533+0530][info][gc,phases   ] GC(58)   Other: 0.2ms
[2026-03-02T10:56:09.533+0530][info][gc,heap     ] GC(58) Eden regions: 304->0(304)
[2026-03-02T10:56:09.533+0530][info][gc,heap     ] GC(58) Survivor regions: 3->3(39)
[2026-03-02T10:56:09.533+0530][info][gc,heap     ] GC(58) Old regions: 28->28
[2026-03-02T10:56:09.533+0530][info][gc,heap     ] GC(58) Archive regions: 0->0
[2026-03-02T10:56:09.533+0530][info][gc,heap     ] GC(58) Humongous regions: 1->1
[2026-03-02T10:56:09.533+0530][info][gc,metaspace] GC(58) Metaspace: 74247K(74816K)->74247K(74816K) NonClass: 64988K(65280K)->64988K(65280K) Class: 9258K(9536K)->9258K(9536K)
[2026-03-02T10:56:09.533+0530][info][gc          ] GC(58) Pause Young (Normal) (G1 Evacuation Pause) 334M->30M(512M) 2.076ms
[2026-03-02T10:56:09.533+0530][info][gc,cpu      ] GC(58) User=0.12s Sys=0.02s Real=0.00s
[2026-03-02T10:56:15.972+0530][info][gc,start    ] GC(59) Pause Young (Normal) (G1 Evacuation Pause)
[2026-03-02T10:56:15.972+0530][info][gc,task     ] GC(59) Using 12 workers of 13 for evacuation
[2026-03-02T10:56:15.974+0530][info][gc,phases   ] GC(59)   Pre Evacuate Collection Set: 0.1ms
[2026-03-02T10:56:15.974+0530][info][gc,phases   ] GC(59)   Merge Heap Roots: 0.1ms
[2026-03-02T10:56:15.974+0530][info][gc,phases   ] GC(59)   Evacuate Collection Set: 0.5ms
[2026-03-02T10:56:15.974+0530][info][gc,phases   ] GC(59)   Post Evacuate Collection Set: 0.4ms
[2026-03-02T10:56:15.974+0530][info][gc,phases   ] GC(59)   Other: 0.1ms
[2026-03-02T10:56:15.974+0530][info][gc,heap     ] GC(59) Eden regions: 304->0(306)
[2026-03-02T10:56:15.974+0530][info][gc,heap     ] GC(59) Survivor regions: 3->1(39)
[2026-03-02T10:56:15.974+0530][info][gc,heap     ] GC(59) Old regions: 28->28
[2026-03-02T10:56:15.974+0530][info][gc,heap     ] GC(59) Archive regions: 0->0
[2026-03-02T10:56:15.974+0530][info][gc,heap     ] GC(59) Humongous regions: 1->1
[2026-03-02T10:56:15.974+0530][info][gc,metaspace] GC(59) Metaspace: 74274K(74816K)->74274K(74816K) NonClass: 65015K(65280K)->65015K(65280K) Class: 9258K(9536K)->9258K(9536K)
[2026-03-02T10:56:15.974+0530][info][gc          ] GC(59) Pause Young (Normal) (G1 Evacuation Pause) 334M->28M(512M) 1.279ms
[2026-03-02T10:56:15.974+0530][info][gc,cpu      ] GC(59) User=0.00s Sys=0.00s Real=0.00s
[2026-03-02T10:56:21.959+0530][info][gc,start    ] GC(60) Pause Young (Normal) (G1 Evacuation Pause)
[2026-03-02T10:56:21.959+0530][info][gc,task     ] GC(60) Using 12 workers of 13 for evacuation
[2026-03-02T10:56:21.961+0530][info][gc,phases   ] GC(60)   Pre Evacuate Collection Set: 0.1ms
[2026-03-02T10:56:21.961+0530][info][gc,phases   ] GC(60)   Merge Heap Roots: 0.1ms
[2026-03-02T10:56:21.961+0530][info][gc,phases   ] GC(60)   Evacuate Collection Set: 0.8ms
[2026-03-02T10:56:21.961+0530][info][gc,phases   ] GC(60)   Post Evacuate Collection Set: 0.5ms
[2026-03-02T10:56:21.961+0530][info][gc,phases   ] GC(60)   Other: 0.1ms
[2026-03-02T10:56:21.961+0530][info][gc,heap     ] GC(60) Eden regions: 306->0(305)
[2026-03-02T10:56:21.961+0530][info][gc,heap     ] GC(60) Survivor regions: 1->2(39)
[2026-03-02T10:56:21.961+0530][info][gc,heap     ] GC(60) Old regions: 28->28
[2026-03-02T10:56:21.961+0530][info][gc,heap     ] GC(60) Archive regions: 0->0
[2026-03-02T10:56:21.961+0530][info][gc,heap     ] GC(60) Humongous regions: 1->1
[2026-03-02T10:56:21.961+0530][info][gc,metaspace] GC(60) Metaspace: 74276K(74816K)->74276K(74816K) NonClass: 65017K(65280K)->65017K(65280K) Class: 9258K(9536K)->9258K(9536K)
[2026-03-02T10:56:21.961+0530][info][gc          ] GC(60) Pause Young (Normal) (G1 Evacuation Pause) 334M->30M(512M) 1.772ms
[2026-03-02T10:56:21.961+0530][info][gc,cpu      ] GC(60) User=0.00s Sys=0.00s Real=0.00s
[2026-03-02T10:56:28.299+0530][info][gc,start    ] GC(61) Pause Young (Normal) (G1 Evacuation Pause)
[2026-03-02T10:56:28.299+0530][info][gc,task     ] GC(61) Using 12 workers of 13 for evacuation
[2026-03-02T10:56:28.301+0530][info][gc,phases   ] GC(61)   Pre Evacuate Collection Set: 0.3ms
[2026-03-02T10:56:28.301+0530][info][gc,phases   ] GC(61)   Merge Heap Roots: 0.2ms
[2026-03-02T10:56:28.301+0530][info][gc,phases   ] GC(61)   Evacuate Collection Set: 0.9ms
[2026-03-02T10:56:28.301+0530][info][gc,phases   ] GC(61)   Post Evacuate Collection Set: 1.0ms
[2026-03-02T10:56:28.301+0530][info][gc,phases   ] GC(61)   Other: 0.2ms
[2026-03-02T10:56:28.301+0530][info][gc,heap     ] GC(61) Eden regions: 305->0(304)
[2026-03-02T10:56:28.301+0530][info][gc,heap     ] GC(61) Survivor regions: 2->3(39)
[2026-03-02T10:56:28.301+0530][info][gc,heap     ] GC(61) Old regions: 28->28
[2026-03-02T10:56:28.301+0530][info][gc,heap     ] GC(61) Archive regions: 0->0
[2026-03-02T10:56:28.301+0530][info][gc,heap     ] GC(61) Humongous regions: 1->1
[2026-03-02T10:56:28.301+0530][info][gc,metaspace] GC(61) Metaspace: 74277K(74816K)->74277K(74816K) NonClass: 65018K(65280K)->65018K(65280K) Class: 9258K(9536K)->9258K(9536K)
[2026-03-02T10:56:28.301+0530][info][gc          ] GC(61) Pause Young (Normal) (G1 Evacuation Pause) 335M->30M(512M) 2.817ms
[2026-03-02T10:56:28.301+0530][info][gc,cpu      ] GC(61) User=0.00s Sys=0.00s Real=0.00s
[2026-03-02T10:56:34.536+0530][info][gc,start    ] GC(62) Pause Young (Normal) (G1 Evacuation Pause)
[2026-03-02T10:56:34.536+0530][info][gc,task     ] GC(62) Using 12 workers of 13 for evacuation
[2026-03-02T10:56:34.538+0530][info][gc,phases   ] GC(62)   Pre Evacuate Collection Set: 0.1ms
[2026-03-02T10:56:34.538+0530][info][gc,phases   ] GC(62)   Merge Heap Roots: 0.1ms
[2026-03-02T10:56:34.538+0530][info][gc,phases   ] GC(62)   Evacuate Collection Set: 1.0ms
[2026-03-02T10:56:34.538+0530][info][gc,phases   ] GC(62)   Post Evacuate Collection Set: 0.4ms
[2026-03-02T10:56:34.538+0530][info][gc,phases   ] GC(62)   Other: 0.1ms
[2026-03-02T10:56:34.538+0530][info][gc,heap     ] GC(62) Eden regions: 304->0(305)
[2026-03-02T10:56:34.538+0530][info][gc,heap     ] GC(62) Survivor regions: 3->2(39)
[2026-03-02T10:56:34.538+0530][info][gc,heap     ] GC(62) Old regions: 28->28
[2026-03-02T10:56:34.538+0530][info][gc,heap     ] GC(62) Archive regions: 0->0
[2026-03-02T10:56:34.538+0530][info][gc,heap     ] GC(62) Humongous regions: 1->1
[2026-03-02T10:56:34.538+0530][info][gc,metaspace] GC(62) Metaspace: 74277K(74816K)->74277K(74816K) NonClass: 65019K(65280K)->65019K(65280K) Class: 9258K(9536K)->9258K(9536K)
[2026-03-02T10:56:34.538+0530][info][gc          ] GC(62) Pause Young (Normal) (G1 Evacuation Pause) 334M->30M(512M) 1.907ms
[2026-03-02T10:56:34.538+0530][info][gc,cpu      ] GC(62) User=0.00s Sys=0.00s Real=0.00s
[2026-03-02T10:56:41.106+0530][info][gc,start    ] GC(63) Pause Young (Normal) (G1 Evacuation Pause)
[2026-03-02T10:56:41.106+0530][info][gc,task     ] GC(63) Using 12 workers of 13 for evacuation
[2026-03-02T10:56:41.108+0530][info][gc,phases   ] GC(63)   Pre Evacuate Collection Set: 0.1ms
[2026-03-02T10:56:41.108+0530][info][gc,phases   ] GC(63)   Merge Heap Roots: 0.1ms
[2026-03-02T10:56:41.108+0530][info][gc,phases   ] GC(63)   Evacuate Collection Set: 0.7ms
[2026-03-02T10:56:41.108+0530][info][gc,phases   ] GC(63)   Post Evacuate Collection Set: 0.7ms
[2026-03-02T10:56:41.108+0530][info][gc,phases   ] GC(63)   Other: 0.1ms
[2026-03-02T10:56:41.108+0530][info][gc,heap     ] GC(63) Eden regions: 305->0(306)
[2026-03-02T10:56:41.108+0530][info][gc,heap     ] GC(63) Survivor regions: 2->1(39)
[2026-03-02T10:56:41.108+0530][info][gc,heap     ] GC(63) Old regions: 28->28
[2026-03-02T10:56:41.108+0530][info][gc,heap     ] GC(63) Archive regions: 0->0
[2026-03-02T10:56:41.108+0530][info][gc,heap     ] GC(63) Humongous regions: 1->1
[2026-03-02T10:56:41.108+0530][info][gc,metaspace] GC(63) Metaspace: 74295K(74880K)->74295K(74880K) NonClass: 65037K(65344K)->65037K(65344K) Class: 9258K(9536K)->9258K(9536K)
[2026-03-02T10:56:41.108+0530][info][gc          ] GC(63) Pause Young (Normal) (G1 Evacuation Pause) 335M->28M(512M) 1.828ms
[2026-03-02T10:56:41.108+0530][info][gc,cpu      ] GC(63) User=0.00s Sys=0.00s Real=0.00s
[2026-03-02T10:56:47.993+0530][info][gc,start    ] GC(64) Pause Young (Normal) (G1 Evacuation Pause)
[2026-03-02T10:56:47.993+0530][info][gc,task     ] GC(64) Using 12 workers of 13 for evacuation
[2026-03-02T10:56:47.995+0530][info][gc,phases   ] GC(64)   Pre Evacuate Collection Set: 0.1ms
[2026-03-02T10:56:47.995+0530][info][gc,phases   ] GC(64)   Merge Heap Roots: 0.1ms
[2026-03-02T10:56:47.995+0530][info][gc,phases   ] GC(64)   Evacuate Collection Set: 0.9ms
[2026-03-02T10:56:47.995+0530][info][gc,phases   ] GC(64)   Post Evacuate Collection Set: 0.5ms
[2026-03-02T10:56:47.995+0530][info][gc,phases   ] GC(64)   Other: 0.2ms
[2026-03-02T10:56:47.995+0530][info][gc,heap     ] GC(64) Eden regions: 306->0(305)
[2026-03-02T10:56:47.995+0530][info][gc,heap     ] GC(64) Survivor regions: 1->2(39)
[2026-03-02T10:56:47.995+0530][info][gc,heap     ] GC(64) Old regions: 28->28
[2026-03-02T10:56:47.995+0530][info][gc,heap     ] GC(64) Archive regions: 0->0
[2026-03-02T10:56:47.995+0530][info][gc,heap     ] GC(64) Humongous regions: 1->1
[2026-03-02T10:56:47.995+0530][info][gc,metaspace] GC(64) Metaspace: 74297K(74880K)->74297K(74880K) NonClass: 65039K(65344K)->65039K(65344K) Class: 9258K(9536K)->9258K(9536K)
[2026-03-02T10:56:47.995+0530][info][gc          ] GC(64) Pause Young (Normal) (G1 Evacuation Pause) 334M->30M(512M) 1.844ms
[2026-03-02T10:56:47.995+0530][info][gc,cpu      ] GC(64) User=0.00s Sys=0.00s Real=0.00s
[2026-03-02T10:56:54.546+0530][info][gc,start    ] GC(65) Pause Young (Normal) (G1 Evacuation Pause)
[2026-03-02T10:56:54.546+0530][info][gc,task     ] GC(65) Using 12 workers of 13 for evacuation
[2026-03-02T10:56:54.547+0530][info][gc,phases   ] GC(65)   Pre Evacuate Collection Set: 0.1ms
[2026-03-02T10:56:54.547+0530][info][gc,phases   ] GC(65)   Merge Heap Roots: 0.1ms
[2026-03-02T10:56:54.547+0530][info][gc,phases   ] GC(65)   Evacuate Collection Set: 1.1ms
[2026-03-02T10:56:54.547+0530][info][gc,phases   ] GC(65)   Post Evacuate Collection Set: 0.4ms
[2026-03-02T10:56:54.548+0530][info][gc,phases   ] GC(65)   Other: 0.1ms
[2026-03-02T10:56:54.548+0530][info][gc,heap     ] GC(65) Eden regions: 305->0(304)
[2026-03-02T10:56:54.548+0530][info][gc,heap     ] GC(65) Survivor regions: 2->3(39)
[2026-03-02T10:56:54.548+0530][info][gc,heap     ] GC(65) Old regions: 28->28
[2026-03-02T10:56:54.548+0530][info][gc,heap     ] GC(65) Archive regions: 0->0
[2026-03-02T10:56:54.548+0530][info][gc,heap     ] GC(65) Humongous regions: 1->1
[2026-03-02T10:56:54.548+0530][info][gc,metaspace] GC(65) Metaspace: 74297K(74880K)->74297K(74880K) NonClass: 65039K(65344K)->65039K(65344K) Class: 9258K(9536K)->9258K(9536K)
[2026-03-02T10:56:54.548+0530][info][gc          ] GC(65) Pause Young (Normal) (G1 Evacuation Pause) 335M->30M(512M) 1.945ms
[2026-03-02T10:56:54.548+0530][info][gc,cpu      ] GC(65) User=0.00s Sys=0.02s Real=0.00s
[2026-03-02T10:57:01.310+0530][info][gc,start    ] GC(66) Pause Young (Normal) (G1 Evacuation Pause)
[2026-03-02T10:57:01.310+0530][info][gc,task     ] GC(66) Using 12 workers of 13 for evacuation
[2026-03-02T10:57:01.312+0530][info][gc,phases   ] GC(66)   Pre Evacuate Collection Set: 0.1ms
[2026-03-02T10:57:01.312+0530][info][gc,phases   ] GC(66)   Merge Heap Roots: 0.1ms
[2026-03-02T10:57:01.312+0530][info][gc,phases   ] GC(66)   Evacuate Collection Set: 0.8ms
[2026-03-02T10:57:01.312+0530][info][gc,phases   ] GC(66)   Post Evacuate Collection Set: 0.4ms
[2026-03-02T10:57:01.312+0530][info][gc,phases   ] GC(66)   Other: 0.1ms
[2026-03-02T10:57:01.312+0530][info][gc,heap     ] GC(66) Eden regions: 304->0(305)
[2026-03-02T10:57:01.312+0530][info][gc,heap     ] GC(66) Survivor regions: 3->2(39)
[2026-03-02T10:57:01.312+0530][info][gc,heap     ] GC(66) Old regions: 28->28
[2026-03-02T10:57:01.312+0530][info][gc,heap     ] GC(66) Archive regions: 0->0
[2026-03-02T10:57:01.312+0530][info][gc,heap     ] GC(66) Humongous regions: 1->1
[2026-03-02T10:57:01.312+0530][info][gc,metaspace] GC(66) Metaspace: 74298K(74880K)->74298K(74880K) NonClass: 65040K(65344K)->65040K(65344K) Class: 9258K(9536K)->9258K(9536K)
[2026-03-02T10:57:01.312+0530][info][gc          ] GC(66) Pause Young (Normal) (G1 Evacuation Pause) 334M->30M(512M) 1.796ms
[2026-03-02T10:57:01.312+0530][info][gc,cpu      ] GC(66) User=0.00s Sys=0.00s Real=0.00s
[2026-03-02T10:57:07.719+0530][info][gc,start    ] GC(67) Pause Young (Normal) (G1 Evacuation Pause)
[2026-03-02T10:57:07.719+0530][info][gc,task     ] GC(67) Using 12 workers of 13 for evacuation
[2026-03-02T10:57:07.721+0530][info][gc,phases   ] GC(67)   Pre Evacuate Collection Set: 0.2ms
[2026-03-02T10:57:07.721+0530][info][gc,phases   ] GC(67)   Merge Heap Roots: 0.1ms
[2026-03-02T10:57:07.721+0530][info][gc,phases   ] GC(67)   Evacuate Collection Set: 0.9ms
[2026-03-02T10:57:07.721+0530][info][gc,phases   ] GC(67)   Post Evacuate Collection Set: 0.4ms
[2026-03-02T10:57:07.721+0530][info][gc,phases   ] GC(67)   Other: 0.2ms
[2026-03-02T10:57:07.721+0530][info][gc,heap     ] GC(67) Eden regions: 305->0(305)
[2026-03-02T10:57:07.721+0530][info][gc,heap     ] GC(67) Survivor regions: 2->2(39)
[2026-03-02T10:57:07.721+0530][info][gc,heap     ] GC(67) Old regions: 28->28
[2026-03-02T10:57:07.721+0530][info][gc,heap     ] GC(67) Archive regions: 0->0
[2026-03-02T10:57:07.721+0530][info][gc,heap     ] GC(67) Humongous regions: 1->1
[2026-03-02T10:57:07.721+0530][info][gc,metaspace] GC(67) Metaspace: 74326K(74880K)->74326K(74880K) NonClass: 65067K(65344K)->65067K(65344K) Class: 9258K(9536K)->9258K(9536K)
[2026-03-02T10:57:07.721+0530][info][gc          ] GC(67) Pause Young (Normal) (G1 Evacuation Pause) 335M->30M(512M) 2.169ms
[2026-03-02T10:57:07.721+0530][info][gc,cpu      ] GC(67) User=0.00s Sys=0.02s Real=0.00s
[2026-03-02T10:57:13.908+0530][info][gc,start    ] GC(68) Pause Young (Normal) (G1 Evacuation Pause)
[2026-03-02T10:57:13.908+0530][info][gc,task     ] GC(68) Using 12 workers of 13 for evacuation
[2026-03-02T10:57:13.910+0530][info][gc,phases   ] GC(68)   Pre Evacuate Collection Set: 0.2ms
[2026-03-02T10:57:13.910+0530][info][gc,phases   ] GC(68)   Merge Heap Roots: 0.1ms
[2026-03-02T10:57:13.910+0530][info][gc,phases   ] GC(68)   Evacuate Collection Set: 0.9ms
[2026-03-02T10:57:13.910+0530][info][gc,phases   ] GC(68)   Post Evacuate Collection Set: 0.5ms
[2026-03-02T10:57:13.910+0530][info][gc,phases   ] GC(68)   Other: 0.2ms
[2026-03-02T10:57:13.910+0530][info][gc,heap     ] GC(68) Eden regions: 305->0(304)
[2026-03-02T10:57:13.910+0530][info][gc,heap     ] GC(68) Survivor regions: 2->3(39)
[2026-03-02T10:57:13.910+0530][info][gc,heap     ] GC(68) Old regions: 28->28
[2026-03-02T10:57:13.910+0530][info][gc,heap     ] GC(68) Archive regions: 0->0
[2026-03-02T10:57:13.910+0530][info][gc,heap     ] GC(68) Humongous regions: 1->1
[2026-03-02T10:57:13.910+0530][info][gc,metaspace] GC(68) Metaspace: 74332K(74880K)->74332K(74880K) NonClass: 65073K(65344K)->65073K(65344K) Class: 9258K(9536K)->9258K(9536K)
[2026-03-02T10:57:13.910+0530][info][gc          ] GC(68) Pause Young (Normal) (G1 Evacuation Pause) 335M->30M(512M) 2.215ms
[2026-03-02T10:57:13.910+0530][info][gc,cpu      ] GC(68) User=0.00s Sys=0.00s Real=0.00s
[2026-03-02T10:57:20.310+0530][info][gc,start    ] GC(69) Pause Young (Normal) (G1 Evacuation Pause)
[2026-03-02T10:57:20.310+0530][info][gc,task     ] GC(69) Using 12 workers of 13 for evacuation
[2026-03-02T10:57:20.312+0530][info][gc,phases   ] GC(69)   Pre Evacuate Collection Set: 0.1ms
[2026-03-02T10:57:20.312+0530][info][gc,phases   ] GC(69)   Merge Heap Roots: 0.2ms
[2026-03-02T10:57:20.312+0530][info][gc,phases   ] GC(69)   Evacuate Collection Set: 0.8ms
[2026-03-02T10:57:20.312+0530][info][gc,phases   ] GC(69)   Post Evacuate Collection Set: 0.5ms
[2026-03-02T10:57:20.312+0530][info][gc,phases   ] GC(69)   Other: 0.1ms
[2026-03-02T10:57:20.312+0530][info][gc,heap     ] GC(69) Eden regions: 304->0(305)
[2026-03-02T10:57:20.312+0530][info][gc,heap     ] GC(69) Survivor regions: 3->2(39)
[2026-03-02T10:57:20.312+0530][info][gc,heap     ] GC(69) Old regions: 28->28
[2026-03-02T10:57:20.312+0530][info][gc,heap     ] GC(69) Archive regions: 0->0
[2026-03-02T10:57:20.312+0530][info][gc,heap     ] GC(69) Humongous regions: 1->1
[2026-03-02T10:57:20.312+0530][info][gc,metaspace] GC(69) Metaspace: 74336K(74880K)->74336K(74880K) NonClass: 65078K(65344K)->65078K(65344K) Class: 9258K(9536K)->9258K(9536K)
[2026-03-02T10:57:20.312+0530][info][gc          ] GC(69) Pause Young (Normal) (G1 Evacuation Pause) 334M->30M(512M) 1.898ms
[2026-03-02T10:57:20.312+0530][info][gc,cpu      ] GC(69) User=0.00s Sys=0.00s Real=0.00s
[2026-03-02T10:57:26.420+0530][info][gc,start    ] GC(70) Pause Young (Normal) (G1 Evacuation Pause)
[2026-03-02T10:57:26.420+0530][info][gc,task     ] GC(70) Using 12 workers of 13 for evacuation
[2026-03-02T10:57:26.422+0530][info][gc,phases   ] GC(70)   Pre Evacuate Collection Set: 0.1ms
[2026-03-02T10:57:26.422+0530][info][gc,phases   ] GC(70)   Merge Heap Roots: 0.1ms
[2026-03-02T10:57:26.422+0530][info][gc,phases   ] GC(70)   Evacuate Collection Set: 0.9ms
[2026-03-02T10:57:26.422+0530][info][gc,phases   ] GC(70)   Post Evacuate Collection Set: 0.5ms
[2026-03-02T10:57:26.422+0530][info][gc,phases   ] GC(70)   Other: 0.1ms
[2026-03-02T10:57:26.422+0530][info][gc,heap     ] GC(70) Eden regions: 305->0(305)
[2026-03-02T10:57:26.422+0530][info][gc,heap     ] GC(70) Survivor regions: 2->2(39)
[2026-03-02T10:57:26.422+0530][info][gc,heap     ] GC(70) Old regions: 28->28
[2026-03-02T10:57:26.422+0530][info][gc,heap     ] GC(70) Archive regions: 0->0
[2026-03-02T10:57:26.422+0530][info][gc,heap     ] GC(70) Humongous regions: 1->1
[2026-03-02T10:57:26.422+0530][info][gc,metaspace] GC(70) Metaspace: 74348K(74880K)->74348K(74880K) NonClass: 65089K(65344K)->65089K(65344K) Class: 9258K(9536K)->9258K(9536K)
[2026-03-02T10:57:26.422+0530][info][gc          ] GC(70) Pause Young (Normal) (G1 Evacuation Pause) 335M->30M(512M) 1.963ms
[2026-03-02T10:57:26.422+0530][info][gc,cpu      ] GC(70) User=0.00s Sys=0.00s Real=0.00s
[2026-03-02T10:57:33.117+0530][info][gc,start    ] GC(71) Pause Young (Normal) (G1 Evacuation Pause)
[2026-03-02T10:57:33.117+0530][info][gc,task     ] GC(71) Using 12 workers of 13 for evacuation
[2026-03-02T10:57:33.119+0530][info][gc,phases   ] GC(71)   Pre Evacuate Collection Set: 0.1ms
[2026-03-02T10:57:33.119+0530][info][gc,phases   ] GC(71)   Merge Heap Roots: 0.1ms
[2026-03-02T10:57:33.119+0530][info][gc,phases   ] GC(71)   Evacuate Collection Set: 0.9ms
[2026-03-02T10:57:33.119+0530][info][gc,phases   ] GC(71)   Post Evacuate Collection Set: 0.3ms
[2026-03-02T10:57:33.119+0530][info][gc,phases   ] GC(71)   Other: 0.1ms
[2026-03-02T10:57:33.119+0530][info][gc,heap     ] GC(71) Eden regions: 305->0(304)
[2026-03-02T10:57:33.119+0530][info][gc,heap     ] GC(71) Survivor regions: 2->3(39)
[2026-03-02T10:57:33.119+0530][info][gc,heap     ] GC(71) Old regions: 28->28
[2026-03-02T10:57:33.119+0530][info][gc,heap     ] GC(71) Archive regions: 0->0
[2026-03-02T10:57:33.119+0530][info][gc,heap     ] GC(71) Humongous regions: 1->1
[2026-03-02T10:57:33.119+0530][info][gc,metaspace] GC(71) Metaspace: 74351K(74880K)->74351K(74880K) NonClass: 65092K(65344K)->65092K(65344K) Class: 9258K(9536K)->9258K(9536K)
[2026-03-02T10:57:33.119+0530][info][gc          ] GC(71) Pause Young (Normal) (G1 Evacuation Pause) 335M->30M(512M) 1.736ms
[2026-03-02T10:57:33.119+0530][info][gc,cpu      ] GC(71) User=0.00s Sys=0.00s Real=0.00s
[2026-03-02T10:57:39.779+0530][info][gc,start    ] GC(72) Pause Young (Normal) (G1 Evacuation Pause)
[2026-03-02T10:57:39.779+0530][info][gc,task     ] GC(72) Using 12 workers of 13 for evacuation
[2026-03-02T10:57:39.781+0530][info][gc,phases   ] GC(72)   Pre Evacuate Collection Set: 0.3ms
[2026-03-02T10:57:39.781+0530][info][gc,phases   ] GC(72)   Merge Heap Roots: 0.2ms
[2026-03-02T10:57:39.781+0530][info][gc,phases   ] GC(72)   Evacuate Collection Set: 0.7ms
[2026-03-02T10:57:39.781+0530][info][gc,phases   ] GC(72)   Post Evacuate Collection Set: 0.9ms
[2026-03-02T10:57:39.781+0530][info][gc,phases   ] GC(72)   Other: 0.2ms
[2026-03-02T10:57:39.781+0530][info][gc,heap     ] GC(72) Eden regions: 304->0(306)
[2026-03-02T10:57:39.782+0530][info][gc,heap     ] GC(72) Survivor regions: 3->1(39)
[2026-03-02T10:57:39.782+0530][info][gc,heap     ] GC(72) Old regions: 28->28
[2026-03-02T10:57:39.782+0530][info][gc,heap     ] GC(72) Archive regions: 0->0
[2026-03-02T10:57:39.782+0530][info][gc,heap     ] GC(72) Humongous regions: 1->1
[2026-03-02T10:57:39.782+0530][info][gc,metaspace] GC(72) Metaspace: 74351K(74880K)->74351K(74880K) NonClass: 65092K(65344K)->65092K(65344K) Class: 9258K(9536K)->9258K(9536K)
[2026-03-02T10:57:39.782+0530][info][gc          ] GC(72) Pause Young (Normal) (G1 Evacuation Pause) 334M->28M(512M) 3.040ms
[2026-03-02T10:57:39.782+0530][info][gc,cpu      ] GC(72) User=0.00s Sys=0.02s Real=0.00s
[2026-03-02T10:57:47.171+0530][info][gc,start    ] GC(73) Pause Young (Normal) (G1 Evacuation Pause)
[2026-03-02T10:57:47.171+0530][info][gc,task     ] GC(73) Using 12 workers of 13 for evacuation
[2026-03-02T10:57:47.173+0530][info][gc,phases   ] GC(73)   Pre Evacuate Collection Set: 0.2ms
[2026-03-02T10:57:47.173+0530][info][gc,phases   ] GC(73)   Merge Heap Roots: 0.1ms
[2026-03-02T10:57:47.173+0530][info][gc,phases   ] GC(73)   Evacuate Collection Set: 1.0ms
[2026-03-02T10:57:47.173+0530][info][gc,phases   ] GC(73)   Post Evacuate Collection Set: 0.3ms
[2026-03-02T10:57:47.173+0530][info][gc,phases   ] GC(73)   Other: 0.2ms
[2026-03-02T10:57:47.173+0530][info][gc,heap     ] GC(73) Eden regions: 306->0(305)
[2026-03-02T10:57:47.173+0530][info][gc,heap     ] GC(73) Survivor regions: 1->2(39)
[2026-03-02T10:57:47.173+0530][info][gc,heap     ] GC(73) Old regions: 28->28
[2026-03-02T10:57:47.173+0530][info][gc,heap     ] GC(73) Archive regions: 0->0
[2026-03-02T10:57:47.173+0530][info][gc,heap     ] GC(73) Humongous regions: 1->1
[2026-03-02T10:57:47.173+0530][info][gc,metaspace] GC(73) Metaspace: 74401K(74944K)->74401K(74944K) NonClass: 65142K(65408K)->65142K(65408K) Class: 9258K(9536K)->9258K(9536K)
[2026-03-02T10:57:47.173+0530][info][gc          ] GC(73) Pause Young (Normal) (G1 Evacuation Pause) 334M->30M(512M) 1.963ms
[2026-03-02T10:57:47.173+0530][info][gc,cpu      ] GC(73) User=0.12s Sys=0.00s Real=0.00s
[2026-03-02T10:57:54.285+0530][info][gc,start    ] GC(74) Pause Young (Normal) (G1 Evacuation Pause)
[2026-03-02T10:57:54.285+0530][info][gc,task     ] GC(74) Using 12 workers of 13 for evacuation
[2026-03-02T10:57:54.287+0530][info][gc,phases   ] GC(74)   Pre Evacuate Collection Set: 0.1ms
[2026-03-02T10:57:54.287+0530][info][gc,phases   ] GC(74)   Merge Heap Roots: 0.2ms
[2026-03-02T10:57:54.287+0530][info][gc,phases   ] GC(74)   Evacuate Collection Set: 0.8ms
[2026-03-02T10:57:54.287+0530][info][gc,phases   ] GC(74)   Post Evacuate Collection Set: 0.3ms
[2026-03-02T10:57:54.287+0530][info][gc,phases   ] GC(74)   Other: 0.1ms
[2026-03-02T10:57:54.287+0530][info][gc,heap     ] GC(74) Eden regions: 305->0(305)
[2026-03-02T10:57:54.287+0530][info][gc,heap     ] GC(74) Survivor regions: 2->2(39)
[2026-03-02T10:57:54.287+0530][info][gc,heap     ] GC(74) Old regions: 28->28
[2026-03-02T10:57:54.287+0530][info][gc,heap     ] GC(74) Archive regions: 0->0
[2026-03-02T10:57:54.287+0530][info][gc,heap     ] GC(74) Humongous regions: 1->1
[2026-03-02T10:57:54.287+0530][info][gc,metaspace] GC(74) Metaspace: 74401K(74944K)->74401K(74944K) NonClass: 65142K(65408K)->65142K(65408K) Class: 9258K(9536K)->9258K(9536K)
[2026-03-02T10:57:54.287+0530][info][gc          ] GC(74) Pause Young (Normal) (G1 Evacuation Pause) 335M->30M(512M) 1.667ms
[2026-03-02T10:57:54.287+0530][info][gc,cpu      ] GC(74) User=0.00s Sys=0.00s Real=0.00s
[2026-03-02T10:58:01.513+0530][info][gc,start    ] GC(75) Pause Young (Normal) (G1 Evacuation Pause)
[2026-03-02T10:58:01.513+0530][info][gc,task     ] GC(75) Using 12 workers of 13 for evacuation
[2026-03-02T10:58:01.515+0530][info][gc,phases   ] GC(75)   Pre Evacuate Collection Set: 0.2ms
[2026-03-02T10:58:01.515+0530][info][gc,phases   ] GC(75)   Merge Heap Roots: 0.2ms
[2026-03-02T10:58:01.515+0530][info][gc,phases   ] GC(75)   Evacuate Collection Set: 1.2ms
[2026-03-02T10:58:01.515+0530][info][gc,phases   ] GC(75)   Post Evacuate Collection Set: 0.4ms
[2026-03-02T10:58:01.515+0530][info][gc,phases   ] GC(75)   Other: 0.1ms
[2026-03-02T10:58:01.515+0530][info][gc,heap     ] GC(75) Eden regions: 305->0(304)
[2026-03-02T10:58:01.515+0530][info][gc,heap     ] GC(75) Survivor regions: 2->3(39)
[2026-03-02T10:58:01.515+0530][info][gc,heap     ] GC(75) Old regions: 28->28
[2026-03-02T10:58:01.515+0530][info][gc,heap     ] GC(75) Archive regions: 0->0
[2026-03-02T10:58:01.515+0530][info][gc,heap     ] GC(75) Humongous regions: 1->1
[2026-03-02T10:58:01.515+0530][info][gc,metaspace] GC(75) Metaspace: 74401K(74944K)->74401K(74944K) NonClass: 65142K(65408K)->65142K(65408K) Class: 9258K(9536K)->9258K(9536K)
[2026-03-02T10:58:01.515+0530][info][gc          ] GC(75) Pause Young (Normal) (G1 Evacuation Pause) 335M->30M(512M) 2.265ms
[2026-03-02T10:58:01.515+0530][info][gc,cpu      ] GC(75) User=0.00s Sys=0.00s Real=0.00s
[2026-03-02T10:58:08.394+0530][info][gc,start    ] GC(76) Pause Young (Normal) (G1 Evacuation Pause)
[2026-03-02T10:58:08.394+0530][info][gc,task     ] GC(76) Using 12 workers of 13 for evacuation
[2026-03-02T10:58:08.396+0530][info][gc,phases   ] GC(76)   Pre Evacuate Collection Set: 0.2ms
[2026-03-02T10:58:08.396+0530][info][gc,phases   ] GC(76)   Merge Heap Roots: 0.2ms
[2026-03-02T10:58:08.396+0530][info][gc,phases   ] GC(76)   Evacuate Collection Set: 0.9ms
[2026-03-02T10:58:08.396+0530][info][gc,phases   ] GC(76)   Post Evacuate Collection Set: 0.3ms
[2026-03-02T10:58:08.396+0530][info][gc,phases   ] GC(76)   Other: 0.3ms
[2026-03-02T10:58:08.396+0530][info][gc,heap     ] GC(76) Eden regions: 304->0(304)
[2026-03-02T10:58:08.396+0530][info][gc,heap     ] GC(76) Survivor regions: 3->3(39)
[2026-03-02T10:58:08.396+0530][info][gc,heap     ] GC(76) Old regions: 28->28
[2026-03-02T10:58:08.396+0530][info][gc,heap     ] GC(76) Archive regions: 0->0
[2026-03-02T10:58:08.396+0530][info][gc,heap     ] GC(76) Humongous regions: 1->1
[2026-03-02T10:58:08.396+0530][info][gc,metaspace] GC(76) Metaspace: 74402K(74944K)->74402K(74944K) NonClass: 65143K(65408K)->65143K(65408K) Class: 9258K(9536K)->9258K(9536K)
[2026-03-02T10:58:08.396+0530][info][gc          ] GC(76) Pause Young (Normal) (G1 Evacuation Pause) 334M->30M(512M) 1.983ms
[2026-03-02T10:58:08.396+0530][info][gc,cpu      ] GC(76) User=0.00s Sys=0.00s Real=0.00s
[2026-03-02T10:58:14.829+0530][info][gc,start    ] GC(77) Pause Young (Normal) (G1 Evacuation Pause)
[2026-03-02T10:58:14.830+0530][info][gc,task     ] GC(77) Using 12 workers of 13 for evacuation
[2026-03-02T10:58:14.831+0530][info][gc,phases   ] GC(77)   Pre Evacuate Collection Set: 0.2ms
[2026-03-02T10:58:14.831+0530][info][gc,phases   ] GC(77)   Merge Heap Roots: 0.1ms
[2026-03-02T10:58:14.831+0530][info][gc,phases   ] GC(77)   Evacuate Collection Set: 1.0ms
[2026-03-02T10:58:14.831+0530][info][gc,phases   ] GC(77)   Post Evacuate Collection Set: 0.4ms
[2026-03-02T10:58:14.831+0530][info][gc,phases   ] GC(77)   Other: 0.2ms
[2026-03-02T10:58:14.831+0530][info][gc,heap     ] GC(77) Eden regions: 304->0(304)
[2026-03-02T10:58:14.831+0530][info][gc,heap     ] GC(77) Survivor regions: 3->3(39)
[2026-03-02T10:58:14.831+0530][info][gc,heap     ] GC(77) Old regions: 28->28
[2026-03-02T10:58:14.831+0530][info][gc,heap     ] GC(77) Archive regions: 0->0
[2026-03-02T10:58:14.831+0530][info][gc,heap     ] GC(77) Humongous regions: 1->1
[2026-03-02T10:58:14.831+0530][info][gc,metaspace] GC(77) Metaspace: 74402K(74944K)->74402K(74944K) NonClass: 65143K(65408K)->65143K(65408K) Class: 9258K(9536K)->9258K(9536K)
[2026-03-02T10:58:14.831+0530][info][gc          ] GC(77) Pause Young (Normal) (G1 Evacuation Pause) 334M->30M(512M) 1.977ms
[2026-03-02T10:58:14.831+0530][info][gc,cpu      ] GC(77) User=0.00s Sys=0.00s Real=0.00s
[2026-03-02T10:58:20.869+0530][info][gc,start    ] GC(78) Pause Young (Normal) (G1 Evacuation Pause)
[2026-03-02T10:58:20.869+0530][info][gc,task     ] GC(78) Using 12 workers of 13 for evacuation
[2026-03-02T10:58:20.871+0530][info][gc,phases   ] GC(78)   Pre Evacuate Collection Set: 0.1ms
[2026-03-02T10:58:20.871+0530][info][gc,phases   ] GC(78)   Merge Heap Roots: 0.1ms
[2026-03-02T10:58:20.871+0530][info][gc,phases   ] GC(78)   Evacuate Collection Set: 0.9ms
[2026-03-02T10:58:20.871+0530][info][gc,phases   ] GC(78)   Post Evacuate Collection Set: 0.3ms
[2026-03-02T10:58:20.871+0530][info][gc,phases   ] GC(78)   Other: 0.2ms
[2026-03-02T10:58:20.871+0530][info][gc,heap     ] GC(78) Eden regions: 304->0(304)
[2026-03-02T10:58:20.871+0530][info][gc,heap     ] GC(78) Survivor regions: 3->3(39)
[2026-03-02T10:58:20.871+0530][info][gc,heap     ] GC(78) Old regions: 28->28
[2026-03-02T10:58:20.871+0530][info][gc,heap     ] GC(78) Archive regions: 0->0
[2026-03-02T10:58:20.871+0530][info][gc,heap     ] GC(78) Humongous regions: 1->1
[2026-03-02T10:58:20.871+0530][info][gc,metaspace] GC(78) Metaspace: 74402K(74944K)->74402K(74944K) NonClass: 65143K(65408K)->65143K(65408K) Class: 9258K(9536K)->9258K(9536K)
[2026-03-02T10:58:20.871+0530][info][gc          ] GC(78) Pause Young (Normal) (G1 Evacuation Pause) 334M->30M(512M) 1.731ms
[2026-03-02T10:58:20.871+0530][info][gc,cpu      ] GC(78) User=0.00s Sys=0.00s Real=0.00s
[2026-03-02T10:58:27.249+0530][info][gc,start    ] GC(79) Pause Young (Normal) (G1 Evacuation Pause)
[2026-03-02T10:58:27.249+0530][info][gc,task     ] GC(79) Using 12 workers of 13 for evacuation
[2026-03-02T10:58:27.252+0530][info][gc,phases   ] GC(79)   Pre Evacuate Collection Set: 0.5ms
[2026-03-02T10:58:27.252+0530][info][gc,phases   ] GC(79)   Merge Heap Roots: 0.1ms
[2026-03-02T10:58:27.252+0530][info][gc,phases   ] GC(79)   Evacuate Collection Set: 2.2ms
[2026-03-02T10:58:27.252+0530][info][gc,phases   ] GC(79)   Post Evacuate Collection Set: 0.4ms
[2026-03-02T10:58:27.252+0530][info][gc,phases   ] GC(79)   Other: 0.2ms
[2026-03-02T10:58:27.252+0530][info][gc,heap     ] GC(79) Eden regions: 304->0(304)
[2026-03-02T10:58:27.252+0530][info][gc,heap     ] GC(79) Survivor regions: 3->3(39)
[2026-03-02T10:58:27.252+0530][info][gc,heap     ] GC(79) Old regions: 28->28
[2026-03-02T10:58:27.252+0530][info][gc,heap     ] GC(79) Archive regions: 0->0
[2026-03-02T10:58:27.252+0530][info][gc,heap     ] GC(79) Humongous regions: 1->1
[2026-03-02T10:58:27.252+0530][info][gc,metaspace] GC(79) Metaspace: 74402K(74944K)->74402K(74944K) NonClass: 65143K(65408K)->65143K(65408K) Class: 9258K(9536K)->9258K(9536K)
[2026-03-02T10:58:27.252+0530][info][gc          ] GC(79) Pause Young (Normal) (G1 Evacuation Pause) 334M->30M(512M) 3.672ms
[2026-03-02T10:58:27.252+0530][info][gc,cpu      ] GC(79) User=0.12s Sys=0.00s Real=0.00s
[2026-03-02T10:58:34.441+0530][info][gc,start    ] GC(80) Pause Young (Normal) (G1 Evacuation Pause)
[2026-03-02T10:58:34.441+0530][info][gc,task     ] GC(80) Using 12 workers of 13 for evacuation
[2026-03-02T10:58:34.442+0530][info][gc,phases   ] GC(80)   Pre Evacuate Collection Set: 0.2ms
[2026-03-02T10:58:34.442+0530][info][gc,phases   ] GC(80)   Merge Heap Roots: 0.2ms
[2026-03-02T10:58:34.442+0530][info][gc,phases   ] GC(80)   Evacuate Collection Set: 0.6ms
[2026-03-02T10:58:34.442+0530][info][gc,phases   ] GC(80)   Post Evacuate Collection Set: 0.6ms
[2026-03-02T10:58:34.442+0530][info][gc,phases   ] GC(80)   Other: 0.1ms
[2026-03-02T10:58:34.442+0530][info][gc,heap     ] GC(80) Eden regions: 304->0(306)
[2026-03-02T10:58:34.442+0530][info][gc,heap     ] GC(80) Survivor regions: 3->1(39)
[2026-03-02T10:58:34.442+0530][info][gc,heap     ] GC(80) Old regions: 28->28
[2026-03-02T10:58:34.442+0530][info][gc,heap     ] GC(80) Archive regions: 0->0
[2026-03-02T10:58:34.442+0530][info][gc,heap     ] GC(80) Humongous regions: 1->1
[2026-03-02T10:58:34.442+0530][info][gc,metaspace] GC(80) Metaspace: 74402K(74944K)->74402K(74944K) NonClass: 65143K(65408K)->65143K(65408K) Class: 9258K(9536K)->9258K(9536K)
[2026-03-02T10:58:34.442+0530][info][gc          ] GC(80) Pause Young (Normal) (G1 Evacuation Pause) 334M->29M(512M) 1.808ms
[2026-03-02T10:58:34.442+0530][info][gc,cpu      ] GC(80) User=0.00s Sys=0.00s Real=0.00s
[2026-03-02T10:58:41.416+0530][info][gc,start    ] GC(81) Pause Young (Normal) (G1 Evacuation Pause)
[2026-03-02T10:58:41.416+0530][info][gc,task     ] GC(81) Using 12 workers of 13 for evacuation
[2026-03-02T10:58:41.418+0530][info][gc,phases   ] GC(81)   Pre Evacuate Collection Set: 0.1ms
[2026-03-02T10:58:41.418+0530][info][gc,phases   ] GC(81)   Merge Heap Roots: 0.1ms
[2026-03-02T10:58:41.418+0530][info][gc,phases   ] GC(81)   Evacuate Collection Set: 0.5ms
[2026-03-02T10:58:41.418+0530][info][gc,phases   ] GC(81)   Post Evacuate Collection Set: 0.5ms
[2026-03-02T10:58:41.418+0530][info][gc,phases   ] GC(81)   Other: 0.1ms
[2026-03-02T10:58:41.418+0530][info][gc,heap     ] GC(81) Eden regions: 306->0(306)
[2026-03-02T10:58:41.418+0530][info][gc,heap     ] GC(81) Survivor regions: 1->1(39)
[2026-03-02T10:58:41.418+0530][info][gc,heap     ] GC(81) Old regions: 28->28
[2026-03-02T10:58:41.418+0530][info][gc,heap     ] GC(81) Archive regions: 0->0
[2026-03-02T10:58:41.418+0530][info][gc,heap     ] GC(81) Humongous regions: 1->1
[2026-03-02T10:58:41.418+0530][info][gc,metaspace] GC(81) Metaspace: 74403K(74944K)->74403K(74944K) NonClass: 65144K(65408K)->65144K(65408K) Class: 9258K(9536K)->9258K(9536K)
[2026-03-02T10:58:41.418+0530][info][gc          ] GC(81) Pause Young (Normal) (G1 Evacuation Pause) 335M->29M(512M) 1.512ms
[2026-03-02T10:58:41.418+0530][info][gc,cpu      ] GC(81) User=0.00s Sys=0.00s Real=0.00s
[2026-03-02T10:58:49.686+0530][info][gc,start    ] GC(82) Pause Young (Normal) (G1 Evacuation Pause)
[2026-03-02T10:58:49.686+0530][info][gc,task     ] GC(82) Using 12 workers of 13 for evacuation
[2026-03-02T10:58:49.691+0530][info][gc,phases   ] GC(82)   Pre Evacuate Collection Set: 0.2ms
[2026-03-02T10:58:49.691+0530][info][gc,phases   ] GC(82)   Merge Heap Roots: 0.2ms
[2026-03-02T10:58:49.691+0530][info][gc,phases   ] GC(82)   Evacuate Collection Set: 3.2ms
[2026-03-02T10:58:49.691+0530][info][gc,phases   ] GC(82)   Post Evacuate Collection Set: 0.7ms
[2026-03-02T10:58:49.691+0530][info][gc,phases   ] GC(82)   Other: 0.3ms
[2026-03-02T10:58:49.691+0530][info][gc,heap     ] GC(82) Eden regions: 306->0(305)
[2026-03-02T10:58:49.691+0530][info][gc,heap     ] GC(82) Survivor regions: 1->2(39)
[2026-03-02T10:58:49.691+0530][info][gc,heap     ] GC(82) Old regions: 28->28
[2026-03-02T10:58:49.691+0530][info][gc,heap     ] GC(82) Archive regions: 0->0
[2026-03-02T10:58:49.691+0530][info][gc,heap     ] GC(82) Humongous regions: 1->1
[2026-03-02T10:58:49.691+0530][info][gc,metaspace] GC(82) Metaspace: 74414K(74944K)->74414K(74944K) NonClass: 65155K(65408K)->65155K(65408K) Class: 9258K(9536K)->9258K(9536K)
[2026-03-02T10:58:49.691+0530][info][gc          ] GC(82) Pause Young (Normal) (G1 Evacuation Pause) 335M->29M(512M) 4.854ms
[2026-03-02T10:58:49.691+0530][info][gc,cpu      ] GC(82) User=0.03s Sys=0.00s Real=0.00s
[2026-03-02T10:58:58.264+0530][info][gc,start    ] GC(83) Pause Young (Normal) (G1 Evacuation Pause)
[2026-03-02T10:58:58.264+0530][info][gc,task     ] GC(83) Using 12 workers of 13 for evacuation
[2026-03-02T10:58:58.264+0530][info][gc,phases   ] GC(83)   Pre Evacuate Collection Set: 0.2ms
[2026-03-02T10:58:58.264+0530][info][gc,phases   ] GC(83)   Merge Heap Roots: 0.2ms
[2026-03-02T10:58:58.264+0530][info][gc,phases   ] GC(83)   Evacuate Collection Set: 2.0ms
[2026-03-02T10:58:58.264+0530][info][gc,phases   ] GC(83)   Post Evacuate Collection Set: 0.7ms
[2026-03-02T10:58:58.264+0530][info][gc,phases   ] GC(83)   Other: 0.3ms
[2026-03-02T10:58:58.264+0530][info][gc,heap     ] GC(83) Eden regions: 305->0(306)
[2026-03-02T10:58:58.264+0530][info][gc,heap     ] GC(83) Survivor regions: 2->1(39)
[2026-03-02T10:58:58.264+0530][info][gc,heap     ] GC(83) Old regions: 28->28
[2026-03-02T10:58:58.264+0530][info][gc,heap     ] GC(83) Archive regions: 0->0
[2026-03-02T10:58:58.264+0530][info][gc,heap     ] GC(83) Humongous regions: 1->1
[2026-03-02T10:58:58.264+0530][info][gc,metaspace] GC(83) Metaspace: 74419K(74944K)->74419K(74944K) NonClass: 65160K(65408K)->65160K(65408K) Class: 9258K(9536K)->9258K(9536K)
[2026-03-02T10:58:58.264+0530][info][gc          ] GC(83) Pause Young (Normal) (G1 Evacuation Pause) 334M->29M(512M) 3.666ms
[2026-03-02T10:58:58.264+0530][info][gc,cpu      ] GC(83) User=0.00s Sys=0.00s Real=0.00s
[2026-03-02T10:59:07.634+0530][info][gc,start    ] GC(84) Pause Young (Normal) (G1 Evacuation Pause)
[2026-03-02T10:59:07.634+0530][info][gc,task     ] GC(84) Using 12 workers of 13 for evacuation
[2026-03-02T10:59:07.634+0530][info][gc,phases   ] GC(84)   Pre Evacuate Collection Set: 0.2ms
[2026-03-02T10:59:07.634+0530][info][gc,phases   ] GC(84)   Merge Heap Roots: 0.1ms
[2026-03-02T10:59:07.634+0530][info][gc,phases   ] GC(84)   Evacuate Collection Set: 1.4ms
[2026-03-02T10:59:07.634+0530][info][gc,phases   ] GC(84)   Post Evacuate Collection Set: 0.9ms
[2026-03-02T10:59:07.634+0530][info][gc,phases   ] GC(84)   Other: 0.3ms
[2026-03-02T10:59:07.634+0530][info][gc,heap     ] GC(84) Eden regions: 306->0(306)
[2026-03-02T10:59:07.634+0530][info][gc,heap     ] GC(84) Survivor regions: 1->1(39)
[2026-03-02T10:59:07.634+0530][info][gc,heap     ] GC(84) Old regions: 28->28
[2026-03-02T10:59:07.634+0530][info][gc,heap     ] GC(84) Archive regions: 0->0
[2026-03-02T10:59:07.634+0530][info][gc,heap     ] GC(84) Humongous regions: 1->1
[2026-03-02T10:59:07.634+0530][info][gc,metaspace] GC(84) Metaspace: 74433K(75008K)->74433K(75008K) NonClass: 65174K(65472K)->65174K(65472K) Class: 9258K(9536K)->9258K(9536K)
[2026-03-02T10:59:07.634+0530][info][gc          ] GC(84) Pause Young (Normal) (G1 Evacuation Pause) 335M->29M(512M) 3.214ms
[2026-03-02T10:59:07.634+0530][info][gc,cpu      ] GC(84) User=0.00s Sys=0.00s Real=0.00s
[2026-03-02T10:59:15.821+0530][info][gc,start    ] GC(85) Pause Young (Normal) (G1 Evacuation Pause)
[2026-03-02T10:59:15.821+0530][info][gc,task     ] GC(85) Using 12 workers of 13 for evacuation
[2026-03-02T10:59:15.829+0530][info][gc,phases   ] GC(85)   Pre Evacuate Collection Set: 0.2ms
[2026-03-02T10:59:15.829+0530][info][gc,phases   ] GC(85)   Merge Heap Roots: 0.2ms
[2026-03-02T10:59:15.829+0530][info][gc,phases   ] GC(85)   Evacuate Collection Set: 1.6ms
[2026-03-02T10:59:15.829+0530][info][gc,phases   ] GC(85)   Post Evacuate Collection Set: 0.4ms
[2026-03-02T10:59:15.829+0530][info][gc,phases   ] GC(85)   Other: 0.3ms
[2026-03-02T10:59:15.829+0530][info][gc,heap     ] GC(85) Eden regions: 306->0(306)
[2026-03-02T10:59:15.829+0530][info][gc,heap     ] GC(85) Survivor regions: 1->1(39)
[2026-03-02T10:59:15.829+0530][info][gc,heap     ] GC(85) Old regions: 28->28
[2026-03-02T10:59:15.829+0530][info][gc,heap     ] GC(85) Archive regions: 0->0
[2026-03-02T10:59:15.829+0530][info][gc,heap     ] GC(85) Humongous regions: 1->1
[2026-03-02T10:59:15.829+0530][info][gc,metaspace] GC(85) Metaspace: 74434K(75008K)->74434K(75008K) NonClass: 65175K(65472K)->65175K(65472K) Class: 9258K(9536K)->9258K(9536K)
[2026-03-02T10:59:15.829+0530][info][gc          ] GC(85) Pause Young (Normal) (G1 Evacuation Pause) 335M->29M(512M) 2.824ms
[2026-03-02T10:59:15.829+0530][info][gc,cpu      ] GC(85) User=0.05s Sys=0.02s Real=0.01s
[2026-03-02T10:59:24.952+0530][info][gc,start    ] GC(86) Pause Young (Normal) (G1 Evacuation Pause)
[2026-03-02T10:59:24.952+0530][info][gc,task     ] GC(86) Using 12 workers of 13 for evacuation
[2026-03-02T10:59:24.958+0530][info][gc,phases   ] GC(86)   Pre Evacuate Collection Set: 0.2ms
[2026-03-02T10:59:24.958+0530][info][gc,phases   ] GC(86)   Merge Heap Roots: 0.1ms
[2026-03-02T10:59:24.958+0530][info][gc,phases   ] GC(86)   Evacuate Collection Set: 3.1ms
[2026-03-02T10:59:24.958+0530][info][gc,phases   ] GC(86)   Post Evacuate Collection Set: 0.8ms
[2026-03-02T10:59:24.958+0530][info][gc,phases   ] GC(86)   Other: 0.3ms
[2026-03-02T10:59:24.958+0530][info][gc,heap     ] GC(86) Eden regions: 306->0(304)
[2026-03-02T10:59:24.958+0530][info][gc,heap     ] GC(86) Survivor regions: 1->3(39)
[2026-03-02T10:59:24.958+0530][info][gc,heap     ] GC(86) Old regions: 28->28
[2026-03-02T10:59:24.958+0530][info][gc,heap     ] GC(86) Archive regions: 0->0
[2026-03-02T10:59:24.958+0530][info][gc,heap     ] GC(86) Humongous regions: 1->1
[2026-03-02T10:59:24.958+0530][info][gc,metaspace] GC(86) Metaspace: 74441K(75008K)->74441K(75008K) NonClass: 65182K(65472K)->65182K(65472K) Class: 9258K(9536K)->9258K(9536K)
[2026-03-02T10:59:24.958+0530][info][gc          ] GC(86) Pause Young (Normal) (G1 Evacuation Pause) 335M->30M(512M) 4.878ms
[2026-03-02T10:59:24.958+0530][info][gc,cpu      ] GC(86) User=0.02s Sys=0.00s Real=0.01s
[2026-03-02T10:59:33.915+0530][info][gc,start    ] GC(87) Pause Young (Normal) (G1 Evacuation Pause)
[2026-03-02T10:59:33.915+0530][info][gc,task     ] GC(87) Using 12 workers of 13 for evacuation
[2026-03-02T10:59:33.915+0530][info][gc,phases   ] GC(87)   Pre Evacuate Collection Set: 0.2ms
[2026-03-02T10:59:33.915+0530][info][gc,phases   ] GC(87)   Merge Heap Roots: 0.2ms
[2026-03-02T10:59:33.915+0530][info][gc,phases   ] GC(87)   Evacuate Collection Set: 3.0ms
[2026-03-02T10:59:33.915+0530][info][gc,phases   ] GC(87)   Post Evacuate Collection Set: 0.7ms
[2026-03-02T10:59:33.915+0530][info][gc,phases   ] GC(87)   Other: 0.3ms
[2026-03-02T10:59:33.915+0530][info][gc,heap     ] GC(87) Eden regions: 304->0(304)
[2026-03-02T10:59:33.915+0530][info][gc,heap     ] GC(87) Survivor regions: 3->3(39)
[2026-03-02T10:59:33.915+0530][info][gc,heap     ] GC(87) Old regions: 28->28
[2026-03-02T10:59:33.915+0530][info][gc,heap     ] GC(87) Archive regions: 0->0
[2026-03-02T10:59:33.915+0530][info][gc,heap     ] GC(87) Humongous regions: 1->1
[2026-03-02T10:59:33.915+0530][info][gc,metaspace] GC(87) Metaspace: 74442K(75008K)->74442K(75008K) NonClass: 65183K(65472K)->65183K(65472K) Class: 9258K(9536K)->9258K(9536K)
[2026-03-02T10:59:33.915+0530][info][gc          ] GC(87) Pause Young (Normal) (G1 Evacuation Pause) 334M->30M(512M) 4.749ms
[2026-03-02T10:59:33.915+0530][info][gc,cpu      ] GC(87) User=0.00s Sys=0.02s Real=0.00s
[2026-03-02T10:59:42.956+0530][info][gc,start    ] GC(88) Pause Young (Normal) (G1 Evacuation Pause)
[2026-03-02T10:59:42.956+0530][info][gc,task     ] GC(88) Using 12 workers of 13 for evacuation
[2026-03-02T10:59:42.960+0530][info][gc,phases   ] GC(88)   Pre Evacuate Collection Set: 0.2ms
[2026-03-02T10:59:42.960+0530][info][gc,phases   ] GC(88)   Merge Heap Roots: 0.1ms
[2026-03-02T10:59:42.960+0530][info][gc,phases   ] GC(88)   Evacuate Collection Set: 2.7ms
[2026-03-02T10:59:42.960+0530][info][gc,phases   ] GC(88)   Post Evacuate Collection Set: 0.8ms
[2026-03-02T10:59:42.960+0530][info][gc,phases   ] GC(88)   Other: 0.3ms
[2026-03-02T10:59:42.960+0530][info][gc,heap     ] GC(88) Eden regions: 304->0(304)
[2026-03-02T10:59:42.960+0530][info][gc,heap     ] GC(88) Survivor regions: 3->3(39)
[2026-03-02T10:59:42.960+0530][info][gc,heap     ] GC(88) Old regions: 28->28
[2026-03-02T10:59:42.960+0530][info][gc,heap     ] GC(88) Archive regions: 0->0
[2026-03-02T10:59:42.960+0530][info][gc,heap     ] GC(88) Humongous regions: 1->1
[2026-03-02T10:59:42.960+0530][info][gc,metaspace] GC(88) Metaspace: 74442K(75008K)->74442K(75008K) NonClass: 65183K(65472K)->65183K(65472K) Class: 9258K(9536K)->9258K(9536K)
[2026-03-02T10:59:42.960+0530][info][gc          ] GC(88) Pause Young (Normal) (G1 Evacuation Pause) 334M->30M(512M) 4.432ms
[2026-03-02T10:59:42.960+0530][info][gc,cpu      ] GC(88) User=0.00s Sys=0.00s Real=0.00s
[2026-03-02T10:59:51.626+0530][info][gc,start    ] GC(89) Pause Young (Normal) (G1 Evacuation Pause)
[2026-03-02T10:59:51.626+0530][info][gc,task     ] GC(89) Using 12 workers of 13 for evacuation
[2026-03-02T10:59:51.633+0530][info][gc,phases   ] GC(89)   Pre Evacuate Collection Set: 0.4ms
[2026-03-02T10:59:51.634+0530][info][gc,phases   ] GC(89)   Merge Heap Roots: 0.3ms
[2026-03-02T10:59:51.634+0530][info][gc,phases   ] GC(89)   Evacuate Collection Set: 5.2ms
[2026-03-02T10:59:51.634+0530][info][gc,phases   ] GC(89)   Post Evacuate Collection Set: 1.2ms
[2026-03-02T10:59:51.634+0530][info][gc,phases   ] GC(89)   Other: 0.4ms
[2026-03-02T10:59:51.634+0530][info][gc,heap     ] GC(89) Eden regions: 304->0(304)
[2026-03-02T10:59:51.634+0530][info][gc,heap     ] GC(89) Survivor regions: 3->3(39)
[2026-03-02T10:59:51.634+0530][info][gc,heap     ] GC(89) Old regions: 28->28
[2026-03-02T10:59:51.634+0530][info][gc,heap     ] GC(89) Archive regions: 0->0
[2026-03-02T10:59:51.634+0530][info][gc,heap     ] GC(89) Humongous regions: 1->1
[2026-03-02T10:59:51.634+0530][info][gc,metaspace] GC(89) Metaspace: 74442K(75008K)->74442K(75008K) NonClass: 65183K(65472K)->65183K(65472K) Class: 9258K(9536K)->9258K(9536K)
[2026-03-02T10:59:51.634+0530][info][gc          ] GC(89) Pause Young (Normal) (G1 Evacuation Pause) 334M->30M(512M) 8.223ms
[2026-03-02T10:59:51.634+0530][info][gc,cpu      ] GC(89) User=0.00s Sys=0.00s Real=0.01s
[2026-03-02T11:00:02.600+0530][info][gc,start    ] GC(90) Pause Young (Normal) (G1 Evacuation Pause)
[2026-03-02T11:00:02.600+0530][info][gc,task     ] GC(90) Using 12 workers of 13 for evacuation
[2026-03-02T11:00:02.608+0530][info][gc,phases   ] GC(90)   Pre Evacuate Collection Set: 0.4ms
[2026-03-02T11:00:02.608+0530][info][gc,phases   ] GC(90)   Merge Heap Roots: 0.3ms
[2026-03-02T11:00:02.608+0530][info][gc,phases   ] GC(90)   Evacuate Collection Set: 5.4ms
[2026-03-02T11:00:02.608+0530][info][gc,phases   ] GC(90)   Post Evacuate Collection Set: 1.3ms
[2026-03-02T11:00:02.609+0530][info][gc,phases   ] GC(90)   Other: 0.5ms
[2026-03-02T11:00:02.609+0530][info][gc,heap     ] GC(90) Eden regions: 304->0(304)
[2026-03-02T11:00:02.609+0530][info][gc,heap     ] GC(90) Survivor regions: 3->3(39)
[2026-03-02T11:00:02.609+0530][info][gc,heap     ] GC(90) Old regions: 28->28
[2026-03-02T11:00:02.609+0530][info][gc,heap     ] GC(90) Archive regions: 0->0
[2026-03-02T11:00:02.609+0530][info][gc,heap     ] GC(90) Humongous regions: 1->1
[2026-03-02T11:00:02.609+0530][info][gc,metaspace] GC(90) Metaspace: 74442K(75008K)->74442K(75008K) NonClass: 65183K(65472K)->65183K(65472K) Class: 9258K(9536K)->9258K(9536K)
[2026-03-02T11:00:02.609+0530][info][gc          ] GC(90) Pause Young (Normal) (G1 Evacuation Pause) 334M->30M(512M) 8.612ms
[2026-03-02T11:00:02.609+0530][info][gc,cpu      ] GC(90) User=0.00s Sys=0.00s Real=0.01s
[2026-03-02T11:00:14.292+0530][info][gc,start    ] GC(91) Pause Young (Normal) (G1 Evacuation Pause)
[2026-03-02T11:00:14.292+0530][info][gc,task     ] GC(91) Using 12 workers of 13 for evacuation
[2026-03-02T11:00:14.295+0530][info][gc,phases   ] GC(91)   Pre Evacuate Collection Set: 0.1ms
[2026-03-02T11:00:14.295+0530][info][gc,phases   ] GC(91)   Merge Heap Roots: 0.1ms
[2026-03-02T11:00:14.295+0530][info][gc,phases   ] GC(91)   Evacuate Collection Set: 1.3ms
[2026-03-02T11:00:14.295+0530][info][gc,phases   ] GC(91)   Post Evacuate Collection Set: 0.8ms
[2026-03-02T11:00:14.295+0530][info][gc,phases   ] GC(91)   Other: 0.2ms
[2026-03-02T11:00:14.295+0530][info][gc,heap     ] GC(91) Eden regions: 304->0(306)
[2026-03-02T11:00:14.295+0530][info][gc,heap     ] GC(91) Survivor regions: 3->1(39)
[2026-03-02T11:00:14.295+0530][info][gc,heap     ] GC(91) Old regions: 28->28
[2026-03-02T11:00:14.295+0530][info][gc,heap     ] GC(91) Archive regions: 0->0
[2026-03-02T11:00:14.295+0530][info][gc,heap     ] GC(91) Humongous regions: 1->1
[2026-03-02T11:00:14.295+0530][info][gc,metaspace] GC(91) Metaspace: 74442K(75008K)->74442K(75008K) NonClass: 65183K(65472K)->65183K(65472K) Class: 9258K(9536K)->9258K(9536K)
[2026-03-02T11:00:14.295+0530][info][gc          ] GC(91) Pause Young (Normal) (G1 Evacuation Pause) 334M->29M(512M) 2.821ms
[2026-03-02T11:00:14.295+0530][info][gc,cpu      ] GC(91) User=0.00s Sys=0.00s Real=0.00s
[2026-03-02T11:00:23.152+0530][info][gc,start    ] GC(92) Pause Young (Normal) (G1 Evacuation Pause)
[2026-03-02T11:00:23.152+0530][info][gc,task     ] GC(92) Using 12 workers of 13 for evacuation
[2026-03-02T11:00:23.156+0530][info][gc,phases   ] GC(92)   Pre Evacuate Collection Set: 0.1ms
[2026-03-02T11:00:23.156+0530][info][gc,phases   ] GC(92)   Merge Heap Roots: 0.1ms
[2026-03-02T11:00:23.156+0530][info][gc,phases   ] GC(92)   Evacuate Collection Set: 3.4ms
[2026-03-02T11:00:23.156+0530][info][gc,phases   ] GC(92)   Post Evacuate Collection Set: 0.8ms
[2026-03-02T11:00:23.156+0530][info][gc,phases   ] GC(92)   Other: 0.2ms
[2026-03-02T11:00:23.156+0530][info][gc,heap     ] GC(92) Eden regions: 306->0(304)
[2026-03-02T11:00:23.156+0530][info][gc,heap     ] GC(92) Survivor regions: 1->3(39)
[2026-03-02T11:00:23.156+0530][info][gc,heap     ] GC(92) Old regions: 28->28
[2026-03-02T11:00:23.156+0530][info][gc,heap     ] GC(92) Archive regions: 0->0
[2026-03-02T11:00:23.156+0530][info][gc,heap     ] GC(92) Humongous regions: 1->1
[2026-03-02T11:00:23.156+0530][info][gc,metaspace] GC(92) Metaspace: 74443K(75008K)->74443K(75008K) NonClass: 65184K(65472K)->65184K(65472K) Class: 9258K(9536K)->9258K(9536K)
[2026-03-02T11:00:23.156+0530][info][gc          ] GC(92) Pause Young (Normal) (G1 Evacuation Pause) 335M->30M(512M) 4.956ms
[2026-03-02T11:00:23.156+0530][info][gc,cpu      ] GC(92) User=0.02s Sys=0.00s Real=0.00s
[2026-03-02T11:00:31.486+0530][info][gc,start    ] GC(93) Pause Young (Normal) (G1 Evacuation Pause)
[2026-03-02T11:00:31.486+0530][info][gc,task     ] GC(93) Using 12 workers of 13 for evacuation
[2026-03-02T11:00:31.486+0530][info][gc,phases   ] GC(93)   Pre Evacuate Collection Set: 0.1ms
[2026-03-02T11:00:31.486+0530][info][gc,phases   ] GC(93)   Merge Heap Roots: 0.1ms
[2026-03-02T11:00:31.486+0530][info][gc,phases   ] GC(93)   Evacuate Collection Set: 2.4ms
[2026-03-02T11:00:31.486+0530][info][gc,phases   ] GC(93)   Post Evacuate Collection Set: 0.7ms
[2026-03-02T11:00:31.486+0530][info][gc,phases   ] GC(93)   Other: 0.2ms
[2026-03-02T11:00:31.486+0530][info][gc,heap     ] GC(93) Eden regions: 304->0(304)
[2026-03-02T11:00:31.486+0530][info][gc,heap     ] GC(93) Survivor regions: 3->3(39)
[2026-03-02T11:00:31.486+0530][info][gc,heap     ] GC(93) Old regions: 28->28
[2026-03-02T11:00:31.486+0530][info][gc,heap     ] GC(93) Archive regions: 0->0
[2026-03-02T11:00:31.486+0530][info][gc,heap     ] GC(93) Humongous regions: 1->1
[2026-03-02T11:00:31.486+0530][info][gc,metaspace] GC(93) Metaspace: 74443K(75008K)->74443K(75008K) NonClass: 65184K(65472K)->65184K(65472K) Class: 9258K(9536K)->9258K(9536K)
[2026-03-02T11:00:31.486+0530][info][gc          ] GC(93) Pause Young (Normal) (G1 Evacuation Pause) 334M->30M(512M) 3.919ms
[2026-03-02T11:00:31.486+0530][info][gc,cpu      ] GC(93) User=0.00s Sys=0.00s Real=0.00s
[2026-03-02T11:00:39.693+0530][info][gc,start    ] GC(94) Pause Young (Normal) (G1 Evacuation Pause)
[2026-03-02T11:00:39.693+0530][info][gc,task     ] GC(94) Using 12 workers of 13 for evacuation
[2026-03-02T11:00:39.693+0530][info][gc,phases   ] GC(94)   Pre Evacuate Collection Set: 0.2ms
[2026-03-02T11:00:39.693+0530][info][gc,phases   ] GC(94)   Merge Heap Roots: 0.2ms
[2026-03-02T11:00:39.693+0530][info][gc,phases   ] GC(94)   Evacuate Collection Set: 3.1ms
[2026-03-02T11:00:39.693+0530][info][gc,phases   ] GC(94)   Post Evacuate Collection Set: 0.8ms
[2026-03-02T11:00:39.693+0530][info][gc,phases   ] GC(94)   Other: 0.3ms
[2026-03-02T11:00:39.693+0530][info][gc,heap     ] GC(94) Eden regions: 304->0(304)
[2026-03-02T11:00:39.693+0530][info][gc,heap     ] GC(94) Survivor regions: 3->3(39)
[2026-03-02T11:00:39.693+0530][info][gc,heap     ] GC(94) Old regions: 28->28
[2026-03-02T11:00:39.693+0530][info][gc,heap     ] GC(94) Archive regions: 0->0
[2026-03-02T11:00:39.693+0530][info][gc,heap     ] GC(94) Humongous regions: 1->1
[2026-03-02T11:00:39.693+0530][info][gc,metaspace] GC(94) Metaspace: 74444K(75008K)->74444K(75008K) NonClass: 65184K(65472K)->65184K(65472K) Class: 9259K(9536K)->9259K(9536K)
[2026-03-02T11:00:39.693+0530][info][gc          ] GC(94) Pause Young (Normal) (G1 Evacuation Pause) 334M->30M(512M) 4.971ms
[2026-03-02T11:00:39.693+0530][info][gc,cpu      ] GC(94) User=0.00s Sys=0.00s Real=0.00s
[2026-03-02T11:00:48.350+0530][info][gc,start    ] GC(95) Pause Young (Normal) (G1 Evacuation Pause)
[2026-03-02T11:00:48.350+0530][info][gc,task     ] GC(95) Using 12 workers of 13 for evacuation
[2026-03-02T11:00:48.350+0530][info][gc,phases   ] GC(95)   Pre Evacuate Collection Set: 0.2ms
[2026-03-02T11:00:48.350+0530][info][gc,phases   ] GC(95)   Merge Heap Roots: 0.1ms
[2026-03-02T11:00:48.350+0530][info][gc,phases   ] GC(95)   Evacuate Collection Set: 1.1ms
[2026-03-02T11:00:48.350+0530][info][gc,phases   ] GC(95)   Post Evacuate Collection Set: 0.8ms
[2026-03-02T11:00:48.350+0530][info][gc,phases   ] GC(95)   Other: 0.3ms
[2026-03-02T11:00:48.350+0530][info][gc,heap     ] GC(95) Eden regions: 304->0(306)
[2026-03-02T11:00:48.350+0530][info][gc,heap     ] GC(95) Survivor regions: 3->1(39)
[2026-03-02T11:00:48.350+0530][info][gc,heap     ] GC(95) Old regions: 28->28
[2026-03-02T11:00:48.350+0530][info][gc,heap     ] GC(95) Archive regions: 0->0
[2026-03-02T11:00:48.350+0530][info][gc,heap     ] GC(95) Humongous regions: 1->1
[2026-03-02T11:00:48.350+0530][info][gc,metaspace] GC(95) Metaspace: 74468K(75008K)->74468K(75008K) NonClass: 65207K(65472K)->65207K(65472K) Class: 9260K(9536K)->9260K(9536K)
[2026-03-02T11:00:48.350+0530][info][gc          ] GC(95) Pause Young (Normal) (G1 Evacuation Pause) 334M->29M(512M) 2.786ms
[2026-03-02T11:00:48.350+0530][info][gc,cpu      ] GC(95) User=0.00s Sys=0.00s Real=0.00s
[2026-03-02T11:00:56.340+0530][info][gc,start    ] GC(96) Pause Young (Normal) (G1 Evacuation Pause)
[2026-03-02T11:00:56.341+0530][info][gc,task     ] GC(96) Using 12 workers of 13 for evacuation
[2026-03-02T11:00:56.345+0530][info][gc,phases   ] GC(96)   Pre Evacuate Collection Set: 0.2ms
[2026-03-02T11:00:56.345+0530][info][gc,phases   ] GC(96)   Merge Heap Roots: 0.1ms
[2026-03-02T11:00:56.345+0530][info][gc,phases   ] GC(96)   Evacuate Collection Set: 3.4ms
[2026-03-02T11:00:56.345+0530][info][gc,phases   ] GC(96)   Post Evacuate Collection Set: 0.7ms
[2026-03-02T11:00:56.345+0530][info][gc,phases   ] GC(96)   Other: 0.3ms
[2026-03-02T11:00:56.345+0530][info][gc,heap     ] GC(96) Eden regions: 306->0(304)
[2026-03-02T11:00:56.345+0530][info][gc,heap     ] GC(96) Survivor regions: 1->3(39)
[2026-03-02T11:00:56.346+0530][info][gc,heap     ] GC(96) Old regions: 28->28
[2026-03-02T11:00:56.346+0530][info][gc,heap     ] GC(96) Archive regions: 0->0
[2026-03-02T11:00:56.346+0530][info][gc,heap     ] GC(96) Humongous regions: 1->1
[2026-03-02T11:00:56.346+0530][info][gc,metaspace] GC(96) Metaspace: 74468K(75008K)->74468K(75008K) NonClass: 65207K(65472K)->65207K(65472K) Class: 9260K(9536K)->9260K(9536K)
[2026-03-02T11:00:56.346+0530][info][gc          ] GC(96) Pause Young (Normal) (G1 Evacuation Pause) 335M->30M(512M) 5.266ms
[2026-03-02T11:00:56.346+0530][info][gc,cpu      ] GC(96) User=0.05s Sys=0.02s Real=0.01s
[2026-03-02T11:01:04.668+0530][info][gc,start    ] GC(97) Pause Young (Normal) (G1 Evacuation Pause)
[2026-03-02T11:01:04.668+0530][info][gc,task     ] GC(97) Using 12 workers of 13 for evacuation
[2026-03-02T11:01:04.673+0530][info][gc,phases   ] GC(97)   Pre Evacuate Collection Set: 0.2ms
[2026-03-02T11:01:04.673+0530][info][gc,phases   ] GC(97)   Merge Heap Roots: 0.2ms
[2026-03-02T11:01:04.673+0530][info][gc,phases   ] GC(97)   Evacuate Collection Set: 3.3ms
[2026-03-02T11:01:04.673+0530][info][gc,phases   ] GC(97)   Post Evacuate Collection Set: 0.8ms
[2026-03-02T11:01:04.673+0530][info][gc,phases   ] GC(97)   Other: 0.3ms
[2026-03-02T11:01:04.673+0530][info][gc,heap     ] GC(97) Eden regions: 304->0(304)
[2026-03-02T11:01:04.673+0530][info][gc,heap     ] GC(97) Survivor regions: 3->3(39)
[2026-03-02T11:01:04.673+0530][info][gc,heap     ] GC(97) Old regions: 28->28
[2026-03-02T11:01:04.673+0530][info][gc,heap     ] GC(97) Archive regions: 0->0
[2026-03-02T11:01:04.673+0530][info][gc,heap     ] GC(97) Humongous regions: 1->1
[2026-03-02T11:01:04.673+0530][info][gc,metaspace] GC(97) Metaspace: 74468K(75008K)->74468K(75008K) NonClass: 65207K(65472K)->65207K(65472K) Class: 9260K(9536K)->9260K(9536K)
[2026-03-02T11:01:04.673+0530][info][gc          ] GC(97) Pause Young (Normal) (G1 Evacuation Pause) 334M->30M(512M) 5.012ms
[2026-03-02T11:01:04.673+0530][info][gc,cpu      ] GC(97) User=0.06s Sys=0.00s Real=0.01s
[2026-03-02T11:01:14.751+0530][info][gc,start    ] GC(98) Pause Young (Normal) (G1 Evacuation Pause)
[2026-03-02T11:01:14.751+0530][info][gc,task     ] GC(98) Using 12 workers of 13 for evacuation
[2026-03-02T11:01:14.751+0530][info][gc,phases   ] GC(98)   Pre Evacuate Collection Set: 0.2ms
[2026-03-02T11:01:14.751+0530][info][gc,phases   ] GC(98)   Merge Heap Roots: 0.2ms
[2026-03-02T11:01:14.751+0530][info][gc,phases   ] GC(98)   Evacuate Collection Set: 2.7ms
[2026-03-02T11:01:14.751+0530][info][gc,phases   ] GC(98)   Post Evacuate Collection Set: 0.7ms
[2026-03-02T11:01:14.751+0530][info][gc,phases   ] GC(98)   Other: 0.3ms
[2026-03-02T11:01:14.751+0530][info][gc,heap     ] GC(98) Eden regions: 304->0(304)
[2026-03-02T11:01:14.751+0530][info][gc,heap     ] GC(98) Survivor regions: 3->3(39)
[2026-03-02T11:01:14.751+0530][info][gc,heap     ] GC(98) Old regions: 28->28
[2026-03-02T11:01:14.751+0530][info][gc,heap     ] GC(98) Archive regions: 0->0
[2026-03-02T11:01:14.751+0530][info][gc,heap     ] GC(98) Humongous regions: 1->1
[2026-03-02T11:01:14.751+0530][info][gc,metaspace] GC(98) Metaspace: 74468K(75008K)->74468K(75008K) NonClass: 65207K(65472K)->65207K(65472K) Class: 9260K(9536K)->9260K(9536K)
[2026-03-02T11:01:14.751+0530][info][gc          ] GC(98) Pause Young (Normal) (G1 Evacuation Pause) 334M->30M(512M) 4.358ms
[2026-03-02T11:01:14.751+0530][info][gc,cpu      ] GC(98) User=0.00s Sys=0.00s Real=0.00s
[2026-03-02T11:01:23.424+0530][info][gc,start    ] GC(99) Pause Young (Normal) (G1 Evacuation Pause)
[2026-03-02T11:01:23.424+0530][info][gc,task     ] GC(99) Using 12 workers of 13 for evacuation
[2026-03-02T11:01:23.428+0530][info][gc,phases   ] GC(99)   Pre Evacuate Collection Set: 0.2ms
[2026-03-02T11:01:23.428+0530][info][gc,phases   ] GC(99)   Merge Heap Roots: 0.2ms
[2026-03-02T11:01:23.428+0530][info][gc,phases   ] GC(99)   Evacuate Collection Set: 3.1ms
[2026-03-02T11:01:23.428+0530][info][gc,phases   ] GC(99)   Post Evacuate Collection Set: 0.7ms
[2026-03-02T11:01:23.428+0530][info][gc,phases   ] GC(99)   Other: 0.3ms
[2026-03-02T11:01:23.428+0530][info][gc,heap     ] GC(99) Eden regions: 304->0(304)
[2026-03-02T11:01:23.428+0530][info][gc,heap     ] GC(99) Survivor regions: 3->3(39)
[2026-03-02T11:01:23.428+0530][info][gc,heap     ] GC(99) Old regions: 28->28
[2026-03-02T11:01:23.428+0530][info][gc,heap     ] GC(99) Archive regions: 0->0
[2026-03-02T11:01:23.428+0530][info][gc,heap     ] GC(99) Humongous regions: 1->1
[2026-03-02T11:01:23.428+0530][info][gc,metaspace] GC(99) Metaspace: 74468K(75008K)->74468K(75008K) NonClass: 65208K(65472K)->65208K(65472K) Class: 9260K(9536K)->9260K(9536K)
[2026-03-02T11:01:23.428+0530][info][gc          ] GC(99) Pause Young (Normal) (G1 Evacuation Pause) 334M->30M(512M) 4.794ms
[2026-03-02T11:01:23.428+0530][info][gc,cpu      ] GC(99) User=0.00s Sys=0.00s Real=0.00s
[2026-03-02T11:01:32.421+0530][info][gc,start    ] GC(100) Pause Young (Normal) (G1 Evacuation Pause)
[2026-03-02T11:01:32.421+0530][info][gc,task     ] GC(100) Using 12 workers of 13 for evacuation
[2026-03-02T11:01:32.421+0530][info][gc,phases   ] GC(100)   Pre Evacuate Collection Set: 0.2ms
[2026-03-02T11:01:32.421+0530][info][gc,phases   ] GC(100)   Merge Heap Roots: 0.1ms
[2026-03-02T11:01:32.421+0530][info][gc,phases   ] GC(100)   Evacuate Collection Set: 2.9ms
[2026-03-02T11:01:32.421+0530][info][gc,phases   ] GC(100)   Post Evacuate Collection Set: 0.7ms
[2026-03-02T11:01:32.421+0530][info][gc,phases   ] GC(100)   Other: 0.3ms
[2026-03-02T11:01:32.421+0530][info][gc,heap     ] GC(100) Eden regions: 304->0(304)
[2026-03-02T11:01:32.421+0530][info][gc,heap     ] GC(100) Survivor regions: 3->3(39)
[2026-03-02T11:01:32.421+0530][info][gc,heap     ] GC(100) Old regions: 28->28
[2026-03-02T11:01:32.421+0530][info][gc,heap     ] GC(100) Archive regions: 0->0
[2026-03-02T11:01:32.421+0530][info][gc,heap     ] GC(100) Humongous regions: 1->1
[2026-03-02T11:01:32.421+0530][info][gc,metaspace] GC(100) Metaspace: 74468K(75008K)->74468K(75008K) NonClass: 65208K(65472K)->65208K(65472K) Class: 9260K(9536K)->9260K(9536K)
[2026-03-02T11:01:32.421+0530][info][gc          ] GC(100) Pause Young (Normal) (G1 Evacuation Pause) 334M->30M(512M) 4.483ms
[2026-03-02T11:01:32.421+0530][info][gc,cpu      ] GC(100) User=0.00s Sys=0.02s Real=0.00s
[2026-03-02T11:01:41.570+0530][info][gc,start    ] GC(101) Pause Young (Normal) (G1 Evacuation Pause)
[2026-03-02T11:01:41.570+0530][info][gc,task     ] GC(101) Using 12 workers of 13 for evacuation
[2026-03-02T11:01:41.570+0530][info][gc,phases   ] GC(101)   Pre Evacuate Collection Set: 0.2ms
[2026-03-02T11:01:41.570+0530][info][gc,phases   ] GC(101)   Merge Heap Roots: 0.1ms
[2026-03-02T11:01:41.570+0530][info][gc,phases   ] GC(101)   Evacuate Collection Set: 1.0ms
[2026-03-02T11:01:41.570+0530][info][gc,phases   ] GC(101)   Post Evacuate Collection Set: 0.7ms
[2026-03-02T11:01:41.570+0530][info][gc,phases   ] GC(101)   Other: 0.3ms
[2026-03-02T11:01:41.570+0530][info][gc,heap     ] GC(101) Eden regions: 304->0(306)
[2026-03-02T11:01:41.570+0530][info][gc,heap     ] GC(101) Survivor regions: 3->1(39)
[2026-03-02T11:01:41.570+0530][info][gc,heap     ] GC(101) Old regions: 28->28
[2026-03-02T11:01:41.570+0530][info][gc,heap     ] GC(101) Archive regions: 0->0
[2026-03-02T11:01:41.570+0530][info][gc,heap     ] GC(101) Humongous regions: 1->1
[2026-03-02T11:01:41.570+0530][info][gc,metaspace] GC(101) Metaspace: 74468K(75008K)->74468K(75008K) NonClass: 65208K(65472K)->65208K(65472K) Class: 9260K(9536K)->9260K(9536K)
[2026-03-02T11:01:41.570+0530][info][gc          ] GC(101) Pause Young (Normal) (G1 Evacuation Pause) 334M->28M(512M) 2.720ms
[2026-03-02T11:01:41.570+0530][info][gc,cpu      ] GC(101) User=0.05s Sys=0.02s Real=0.00s
[2026-03-02T11:01:50.064+0530][info][gc,start    ] GC(102) Pause Young (Normal) (G1 Evacuation Pause)
[2026-03-02T11:01:50.064+0530][info][gc,task     ] GC(102) Using 12 workers of 13 for evacuation
[2026-03-02T11:01:50.064+0530][info][gc,phases   ] GC(102)   Pre Evacuate Collection Set: 0.1ms
[2026-03-02T11:01:50.064+0530][info][gc,phases   ] GC(102)   Merge Heap Roots: 0.1ms
[2026-03-02T11:01:50.064+0530][info][gc,phases   ] GC(102)   Evacuate Collection Set: 3.0ms
[2026-03-02T11:01:50.064+0530][info][gc,phases   ] GC(102)   Post Evacuate Collection Set: 0.7ms
[2026-03-02T11:01:50.064+0530][info][gc,phases   ] GC(102)   Other: 0.2ms
[2026-03-02T11:01:50.064+0530][info][gc,heap     ] GC(102) Eden regions: 306->0(304)
[2026-03-02T11:01:50.064+0530][info][gc,heap     ] GC(102) Survivor regions: 1->3(39)
[2026-03-02T11:01:50.064+0530][info][gc,heap     ] GC(102) Old regions: 28->28
[2026-03-02T11:01:50.064+0530][info][gc,heap     ] GC(102) Archive regions: 0->0
[2026-03-02T11:01:50.064+0530][info][gc,heap     ] GC(102) Humongous regions: 1->1
[2026-03-02T11:01:50.064+0530][info][gc,metaspace] GC(102) Metaspace: 74476K(75008K)->74476K(75008K) NonClass: 65216K(65472K)->65216K(65472K) Class: 9260K(9536K)->9260K(9536K)
[2026-03-02T11:01:50.064+0530][info][gc          ] GC(102) Pause Young (Normal) (G1 Evacuation Pause) 334M->30M(512M) 4.458ms
[2026-03-02T11:01:50.064+0530][info][gc,cpu      ] GC(102) User=0.00s Sys=0.00s Real=0.00s
[2026-03-02T11:01:59.452+0530][info][gc,start    ] GC(103) Pause Young (Normal) (G1 Evacuation Pause)
[2026-03-02T11:01:59.452+0530][info][gc,task     ] GC(103) Using 12 workers of 13 for evacuation
[2026-03-02T11:01:59.452+0530][info][gc,phases   ] GC(103)   Pre Evacuate Collection Set: 0.1ms
[2026-03-02T11:01:59.452+0530][info][gc,phases   ] GC(103)   Merge Heap Roots: 0.1ms
[2026-03-02T11:01:59.452+0530][info][gc,phases   ] GC(103)   Evacuate Collection Set: 3.0ms
[2026-03-02T11:01:59.452+0530][info][gc,phases   ] GC(103)   Post Evacuate Collection Set: 0.7ms
[2026-03-02T11:01:59.452+0530][info][gc,phases   ] GC(103)   Other: 0.2ms
[2026-03-02T11:01:59.452+0530][info][gc,heap     ] GC(103) Eden regions: 304->0(304)
[2026-03-02T11:01:59.452+0530][info][gc,heap     ] GC(103) Survivor regions: 3->3(39)
[2026-03-02T11:01:59.452+0530][info][gc,heap     ] GC(103) Old regions: 28->28
[2026-03-02T11:01:59.452+0530][info][gc,heap     ] GC(103) Archive regions: 0->0
[2026-03-02T11:01:59.452+0530][info][gc,heap     ] GC(103) Humongous regions: 1->1
[2026-03-02T11:01:59.452+0530][info][gc,metaspace] GC(103) Metaspace: 74476K(75008K)->74476K(75008K) NonClass: 65216K(65472K)->65216K(65472K) Class: 9260K(9536K)->9260K(9536K)
[2026-03-02T11:01:59.452+0530][info][gc          ] GC(103) Pause Young (Normal) (G1 Evacuation Pause) 334M->30M(512M) 4.494ms
[2026-03-02T11:01:59.452+0530][info][gc,cpu      ] GC(103) User=0.00s Sys=0.00s Real=0.00s
[2026-03-02T11:02:09.085+0530][info][gc,start    ] GC(104) Pause Young (Normal) (G1 Evacuation Pause)
[2026-03-02T11:02:09.086+0530][info][gc,task     ] GC(104) Using 12 workers of 13 for evacuation
[2026-03-02T11:02:09.087+0530][info][gc,phases   ] GC(104)   Pre Evacuate Collection Set: 0.1ms
[2026-03-02T11:02:09.087+0530][info][gc,phases   ] GC(104)   Merge Heap Roots: 0.1ms
[2026-03-02T11:02:09.087+0530][info][gc,phases   ] GC(104)   Evacuate Collection Set: 2.7ms
[2026-03-02T11:02:09.087+0530][info][gc,phases   ] GC(104)   Post Evacuate Collection Set: 0.7ms
[2026-03-02T11:02:09.087+0530][info][gc,phases   ] GC(104)   Other: 0.2ms
[2026-03-02T11:02:09.087+0530][info][gc,heap     ] GC(104) Eden regions: 304->0(304)
[2026-03-02T11:02:09.087+0530][info][gc,heap     ] GC(104) Survivor regions: 3->3(39)
[2026-03-02T11:02:09.087+0530][info][gc,heap     ] GC(104) Old regions: 28->28
[2026-03-02T11:02:09.087+0530][info][gc,heap     ] GC(104) Archive regions: 0->0
[2026-03-02T11:02:09.087+0530][info][gc,heap     ] GC(104) Humongous regions: 1->1
[2026-03-02T11:02:09.087+0530][info][gc,metaspace] GC(104) Metaspace: 74476K(75008K)->74476K(75008K) NonClass: 65216K(65472K)->65216K(65472K) Class: 9260K(9536K)->9260K(9536K)
[2026-03-02T11:02:09.087+0530][info][gc          ] GC(104) Pause Young (Normal) (G1 Evacuation Pause) 334M->30M(512M) 4.140ms
[2026-03-02T11:02:09.087+0530][info][gc,cpu      ] GC(104) User=0.00s Sys=0.00s Real=0.00s
[2026-03-02T11:02:18.625+0530][info][gc,start    ] GC(105) Pause Young (Normal) (G1 Evacuation Pause)
[2026-03-02T11:02:18.625+0530][info][gc,task     ] GC(105) Using 12 workers of 13 for evacuation
[2026-03-02T11:02:18.629+0530][info][gc,phases   ] GC(105)   Pre Evacuate Collection Set: 0.2ms
[2026-03-02T11:02:18.629+0530][info][gc,phases   ] GC(105)   Merge Heap Roots: 0.2ms
[2026-03-02T11:02:18.629+0530][info][gc,phases   ] GC(105)   Evacuate Collection Set: 3.1ms
[2026-03-02T11:02:18.629+0530][info][gc,phases   ] GC(105)   Post Evacuate Collection Set: 0.7ms
[2026-03-02T11:02:18.629+0530][info][gc,phases   ] GC(105)   Other: 0.3ms
[2026-03-02T11:02:18.629+0530][info][gc,heap     ] GC(105) Eden regions: 304->0(304)
[2026-03-02T11:02:18.629+0530][info][gc,heap     ] GC(105) Survivor regions: 3->3(39)
[2026-03-02T11:02:18.629+0530][info][gc,heap     ] GC(105) Old regions: 28->28
[2026-03-02T11:02:18.629+0530][info][gc,heap     ] GC(105) Archive regions: 0->0
[2026-03-02T11:02:18.629+0530][info][gc,heap     ] GC(105) Humongous regions: 1->1
[2026-03-02T11:02:18.629+0530][info][gc,metaspace] GC(105) Metaspace: 74476K(75008K)->74476K(75008K) NonClass: 65216K(65472K)->65216K(65472K) Class: 9260K(9536K)->9260K(9536K)
[2026-03-02T11:02:18.629+0530][info][gc          ] GC(105) Pause Young (Normal) (G1 Evacuation Pause) 334M->30M(512M) 4.847ms
[2026-03-02T11:02:18.630+0530][info][gc,cpu      ] GC(105) User=0.06s Sys=0.00s Real=0.01s
[2026-03-02T11:02:28.239+0530][info][gc,start    ] GC(106) Pause Young (Normal) (G1 Evacuation Pause)
[2026-03-02T11:02:28.239+0530][info][gc,task     ] GC(106) Using 12 workers of 13 for evacuation
[2026-03-02T11:02:28.239+0530][info][gc,phases   ] GC(106)   Pre Evacuate Collection Set: 0.2ms
[2026-03-02T11:02:28.239+0530][info][gc,phases   ] GC(106)   Merge Heap Roots: 0.2ms
[2026-03-02T11:02:28.239+0530][info][gc,phases   ] GC(106)   Evacuate Collection Set: 3.1ms
[2026-03-02T11:02:28.239+0530][info][gc,phases   ] GC(106)   Post Evacuate Collection Set: 0.7ms
[2026-03-02T11:02:28.239+0530][info][gc,phases   ] GC(106)   Other: 0.3ms
[2026-03-02T11:02:28.239+0530][info][gc,heap     ] GC(106) Eden regions: 304->0(304)
[2026-03-02T11:02:28.239+0530][info][gc,heap     ] GC(106) Survivor regions: 3->3(39)
[2026-03-02T11:02:28.239+0530][info][gc,heap     ] GC(106) Old regions: 28->28
[2026-03-02T11:02:28.239+0530][info][gc,heap     ] GC(106) Archive regions: 0->0
[2026-03-02T11:02:28.239+0530][info][gc,heap     ] GC(106) Humongous regions: 1->1
[2026-03-02T11:02:28.239+0530][info][gc,metaspace] GC(106) Metaspace: 74476K(75008K)->74476K(75008K) NonClass: 65216K(65472K)->65216K(65472K) Class: 9260K(9536K)->9260K(9536K)
[2026-03-02T11:02:28.239+0530][info][gc          ] GC(106) Pause Young (Normal) (G1 Evacuation Pause) 334M->30M(512M) 4.726ms
[2026-03-02T11:02:28.239+0530][info][gc,cpu      ] GC(106) User=0.00s Sys=0.00s Real=0.00s
[2026-03-02T11:02:37.997+0530][info][gc,start    ] GC(107) Pause Young (Normal) (G1 Evacuation Pause)
[2026-03-02T11:02:37.997+0530][info][gc,task     ] GC(107) Using 12 workers of 13 for evacuation
[2026-03-02T11:02:37.997+0530][info][gc,phases   ] GC(107)   Pre Evacuate Collection Set: 0.2ms
[2026-03-02T11:02:37.997+0530][info][gc,phases   ] GC(107)   Merge Heap Roots: 0.2ms
[2026-03-02T11:02:37.997+0530][info][gc,phases   ] GC(107)   Evacuate Collection Set: 3.2ms
[2026-03-02T11:02:37.997+0530][info][gc,phases   ] GC(107)   Post Evacuate Collection Set: 0.8ms
[2026-03-02T11:02:37.997+0530][info][gc,phases   ] GC(107)   Other: 0.3ms
[2026-03-02T11:02:37.997+0530][info][gc,heap     ] GC(107) Eden regions: 304->0(304)
[2026-03-02T11:02:37.997+0530][info][gc,heap     ] GC(107) Survivor regions: 3->3(39)
[2026-03-02T11:02:37.997+0530][info][gc,heap     ] GC(107) Old regions: 28->28
[2026-03-02T11:02:37.997+0530][info][gc,heap     ] GC(107) Archive regions: 0->0
[2026-03-02T11:02:37.997+0530][info][gc,heap     ] GC(107) Humongous regions: 1->1
[2026-03-02T11:02:37.997+0530][info][gc,metaspace] GC(107) Metaspace: 74476K(75008K)->74476K(75008K) NonClass: 65216K(65472K)->65216K(65472K) Class: 9260K(9536K)->9260K(9536K)
[2026-03-02T11:02:38.013+0530][info][gc          ] GC(107) Pause Young (Normal) (G1 Evacuation Pause) 334M->30M(512M) 4.981ms
[2026-03-02T11:02:38.013+0530][info][gc,cpu      ] GC(107) User=0.00s Sys=0.00s Real=0.02s
[2026-03-02T11:02:47.033+0530][info][gc,start    ] GC(108) Pause Young (Normal) (G1 Evacuation Pause)
[2026-03-02T11:02:47.033+0530][info][gc,task     ] GC(108) Using 12 workers of 13 for evacuation
[2026-03-02T11:02:47.038+0530][info][gc,phases   ] GC(108)   Pre Evacuate Collection Set: 0.2ms
[2026-03-02T11:02:47.038+0530][info][gc,phases   ] GC(108)   Merge Heap Roots: 0.2ms
[2026-03-02T11:02:47.038+0530][info][gc,phases   ] GC(108)   Evacuate Collection Set: 3.5ms
[2026-03-02T11:02:47.038+0530][info][gc,phases   ] GC(108)   Post Evacuate Collection Set: 0.6ms
[2026-03-02T11:02:47.038+0530][info][gc,phases   ] GC(108)   Other: 0.2ms
[2026-03-02T11:02:47.038+0530][info][gc,heap     ] GC(108) Eden regions: 304->0(304)
[2026-03-02T11:02:47.038+0530][info][gc,heap     ] GC(108) Survivor regions: 3->3(39)
[2026-03-02T11:02:47.038+0530][info][gc,heap     ] GC(108) Old regions: 28->28
[2026-03-02T11:02:47.038+0530][info][gc,heap     ] GC(108) Archive regions: 0->0
[2026-03-02T11:02:47.038+0530][info][gc,heap     ] GC(108) Humongous regions: 1->1
[2026-03-02T11:02:47.038+0530][info][gc,metaspace] GC(108) Metaspace: 74479K(75008K)->74479K(75008K) NonClass: 65218K(65472K)->65218K(65472K) Class: 9261K(9536K)->9261K(9536K)
[2026-03-02T11:02:47.038+0530][info][gc          ] GC(108) Pause Young (Normal) (G1 Evacuation Pause) 334M->31M(512M) 5.051ms
[2026-03-02T11:02:47.038+0530][info][gc,cpu      ] GC(108) User=0.00s Sys=0.00s Real=0.01s
[2026-03-02T11:02:55.173+0530][info][gc,start    ] GC(109) Pause Young (Normal) (G1 Evacuation Pause)
[2026-03-02T11:02:55.173+0530][info][gc,task     ] GC(109) Using 12 workers of 13 for evacuation
[2026-03-02T11:02:55.184+0530][info][gc,phases   ] GC(109)   Pre Evacuate Collection Set: 0.2ms
[2026-03-02T11:02:55.184+0530][info][gc,phases   ] GC(109)   Merge Heap Roots: 0.1ms
[2026-03-02T11:02:55.184+0530][info][gc,phases   ] GC(109)   Evacuate Collection Set: 2.9ms
[2026-03-02T11:02:55.184+0530][info][gc,phases   ] GC(109)   Post Evacuate Collection Set: 0.8ms
[2026-03-02T11:02:55.184+0530][info][gc,phases   ] GC(109)   Other: 0.3ms
[2026-03-02T11:02:55.184+0530][info][gc,heap     ] GC(109) Eden regions: 304->0(304)
[2026-03-02T11:02:55.184+0530][info][gc,heap     ] GC(109) Survivor regions: 3->3(39)
[2026-03-02T11:02:55.184+0530][info][gc,heap     ] GC(109) Old regions: 28->28
[2026-03-02T11:02:55.184+0530][info][gc,heap     ] GC(109) Archive regions: 0->0
[2026-03-02T11:02:55.184+0530][info][gc,heap     ] GC(109) Humongous regions: 1->1
[2026-03-02T11:02:55.184+0530][info][gc,metaspace] GC(109) Metaspace: 74479K(75008K)->74479K(75008K) NonClass: 65218K(65472K)->65218K(65472K) Class: 9261K(9536K)->9261K(9536K)
[2026-03-02T11:02:55.184+0530][info][gc          ] GC(109) Pause Young (Normal) (G1 Evacuation Pause) 335M->30M(512M) 4.627ms
[2026-03-02T11:02:55.186+0530][info][gc,cpu      ] GC(109) User=0.00s Sys=0.00s Real=0.01s
[2026-03-02T11:03:03.784+0530][info][gc,start    ] GC(110) Pause Young (Normal) (G1 Evacuation Pause)
[2026-03-02T11:03:03.784+0530][info][gc,task     ] GC(110) Using 12 workers of 13 for evacuation
[2026-03-02T11:03:03.788+0530][info][gc,phases   ] GC(110)   Pre Evacuate Collection Set: 0.2ms
[2026-03-02T11:03:03.788+0530][info][gc,phases   ] GC(110)   Merge Heap Roots: 0.2ms
[2026-03-02T11:03:03.788+0530][info][gc,phases   ] GC(110)   Evacuate Collection Set: 3.1ms
[2026-03-02T11:03:03.788+0530][info][gc,phases   ] GC(110)   Post Evacuate Collection Set: 0.7ms
[2026-03-02T11:03:03.788+0530][info][gc,phases   ] GC(110)   Other: 0.3ms
[2026-03-02T11:03:03.788+0530][info][gc,heap     ] GC(110) Eden regions: 304->0(304)
[2026-03-02T11:03:03.788+0530][info][gc,heap     ] GC(110) Survivor regions: 3->3(39)
[2026-03-02T11:03:03.788+0530][info][gc,heap     ] GC(110) Old regions: 28->28
[2026-03-02T11:03:03.788+0530][info][gc,heap     ] GC(110) Archive regions: 0->0
[2026-03-02T11:03:03.788+0530][info][gc,heap     ] GC(110) Humongous regions: 1->1
[2026-03-02T11:03:03.788+0530][info][gc,metaspace] GC(110) Metaspace: 74479K(75008K)->74479K(75008K) NonClass: 65218K(65472K)->65218K(65472K) Class: 9261K(9536K)->9261K(9536K)
[2026-03-02T11:03:03.788+0530][info][gc          ] GC(110) Pause Young (Normal) (G1 Evacuation Pause) 334M->31M(512M) 4.850ms
[2026-03-02T11:03:03.788+0530][info][gc,cpu      ] GC(110) User=0.00s Sys=0.00s Real=0.00s
[2026-03-02T11:03:12.602+0530][info][gc,start    ] GC(111) Pause Young (Normal) (G1 Evacuation Pause)
[2026-03-02T11:03:12.602+0530][info][gc,task     ] GC(111) Using 12 workers of 13 for evacuation
[2026-03-02T11:03:12.604+0530][info][gc,phases   ] GC(111)   Pre Evacuate Collection Set: 0.2ms
[2026-03-02T11:03:12.604+0530][info][gc,phases   ] GC(111)   Merge Heap Roots: 0.2ms
[2026-03-02T11:03:12.604+0530][info][gc,phases   ] GC(111)   Evacuate Collection Set: 0.7ms
[2026-03-02T11:03:12.604+0530][info][gc,phases   ] GC(111)   Post Evacuate Collection Set: 0.5ms
[2026-03-02T11:03:12.604+0530][info][gc,phases   ] GC(111)   Other: 0.2ms
[2026-03-02T11:03:12.604+0530][info][gc,heap     ] GC(111) Eden regions: 304->0(306)
[2026-03-02T11:03:12.604+0530][info][gc,heap     ] GC(111) Survivor regions: 3->1(39)
[2026-03-02T11:03:12.604+0530][info][gc,heap     ] GC(111) Old regions: 28->28
[2026-03-02T11:03:12.604+0530][info][gc,heap     ] GC(111) Archive regions: 0->0
[2026-03-02T11:03:12.604+0530][info][gc,heap     ] GC(111) Humongous regions: 1->1
[2026-03-02T11:03:12.604+0530][info][gc,metaspace] GC(111) Metaspace: 74479K(75008K)->74479K(75008K) NonClass: 65218K(65472K)->65218K(65472K) Class: 9261K(9536K)->9261K(9536K)
[2026-03-02T11:03:12.604+0530][info][gc          ] GC(111) Pause Young (Normal) (G1 Evacuation Pause) 335M->29M(512M) 1.871ms
[2026-03-02T11:03:12.604+0530][info][gc,cpu      ] GC(111) User=0.00s Sys=0.00s Real=0.00s
[2026-03-02T11:03:20.858+0530][info][gc,start    ] GC(112) Pause Young (Normal) (G1 Evacuation Pause)
[2026-03-02T11:03:20.858+0530][info][gc,task     ] GC(112) Using 12 workers of 13 for evacuation
[2026-03-02T11:03:20.858+0530][info][gc,phases   ] GC(112)   Pre Evacuate Collection Set: 0.1ms
[2026-03-02T11:03:20.858+0530][info][gc,phases   ] GC(112)   Merge Heap Roots: 0.1ms
[2026-03-02T11:03:20.858+0530][info][gc,phases   ] GC(112)   Evacuate Collection Set: 2.8ms
[2026-03-02T11:03:20.858+0530][info][gc,phases   ] GC(112)   Post Evacuate Collection Set: 0.7ms
[2026-03-02T11:03:20.858+0530][info][gc,phases   ] GC(112)   Other: 0.2ms
[2026-03-02T11:03:20.858+0530][info][gc,heap     ] GC(112) Eden regions: 306->0(304)
[2026-03-02T11:03:20.858+0530][info][gc,heap     ] GC(112) Survivor regions: 1->3(39)
[2026-03-02T11:03:20.858+0530][info][gc,heap     ] GC(112) Old regions: 28->28
[2026-03-02T11:03:20.858+0530][info][gc,heap     ] GC(112) Archive regions: 0->0
[2026-03-02T11:03:20.858+0530][info][gc,heap     ] GC(112) Humongous regions: 1->1
[2026-03-02T11:03:20.858+0530][info][gc,metaspace] GC(112) Metaspace: 74479K(75008K)->74479K(75008K) NonClass: 65218K(65472K)->65218K(65472K) Class: 9261K(9536K)->9261K(9536K)
[2026-03-02T11:03:20.858+0530][info][gc          ] GC(112) Pause Young (Normal) (G1 Evacuation Pause) 335M->30M(512M) 4.282ms
[2026-03-02T11:03:20.858+0530][info][gc,cpu      ] GC(112) User=0.06s Sys=0.00s Real=0.00s
[2026-03-02T11:03:28.942+0530][info][gc,start    ] GC(113) Pause Young (Normal) (G1 Evacuation Pause)
[2026-03-02T11:03:28.942+0530][info][gc,task     ] GC(113) Using 12 workers of 13 for evacuation
[2026-03-02T11:03:28.945+0530][info][gc,phases   ] GC(113)   Pre Evacuate Collection Set: 0.1ms
[2026-03-02T11:03:28.945+0530][info][gc,phases   ] GC(113)   Merge Heap Roots: 0.1ms
[2026-03-02T11:03:28.945+0530][info][gc,phases   ] GC(113)   Evacuate Collection Set: 2.1ms
[2026-03-02T11:03:28.945+0530][info][gc,phases   ] GC(113)   Post Evacuate Collection Set: 0.6ms
[2026-03-02T11:03:28.945+0530][info][gc,phases   ] GC(113)   Other: 0.2ms
[2026-03-02T11:03:28.945+0530][info][gc,heap     ] GC(113) Eden regions: 304->0(304)
[2026-03-02T11:03:28.945+0530][info][gc,heap     ] GC(113) Survivor regions: 3->3(39)
[2026-03-02T11:03:28.945+0530][info][gc,heap     ] GC(113) Old regions: 28->28
[2026-03-02T11:03:28.945+0530][info][gc,heap     ] GC(113) Archive regions: 0->0
[2026-03-02T11:03:28.945+0530][info][gc,heap     ] GC(113) Humongous regions: 1->1
[2026-03-02T11:03:28.945+0530][info][gc,metaspace] GC(113) Metaspace: 74479K(75008K)->74479K(75008K) NonClass: 65218K(65472K)->65218K(65472K) Class: 9261K(9536K)->9261K(9536K)
[2026-03-02T11:03:28.945+0530][info][gc          ] GC(113) Pause Young (Normal) (G1 Evacuation Pause) 334M->31M(512M) 3.354ms
[2026-03-02T11:03:28.945+0530][info][gc,cpu      ] GC(113) User=0.00s Sys=0.00s Real=0.00s
[2026-03-02T11:03:38.180+0530][info][gc,start    ] GC(114) Pause Young (Normal) (G1 Evacuation Pause)
[2026-03-02T11:03:38.180+0530][info][gc,task     ] GC(114) Using 12 workers of 13 for evacuation
[2026-03-02T11:03:38.180+0530][info][gc,phases   ] GC(114)   Pre Evacuate Collection Set: 0.2ms
[2026-03-02T11:03:38.180+0530][info][gc,phases   ] GC(114)   Merge Heap Roots: 0.2ms
[2026-03-02T11:03:38.180+0530][info][gc,phases   ] GC(114)   Evacuate Collection Set: 2.9ms
[2026-03-02T11:03:38.180+0530][info][gc,phases   ] GC(114)   Post Evacuate Collection Set: 0.8ms
[2026-03-02T11:03:38.180+0530][info][gc,phases   ] GC(114)   Other: 0.2ms
[2026-03-02T11:03:38.180+0530][info][gc,heap     ] GC(114) Eden regions: 304->0(304)
[2026-03-02T11:03:38.180+0530][info][gc,heap     ] GC(114) Survivor regions: 3->3(39)
[2026-03-02T11:03:38.180+0530][info][gc,heap     ] GC(114) Old regions: 28->28
[2026-03-02T11:03:38.180+0530][info][gc,heap     ] GC(114) Archive regions: 0->0
[2026-03-02T11:03:38.180+0530][info][gc,heap     ] GC(114) Humongous regions: 1->1
[2026-03-02T11:03:38.180+0530][info][gc,metaspace] GC(114) Metaspace: 74481K(75008K)->74481K(75008K) NonClass: 65219K(65472K)->65219K(65472K) Class: 9261K(9536K)->9261K(9536K)
[2026-03-02T11:03:38.180+0530][info][gc          ] GC(114) Pause Young (Normal) (G1 Evacuation Pause) 335M->30M(512M) 4.623ms
[2026-03-02T11:03:38.180+0530][info][gc,cpu      ] GC(114) User=0.02s Sys=0.00s Real=0.00s
[2026-03-02T11:03:46.886+0530][info][gc,start    ] GC(115) Pause Young (Normal) (G1 Evacuation Pause)
[2026-03-02T11:03:46.886+0530][info][gc,task     ] GC(115) Using 12 workers of 13 for evacuation
[2026-03-02T11:03:46.902+0530][info][gc,phases   ] GC(115)   Pre Evacuate Collection Set: 0.2ms
[2026-03-02T11:03:46.902+0530][info][gc,phases   ] GC(115)   Merge Heap Roots: 0.2ms
[2026-03-02T11:03:46.902+0530][info][gc,phases   ] GC(115)   Evacuate Collection Set: 3.1ms
[2026-03-02T11:03:46.902+0530][info][gc,phases   ] GC(115)   Post Evacuate Collection Set: 0.8ms
[2026-03-02T11:03:46.902+0530][info][gc,phases   ] GC(115)   Other: 0.3ms
[2026-03-02T11:03:46.902+0530][info][gc,heap     ] GC(115) Eden regions: 304->0(304)
[2026-03-02T11:03:46.902+0530][info][gc,heap     ] GC(115) Survivor regions: 3->3(39)
[2026-03-02T11:03:46.902+0530][info][gc,heap     ] GC(115) Old regions: 28->28
[2026-03-02T11:03:46.902+0530][info][gc,heap     ] GC(115) Archive regions: 0->0
[2026-03-02T11:03:46.902+0530][info][gc,heap     ] GC(115) Humongous regions: 1->1
[2026-03-02T11:03:46.902+0530][info][gc,metaspace] GC(115) Metaspace: 74481K(75008K)->74481K(75008K) NonClass: 65219K(65472K)->65219K(65472K) Class: 9261K(9536K)->9261K(9536K)
[2026-03-02T11:03:46.902+0530][info][gc          ] GC(115) Pause Young (Normal) (G1 Evacuation Pause) 334M->31M(512M) 4.797ms
[2026-03-02T11:03:46.902+0530][info][gc,cpu      ] GC(115) User=0.00s Sys=0.00s Real=0.02s
[2026-03-02T11:03:55.469+0530][info][gc,start    ] GC(116) Pause Young (Normal) (G1 Evacuation Pause)
[2026-03-02T11:03:55.469+0530][info][gc,task     ] GC(116) Using 12 workers of 13 for evacuation
[2026-03-02T11:03:55.471+0530][info][gc,phases   ] GC(116)   Pre Evacuate Collection Set: 0.1ms
[2026-03-02T11:03:55.471+0530][info][gc,phases   ] GC(116)   Merge Heap Roots: 0.1ms
[2026-03-02T11:03:55.471+0530][info][gc,phases   ] GC(116)   Evacuate Collection Set: 2.0ms
[2026-03-02T11:03:55.471+0530][info][gc,phases   ] GC(116)   Post Evacuate Collection Set: 0.4ms
[2026-03-02T11:03:55.471+0530][info][gc,phases   ] GC(116)   Other: 0.2ms
[2026-03-02T11:03:55.471+0530][info][gc,heap     ] GC(116) Eden regions: 304->0(304)
[2026-03-02T11:03:55.471+0530][info][gc,heap     ] GC(116) Survivor regions: 3->3(39)
[2026-03-02T11:03:55.471+0530][info][gc,heap     ] GC(116) Old regions: 28->28
[2026-03-02T11:03:55.471+0530][info][gc,heap     ] GC(116) Archive regions: 0->0
[2026-03-02T11:03:55.471+0530][info][gc,heap     ] GC(116) Humongous regions: 1->1
[2026-03-02T11:03:55.471+0530][info][gc,metaspace] GC(116) Metaspace: 74481K(75008K)->74481K(75008K) NonClass: 65219K(65472K)->65219K(65472K) Class: 9261K(9536K)->9261K(9536K)
[2026-03-02T11:03:55.472+0530][info][gc          ] GC(116) Pause Young (Normal) (G1 Evacuation Pause) 335M->31M(512M) 3.026ms
[2026-03-02T11:03:55.472+0530][info][gc,cpu      ] GC(116) User=0.00s Sys=0.02s Real=0.00s
[2026-03-02T11:04:03.914+0530][info][gc,start    ] GC(117) Pause Young (Normal) (G1 Evacuation Pause)
[2026-03-02T11:04:03.914+0530][info][gc,task     ] GC(117) Using 12 workers of 13 for evacuation
[2026-03-02T11:04:03.916+0530][info][gc,phases   ] GC(117)   Pre Evacuate Collection Set: 0.2ms
[2026-03-02T11:04:03.916+0530][info][gc,phases   ] GC(117)   Merge Heap Roots: 0.2ms
[2026-03-02T11:04:03.916+0530][info][gc,phases   ] GC(117)   Evacuate Collection Set: 3.0ms
[2026-03-02T11:04:03.916+0530][info][gc,phases   ] GC(117)   Post Evacuate Collection Set: 0.7ms
[2026-03-02T11:04:03.916+0530][info][gc,phases   ] GC(117)   Other: 0.3ms
[2026-03-02T11:04:03.916+0530][info][gc,heap     ] GC(117) Eden regions: 304->0(304)
[2026-03-02T11:04:03.916+0530][info][gc,heap     ] GC(117) Survivor regions: 3->3(39)
[2026-03-02T11:04:03.916+0530][info][gc,heap     ] GC(117) Old regions: 28->28
[2026-03-02T11:04:03.916+0530][info][gc,heap     ] GC(117) Archive regions: 0->0
[2026-03-02T11:04:03.916+0530][info][gc,heap     ] GC(117) Humongous regions: 1->1
[2026-03-02T11:04:03.916+0530][info][gc,metaspace] GC(117) Metaspace: 74481K(75008K)->74481K(75008K) NonClass: 65219K(65472K)->65219K(65472K) Class: 9261K(9536K)->9261K(9536K)
[2026-03-02T11:04:03.916+0530][info][gc          ] GC(117) Pause Young (Normal) (G1 Evacuation Pause) 335M->31M(512M) 4.722ms
[2026-03-02T11:04:03.916+0530][info][gc,cpu      ] GC(117) User=0.00s Sys=0.00s Real=0.00s
[2026-03-02T11:04:12.580+0530][info][gc,start    ] GC(118) Pause Young (Normal) (G1 Evacuation Pause)
[2026-03-02T11:04:12.580+0530][info][gc,task     ] GC(118) Using 12 workers of 13 for evacuation
[2026-03-02T11:04:12.580+0530][info][gc,phases   ] GC(118)   Pre Evacuate Collection Set: 0.2ms
[2026-03-02T11:04:12.580+0530][info][gc,phases   ] GC(118)   Merge Heap Roots: 0.2ms
[2026-03-02T11:04:12.580+0530][info][gc,phases   ] GC(118)   Evacuate Collection Set: 3.9ms
[2026-03-02T11:04:12.580+0530][info][gc,phases   ] GC(118)   Post Evacuate Collection Set: 0.8ms
[2026-03-02T11:04:12.580+0530][info][gc,phases   ] GC(118)   Other: 0.3ms
[2026-03-02T11:04:12.580+0530][info][gc,heap     ] GC(118) Eden regions: 304->0(304)
[2026-03-02T11:04:12.580+0530][info][gc,heap     ] GC(118) Survivor regions: 3->3(39)
[2026-03-02T11:04:12.580+0530][info][gc,heap     ] GC(118) Old regions: 28->28
[2026-03-02T11:04:12.580+0530][info][gc,heap     ] GC(118) Archive regions: 0->0
[2026-03-02T11:04:12.580+0530][info][gc,heap     ] GC(118) Humongous regions: 1->1
[2026-03-02T11:04:12.580+0530][info][gc,metaspace] GC(118) Metaspace: 74481K(75008K)->74481K(75008K) NonClass: 65219K(65472K)->65219K(65472K) Class: 9261K(9536K)->9261K(9536K)
[2026-03-02T11:04:12.580+0530][info][gc          ] GC(118) Pause Young (Normal) (G1 Evacuation Pause) 335M->31M(512M) 5.742ms
[2026-03-02T11:04:12.580+0530][info][gc,cpu      ] GC(118) User=0.00s Sys=0.00s Real=0.00s
[2026-03-02T11:04:21.696+0530][info][gc,start    ] GC(119) Pause Young (Normal) (G1 Evacuation Pause)
[2026-03-02T11:04:21.696+0530][info][gc,task     ] GC(119) Using 12 workers of 13 for evacuation
[2026-03-02T11:04:21.700+0530][info][gc,phases   ] GC(119)   Pre Evacuate Collection Set: 0.1ms
[2026-03-02T11:04:21.700+0530][info][gc,phases   ] GC(119)   Merge Heap Roots: 0.1ms
[2026-03-02T11:04:21.700+0530][info][gc,phases   ] GC(119)   Evacuate Collection Set: 2.8ms
[2026-03-02T11:04:21.700+0530][info][gc,phases   ] GC(119)   Post Evacuate Collection Set: 0.7ms
[2026-03-02T11:04:21.700+0530][info][gc,phases   ] GC(119)   Other: 0.2ms
[2026-03-02T11:04:21.700+0530][info][gc,heap     ] GC(119) Eden regions: 304->0(304)
[2026-03-02T11:04:21.700+0530][info][gc,heap     ] GC(119) Survivor regions: 3->3(39)
[2026-03-02T11:04:21.700+0530][info][gc,heap     ] GC(119) Old regions: 28->28
[2026-03-02T11:04:21.700+0530][info][gc,heap     ] GC(119) Archive regions: 0->0
[2026-03-02T11:04:21.700+0530][info][gc,heap     ] GC(119) Humongous regions: 1->1
[2026-03-02T11:04:21.700+0530][info][gc,metaspace] GC(119) Metaspace: 74481K(75008K)->74481K(75008K) NonClass: 65219K(65472K)->65219K(65472K) Class: 9261K(9536K)->9261K(9536K)
[2026-03-02T11:04:21.700+0530][info][gc          ] GC(119) Pause Young (Normal) (G1 Evacuation Pause) 335M->31M(512M) 4.301ms
[2026-03-02T11:04:21.700+0530][info][gc,cpu      ] GC(119) User=0.00s Sys=0.00s Real=0.00s
[2026-03-02T11:04:30.399+0530][info][gc,start    ] GC(120) Pause Young (Normal) (G1 Evacuation Pause)
[2026-03-02T11:04:30.399+0530][info][gc,task     ] GC(120) Using 12 workers of 13 for evacuation
[2026-03-02T11:04:30.401+0530][info][gc,phases   ] GC(120)   Pre Evacuate Collection Set: 0.1ms
[2026-03-02T11:04:30.401+0530][info][gc,phases   ] GC(120)   Merge Heap Roots: 0.1ms
[2026-03-02T11:04:30.401+0530][info][gc,phases   ] GC(120)   Evacuate Collection Set: 1.2ms
[2026-03-02T11:04:30.401+0530][info][gc,phases   ] GC(120)   Post Evacuate Collection Set: 0.8ms
[2026-03-02T11:04:30.402+0530][info][gc,phases   ] GC(120)   Other: 0.2ms
[2026-03-02T11:04:30.402+0530][info][gc,heap     ] GC(120) Eden regions: 304->0(306)
[2026-03-02T11:04:30.402+0530][info][gc,heap     ] GC(120) Survivor regions: 3->1(39)
[2026-03-02T11:04:30.402+0530][info][gc,heap     ] GC(120) Old regions: 28->28
[2026-03-02T11:04:30.402+0530][info][gc,heap     ] GC(120) Archive regions: 0->0
[2026-03-02T11:04:30.402+0530][info][gc,heap     ] GC(120) Humongous regions: 1->1
[2026-03-02T11:04:30.402+0530][info][gc,metaspace] GC(120) Metaspace: 74481K(75008K)->74481K(75008K) NonClass: 65219K(65472K)->65219K(65472K) Class: 9261K(9536K)->9261K(9536K)
[2026-03-02T11:04:30.402+0530][info][gc          ] GC(120) Pause Young (Normal) (G1 Evacuation Pause) 335M->29M(512M) 2.789ms
[2026-03-02T11:04:30.402+0530][info][gc,cpu      ] GC(120) User=0.00s Sys=0.00s Real=0.00s
[2026-03-02T11:04:39.201+0530][info][gc,start    ] GC(121) Pause Young (Normal) (G1 Evacuation Pause)
[2026-03-02T11:04:39.201+0530][info][gc,task     ] GC(121) Using 12 workers of 13 for evacuation
[2026-03-02T11:04:39.206+0530][info][gc,phases   ] GC(121)   Pre Evacuate Collection Set: 0.2ms
[2026-03-02T11:04:39.206+0530][info][gc,phases   ] GC(121)   Merge Heap Roots: 0.2ms
[2026-03-02T11:04:39.206+0530][info][gc,phases   ] GC(121)   Evacuate Collection Set: 3.2ms
[2026-03-02T11:04:39.206+0530][info][gc,phases   ] GC(121)   Post Evacuate Collection Set: 0.9ms
[2026-03-02T11:04:39.206+0530][info][gc,phases   ] GC(121)   Other: 0.3ms
[2026-03-02T11:04:39.206+0530][info][gc,heap     ] GC(121) Eden regions: 306->0(304)
[2026-03-02T11:04:39.206+0530][info][gc,heap     ] GC(121) Survivor regions: 1->3(39)
[2026-03-02T11:04:39.206+0530][info][gc,heap     ] GC(121) Old regions: 28->28
[2026-03-02T11:04:39.206+0530][info][gc,heap     ] GC(121) Archive regions: 0->0
[2026-03-02T11:04:39.206+0530][info][gc,heap     ] GC(121) Humongous regions: 1->1
[2026-03-02T11:04:39.206+0530][info][gc,metaspace] GC(121) Metaspace: 74481K(75008K)->74481K(75008K) NonClass: 65219K(65472K)->65219K(65472K) Class: 9261K(9536K)->9261K(9536K)
[2026-03-02T11:04:39.206+0530][info][gc          ] GC(121) Pause Young (Normal) (G1 Evacuation Pause) 335M->31M(512M) 5.115ms
[2026-03-02T11:04:39.206+0530][info][gc,cpu      ] GC(121) User=0.05s Sys=0.02s Real=0.01s
[2026-03-02T11:04:47.751+0530][info][gc,start    ] GC(122) Pause Young (Normal) (G1 Evacuation Pause)
[2026-03-02T11:04:47.751+0530][info][gc,task     ] GC(122) Using 12 workers of 13 for evacuation
[2026-03-02T11:04:47.768+0530][info][gc,phases   ] GC(122)   Pre Evacuate Collection Set: 0.2ms
[2026-03-02T11:04:47.768+0530][info][gc,phases   ] GC(122)   Merge Heap Roots: 0.1ms
[2026-03-02T11:04:47.768+0530][info][gc,phases   ] GC(122)   Evacuate Collection Set: 3.1ms
[2026-03-02T11:04:47.768+0530][info][gc,phases   ] GC(122)   Post Evacuate Collection Set: 0.7ms
[2026-03-02T11:04:47.768+0530][info][gc,phases   ] GC(122)   Other: 0.3ms
[2026-03-02T11:04:47.768+0530][info][gc,heap     ] GC(122) Eden regions: 304->0(304)
[2026-03-02T11:04:47.768+0530][info][gc,heap     ] GC(122) Survivor regions: 3->3(39)
[2026-03-02T11:04:47.768+0530][info][gc,heap     ] GC(122) Old regions: 28->28
[2026-03-02T11:04:47.768+0530][info][gc,heap     ] GC(122) Archive regions: 0->0
[2026-03-02T11:04:47.768+0530][info][gc,heap     ] GC(122) Humongous regions: 1->1
[2026-03-02T11:04:47.768+0530][info][gc,metaspace] GC(122) Metaspace: 74481K(75008K)->74481K(75008K) NonClass: 65219K(65472K)->65219K(65472K) Class: 9261K(9536K)->9261K(9536K)
[2026-03-02T11:04:47.768+0530][info][gc          ] GC(122) Pause Young (Normal) (G1 Evacuation Pause) 335M->31M(512M) 4.752ms
[2026-03-02T11:04:47.768+0530][info][gc,cpu      ] GC(122) User=0.02s Sys=0.00s Real=0.02s
[2026-03-02T11:04:56.629+0530][info][gc,start    ] GC(123) Pause Young (Normal) (G1 Evacuation Pause)
[2026-03-02T11:04:56.629+0530][info][gc,task     ] GC(123) Using 12 workers of 13 for evacuation
[2026-03-02T11:04:56.633+0530][info][gc,phases   ] GC(123)   Pre Evacuate Collection Set: 0.2ms
[2026-03-02T11:04:56.633+0530][info][gc,phases   ] GC(123)   Merge Heap Roots: 0.1ms
[2026-03-02T11:04:56.633+0530][info][gc,phases   ] GC(123)   Evacuate Collection Set: 3.6ms
[2026-03-02T11:04:56.633+0530][info][gc,phases   ] GC(123)   Post Evacuate Collection Set: 0.7ms
[2026-03-02T11:04:56.633+0530][info][gc,phases   ] GC(123)   Other: 0.3ms
[2026-03-02T11:04:56.633+0530][info][gc,heap     ] GC(123) Eden regions: 304->0(304)
[2026-03-02T11:04:56.633+0530][info][gc,heap     ] GC(123) Survivor regions: 3->3(39)
[2026-03-02T11:04:56.633+0530][info][gc,heap     ] GC(123) Old regions: 28->28
[2026-03-02T11:04:56.633+0530][info][gc,heap     ] GC(123) Archive regions: 0->0
[2026-03-02T11:04:56.633+0530][info][gc,heap     ] GC(123) Humongous regions: 1->1
[2026-03-02T11:04:56.634+0530][info][gc,metaspace] GC(123) Metaspace: 74481K(75008K)->74481K(75008K) NonClass: 65219K(65472K)->65219K(65472K) Class: 9261K(9536K)->9261K(9536K)
[2026-03-02T11:04:56.634+0530][info][gc          ] GC(123) Pause Young (Normal) (G1 Evacuation Pause) 335M->31M(512M) 5.362ms
[2026-03-02T11:04:56.634+0530][info][gc,cpu      ] GC(123) User=0.00s Sys=0.00s Real=0.01s
[2026-03-02T11:05:06.004+0530][info][gc,start    ] GC(124) Pause Young (Normal) (G1 Evacuation Pause)
[2026-03-02T11:05:06.004+0530][info][gc,task     ] GC(124) Using 12 workers of 13 for evacuation
[2026-03-02T11:05:06.007+0530][info][gc,phases   ] GC(124)   Pre Evacuate Collection Set: 0.2ms
[2026-03-02T11:05:06.007+0530][info][gc,phases   ] GC(124)   Merge Heap Roots: 0.1ms
[2026-03-02T11:05:06.007+0530][info][gc,phases   ] GC(124)   Evacuate Collection Set: 1.3ms
[2026-03-02T11:05:06.007+0530][info][gc,phases   ] GC(124)   Post Evacuate Collection Set: 0.8ms
[2026-03-02T11:05:06.007+0530][info][gc,phases   ] GC(124)   Other: 0.3ms
[2026-03-02T11:05:06.007+0530][info][gc,heap     ] GC(124) Eden regions: 304->0(306)
[2026-03-02T11:05:06.007+0530][info][gc,heap     ] GC(124) Survivor regions: 3->1(39)
[2026-03-02T11:05:06.007+0530][info][gc,heap     ] GC(124) Old regions: 28->28
[2026-03-02T11:05:06.007+0530][info][gc,heap     ] GC(124) Archive regions: 0->0
[2026-03-02T11:05:06.007+0530][info][gc,heap     ] GC(124) Humongous regions: 1->1
[2026-03-02T11:05:06.007+0530][info][gc,metaspace] GC(124) Metaspace: 74481K(75008K)->74481K(75008K) NonClass: 65219K(65472K)->65219K(65472K) Class: 9261K(9536K)->9261K(9536K)
[2026-03-02T11:05:06.007+0530][info][gc          ] GC(124) Pause Young (Normal) (G1 Evacuation Pause) 335M->29M(512M) 3.023ms
[2026-03-02T11:05:06.007+0530][info][gc,cpu      ] GC(124) User=0.00s Sys=0.00s Real=0.00s
[2026-03-02T11:05:14.235+0530][info][gc,start    ] GC(125) Pause Young (Normal) (G1 Evacuation Pause)
[2026-03-02T11:05:14.235+0530][info][gc,task     ] GC(125) Using 12 workers of 13 for evacuation
[2026-03-02T11:05:14.243+0530][info][gc,phases   ] GC(125)   Pre Evacuate Collection Set: 0.1ms
[2026-03-02T11:05:14.243+0530][info][gc,phases   ] GC(125)   Merge Heap Roots: 0.2ms
[2026-03-02T11:05:14.243+0530][info][gc,phases   ] GC(125)   Evacuate Collection Set: 3.0ms
[2026-03-02T11:05:14.243+0530][info][gc,phases   ] GC(125)   Post Evacuate Collection Set: 0.8ms
[2026-03-02T11:05:14.243+0530][info][gc,phases   ] GC(125)   Other: 0.2ms
[2026-03-02T11:05:14.243+0530][info][gc,heap     ] GC(125) Eden regions: 306->0(304)
[2026-03-02T11:05:14.243+0530][info][gc,heap     ] GC(125) Survivor regions: 1->3(39)
[2026-03-02T11:05:14.243+0530][info][gc,heap     ] GC(125) Old regions: 28->28
[2026-03-02T11:05:14.243+0530][info][gc,heap     ] GC(125) Archive regions: 0->0
[2026-03-02T11:05:14.243+0530][info][gc,heap     ] GC(125) Humongous regions: 1->1
[2026-03-02T11:05:14.243+0530][info][gc,metaspace] GC(125) Metaspace: 74481K(75008K)->74481K(75008K) NonClass: 65219K(65472K)->65219K(65472K) Class: 9261K(9536K)->9261K(9536K)
[2026-03-02T11:05:14.243+0530][info][gc          ] GC(125) Pause Young (Normal) (G1 Evacuation Pause) 335M->31M(512M) 4.602ms
[2026-03-02T11:05:14.243+0530][info][gc,cpu      ] GC(125) User=0.00s Sys=0.00s Real=0.01s
[2026-03-02T11:05:22.601+0530][info][gc,start    ] GC(126) Pause Young (Normal) (G1 Evacuation Pause)
[2026-03-02T11:05:22.601+0530][info][gc,task     ] GC(126) Using 12 workers of 13 for evacuation
[2026-03-02T11:05:22.617+0530][info][gc,phases   ] GC(126)   Pre Evacuate Collection Set: 0.2ms
[2026-03-02T11:05:22.617+0530][info][gc,phases   ] GC(126)   Merge Heap Roots: 0.2ms
[2026-03-02T11:05:22.617+0530][info][gc,phases   ] GC(126)   Evacuate Collection Set: 3.5ms
[2026-03-02T11:05:22.617+0530][info][gc,phases   ] GC(126)   Post Evacuate Collection Set: 0.7ms
[2026-03-02T11:05:22.617+0530][info][gc,phases   ] GC(126)   Other: 0.3ms
[2026-03-02T11:05:22.617+0530][info][gc,heap     ] GC(126) Eden regions: 304->0(304)
[2026-03-02T11:05:22.617+0530][info][gc,heap     ] GC(126) Survivor regions: 3->3(39)
[2026-03-02T11:05:22.617+0530][info][gc,heap     ] GC(126) Old regions: 28->28
[2026-03-02T11:05:22.617+0530][info][gc,heap     ] GC(126) Archive regions: 0->0
[2026-03-02T11:05:22.617+0530][info][gc,heap     ] GC(126) Humongous regions: 1->1
[2026-03-02T11:05:22.617+0530][info][gc,metaspace] GC(126) Metaspace: 74481K(75008K)->74481K(75008K) NonClass: 65219K(65472K)->65219K(65472K) Class: 9261K(9536K)->9261K(9536K)
[2026-03-02T11:05:22.617+0530][info][gc          ] GC(126) Pause Young (Normal) (G1 Evacuation Pause) 335M->31M(512M) 5.235ms
[2026-03-02T11:05:22.617+0530][info][gc,cpu      ] GC(126) User=0.00s Sys=0.00s Real=0.02s
[2026-03-02T11:05:31.640+0530][info][gc,start    ] GC(127) Pause Young (Normal) (G1 Evacuation Pause)
[2026-03-02T11:05:31.640+0530][info][gc,task     ] GC(127) Using 12 workers of 13 for evacuation
[2026-03-02T11:05:31.656+0530][info][gc,phases   ] GC(127)   Pre Evacuate Collection Set: 0.2ms
[2026-03-02T11:05:31.656+0530][info][gc,phases   ] GC(127)   Merge Heap Roots: 0.2ms
[2026-03-02T11:05:31.656+0530][info][gc,phases   ] GC(127)   Evacuate Collection Set: 3.3ms
[2026-03-02T11:05:31.656+0530][info][gc,phases   ] GC(127)   Post Evacuate Collection Set: 0.8ms
[2026-03-02T11:05:31.656+0530][info][gc,phases   ] GC(127)   Other: 0.3ms
[2026-03-02T11:05:31.656+0530][info][gc,heap     ] GC(127) Eden regions: 304->0(304)
[2026-03-02T11:05:31.656+0530][info][gc,heap     ] GC(127) Survivor regions: 3->3(39)
[2026-03-02T11:05:31.656+0530][info][gc,heap     ] GC(127) Old regions: 28->28
[2026-03-02T11:05:31.656+0530][info][gc,heap     ] GC(127) Archive regions: 0->0
[2026-03-02T11:05:31.656+0530][info][gc,heap     ] GC(127) Humongous regions: 1->1
[2026-03-02T11:05:31.656+0530][info][gc,metaspace] GC(127) Metaspace: 74481K(75008K)->74481K(75008K) NonClass: 65219K(65472K)->65219K(65472K) Class: 9261K(9536K)->9261K(9536K)
[2026-03-02T11:05:31.656+0530][info][gc          ] GC(127) Pause Young (Normal) (G1 Evacuation Pause) 335M->31M(512M) 5.095ms
[2026-03-02T11:05:31.656+0530][info][gc,cpu      ] GC(127) User=0.00s Sys=0.00s Real=0.02s
[2026-03-02T11:05:40.430+0530][info][gc,start    ] GC(128) Pause Young (Normal) (G1 Evacuation Pause)
[2026-03-02T11:05:40.430+0530][info][gc,task     ] GC(128) Using 12 workers of 13 for evacuation
[2026-03-02T11:05:40.435+0530][info][gc,phases   ] GC(128)   Pre Evacuate Collection Set: 0.2ms
[2026-03-02T11:05:40.435+0530][info][gc,phases   ] GC(128)   Merge Heap Roots: 0.2ms
[2026-03-02T11:05:40.435+0530][info][gc,phases   ] GC(128)   Evacuate Collection Set: 3.5ms
[2026-03-02T11:05:40.435+0530][info][gc,phases   ] GC(128)   Post Evacuate Collection Set: 0.7ms
[2026-03-02T11:05:40.435+0530][info][gc,phases   ] GC(128)   Other: 0.3ms
[2026-03-02T11:05:40.435+0530][info][gc,heap     ] GC(128) Eden regions: 304->0(304)
[2026-03-02T11:05:40.435+0530][info][gc,heap     ] GC(128) Survivor regions: 3->3(39)
[2026-03-02T11:05:40.435+0530][info][gc,heap     ] GC(128) Old regions: 28->28
[2026-03-02T11:05:40.435+0530][info][gc,heap     ] GC(128) Archive regions: 0->0
[2026-03-02T11:05:40.435+0530][info][gc,heap     ] GC(128) Humongous regions: 1->1
[2026-03-02T11:05:40.435+0530][info][gc,metaspace] GC(128) Metaspace: 74481K(75008K)->74481K(75008K) NonClass: 65219K(65472K)->65219K(65472K) Class: 9261K(9536K)->9261K(9536K)
[2026-03-02T11:05:40.435+0530][info][gc          ] GC(128) Pause Young (Normal) (G1 Evacuation Pause) 335M->31M(512M) 5.186ms
[2026-03-02T11:05:40.435+0530][info][gc,cpu      ] GC(128) User=0.00s Sys=0.00s Real=0.00s
[2026-03-02T11:05:49.050+0530][info][gc,start    ] GC(129) Pause Young (Normal) (G1 Evacuation Pause)
[2026-03-02T11:05:49.050+0530][info][gc,task     ] GC(129) Using 12 workers of 13 for evacuation
[2026-03-02T11:05:49.053+0530][info][gc,phases   ] GC(129)   Pre Evacuate Collection Set: 0.1ms
[2026-03-02T11:05:49.053+0530][info][gc,phases   ] GC(129)   Merge Heap Roots: 0.1ms
[2026-03-02T11:05:49.053+0530][info][gc,phases   ] GC(129)   Evacuate Collection Set: 1.3ms
[2026-03-02T11:05:49.053+0530][info][gc,phases   ] GC(129)   Post Evacuate Collection Set: 0.7ms
[2026-03-02T11:05:49.053+0530][info][gc,phases   ] GC(129)   Other: 0.2ms
[2026-03-02T11:05:49.053+0530][info][gc,heap     ] GC(129) Eden regions: 304->0(306)
[2026-03-02T11:05:49.053+0530][info][gc,heap     ] GC(129) Survivor regions: 3->1(39)
[2026-03-02T11:05:49.053+0530][info][gc,heap     ] GC(129) Old regions: 28->28
[2026-03-02T11:05:49.053+0530][info][gc,heap     ] GC(129) Archive regions: 0->0
[2026-03-02T11:05:49.053+0530][info][gc,heap     ] GC(129) Humongous regions: 1->1
[2026-03-02T11:05:49.053+0530][info][gc,metaspace] GC(129) Metaspace: 74481K(75008K)->74481K(75008K) NonClass: 65219K(65472K)->65219K(65472K) Class: 9261K(9536K)->9261K(9536K)
[2026-03-02T11:05:49.053+0530][info][gc          ] GC(129) Pause Young (Normal) (G1 Evacuation Pause) 335M->29M(512M) 2.750ms
[2026-03-02T11:05:49.053+0530][info][gc,cpu      ] GC(129) User=0.00s Sys=0.00s Real=0.00s
[2026-03-02T11:05:58.087+0530][info][gc,start    ] GC(130) Pause Young (Normal) (G1 Evacuation Pause)
[2026-03-02T11:05:58.087+0530][info][gc,task     ] GC(130) Using 12 workers of 13 for evacuation
[2026-03-02T11:05:58.097+0530][info][gc,phases   ] GC(130)   Pre Evacuate Collection Set: 0.2ms
[2026-03-02T11:05:58.097+0530][info][gc,phases   ] GC(130)   Merge Heap Roots: 0.1ms
[2026-03-02T11:05:58.097+0530][info][gc,phases   ] GC(130)   Evacuate Collection Set: 8.0ms
[2026-03-02T11:05:58.097+0530][info][gc,phases   ] GC(130)   Post Evacuate Collection Set: 1.4ms
[2026-03-02T11:05:58.097+0530][info][gc,phases   ] GC(130)   Other: 0.3ms
[2026-03-02T11:05:58.097+0530][info][gc,heap     ] GC(130) Eden regions: 306->0(303)
[2026-03-02T11:05:58.097+0530][info][gc,heap     ] GC(130) Survivor regions: 1->4(39)
[2026-03-02T11:05:58.097+0530][info][gc,heap     ] GC(130) Old regions: 28->28
[2026-03-02T11:05:58.098+0530][info][gc,heap     ] GC(130) Archive regions: 0->0
[2026-03-02T11:05:58.098+0530][info][gc,heap     ] GC(130) Humongous regions: 1->1
[2026-03-02T11:05:58.098+0530][info][gc,metaspace] GC(130) Metaspace: 74481K(75008K)->74481K(75008K) NonClass: 65219K(65472K)->65219K(65472K) Class: 9261K(9536K)->9261K(9536K)
[2026-03-02T11:05:58.098+0530][info][gc          ] GC(130) Pause Young (Normal) (G1 Evacuation Pause) 335M->32M(512M) 10.901ms
[2026-03-02T11:05:58.098+0530][info][gc,cpu      ] GC(130) User=0.06s Sys=0.00s Real=0.01s
[2026-03-02T11:06:04.124+0530][info][gc,start    ] GC(131) Pause Young (Normal) (G1 Evacuation Pause)
[2026-03-02T11:06:04.124+0530][info][gc,task     ] GC(131) Using 12 workers of 13 for evacuation
[2026-03-02T11:06:04.128+0530][info][gc,phases   ] GC(131)   Pre Evacuate Collection Set: 0.2ms
[2026-03-02T11:06:04.128+0530][info][gc,phases   ] GC(131)   Merge Heap Roots: 0.1ms
[2026-03-02T11:06:04.129+0530][info][gc,phases   ] GC(131)   Evacuate Collection Set: 2.7ms
[2026-03-02T11:06:04.129+0530][info][gc,phases   ] GC(131)   Post Evacuate Collection Set: 0.9ms
[2026-03-02T11:06:04.129+0530][info][gc,phases   ] GC(131)   Other: 0.3ms
[2026-03-02T11:06:04.129+0530][info][gc,heap     ] GC(131) Eden regions: 303->0(304)
[2026-03-02T11:06:04.129+0530][info][gc,heap     ] GC(131) Survivor regions: 4->3(39)
[2026-03-02T11:06:04.129+0530][info][gc,heap     ] GC(131) Old regions: 28->28
[2026-03-02T11:06:04.129+0530][info][gc,heap     ] GC(131) Archive regions: 0->0
[2026-03-02T11:06:04.129+0530][info][gc,heap     ] GC(131) Humongous regions: 1->1
[2026-03-02T11:06:04.129+0530][info][gc,metaspace] GC(131) Metaspace: 74494K(75008K)->74494K(75008K) NonClass: 65233K(65472K)->65233K(65472K) Class: 9261K(9536K)->9261K(9536K)
[2026-03-02T11:06:04.129+0530][info][gc          ] GC(131) Pause Young (Normal) (G1 Evacuation Pause) 335M->31M(512M) 4.727ms
[2026-03-02T11:06:04.129+0530][info][gc,cpu      ] GC(131) User=0.06s Sys=0.00s Real=0.00s
[2026-03-02T11:06:09.127+0530][info][gc,start    ] GC(132) Pause Young (Normal) (G1 Evacuation Pause)
[2026-03-02T11:06:09.127+0530][info][gc,task     ] GC(132) Using 12 workers of 13 for evacuation
[2026-03-02T11:06:09.140+0530][info][gc,phases   ] GC(132)   Pre Evacuate Collection Set: 0.2ms
[2026-03-02T11:06:09.140+0530][info][gc,phases   ] GC(132)   Merge Heap Roots: 0.1ms
[2026-03-02T11:06:09.140+0530][info][gc,phases   ] GC(132)   Evacuate Collection Set: 10.7ms
[2026-03-02T11:06:09.140+0530][info][gc,phases   ] GC(132)   Post Evacuate Collection Set: 1.4ms
[2026-03-02T11:06:09.140+0530][info][gc,phases   ] GC(132)   Other: 0.3ms
[2026-03-02T11:06:09.140+0530][info][gc,heap     ] GC(132) Eden regions: 304->0(302)
[2026-03-02T11:06:09.140+0530][info][gc,heap     ] GC(132) Survivor regions: 3->5(39)
[2026-03-02T11:06:09.140+0530][info][gc,heap     ] GC(132) Old regions: 28->28
[2026-03-02T11:06:09.140+0530][info][gc,heap     ] GC(132) Archive regions: 0->0
[2026-03-02T11:06:09.141+0530][info][gc,heap     ] GC(132) Humongous regions: 1->1
[2026-03-02T11:06:09.141+0530][info][gc,metaspace] GC(132) Metaspace: 74523K(75072K)->74523K(75072K) NonClass: 65262K(65536K)->65262K(65536K) Class: 9261K(9536K)->9261K(9536K)
[2026-03-02T11:06:09.141+0530][info][gc          ] GC(132) Pause Young (Normal) (G1 Evacuation Pause) 335M->33M(512M) 13.491ms
[2026-03-02T11:06:09.141+0530][info][gc,cpu      ] GC(132) User=0.00s Sys=0.00s Real=0.01s
[2026-03-02T11:06:12.362+0530][info][gc,start    ] GC(133) Pause Young (Normal) (G1 Evacuation Pause)
[2026-03-02T11:06:12.362+0530][info][gc,task     ] GC(133) Using 12 workers of 13 for evacuation
[2026-03-02T11:06:12.368+0530][info][gc,phases   ] GC(133)   Pre Evacuate Collection Set: 0.1ms
[2026-03-02T11:06:12.368+0530][info][gc,phases   ] GC(133)   Merge Heap Roots: 0.1ms
[2026-03-02T11:06:12.368+0530][info][gc,phases   ] GC(133)   Evacuate Collection Set: 4.4ms
[2026-03-02T11:06:12.368+0530][info][gc,phases   ] GC(133)   Post Evacuate Collection Set: 0.6ms
[2026-03-02T11:06:12.368+0530][info][gc,phases   ] GC(133)   Other: 0.2ms
[2026-03-02T11:06:12.368+0530][info][gc,heap     ] GC(133) Eden regions: 302->0(304)
[2026-03-02T11:06:12.368+0530][info][gc,heap     ] GC(133) Survivor regions: 5->3(39)
[2026-03-02T11:06:12.368+0530][info][gc,heap     ] GC(133) Old regions: 28->28
[2026-03-02T11:06:12.368+0530][info][gc,heap     ] GC(133) Archive regions: 0->0
[2026-03-02T11:06:12.368+0530][info][gc,heap     ] GC(133) Humongous regions: 1->1
[2026-03-02T11:06:12.368+0530][info][gc,metaspace] GC(133) Metaspace: 74545K(75136K)->74545K(75136K) NonClass: 65284K(65600K)->65284K(65600K) Class: 9261K(9536K)->9261K(9536K)
[2026-03-02T11:06:12.368+0530][info][gc          ] GC(133) Pause Young (Normal) (G1 Evacuation Pause) 335M->31M(512M) 5.763ms
[2026-03-02T11:06:12.368+0530][info][gc,cpu      ] GC(133) User=0.00s Sys=0.00s Real=0.01s
[2026-03-02T11:06:15.838+0530][info][gc,start    ] GC(134) Pause Young (Normal) (G1 Evacuation Pause)
[2026-03-02T11:06:15.838+0530][info][gc,task     ] GC(134) Using 12 workers of 13 for evacuation
[2026-03-02T11:06:15.849+0530][info][gc,phases   ] GC(134)   Pre Evacuate Collection Set: 0.2ms
[2026-03-02T11:06:15.849+0530][info][gc,phases   ] GC(134)   Merge Heap Roots: 0.2ms
[2026-03-02T11:06:15.849+0530][info][gc,phases   ] GC(134)   Evacuate Collection Set: 8.3ms
[2026-03-02T11:06:15.849+0530][info][gc,phases   ] GC(134)   Post Evacuate Collection Set: 1.4ms
[2026-03-02T11:06:15.849+0530][info][gc,phases   ] GC(134)   Other: 0.3ms
[2026-03-02T11:06:15.849+0530][info][gc,heap     ] GC(134) Eden regions: 304->0(302)
[2026-03-02T11:06:15.849+0530][info][gc,heap     ] GC(134) Survivor regions: 3->5(39)
[2026-03-02T11:06:15.849+0530][info][gc,heap     ] GC(134) Old regions: 28->28
[2026-03-02T11:06:15.849+0530][info][gc,heap     ] GC(134) Archive regions: 0->0
[2026-03-02T11:06:15.849+0530][info][gc,heap     ] GC(134) Humongous regions: 1->1
[2026-03-02T11:06:15.849+0530][info][gc,metaspace] GC(134) Metaspace: 74616K(75200K)->74616K(75200K) NonClass: 65355K(65664K)->65355K(65664K) Class: 9261K(9536K)->9261K(9536K)
[2026-03-02T11:06:15.849+0530][info][gc          ] GC(134) Pause Young (Normal) (G1 Evacuation Pause) 335M->33M(512M) 11.154ms
[2026-03-02T11:06:15.850+0530][info][gc,cpu      ] GC(134) User=0.05s Sys=0.02s Real=0.01s
[2026-03-02T11:06:18.982+0530][info][gc,start    ] GC(135) Pause Young (Normal) (G1 Evacuation Pause)
[2026-03-02T11:06:18.982+0530][info][gc,task     ] GC(135) Using 12 workers of 13 for evacuation
[2026-03-02T11:06:18.993+0530][info][gc,phases   ] GC(135)   Pre Evacuate Collection Set: 0.3ms
[2026-03-02T11:06:18.993+0530][info][gc,phases   ] GC(135)   Merge Heap Roots: 0.3ms
[2026-03-02T11:06:18.994+0530][info][gc,phases   ] GC(135)   Evacuate Collection Set: 9.9ms
[2026-03-02T11:06:18.994+0530][info][gc,phases   ] GC(135)   Post Evacuate Collection Set: 1.2ms
[2026-03-02T11:06:18.994+0530][info][gc,phases   ] GC(135)   Other: 0.5ms
[2026-03-02T11:06:18.994+0530][info][gc,heap     ] GC(135) Eden regions: 302->0(302)
[2026-03-02T11:06:18.994+0530][info][gc,heap     ] GC(135) Survivor regions: 5->5(39)
[2026-03-02T11:06:18.994+0530][info][gc,heap     ] GC(135) Old regions: 28->28
[2026-03-02T11:06:18.994+0530][info][gc,heap     ] GC(135) Archive regions: 0->0
[2026-03-02T11:06:18.994+0530][info][gc,heap     ] GC(135) Humongous regions: 1->1
[2026-03-02T11:06:18.994+0530][info][gc,metaspace] GC(135) Metaspace: 74629K(75200K)->74629K(75200K) NonClass: 65368K(65664K)->65368K(65664K) Class: 9261K(9536K)->9261K(9536K)
[2026-03-02T11:06:18.994+0530][info][gc          ] GC(135) Pause Young (Normal) (G1 Evacuation Pause) 335M->33M(512M) 13.006ms
[2026-03-02T11:06:18.994+0530][info][gc,cpu      ] GC(135) User=0.06s Sys=0.00s Real=0.01s
[2026-03-02T11:06:24.022+0530][info][gc,start    ] GC(136) Pause Young (Normal) (G1 Evacuation Pause)
[2026-03-02T11:06:24.022+0530][info][gc,task     ] GC(136) Using 12 workers of 13 for evacuation
[2026-03-02T11:06:24.031+0530][info][gc,phases   ] GC(136)   Pre Evacuate Collection Set: 0.3ms
[2026-03-02T11:06:24.031+0530][info][gc,phases   ] GC(136)   Merge Heap Roots: 0.3ms
[2026-03-02T11:06:24.031+0530][info][gc,phases   ] GC(136)   Evacuate Collection Set: 7.5ms
[2026-03-02T11:06:24.031+0530][info][gc,phases   ] GC(136)   Post Evacuate Collection Set: 0.5ms
[2026-03-02T11:06:24.031+0530][info][gc,phases   ] GC(136)   Other: 0.4ms
[2026-03-02T11:06:24.031+0530][info][gc,heap     ] GC(136) Eden regions: 302->0(302)
[2026-03-02T11:06:24.031+0530][info][gc,heap     ] GC(136) Survivor regions: 5->5(39)
[2026-03-02T11:06:24.031+0530][info][gc,heap     ] GC(136) Old regions: 28->28
[2026-03-02T11:06:24.031+0530][info][gc,heap     ] GC(136) Archive regions: 0->0
[2026-03-02T11:06:24.031+0530][info][gc,heap     ] GC(136) Humongous regions: 1->1
[2026-03-02T11:06:24.031+0530][info][gc,metaspace] GC(136) Metaspace: 74636K(75200K)->74636K(75200K) NonClass: 65375K(65664K)->65375K(65664K) Class: 9261K(9536K)->9261K(9536K)
[2026-03-02T11:06:24.031+0530][info][gc          ] GC(136) Pause Young (Normal) (G1 Evacuation Pause) 335M->33M(512M) 9.271ms
[2026-03-02T11:06:24.031+0530][info][gc,cpu      ] GC(136) User=0.00s Sys=0.00s Real=0.01s
[2026-03-02T11:06:33.731+0530][info][gc,start    ] GC(137) Pause Young (Normal) (G1 Evacuation Pause)
[2026-03-02T11:06:33.731+0530][info][gc,task     ] GC(137) Using 12 workers of 13 for evacuation
[2026-03-02T11:06:33.731+0530][info][gc,phases   ] GC(137)   Pre Evacuate Collection Set: 0.2ms
[2026-03-02T11:06:33.731+0530][info][gc,phases   ] GC(137)   Merge Heap Roots: 0.1ms
[2026-03-02T11:06:33.731+0530][info][gc,phases   ] GC(137)   Evacuate Collection Set: 5.3ms
[2026-03-02T11:06:33.731+0530][info][gc,phases   ] GC(137)   Post Evacuate Collection Set: 0.7ms
[2026-03-02T11:06:33.731+0530][info][gc,phases   ] GC(137)   Other: 0.2ms
[2026-03-02T11:06:33.731+0530][info][gc,heap     ] GC(137) Eden regions: 302->0(302)
[2026-03-02T11:06:33.731+0530][info][gc,heap     ] GC(137) Survivor regions: 5->5(39)
[2026-03-02T11:06:33.731+0530][info][gc,heap     ] GC(137) Old regions: 28->28
[2026-03-02T11:06:33.731+0530][info][gc,heap     ] GC(137) Archive regions: 0->0
[2026-03-02T11:06:33.731+0530][info][gc,heap     ] GC(137) Humongous regions: 1->1
[2026-03-02T11:06:33.731+0530][info][gc,metaspace] GC(137) Metaspace: 74638K(75200K)->74638K(75200K) NonClass: 65377K(65664K)->65377K(65664K) Class: 9261K(9536K)->9261K(9536K)
[2026-03-02T11:06:33.731+0530][info][gc          ] GC(137) Pause Young (Normal) (G1 Evacuation Pause) 335M->33M(512M) 6.880ms
[2026-03-02T11:06:33.731+0530][info][gc,cpu      ] GC(137) User=0.00s Sys=0.00s Real=0.00s
[2026-03-02T11:06:37.637+0530][info][gc,start    ] GC(138) Pause Young (Normal) (G1 Evacuation Pause)
[2026-03-02T11:06:37.637+0530][info][gc,task     ] GC(138) Using 12 workers of 13 for evacuation
[2026-03-02T11:06:37.653+0530][info][gc,phases   ] GC(138)   Pre Evacuate Collection Set: 0.2ms
[2026-03-02T11:06:37.653+0530][info][gc,phases   ] GC(138)   Merge Heap Roots: 0.2ms
[2026-03-02T11:06:37.653+0530][info][gc,phases   ] GC(138)   Evacuate Collection Set: 3.2ms
[2026-03-02T11:06:37.653+0530][info][gc,phases   ] GC(138)   Post Evacuate Collection Set: 0.8ms
[2026-03-02T11:06:37.653+0530][info][gc,phases   ] GC(138)   Other: 0.3ms
[2026-03-02T11:06:37.653+0530][info][gc,heap     ] GC(138) Eden regions: 302->0(304)
[2026-03-02T11:06:37.653+0530][info][gc,heap     ] GC(138) Survivor regions: 5->3(39)
[2026-03-02T11:06:37.653+0530][info][gc,heap     ] GC(138) Old regions: 28->28
[2026-03-02T11:06:37.653+0530][info][gc,heap     ] GC(138) Archive regions: 0->0
[2026-03-02T11:06:37.653+0530][info][gc,heap     ] GC(138) Humongous regions: 1->1
[2026-03-02T11:06:37.653+0530][info][gc,metaspace] GC(138) Metaspace: 74642K(75200K)->74642K(75200K) NonClass: 65381K(65664K)->65381K(65664K) Class: 9261K(9536K)->9261K(9536K)
[2026-03-02T11:06:37.653+0530][info][gc          ] GC(138) Pause Young (Normal) (G1 Evacuation Pause) 335M->31M(512M) 5.224ms
[2026-03-02T11:06:37.653+0530][info][gc,cpu      ] GC(138) User=0.00s Sys=0.00s Real=0.02s
[2026-03-02T11:06:41.041+0530][info][gc,start    ] GC(139) Pause Young (Normal) (G1 Evacuation Pause)
[2026-03-02T11:06:41.041+0530][info][gc,task     ] GC(139) Using 12 workers of 13 for evacuation
[2026-03-02T11:06:41.041+0530][info][gc,phases   ] GC(139)   Pre Evacuate Collection Set: 0.2ms
[2026-03-02T11:06:41.041+0530][info][gc,phases   ] GC(139)   Merge Heap Roots: 0.2ms
[2026-03-02T11:06:41.041+0530][info][gc,phases   ] GC(139)   Evacuate Collection Set: 2.4ms
[2026-03-02T11:06:41.041+0530][info][gc,phases   ] GC(139)   Post Evacuate Collection Set: 0.8ms
[2026-03-02T11:06:41.041+0530][info][gc,phases   ] GC(139)   Other: 0.3ms
[2026-03-02T11:06:41.041+0530][info][gc,heap     ] GC(139) Eden regions: 304->0(305)
[2026-03-02T11:06:41.041+0530][info][gc,heap     ] GC(139) Survivor regions: 3->2(39)
[2026-03-02T11:06:41.041+0530][info][gc,heap     ] GC(139) Old regions: 28->28
[2026-03-02T11:06:41.041+0530][info][gc,heap     ] GC(139) Archive regions: 0->0
[2026-03-02T11:06:41.041+0530][info][gc,heap     ] GC(139) Humongous regions: 1->1
[2026-03-02T11:06:41.041+0530][info][gc,metaspace] GC(139) Metaspace: 74645K(75200K)->74645K(75200K) NonClass: 65384K(65664K)->65384K(65664K) Class: 9261K(9536K)->9261K(9536K)
[2026-03-02T11:06:41.041+0530][info][gc          ] GC(139) Pause Young (Normal) (G1 Evacuation Pause) 335M->30M(512M) 4.357ms
[2026-03-02T11:06:41.041+0530][info][gc,cpu      ] GC(139) User=0.06s Sys=0.00s Real=0.00s
[2026-03-02T11:06:46.933+0530][info][gc,start    ] GC(140) Pause Young (Normal) (G1 Evacuation Pause)
[2026-03-02T11:06:46.933+0530][info][gc,task     ] GC(140) Using 12 workers of 13 for evacuation
[2026-03-02T11:06:46.933+0530][info][gc,phases   ] GC(140)   Pre Evacuate Collection Set: 0.2ms
[2026-03-02T11:06:46.933+0530][info][gc,phases   ] GC(140)   Merge Heap Roots: 0.2ms
[2026-03-02T11:06:46.933+0530][info][gc,phases   ] GC(140)   Evacuate Collection Set: 7.5ms
[2026-03-02T11:06:46.933+0530][info][gc,phases   ] GC(140)   Post Evacuate Collection Set: 0.7ms
[2026-03-02T11:06:46.933+0530][info][gc,phases   ] GC(140)   Other: 0.3ms
[2026-03-02T11:06:46.933+0530][info][gc,heap     ] GC(140) Eden regions: 305->0(301)
[2026-03-02T11:06:46.933+0530][info][gc,heap     ] GC(140) Survivor regions: 2->6(39)
[2026-03-02T11:06:46.933+0530][info][gc,heap     ] GC(140) Old regions: 28->28
[2026-03-02T11:06:46.933+0530][info][gc,heap     ] GC(140) Archive regions: 0->0
[2026-03-02T11:06:46.933+0530][info][gc,heap     ] GC(140) Humongous regions: 1->1
[2026-03-02T11:06:46.933+0530][info][gc,metaspace] GC(140) Metaspace: 74658K(75200K)->74658K(75200K) NonClass: 65397K(65664K)->65397K(65664K) Class: 9261K(9536K)->9261K(9536K)
[2026-03-02T11:06:46.933+0530][info][gc          ] GC(140) Pause Young (Normal) (G1 Evacuation Pause) 335M->34M(512M) 9.207ms
[2026-03-02T11:06:46.933+0530][info][gc,cpu      ] GC(140) User=0.06s Sys=0.00s Real=0.00s
[2026-03-02T11:06:50.243+0530][info][gc,start    ] GC(141) Pause Young (Normal) (G1 Evacuation Pause)
[2026-03-02T11:06:50.243+0530][info][gc,task     ] GC(141) Using 12 workers of 13 for evacuation
[2026-03-02T11:06:50.259+0530][info][gc,phases   ] GC(141)   Pre Evacuate Collection Set: 0.2ms
[2026-03-02T11:06:50.259+0530][info][gc,phases   ] GC(141)   Merge Heap Roots: 0.1ms
[2026-03-02T11:06:50.259+0530][info][gc,phases   ] GC(141)   Evacuate Collection Set: 4.5ms
[2026-03-02T11:06:50.259+0530][info][gc,phases   ] GC(141)   Post Evacuate Collection Set: 0.7ms
[2026-03-02T11:06:50.259+0530][info][gc,phases   ] GC(141)   Other: 0.3ms
[2026-03-02T11:06:50.259+0530][info][gc,heap     ] GC(141) Eden regions: 301->0(302)
[2026-03-02T11:06:50.259+0530][info][gc,heap     ] GC(141) Survivor regions: 6->5(39)
[2026-03-02T11:06:50.259+0530][info][gc,heap     ] GC(141) Old regions: 28->28
[2026-03-02T11:06:50.259+0530][info][gc,heap     ] GC(141) Archive regions: 0->0
[2026-03-02T11:06:50.259+0530][info][gc,heap     ] GC(141) Humongous regions: 1->1
[2026-03-02T11:06:50.259+0530][info][gc,metaspace] GC(141) Metaspace: 74659K(75200K)->74659K(75200K) NonClass: 65398K(65664K)->65398K(65664K) Class: 9261K(9536K)->9261K(9536K)
[2026-03-02T11:06:50.259+0530][info][gc          ] GC(141) Pause Young (Normal) (G1 Evacuation Pause) 335M->32M(512M) 6.105ms
[2026-03-02T11:06:50.259+0530][info][gc,cpu      ] GC(141) User=0.00s Sys=0.00s Real=0.02s
[2026-03-02T11:06:53.377+0530][info][gc,start    ] GC(142) Pause Young (Normal) (G1 Evacuation Pause)
[2026-03-02T11:06:53.378+0530][info][gc,task     ] GC(142) Using 12 workers of 13 for evacuation
[2026-03-02T11:06:53.381+0530][info][gc,phases   ] GC(142)   Pre Evacuate Collection Set: 0.2ms
[2026-03-02T11:06:53.381+0530][info][gc,phases   ] GC(142)   Merge Heap Roots: 0.2ms
[2026-03-02T11:06:53.381+0530][info][gc,phases   ] GC(142)   Evacuate Collection Set: 2.7ms
[2026-03-02T11:06:53.381+0530][info][gc,phases   ] GC(142)   Post Evacuate Collection Set: 0.6ms
[2026-03-02T11:06:53.381+0530][info][gc,phases   ] GC(142)   Other: 0.3ms
[2026-03-02T11:06:53.381+0530][info][gc,heap     ] GC(142) Eden regions: 302->0(304)
[2026-03-02T11:06:53.382+0530][info][gc,heap     ] GC(142) Survivor regions: 5->3(39)
[2026-03-02T11:06:53.382+0530][info][gc,heap     ] GC(142) Old regions: 28->28
[2026-03-02T11:06:53.382+0530][info][gc,heap     ] GC(142) Archive regions: 0->0
[2026-03-02T11:06:53.382+0530][info][gc,heap     ] GC(142) Humongous regions: 1->1
[2026-03-02T11:06:53.382+0530][info][gc,metaspace] GC(142) Metaspace: 74752K(75328K)->74752K(75328K) NonClass: 65491K(65792K)->65491K(65792K) Class: 9261K(9536K)->9261K(9536K)
[2026-03-02T11:06:53.382+0530][info][gc          ] GC(142) Pause Young (Normal) (G1 Evacuation Pause) 334M->30M(512M) 4.289ms
[2026-03-02T11:06:53.382+0530][info][gc,cpu      ] GC(142) User=0.00s Sys=0.00s Real=0.00s
[2026-03-02T11:06:57.761+0530][info][gc,start    ] GC(143) Pause Young (Normal) (G1 Evacuation Pause)
[2026-03-02T11:06:57.761+0530][info][gc,task     ] GC(143) Using 12 workers of 13 for evacuation
[2026-03-02T11:06:57.763+0530][info][gc,phases   ] GC(143)   Pre Evacuate Collection Set: 0.3ms
[2026-03-02T11:06:57.763+0530][info][gc,phases   ] GC(143)   Merge Heap Roots: 0.1ms
[2026-03-02T11:06:57.763+0530][info][gc,phases   ] GC(143)   Evacuate Collection Set: 1.2ms
[2026-03-02T11:06:57.763+0530][info][gc,phases   ] GC(143)   Post Evacuate Collection Set: 0.6ms
[2026-03-02T11:06:57.763+0530][info][gc,phases   ] GC(143)   Other: 0.3ms
[2026-03-02T11:06:57.763+0530][info][gc,heap     ] GC(143) Eden regions: 304->0(305)
[2026-03-02T11:06:57.763+0530][info][gc,heap     ] GC(143) Survivor regions: 3->2(39)
[2026-03-02T11:06:57.763+0530][info][gc,heap     ] GC(143) Old regions: 28->28
[2026-03-02T11:06:57.763+0530][info][gc,heap     ] GC(143) Archive regions: 0->0
[2026-03-02T11:06:57.763+0530][info][gc,heap     ] GC(143) Humongous regions: 1->1
[2026-03-02T11:06:57.763+0530][info][gc,metaspace] GC(143) Metaspace: 74757K(75328K)->74757K(75328K) NonClass: 65496K(65792K)->65496K(65792K) Class: 9261K(9536K)->9261K(9536K)
[2026-03-02T11:06:57.764+0530][info][gc          ] GC(143) Pause Young (Normal) (G1 Evacuation Pause) 334M->30M(512M) 2.905ms
[2026-03-02T11:06:57.764+0530][info][gc,cpu      ] GC(143) User=0.00s Sys=0.00s Real=0.00s
[2026-03-02T11:07:06.499+0530][info][gc,start    ] GC(144) Pause Young (Normal) (G1 Evacuation Pause)
[2026-03-02T11:07:06.499+0530][info][gc,task     ] GC(144) Using 12 workers of 13 for evacuation
[2026-03-02T11:07:06.501+0530][info][gc,phases   ] GC(144)   Pre Evacuate Collection Set: 0.1ms
[2026-03-02T11:07:06.501+0530][info][gc,phases   ] GC(144)   Merge Heap Roots: 0.1ms
[2026-03-02T11:07:06.501+0530][info][gc,phases   ] GC(144)   Evacuate Collection Set: 3.5ms
[2026-03-02T11:07:06.501+0530][info][gc,phases   ] GC(144)   Post Evacuate Collection Set: 0.7ms
[2026-03-02T11:07:06.501+0530][info][gc,phases   ] GC(144)   Other: 0.3ms
[2026-03-02T11:07:06.501+0530][info][gc,heap     ] GC(144) Eden regions: 305->0(302)
[2026-03-02T11:07:06.501+0530][info][gc,heap     ] GC(144) Survivor regions: 2->5(39)
[2026-03-02T11:07:06.501+0530][info][gc,heap     ] GC(144) Old regions: 28->28
[2026-03-02T11:07:06.501+0530][info][gc,heap     ] GC(144) Archive regions: 0->0
[2026-03-02T11:07:06.501+0530][info][gc,heap     ] GC(144) Humongous regions: 1->1
[2026-03-02T11:07:06.501+0530][info][gc,metaspace] GC(144) Metaspace: 74760K(75328K)->74760K(75328K) NonClass: 65499K(65792K)->65499K(65792K) Class: 9261K(9536K)->9261K(9536K)
[2026-03-02T11:07:06.501+0530][info][gc          ] GC(144) Pause Young (Normal) (G1 Evacuation Pause) 335M->33M(512M) 5.106ms
[2026-03-02T11:07:06.501+0530][info][gc,cpu      ] GC(144) User=0.06s Sys=0.00s Real=0.00s
[2026-03-02T11:07:11.077+0530][info][gc,start    ] GC(145) Pause Young (Normal) (G1 Evacuation Pause)
[2026-03-02T11:07:11.077+0530][info][gc,task     ] GC(145) Using 12 workers of 13 for evacuation
[2026-03-02T11:07:11.083+0530][info][gc,phases   ] GC(145)   Pre Evacuate Collection Set: 0.2ms
[2026-03-02T11:07:11.083+0530][info][gc,phases   ] GC(145)   Merge Heap Roots: 0.1ms
[2026-03-02T11:07:11.083+0530][info][gc,phases   ] GC(145)   Evacuate Collection Set: 5.1ms
[2026-03-02T11:07:11.083+0530][info][gc,phases   ] GC(145)   Post Evacuate Collection Set: 0.8ms
[2026-03-02T11:07:11.083+0530][info][gc,phases   ] GC(145)   Other: 0.2ms
[2026-03-02T11:07:11.083+0530][info][gc,heap     ] GC(145) Eden regions: 302->0(302)
[2026-03-02T11:07:11.083+0530][info][gc,heap     ] GC(145) Survivor regions: 5->5(39)
[2026-03-02T11:07:11.083+0530][info][gc,heap     ] GC(145) Old regions: 28->28
[2026-03-02T11:07:11.083+0530][info][gc,heap     ] GC(145) Archive regions: 0->0
[2026-03-02T11:07:11.083+0530][info][gc,heap     ] GC(145) Humongous regions: 1->1
[2026-03-02T11:07:11.083+0530][info][gc,metaspace] GC(145) Metaspace: 74760K(75328K)->74760K(75328K) NonClass: 65499K(65792K)->65499K(65792K) Class: 9261K(9536K)->9261K(9536K)
[2026-03-02T11:07:11.083+0530][info][gc          ] GC(145) Pause Young (Normal) (G1 Evacuation Pause) 335M->33M(512M) 6.782ms
[2026-03-02T11:07:11.083+0530][info][gc,cpu      ] GC(145) User=0.06s Sys=0.00s Real=0.01s
[2026-03-02T11:07:15.044+0530][info][gc,start    ] GC(146) Pause Young (Normal) (G1 Evacuation Pause)
[2026-03-02T11:07:15.044+0530][info][gc,task     ] GC(146) Using 12 workers of 13 for evacuation
[2026-03-02T11:07:15.051+0530][info][gc,phases   ] GC(146)   Pre Evacuate Collection Set: 0.2ms
[2026-03-02T11:07:15.051+0530][info][gc,phases   ] GC(146)   Merge Heap Roots: 0.1ms
[2026-03-02T11:07:15.051+0530][info][gc,phases   ] GC(146)   Evacuate Collection Set: 5.5ms
[2026-03-02T11:07:15.051+0530][info][gc,phases   ] GC(146)   Post Evacuate Collection Set: 0.7ms
[2026-03-02T11:07:15.051+0530][info][gc,phases   ] GC(146)   Other: 0.2ms
[2026-03-02T11:07:15.051+0530][info][gc,heap     ] GC(146) Eden regions: 302->0(302)
[2026-03-02T11:07:15.051+0530][info][gc,heap     ] GC(146) Survivor regions: 5->5(39)
[2026-03-02T11:07:15.051+0530][info][gc,heap     ] GC(146) Old regions: 28->29
[2026-03-02T11:07:15.051+0530][info][gc,heap     ] GC(146) Archive regions: 0->0
[2026-03-02T11:07:15.051+0530][info][gc,heap     ] GC(146) Humongous regions: 1->1
[2026-03-02T11:07:15.051+0530][info][gc,metaspace] GC(146) Metaspace: 74762K(75328K)->74762K(75328K) NonClass: 65501K(65792K)->65501K(65792K) Class: 9261K(9536K)->9261K(9536K)
[2026-03-02T11:07:15.051+0530][info][gc          ] GC(146) Pause Young (Normal) (G1 Evacuation Pause) 335M->33M(512M) 7.182ms
[2026-03-02T11:07:15.051+0530][info][gc,cpu      ] GC(146) User=0.05s Sys=0.00s Real=0.01s
[2026-03-02T11:07:19.704+0530][info][gc,start    ] GC(147) Pause Young (Normal) (G1 Evacuation Pause)
[2026-03-02T11:07:19.704+0530][info][gc,task     ] GC(147) Using 12 workers of 13 for evacuation
[2026-03-02T11:07:19.714+0530][info][gc,phases   ] GC(147)   Pre Evacuate Collection Set: 0.2ms
[2026-03-02T11:07:19.714+0530][info][gc,phases   ] GC(147)   Merge Heap Roots: 0.2ms
[2026-03-02T11:07:19.714+0530][info][gc,phases   ] GC(147)   Evacuate Collection Set: 3.1ms
[2026-03-02T11:07:19.714+0530][info][gc,phases   ] GC(147)   Post Evacuate Collection Set: 0.8ms
[2026-03-02T11:07:19.714+0530][info][gc,phases   ] GC(147)   Other: 0.3ms
[2026-03-02T11:07:19.714+0530][info][gc,heap     ] GC(147) Eden regions: 302->0(304)
[2026-03-02T11:07:19.714+0530][info][gc,heap     ] GC(147) Survivor regions: 5->3(39)
[2026-03-02T11:07:19.714+0530][info][gc,heap     ] GC(147) Old regions: 29->29
[2026-03-02T11:07:19.714+0530][info][gc,heap     ] GC(147) Archive regions: 0->0
[2026-03-02T11:07:19.714+0530][info][gc,heap     ] GC(147) Humongous regions: 1->1
[2026-03-02T11:07:19.714+0530][info][gc,metaspace] GC(147) Metaspace: 74776K(75328K)->74776K(75328K) NonClass: 65515K(65792K)->65515K(65792K) Class: 9261K(9536K)->9261K(9536K)
[2026-03-02T11:07:19.714+0530][info][gc          ] GC(147) Pause Young (Normal) (G1 Evacuation Pause) 335M->31M(512M) 4.936ms
[2026-03-02T11:07:19.714+0530][info][gc,cpu      ] GC(147) User=0.00s Sys=0.00s Real=0.01s
[2026-03-02T11:07:26.885+0530][info][gc,start    ] GC(148) Pause Young (Normal) (G1 Evacuation Pause)
[2026-03-02T11:07:26.885+0530][info][gc,task     ] GC(148) Using 12 workers of 13 for evacuation
[2026-03-02T11:07:26.898+0530][info][gc,phases   ] GC(148)   Pre Evacuate Collection Set: 0.2ms
[2026-03-02T11:07:26.898+0530][info][gc,phases   ] GC(148)   Merge Heap Roots: 0.3ms
[2026-03-02T11:07:26.898+0530][info][gc,phases   ] GC(148)   Evacuate Collection Set: 1.7ms
[2026-03-02T11:07:26.898+0530][info][gc,phases   ] GC(148)   Post Evacuate Collection Set: 0.5ms
[2026-03-02T11:07:26.898+0530][info][gc,phases   ] GC(148)   Other: 0.3ms
[2026-03-02T11:07:26.898+0530][info][gc,heap     ] GC(148) Eden regions: 304->0(305)
[2026-03-02T11:07:26.898+0530][info][gc,heap     ] GC(148) Survivor regions: 3->2(39)
[2026-03-02T11:07:26.898+0530][info][gc,heap     ] GC(148) Old regions: 29->29
[2026-03-02T11:07:26.898+0530][info][gc,heap     ] GC(148) Archive regions: 0->0
[2026-03-02T11:07:26.898+0530][info][gc,heap     ] GC(148) Humongous regions: 1->1
[2026-03-02T11:07:26.898+0530][info][gc,metaspace] GC(148) Metaspace: 74818K(75392K)->74818K(75392K) NonClass: 65557K(65856K)->65557K(65856K) Class: 9261K(9536K)->9261K(9536K)
[2026-03-02T11:07:26.898+0530][info][gc          ] GC(148) Pause Young (Normal) (G1 Evacuation Pause) 335M->30M(512M) 3.335ms
[2026-03-02T11:07:26.898+0530][info][gc,cpu      ] GC(148) User=0.00s Sys=0.00s Real=0.01s
[2026-03-02T11:07:35.210+0530][info][gc,start    ] GC(149) Pause Young (Normal) (G1 Evacuation Pause)
[2026-03-02T11:07:35.210+0530][info][gc,task     ] GC(149) Using 12 workers of 13 for evacuation
[2026-03-02T11:07:35.210+0530][info][gc,phases   ] GC(149)   Pre Evacuate Collection Set: 0.1ms
[2026-03-02T11:07:35.210+0530][info][gc,phases   ] GC(149)   Merge Heap Roots: 0.1ms
[2026-03-02T11:07:35.210+0530][info][gc,phases   ] GC(149)   Evacuate Collection Set: 4.8ms
[2026-03-02T11:07:35.210+0530][info][gc,phases   ] GC(149)   Post Evacuate Collection Set: 0.7ms
[2026-03-02T11:07:35.210+0530][info][gc,phases   ] GC(149)   Other: 0.2ms
[2026-03-02T11:07:35.210+0530][info][gc,heap     ] GC(149) Eden regions: 305->0(302)
[2026-03-02T11:07:35.210+0530][info][gc,heap     ] GC(149) Survivor regions: 2->5(39)
[2026-03-02T11:07:35.210+0530][info][gc,heap     ] GC(149) Old regions: 29->29
[2026-03-02T11:07:35.210+0530][info][gc,heap     ] GC(149) Archive regions: 0->0
[2026-03-02T11:07:35.210+0530][info][gc,heap     ] GC(149) Humongous regions: 1->1
[2026-03-02T11:07:35.210+0530][info][gc,metaspace] GC(149) Metaspace: 74823K(75392K)->74823K(75392K) NonClass: 65562K(65856K)->65562K(65856K) Class: 9261K(9536K)->9261K(9536K)
[2026-03-02T11:07:35.210+0530][info][gc          ] GC(149) Pause Young (Normal) (G1 Evacuation Pause) 335M->33M(512M) 6.250ms
[2026-03-02T11:07:35.210+0530][info][gc,cpu      ] GC(149) User=0.00s Sys=0.00s Real=0.00s
[2026-03-02T11:07:40.800+0530][info][gc,start    ] GC(150) Pause Young (Normal) (G1 Evacuation Pause)
[2026-03-02T11:07:40.800+0530][info][gc,task     ] GC(150) Using 12 workers of 13 for evacuation
[2026-03-02T11:07:40.803+0530][info][gc,phases   ] GC(150)   Pre Evacuate Collection Set: 0.2ms
[2026-03-02T11:07:40.803+0530][info][gc,phases   ] GC(150)   Merge Heap Roots: 0.1ms
[2026-03-02T11:07:40.803+0530][info][gc,phases   ] GC(150)   Evacuate Collection Set: 5.5ms
[2026-03-02T11:07:40.803+0530][info][gc,phases   ] GC(150)   Post Evacuate Collection Set: 0.7ms
[2026-03-02T11:07:40.803+0530][info][gc,phases   ] GC(150)   Other: 0.3ms
[2026-03-02T11:07:40.803+0530][info][gc,heap     ] GC(150) Eden regions: 302->0(302)
[2026-03-02T11:07:40.803+0530][info][gc,heap     ] GC(150) Survivor regions: 5->5(39)
[2026-03-02T11:07:40.803+0530][info][gc,heap     ] GC(150) Old regions: 29->29
[2026-03-02T11:07:40.803+0530][info][gc,heap     ] GC(150) Archive regions: 0->0
[2026-03-02T11:07:40.803+0530][info][gc,heap     ] GC(150) Humongous regions: 1->1
[2026-03-02T11:07:40.803+0530][info][gc,metaspace] GC(150) Metaspace: 74823K(75392K)->74823K(75392K) NonClass: 65562K(65856K)->65562K(65856K) Class: 9261K(9536K)->9261K(9536K)
[2026-03-02T11:07:40.803+0530][info][gc          ] GC(150) Pause Young (Normal) (G1 Evacuation Pause) 335M->33M(512M) 7.177ms
[2026-03-02T11:07:40.803+0530][info][gc,cpu      ] GC(150) User=0.00s Sys=0.00s Real=0.00s
[2026-03-02T11:07:44.691+0530][info][gc,start    ] GC(151) Pause Young (Normal) (G1 Evacuation Pause)
[2026-03-02T11:07:44.691+0530][info][gc,task     ] GC(151) Using 12 workers of 13 for evacuation
[2026-03-02T11:07:44.698+0530][info][gc,phases   ] GC(151)   Pre Evacuate Collection Set: 0.2ms
[2026-03-02T11:07:44.698+0530][info][gc,phases   ] GC(151)   Merge Heap Roots: 0.1ms
[2026-03-02T11:07:44.698+0530][info][gc,phases   ] GC(151)   Evacuate Collection Set: 6.0ms
[2026-03-02T11:07:44.698+0530][info][gc,phases   ] GC(151)   Post Evacuate Collection Set: 0.7ms
[2026-03-02T11:07:44.698+0530][info][gc,phases   ] GC(151)   Other: 0.3ms
[2026-03-02T11:07:44.698+0530][info][gc,heap     ] GC(151) Eden regions: 302->0(302)
[2026-03-02T11:07:44.698+0530][info][gc,heap     ] GC(151) Survivor regions: 5->5(39)
[2026-03-02T11:07:44.698+0530][info][gc,heap     ] GC(151) Old regions: 29->29
[2026-03-02T11:07:44.698+0530][info][gc,heap     ] GC(151) Archive regions: 0->0
[2026-03-02T11:07:44.698+0530][info][gc,heap     ] GC(151) Humongous regions: 1->1
[2026-03-02T11:07:44.698+0530][info][gc,metaspace] GC(151) Metaspace: 74829K(75392K)->74829K(75392K) NonClass: 65567K(65856K)->65567K(65856K) Class: 9261K(9536K)->9261K(9536K)
[2026-03-02T11:07:44.698+0530][info][gc          ] GC(151) Pause Young (Normal) (G1 Evacuation Pause) 335M->34M(512M) 7.726ms
[2026-03-02T11:07:44.698+0530][info][gc,cpu      ] GC(151) User=0.00s Sys=0.00s Real=0.01s
[2026-03-02T11:07:50.061+0530][info][gc,start    ] GC(152) Pause Young (Normal) (G1 Evacuation Pause)
[2026-03-02T11:07:50.061+0530][info][gc,task     ] GC(152) Using 12 workers of 13 for evacuation
[2026-03-02T11:07:50.061+0530][info][gc,phases   ] GC(152)   Pre Evacuate Collection Set: 0.2ms
[2026-03-02T11:07:50.061+0530][info][gc,phases   ] GC(152)   Merge Heap Roots: 0.2ms
[2026-03-02T11:07:50.061+0530][info][gc,phases   ] GC(152)   Evacuate Collection Set: 3.1ms
[2026-03-02T11:07:50.061+0530][info][gc,phases   ] GC(152)   Post Evacuate Collection Set: 0.8ms
[2026-03-02T11:07:50.061+0530][info][gc,phases   ] GC(152)   Other: 0.3ms
[2026-03-02T11:07:50.061+0530][info][gc,heap     ] GC(152) Eden regions: 302->0(304)
[2026-03-02T11:07:50.061+0530][info][gc,heap     ] GC(152) Survivor regions: 5->3(39)
[2026-03-02T11:07:50.061+0530][info][gc,heap     ] GC(152) Old regions: 29->29
[2026-03-02T11:07:50.061+0530][info][gc,heap     ] GC(152) Archive regions: 0->0
[2026-03-02T11:07:50.061+0530][info][gc,heap     ] GC(152) Humongous regions: 1->1
[2026-03-02T11:07:50.061+0530][info][gc,metaspace] GC(152) Metaspace: 74829K(75392K)->74829K(75392K) NonClass: 65567K(65856K)->65567K(65856K) Class: 9261K(9536K)->9261K(9536K)
[2026-03-02T11:07:50.061+0530][info][gc          ] GC(152) Pause Young (Normal) (G1 Evacuation Pause) 336M->31M(512M) 4.937ms
[2026-03-02T11:07:50.061+0530][info][gc,cpu      ] GC(152) User=0.00s Sys=0.00s Real=0.00s
[2026-03-02T11:07:54.698+0530][info][gc,start    ] GC(153) Pause Young (Normal) (G1 Evacuation Pause)
[2026-03-02T11:07:54.698+0530][info][gc,task     ] GC(153) Using 12 workers of 13 for evacuation
[2026-03-02T11:07:54.713+0530][info][gc,phases   ] GC(153)   Pre Evacuate Collection Set: 0.2ms
[2026-03-02T11:07:54.713+0530][info][gc,phases   ] GC(153)   Merge Heap Roots: 0.1ms
[2026-03-02T11:07:54.713+0530][info][gc,phases   ] GC(153)   Evacuate Collection Set: 4.8ms
[2026-03-02T11:07:54.713+0530][info][gc,phases   ] GC(153)   Post Evacuate Collection Set: 0.7ms
[2026-03-02T11:07:54.713+0530][info][gc,phases   ] GC(153)   Other: 0.3ms
[2026-03-02T11:07:54.713+0530][info][gc,heap     ] GC(153) Eden regions: 304->0(302)
[2026-03-02T11:07:54.713+0530][info][gc,heap     ] GC(153) Survivor regions: 3->5(39)
[2026-03-02T11:07:54.713+0530][info][gc,heap     ] GC(153) Old regions: 29->29
[2026-03-02T11:07:54.713+0530][info][gc,heap     ] GC(153) Archive regions: 0->0
[2026-03-02T11:07:54.713+0530][info][gc,heap     ] GC(153) Humongous regions: 1->1
[2026-03-02T11:07:54.713+0530][info][gc,metaspace] GC(153) Metaspace: 74829K(75392K)->74829K(75392K) NonClass: 65567K(65856K)->65567K(65856K) Class: 9261K(9536K)->9261K(9536K)
[2026-03-02T11:07:54.713+0530][info][gc          ] GC(153) Pause Young (Normal) (G1 Evacuation Pause) 335M->33M(512M) 6.499ms
[2026-03-02T11:07:54.713+0530][info][gc,cpu      ] GC(153) User=0.00s Sys=0.00s Real=0.02s
[2026-03-02T11:07:59.171+0530][info][gc,start    ] GC(154) Pause Young (Normal) (G1 Evacuation Pause)
[2026-03-02T11:07:59.171+0530][info][gc,task     ] GC(154) Using 12 workers of 13 for evacuation
[2026-03-02T11:07:59.174+0530][info][gc,phases   ] GC(154)   Pre Evacuate Collection Set: 0.2ms
[2026-03-02T11:07:59.174+0530][info][gc,phases   ] GC(154)   Merge Heap Roots: 0.2ms
[2026-03-02T11:07:59.174+0530][info][gc,phases   ] GC(154)   Evacuate Collection Set: 5.1ms
[2026-03-02T11:07:59.174+0530][info][gc,phases   ] GC(154)   Post Evacuate Collection Set: 0.8ms
[2026-03-02T11:07:59.174+0530][info][gc,phases   ] GC(154)   Other: 0.3ms
[2026-03-02T11:07:59.174+0530][info][gc,heap     ] GC(154) Eden regions: 302->0(302)
[2026-03-02T11:07:59.174+0530][info][gc,heap     ] GC(154) Survivor regions: 5->5(39)
[2026-03-02T11:07:59.174+0530][info][gc,heap     ] GC(154) Old regions: 29->29
[2026-03-02T11:07:59.174+0530][info][gc,heap     ] GC(154) Archive regions: 0->0
[2026-03-02T11:07:59.174+0530][info][gc,heap     ] GC(154) Humongous regions: 1->1
[2026-03-02T11:07:59.174+0530][info][gc,metaspace] GC(154) Metaspace: 74829K(75392K)->74829K(75392K) NonClass: 65567K(65856K)->65567K(65856K) Class: 9261K(9536K)->9261K(9536K)
[2026-03-02T11:07:59.174+0530][info][gc          ] GC(154) Pause Young (Normal) (G1 Evacuation Pause) 335M->33M(512M) 6.898ms
[2026-03-02T11:07:59.174+0530][info][gc,cpu      ] GC(154) User=0.06s Sys=0.00s Real=0.00s
[2026-03-02T11:08:06.802+0530][info][gc,start    ] GC(155) Pause Young (Normal) (G1 Evacuation Pause)
[2026-03-02T11:08:06.802+0530][info][gc,task     ] GC(155) Using 12 workers of 13 for evacuation
[2026-03-02T11:08:06.817+0530][info][gc,phases   ] GC(155)   Pre Evacuate Collection Set: 0.1ms
[2026-03-02T11:08:06.817+0530][info][gc,phases   ] GC(155)   Merge Heap Roots: 0.1ms
[2026-03-02T11:08:06.817+0530][info][gc,phases   ] GC(155)   Evacuate Collection Set: 5.2ms
[2026-03-02T11:08:06.817+0530][info][gc,phases   ] GC(155)   Post Evacuate Collection Set: 0.6ms
[2026-03-02T11:08:06.817+0530][info][gc,phases   ] GC(155)   Other: 0.2ms
[2026-03-02T11:08:06.817+0530][info][gc,heap     ] GC(155) Eden regions: 302->0(302)
[2026-03-02T11:08:06.817+0530][info][gc,heap     ] GC(155) Survivor regions: 5->5(39)
[2026-03-02T11:08:06.817+0530][info][gc,heap     ] GC(155) Old regions: 29->29
[2026-03-02T11:08:06.817+0530][info][gc,heap     ] GC(155) Archive regions: 0->0
[2026-03-02T11:08:06.817+0530][info][gc,heap     ] GC(155) Humongous regions: 1->1
[2026-03-02T11:08:06.817+0530][info][gc,metaspace] GC(155) Metaspace: 74829K(75392K)->74829K(75392K) NonClass: 65567K(65856K)->65567K(65856K) Class: 9261K(9536K)->9261K(9536K)
[2026-03-02T11:08:06.817+0530][info][gc          ] GC(155) Pause Young (Normal) (G1 Evacuation Pause) 335M->33M(512M) 6.560ms
[2026-03-02T11:08:06.817+0530][info][gc,cpu      ] GC(155) User=0.06s Sys=0.00s Real=0.01s
[2026-03-02T11:08:12.948+0530][info][gc,start    ] GC(156) Pause Young (Normal) (G1 Evacuation Pause)
[2026-03-02T11:08:12.948+0530][info][gc,task     ] GC(156) Using 12 workers of 13 for evacuation
[2026-03-02T11:08:12.950+0530][info][gc,phases   ] GC(156)   Pre Evacuate Collection Set: 0.2ms
[2026-03-02T11:08:12.950+0530][info][gc,phases   ] GC(156)   Merge Heap Roots: 0.2ms
[2026-03-02T11:08:12.950+0530][info][gc,phases   ] GC(156)   Evacuate Collection Set: 6.2ms
[2026-03-02T11:08:12.950+0530][info][gc,phases   ] GC(156)   Post Evacuate Collection Set: 0.8ms
[2026-03-02T11:08:12.950+0530][info][gc,phases   ] GC(156)   Other: 0.3ms
[2026-03-02T11:08:12.950+0530][info][gc,heap     ] GC(156) Eden regions: 302->0(301)
[2026-03-02T11:08:12.950+0530][info][gc,heap     ] GC(156) Survivor regions: 5->6(39)
[2026-03-02T11:08:12.950+0530][info][gc,heap     ] GC(156) Old regions: 29->29
[2026-03-02T11:08:12.950+0530][info][gc,heap     ] GC(156) Archive regions: 0->0
[2026-03-02T11:08:12.950+0530][info][gc,heap     ] GC(156) Humongous regions: 1->1
[2026-03-02T11:08:12.950+0530][info][gc,metaspace] GC(156) Metaspace: 74829K(75392K)->74829K(75392K) NonClass: 65567K(65856K)->65567K(65856K) Class: 9261K(9536K)->9261K(9536K)
[2026-03-02T11:08:12.950+0530][info][gc          ] GC(156) Pause Young (Normal) (G1 Evacuation Pause) 335M->34M(512M) 8.004ms
[2026-03-02T11:08:12.950+0530][info][gc,cpu      ] GC(156) User=0.06s Sys=0.00s Real=0.00s
[2026-03-02T11:08:19.151+0530][info][gc,start    ] GC(157) Pause Young (Normal) (G1 Evacuation Pause)
[2026-03-02T11:08:19.151+0530][info][gc,task     ] GC(157) Using 12 workers of 13 for evacuation
[2026-03-02T11:08:19.155+0530][info][gc,phases   ] GC(157)   Pre Evacuate Collection Set: 0.1ms
[2026-03-02T11:08:19.155+0530][info][gc,phases   ] GC(157)   Merge Heap Roots: 0.1ms
[2026-03-02T11:08:19.155+0530][info][gc,phases   ] GC(157)   Evacuate Collection Set: 3.0ms
[2026-03-02T11:08:19.155+0530][info][gc,phases   ] GC(157)   Post Evacuate Collection Set: 0.7ms
[2026-03-02T11:08:19.155+0530][info][gc,phases   ] GC(157)   Other: 0.2ms
[2026-03-02T11:08:19.155+0530][info][gc,heap     ] GC(157) Eden regions: 301->0(304)
[2026-03-02T11:08:19.155+0530][info][gc,heap     ] GC(157) Survivor regions: 6->3(39)
[2026-03-02T11:08:19.155+0530][info][gc,heap     ] GC(157) Old regions: 29->29
[2026-03-02T11:08:19.155+0530][info][gc,heap     ] GC(157) Archive regions: 0->0
[2026-03-02T11:08:19.155+0530][info][gc,heap     ] GC(157) Humongous regions: 1->1
[2026-03-02T11:08:19.155+0530][info][gc,metaspace] GC(157) Metaspace: 74829K(75392K)->74829K(75392K) NonClass: 65567K(65856K)->65567K(65856K) Class: 9261K(9536K)->9261K(9536K)
[2026-03-02T11:08:19.155+0530][info][gc          ] GC(157) Pause Young (Normal) (G1 Evacuation Pause) 335M->31M(512M) 4.476ms
[2026-03-02T11:08:19.155+0530][info][gc,cpu      ] GC(157) User=0.00s Sys=0.00s Real=0.00s
[2026-03-02T11:08:25.239+0530][info][gc,start    ] GC(158) Pause Young (Normal) (G1 Evacuation Pause)
[2026-03-02T11:08:25.239+0530][info][gc,task     ] GC(158) Using 12 workers of 13 for evacuation
[2026-03-02T11:08:25.239+0530][info][gc,phases   ] GC(158)   Pre Evacuate Collection Set: 0.1ms
[2026-03-02T11:08:25.239+0530][info][gc,phases   ] GC(158)   Merge Heap Roots: 0.1ms
[2026-03-02T11:08:25.239+0530][info][gc,phases   ] GC(158)   Evacuate Collection Set: 2.4ms
[2026-03-02T11:08:25.239+0530][info][gc,phases   ] GC(158)   Post Evacuate Collection Set: 0.7ms
[2026-03-02T11:08:25.239+0530][info][gc,phases   ] GC(158)   Other: 0.2ms
[2026-03-02T11:08:25.239+0530][info][gc,heap     ] GC(158) Eden regions: 304->0(304)
[2026-03-02T11:08:25.239+0530][info][gc,heap     ] GC(158) Survivor regions: 3->3(39)
[2026-03-02T11:08:25.239+0530][info][gc,heap     ] GC(158) Old regions: 29->29
[2026-03-02T11:08:25.239+0530][info][gc,heap     ] GC(158) Archive regions: 0->0
[2026-03-02T11:08:25.239+0530][info][gc,heap     ] GC(158) Humongous regions: 1->1
[2026-03-02T11:08:25.239+0530][info][gc,metaspace] GC(158) Metaspace: 74829K(75392K)->74829K(75392K) NonClass: 65567K(65856K)->65567K(65856K) Class: 9261K(9536K)->9261K(9536K)
[2026-03-02T11:08:25.239+0530][info][gc          ] GC(158) Pause Young (Normal) (G1 Evacuation Pause) 335M->31M(512M) 4.000ms
[2026-03-02T11:08:25.239+0530][info][gc,cpu      ] GC(158) User=0.00s Sys=0.00s Real=0.00s
[2026-03-02T11:08:36.187+0530][info][gc,start    ] GC(159) Pause Young (Normal) (G1 Evacuation Pause)
[2026-03-02T11:08:36.190+0530][info][gc,task     ] GC(159) Using 12 workers of 13 for evacuation
[2026-03-02T11:08:36.195+0530][info][gc,phases   ] GC(159)   Pre Evacuate Collection Set: 0.2ms
[2026-03-02T11:08:36.195+0530][info][gc,phases   ] GC(159)   Merge Heap Roots: 0.1ms
[2026-03-02T11:08:36.195+0530][info][gc,phases   ] GC(159)   Evacuate Collection Set: 4.5ms
[2026-03-02T11:08:36.195+0530][info][gc,phases   ] GC(159)   Post Evacuate Collection Set: 0.7ms
[2026-03-02T11:08:36.195+0530][info][gc,phases   ] GC(159)   Other: 0.3ms
[2026-03-02T11:08:36.195+0530][info][gc,heap     ] GC(159) Eden regions: 304->0(303)
[2026-03-02T11:08:36.195+0530][info][gc,heap     ] GC(159) Survivor regions: 3->4(39)
[2026-03-02T11:08:36.195+0530][info][gc,heap     ] GC(159) Old regions: 29->29
[2026-03-02T11:08:36.195+0530][info][gc,heap     ] GC(159) Archive regions: 0->0
[2026-03-02T11:08:36.195+0530][info][gc,heap     ] GC(159) Humongous regions: 1->1
[2026-03-02T11:08:36.195+0530][info][gc,metaspace] GC(159) Metaspace: 74829K(75392K)->74829K(75392K) NonClass: 65567K(65856K)->65567K(65856K) Class: 9261K(9536K)->9261K(9536K)
[2026-03-02T11:08:36.195+0530][info][gc          ] GC(159) Pause Young (Normal) (G1 Evacuation Pause) 335M->32M(512M) 6.204ms
[2026-03-02T11:08:36.195+0530][info][gc,cpu      ] GC(159) User=0.00s Sys=0.00s Real=0.01s
[2026-03-02T11:08:45.835+0530][info][gc,start    ] GC(160) Pause Young (Normal) (G1 Evacuation Pause)
[2026-03-02T11:08:45.835+0530][info][gc,task     ] GC(160) Using 12 workers of 13 for evacuation
[2026-03-02T11:08:45.835+0530][info][gc,phases   ] GC(160)   Pre Evacuate Collection Set: 0.1ms
[2026-03-02T11:08:45.835+0530][info][gc,phases   ] GC(160)   Merge Heap Roots: 0.1ms
[2026-03-02T11:08:45.835+0530][info][gc,phases   ] GC(160)   Evacuate Collection Set: 4.7ms
[2026-03-02T11:08:45.835+0530][info][gc,phases   ] GC(160)   Post Evacuate Collection Set: 0.8ms
[2026-03-02T11:08:45.835+0530][info][gc,phases   ] GC(160)   Other: 0.2ms
[2026-03-02T11:08:45.835+0530][info][gc,heap     ] GC(160) Eden regions: 303->0(302)
[2026-03-02T11:08:45.835+0530][info][gc,heap     ] GC(160) Survivor regions: 4->5(39)
[2026-03-02T11:08:45.835+0530][info][gc,heap     ] GC(160) Old regions: 29->29
[2026-03-02T11:08:45.835+0530][info][gc,heap     ] GC(160) Archive regions: 0->0
[2026-03-02T11:08:45.835+0530][info][gc,heap     ] GC(160) Humongous regions: 1->1
[2026-03-02T11:08:45.835+0530][info][gc,metaspace] GC(160) Metaspace: 74829K(75392K)->74829K(75392K) NonClass: 65567K(65856K)->65567K(65856K) Class: 9261K(9536K)->9261K(9536K)
[2026-03-02T11:08:45.835+0530][info][gc          ] GC(160) Pause Young (Normal) (G1 Evacuation Pause) 335M->33M(512M) 6.254ms
[2026-03-02T11:08:45.835+0530][info][gc,cpu      ] GC(160) User=0.00s Sys=0.00s Real=0.00s
[2026-03-02T11:08:55.779+0530][info][gc,start    ] GC(161) Pause Young (Normal) (G1 Evacuation Pause)
[2026-03-02T11:08:55.779+0530][info][gc,task     ] GC(161) Using 12 workers of 13 for evacuation
[2026-03-02T11:08:55.786+0530][info][gc,phases   ] GC(161)   Pre Evacuate Collection Set: 0.2ms
[2026-03-02T11:08:55.786+0530][info][gc,phases   ] GC(161)   Merge Heap Roots: 0.2ms
[2026-03-02T11:08:55.786+0530][info][gc,phases   ] GC(161)   Evacuate Collection Set: 5.4ms
[2026-03-02T11:08:55.786+0530][info][gc,phases   ] GC(161)   Post Evacuate Collection Set: 0.8ms
[2026-03-02T11:08:55.786+0530][info][gc,phases   ] GC(161)   Other: 0.3ms
[2026-03-02T11:08:55.786+0530][info][gc,heap     ] GC(161) Eden regions: 302->0(302)
[2026-03-02T11:08:55.786+0530][info][gc,heap     ] GC(161) Survivor regions: 5->5(39)
[2026-03-02T11:08:55.786+0530][info][gc,heap     ] GC(161) Old regions: 29->29
[2026-03-02T11:08:55.786+0530][info][gc,heap     ] GC(161) Archive regions: 0->0
[2026-03-02T11:08:55.786+0530][info][gc,heap     ] GC(161) Humongous regions: 1->1
[2026-03-02T11:08:55.786+0530][info][gc,metaspace] GC(161) Metaspace: 74829K(75392K)->74829K(75392K) NonClass: 65567K(65856K)->65567K(65856K) Class: 9261K(9536K)->9261K(9536K)
[2026-03-02T11:08:55.786+0530][info][gc          ] GC(161) Pause Young (Normal) (G1 Evacuation Pause) 335M->33M(512M) 7.221ms
[2026-03-02T11:08:55.786+0530][info][gc,cpu      ] GC(161) User=0.05s Sys=0.00s Real=0.01s
[2026-03-02T11:09:04.035+0530][info][gc,start    ] GC(162) Pause Young (Normal) (G1 Evacuation Pause)
[2026-03-02T11:09:04.035+0530][info][gc,task     ] GC(162) Using 12 workers of 13 for evacuation
[2026-03-02T11:09:04.035+0530][info][gc,phases   ] GC(162)   Pre Evacuate Collection Set: 0.1ms
[2026-03-02T11:09:04.035+0530][info][gc,phases   ] GC(162)   Merge Heap Roots: 0.1ms
[2026-03-02T11:09:04.035+0530][info][gc,phases   ] GC(162)   Evacuate Collection Set: 2.6ms
[2026-03-02T11:09:04.035+0530][info][gc,phases   ] GC(162)   Post Evacuate Collection Set: 0.7ms
[2026-03-02T11:09:04.035+0530][info][gc,phases   ] GC(162)   Other: 0.2ms
[2026-03-02T11:09:04.035+0530][info][gc,heap     ] GC(162) Eden regions: 302->0(304)
[2026-03-02T11:09:04.035+0530][info][gc,heap     ] GC(162) Survivor regions: 5->3(39)
[2026-03-02T11:09:04.035+0530][info][gc,heap     ] GC(162) Old regions: 29->29
[2026-03-02T11:09:04.035+0530][info][gc,heap     ] GC(162) Archive regions: 0->0
[2026-03-02T11:09:04.035+0530][info][gc,heap     ] GC(162) Humongous regions: 1->1
[2026-03-02T11:09:04.035+0530][info][gc,metaspace] GC(162) Metaspace: 74829K(75392K)->74829K(75392K) NonClass: 65567K(65856K)->65567K(65856K) Class: 9261K(9536K)->9261K(9536K)
[2026-03-02T11:09:04.035+0530][info][gc          ] GC(162) Pause Young (Normal) (G1 Evacuation Pause) 335M->31M(512M) 4.126ms
[2026-03-02T11:09:04.035+0530][info][gc,cpu      ] GC(162) User=0.00s Sys=0.00s Real=0.00s
[2026-03-02T11:09:09.142+0530][info][gc,start    ] GC(163) Pause Young (Normal) (G1 Evacuation Pause)
[2026-03-02T11:09:09.142+0530][info][gc,task     ] GC(163) Using 12 workers of 13 for evacuation
[2026-03-02T11:09:09.150+0530][info][gc,phases   ] GC(163)   Pre Evacuate Collection Set: 0.2ms
[2026-03-02T11:09:09.150+0530][info][gc,phases   ] GC(163)   Merge Heap Roots: 0.1ms
[2026-03-02T11:09:09.150+0530][info][gc,phases   ] GC(163)   Evacuate Collection Set: 5.9ms
[2026-03-02T11:09:09.150+0530][info][gc,phases   ] GC(163)   Post Evacuate Collection Set: 0.7ms
[2026-03-02T11:09:09.150+0530][info][gc,phases   ] GC(163)   Other: 0.3ms
[2026-03-02T11:09:09.150+0530][info][gc,heap     ] GC(163) Eden regions: 304->0(302)
[2026-03-02T11:09:09.150+0530][info][gc,heap     ] GC(163) Survivor regions: 3->5(39)
[2026-03-02T11:09:09.150+0530][info][gc,heap     ] GC(163) Old regions: 29->29
[2026-03-02T11:09:09.150+0530][info][gc,heap     ] GC(163) Archive regions: 0->0
[2026-03-02T11:09:09.150+0530][info][gc,heap     ] GC(163) Humongous regions: 1->1
[2026-03-02T11:09:09.150+0530][info][gc,metaspace] GC(163) Metaspace: 74829K(75392K)->74829K(75392K) NonClass: 65567K(65856K)->65567K(65856K) Class: 9261K(9536K)->9261K(9536K)
[2026-03-02T11:09:09.150+0530][info][gc          ] GC(163) Pause Young (Normal) (G1 Evacuation Pause) 335M->34M(512M) 7.671ms
[2026-03-02T11:09:09.151+0530][info][gc,cpu      ] GC(163) User=0.00s Sys=0.00s Real=0.01s
[2026-03-02T11:09:13.511+0530][info][gc,start    ] GC(164) Pause Young (Normal) (G1 Evacuation Pause)
[2026-03-02T11:09:13.511+0530][info][gc,task     ] GC(164) Using 12 workers of 13 for evacuation
[2026-03-02T11:09:13.516+0530][info][gc,phases   ] GC(164)   Pre Evacuate Collection Set: 0.2ms
[2026-03-02T11:09:13.516+0530][info][gc,phases   ] GC(164)   Merge Heap Roots: 0.2ms
[2026-03-02T11:09:13.516+0530][info][gc,phases   ] GC(164)   Evacuate Collection Set: 3.2ms
[2026-03-02T11:09:13.516+0530][info][gc,phases   ] GC(164)   Post Evacuate Collection Set: 0.8ms
[2026-03-02T11:09:13.516+0530][info][gc,phases   ] GC(164)   Other: 0.3ms
[2026-03-02T11:09:13.516+0530][info][gc,heap     ] GC(164) Eden regions: 302->0(304)
[2026-03-02T11:09:13.516+0530][info][gc,heap     ] GC(164) Survivor regions: 5->3(39)
[2026-03-02T11:09:13.516+0530][info][gc,heap     ] GC(164) Old regions: 29->29
[2026-03-02T11:09:13.516+0530][info][gc,heap     ] GC(164) Archive regions: 0->0
[2026-03-02T11:09:13.516+0530][info][gc,heap     ] GC(164) Humongous regions: 1->1
[2026-03-02T11:09:13.516+0530][info][gc,metaspace] GC(164) Metaspace: 74832K(75392K)->74832K(75392K) NonClass: 65570K(65856K)->65570K(65856K) Class: 9261K(9536K)->9261K(9536K)
[2026-03-02T11:09:13.516+0530][info][gc          ] GC(164) Pause Young (Normal) (G1 Evacuation Pause) 336M->31M(512M) 5.047ms
[2026-03-02T11:09:13.516+0530][info][gc,cpu      ] GC(164) User=0.00s Sys=0.00s Real=0.01s
[2026-03-02T11:09:17.943+0530][info][gc,start    ] GC(165) Pause Young (Normal) (G1 Evacuation Pause)
[2026-03-02T11:09:17.943+0530][info][gc,task     ] GC(165) Using 12 workers of 13 for evacuation
[2026-03-02T11:09:17.945+0530][info][gc,phases   ] GC(165)   Pre Evacuate Collection Set: 0.1ms
[2026-03-02T11:09:17.945+0530][info][gc,phases   ] GC(165)   Merge Heap Roots: 0.1ms
[2026-03-02T11:09:17.945+0530][info][gc,phases   ] GC(165)   Evacuate Collection Set: 2.3ms
[2026-03-02T11:09:17.945+0530][info][gc,phases   ] GC(165)   Post Evacuate Collection Set: 0.7ms
[2026-03-02T11:09:17.945+0530][info][gc,phases   ] GC(165)   Other: 0.2ms
[2026-03-02T11:09:17.945+0530][info][gc,heap     ] GC(165) Eden regions: 304->0(304)
[2026-03-02T11:09:17.945+0530][info][gc,heap     ] GC(165) Survivor regions: 3->3(39)
[2026-03-02T11:09:17.945+0530][info][gc,heap     ] GC(165) Old regions: 29->29
[2026-03-02T11:09:17.945+0530][info][gc,heap     ] GC(165) Archive regions: 0->0
[2026-03-02T11:09:17.945+0530][info][gc,heap     ] GC(165) Humongous regions: 1->1
[2026-03-02T11:09:17.945+0530][info][gc,metaspace] GC(165) Metaspace: 74832K(75392K)->74832K(75392K) NonClass: 65570K(65856K)->65570K(65856K) Class: 9261K(9536K)->9261K(9536K)
[2026-03-02T11:09:17.946+0530][info][gc          ] GC(165) Pause Young (Normal) (G1 Evacuation Pause) 335M->31M(512M) 3.784ms
[2026-03-02T11:09:17.946+0530][info][gc,cpu      ] GC(165) User=0.00s Sys=0.00s Real=0.00s
[2026-03-02T11:09:22.417+0530][info][gc,start    ] GC(166) Pause Young (Normal) (G1 Evacuation Pause)
[2026-03-02T11:09:22.417+0530][info][gc,task     ] GC(166) Using 12 workers of 13 for evacuation
[2026-03-02T11:09:22.417+0530][info][gc,phases   ] GC(166)   Pre Evacuate Collection Set: 0.2ms
[2026-03-02T11:09:22.417+0530][info][gc,phases   ] GC(166)   Merge Heap Roots: 0.1ms
[2026-03-02T11:09:22.417+0530][info][gc,phases   ] GC(166)   Evacuate Collection Set: 2.9ms
[2026-03-02T11:09:22.417+0530][info][gc,phases   ] GC(166)   Post Evacuate Collection Set: 0.7ms
[2026-03-02T11:09:22.417+0530][info][gc,phases   ] GC(166)   Other: 0.3ms
[2026-03-02T11:09:22.417+0530][info][gc,heap     ] GC(166) Eden regions: 304->0(304)
[2026-03-02T11:09:22.417+0530][info][gc,heap     ] GC(166) Survivor regions: 3->3(39)
[2026-03-02T11:09:22.417+0530][info][gc,heap     ] GC(166) Old regions: 29->29
[2026-03-02T11:09:22.417+0530][info][gc,heap     ] GC(166) Archive regions: 0->0
[2026-03-02T11:09:22.417+0530][info][gc,heap     ] GC(166) Humongous regions: 1->1
[2026-03-02T11:09:22.417+0530][info][gc,metaspace] GC(166) Metaspace: 74833K(75392K)->74833K(75392K) NonClass: 65571K(65856K)->65571K(65856K) Class: 9262K(9536K)->9262K(9536K)
[2026-03-02T11:09:22.417+0530][info][gc          ] GC(166) Pause Young (Normal) (G1 Evacuation Pause) 335M->31M(512M) 4.564ms
[2026-03-02T11:09:22.417+0530][info][gc,cpu      ] GC(166) User=0.00s Sys=0.00s Real=0.00s
[2026-03-02T11:09:26.463+0530][info][gc,start    ] GC(167) Pause Young (Normal) (G1 Evacuation Pause)
[2026-03-02T11:09:26.463+0530][info][gc,task     ] GC(167) Using 12 workers of 13 for evacuation
[2026-03-02T11:09:26.463+0530][info][gc,phases   ] GC(167)   Pre Evacuate Collection Set: 0.3ms
[2026-03-02T11:09:26.463+0530][info][gc,phases   ] GC(167)   Merge Heap Roots: 0.2ms
[2026-03-02T11:09:26.463+0530][info][gc,phases   ] GC(167)   Evacuate Collection Set: 6.3ms
[2026-03-02T11:09:26.463+0530][info][gc,phases   ] GC(167)   Post Evacuate Collection Set: 0.9ms
[2026-03-02T11:09:26.463+0530][info][gc,phases   ] GC(167)   Other: 0.4ms
[2026-03-02T11:09:26.463+0530][info][gc,heap     ] GC(167) Eden regions: 304->0(303)
[2026-03-02T11:09:26.463+0530][info][gc,heap     ] GC(167) Survivor regions: 3->4(39)
[2026-03-02T11:09:26.463+0530][info][gc,heap     ] GC(167) Old regions: 29->29
[2026-03-02T11:09:26.463+0530][info][gc,heap     ] GC(167) Archive regions: 0->0
[2026-03-02T11:09:26.463+0530][info][gc,heap     ] GC(167) Humongous regions: 1->1
[2026-03-02T11:09:26.463+0530][info][gc,metaspace] GC(167) Metaspace: 74833K(75392K)->74833K(75392K) NonClass: 65571K(65856K)->65571K(65856K) Class: 9262K(9536K)->9262K(9536K)
[2026-03-02T11:09:26.463+0530][info][gc          ] GC(167) Pause Young (Normal) (G1 Evacuation Pause) 335M->33M(512M) 8.516ms
[2026-03-02T11:09:26.463+0530][info][gc,cpu      ] GC(167) User=0.06s Sys=0.00s Real=0.00s
[2026-03-02T11:09:31.195+0530][info][gc,start    ] GC(168) Pause Young (Normal) (G1 Evacuation Pause)
[2026-03-02T11:09:31.195+0530][info][gc,task     ] GC(168) Using 12 workers of 13 for evacuation
[2026-03-02T11:09:31.201+0530][info][gc,phases   ] GC(168)   Pre Evacuate Collection Set: 0.2ms
[2026-03-02T11:09:31.201+0530][info][gc,phases   ] GC(168)   Merge Heap Roots: 0.1ms
[2026-03-02T11:09:31.201+0530][info][gc,phases   ] GC(168)   Evacuate Collection Set: 5.0ms
[2026-03-02T11:09:31.201+0530][info][gc,phases   ] GC(168)   Post Evacuate Collection Set: 0.7ms
[2026-03-02T11:09:31.201+0530][info][gc,phases   ] GC(168)   Other: 0.3ms
[2026-03-02T11:09:31.201+0530][info][gc,heap     ] GC(168) Eden regions: 303->0(302)
[2026-03-02T11:09:31.201+0530][info][gc,heap     ] GC(168) Survivor regions: 4->5(39)
[2026-03-02T11:09:31.201+0530][info][gc,heap     ] GC(168) Old regions: 29->29
[2026-03-02T11:09:31.201+0530][info][gc,heap     ] GC(168) Archive regions: 0->0
[2026-03-02T11:09:31.201+0530][info][gc,heap     ] GC(168) Humongous regions: 1->1
[2026-03-02T11:09:31.201+0530][info][gc,metaspace] GC(168) Metaspace: 74850K(75392K)->74850K(75392K) NonClass: 65584K(65856K)->65584K(65856K) Class: 9265K(9536K)->9265K(9536K)
[2026-03-02T11:09:31.201+0530][info][gc          ] GC(168) Pause Young (Normal) (G1 Evacuation Pause) 336M->33M(512M) 6.810ms
[2026-03-02T11:09:31.201+0530][info][gc,cpu      ] GC(168) User=0.00s Sys=0.00s Real=0.01s
[2026-03-02T11:09:36.244+0530][info][gc,start    ] GC(169) Pause Young (Normal) (G1 Evacuation Pause)
[2026-03-02T11:09:36.244+0530][info][gc,task     ] GC(169) Using 12 workers of 13 for evacuation
[2026-03-02T11:09:36.249+0530][info][gc,phases   ] GC(169)   Pre Evacuate Collection Set: 0.2ms
[2026-03-02T11:09:36.249+0530][info][gc,phases   ] GC(169)   Merge Heap Roots: 0.1ms
[2026-03-02T11:09:36.249+0530][info][gc,phases   ] GC(169)   Evacuate Collection Set: 4.3ms
[2026-03-02T11:09:36.249+0530][info][gc,phases   ] GC(169)   Post Evacuate Collection Set: 0.5ms
[2026-03-02T11:09:36.249+0530][info][gc,phases   ] GC(169)   Other: 0.3ms
[2026-03-02T11:09:36.249+0530][info][gc,heap     ] GC(169) Eden regions: 302->0(303)
[2026-03-02T11:09:36.249+0530][info][gc,heap     ] GC(169) Survivor regions: 5->4(39)
[2026-03-02T11:09:36.249+0530][info][gc,heap     ] GC(169) Old regions: 29->29
[2026-03-02T11:09:36.249+0530][info][gc,heap     ] GC(169) Archive regions: 0->0
[2026-03-02T11:09:36.249+0530][info][gc,heap     ] GC(169) Humongous regions: 1->1
[2026-03-02T11:09:36.249+0530][info][gc,metaspace] GC(169) Metaspace: 74850K(75392K)->74850K(75392K) NonClass: 65584K(65856K)->65584K(65856K) Class: 9265K(9536K)->9265K(9536K)
[2026-03-02T11:09:36.250+0530][info][gc          ] GC(169) Pause Young (Normal) (G1 Evacuation Pause) 335M->33M(512M) 5.532ms
[2026-03-02T11:09:36.250+0530][info][gc,cpu      ] GC(169) User=0.00s Sys=0.00s Real=0.01s
[2026-03-02T11:09:44.355+0530][info][gc,start    ] GC(170) Pause Young (Normal) (G1 Evacuation Pause)
[2026-03-02T11:09:44.355+0530][info][gc,task     ] GC(170) Using 12 workers of 13 for evacuation
[2026-03-02T11:09:44.360+0530][info][gc,phases   ] GC(170)   Pre Evacuate Collection Set: 0.2ms
[2026-03-02T11:09:44.361+0530][info][gc,phases   ] GC(170)   Merge Heap Roots: 0.2ms
[2026-03-02T11:09:44.361+0530][info][gc,phases   ] GC(170)   Evacuate Collection Set: 4.3ms
[2026-03-02T11:09:44.361+0530][info][gc,phases   ] GC(170)   Post Evacuate Collection Set: 0.7ms
[2026-03-02T11:09:44.361+0530][info][gc,phases   ] GC(170)   Other: 0.3ms
[2026-03-02T11:09:44.361+0530][info][gc,heap     ] GC(170) Eden regions: 303->0(303)
[2026-03-02T11:09:44.361+0530][info][gc,heap     ] GC(170) Survivor regions: 4->4(39)
[2026-03-02T11:09:44.361+0530][info][gc,heap     ] GC(170) Old regions: 29->29
[2026-03-02T11:09:44.361+0530][info][gc,heap     ] GC(170) Archive regions: 0->0
[2026-03-02T11:09:44.361+0530][info][gc,heap     ] GC(170) Humongous regions: 1->1
[2026-03-02T11:09:44.361+0530][info][gc,metaspace] GC(170) Metaspace: 74850K(75392K)->74850K(75392K) NonClass: 65584K(65856K)->65584K(65856K) Class: 9265K(9536K)->9265K(9536K)
[2026-03-02T11:09:44.361+0530][info][gc          ] GC(170) Pause Young (Normal) (G1 Evacuation Pause) 336M->33M(512M) 5.988ms
[2026-03-02T11:09:44.361+0530][info][gc,cpu      ] GC(170) User=0.06s Sys=0.00s Real=0.01s
[2026-03-02T11:09:52.678+0530][info][gc,start    ] GC(171) Pause Young (Normal) (G1 Evacuation Pause)
[2026-03-02T11:09:52.678+0530][info][gc,task     ] GC(171) Using 12 workers of 13 for evacuation
[2026-03-02T11:09:52.685+0530][info][gc,phases   ] GC(171)   Pre Evacuate Collection Set: 0.2ms
[2026-03-02T11:09:52.685+0530][info][gc,phases   ] GC(171)   Merge Heap Roots: 0.2ms
[2026-03-02T11:09:52.685+0530][info][gc,phases   ] GC(171)   Evacuate Collection Set: 6.7ms
[2026-03-02T11:09:52.685+0530][info][gc,phases   ] GC(171)   Post Evacuate Collection Set: 0.7ms
[2026-03-02T11:09:52.685+0530][info][gc,phases   ] GC(171)   Other: 0.3ms
[2026-03-02T11:09:52.685+0530][info][gc,heap     ] GC(171) Eden regions: 303->0(302)
[2026-03-02T11:09:52.685+0530][info][gc,heap     ] GC(171) Survivor regions: 4->5(39)
[2026-03-02T11:09:52.685+0530][info][gc,heap     ] GC(171) Old regions: 29->29
[2026-03-02T11:09:52.685+0530][info][gc,heap     ] GC(171) Archive regions: 0->0
[2026-03-02T11:09:52.685+0530][info][gc,heap     ] GC(171) Humongous regions: 1->1
[2026-03-02T11:09:52.685+0530][info][gc,metaspace] GC(171) Metaspace: 74850K(75392K)->74850K(75392K) NonClass: 65584K(65856K)->65584K(65856K) Class: 9265K(9536K)->9265K(9536K)
[2026-03-02T11:09:52.685+0530][info][gc          ] GC(171) Pause Young (Normal) (G1 Evacuation Pause) 336M->33M(512M) 8.433ms
[2026-03-02T11:09:52.685+0530][info][gc,cpu      ] GC(171) User=0.00s Sys=0.00s Real=0.01s
[2026-03-02T11:10:01.524+0530][info][gc,start    ] GC(172) Pause Young (Normal) (G1 Evacuation Pause)
[2026-03-02T11:10:01.524+0530][info][gc,task     ] GC(172) Using 12 workers of 13 for evacuation
[2026-03-02T11:10:01.524+0530][info][gc,phases   ] GC(172)   Pre Evacuate Collection Set: 0.1ms
[2026-03-02T11:10:01.524+0530][info][gc,phases   ] GC(172)   Merge Heap Roots: 0.1ms
[2026-03-02T11:10:01.524+0530][info][gc,phases   ] GC(172)   Evacuate Collection Set: 4.1ms
[2026-03-02T11:10:01.524+0530][info][gc,phases   ] GC(172)   Post Evacuate Collection Set: 0.7ms
[2026-03-02T11:10:01.524+0530][info][gc,phases   ] GC(172)   Other: 0.2ms
[2026-03-02T11:10:01.524+0530][info][gc,heap     ] GC(172) Eden regions: 302->0(302)
[2026-03-02T11:10:01.524+0530][info][gc,heap     ] GC(172) Survivor regions: 5->5(39)
[2026-03-02T11:10:01.524+0530][info][gc,heap     ] GC(172) Old regions: 29->29
[2026-03-02T11:10:01.524+0530][info][gc,heap     ] GC(172) Archive regions: 0->0
[2026-03-02T11:10:01.524+0530][info][gc,heap     ] GC(172) Humongous regions: 1->1
[2026-03-02T11:10:01.524+0530][info][gc,metaspace] GC(172) Metaspace: 74850K(75392K)->74850K(75392K) NonClass: 65584K(65856K)->65584K(65856K) Class: 9265K(9536K)->9265K(9536K)
[2026-03-02T11:10:01.524+0530][info][gc          ] GC(172) Pause Young (Normal) (G1 Evacuation Pause) 335M->33M(512M) 5.568ms
[2026-03-02T11:10:01.524+0530][info][gc,cpu      ] GC(172) User=0.00s Sys=0.00s Real=0.00s
[2026-03-02T11:10:08.070+0530][info][gc,start    ] GC(173) Pause Young (Normal) (G1 Evacuation Pause)
[2026-03-02T11:10:08.070+0530][info][gc,task     ] GC(173) Using 12 workers of 13 for evacuation
[2026-03-02T11:10:08.083+0530][info][gc,phases   ] GC(173)   Pre Evacuate Collection Set: 0.2ms
[2026-03-02T11:10:08.083+0530][info][gc,phases   ] GC(173)   Merge Heap Roots: 0.1ms
[2026-03-02T11:10:08.083+0530][info][gc,phases   ] GC(173)   Evacuate Collection Set: 2.4ms
[2026-03-02T11:10:08.083+0530][info][gc,phases   ] GC(173)   Post Evacuate Collection Set: 0.8ms
[2026-03-02T11:10:08.083+0530][info][gc,phases   ] GC(173)   Other: 0.3ms
[2026-03-02T11:10:08.083+0530][info][gc,heap     ] GC(173) Eden regions: 302->0(305)
[2026-03-02T11:10:08.083+0530][info][gc,heap     ] GC(173) Survivor regions: 5->2(39)
[2026-03-02T11:10:08.083+0530][info][gc,heap     ] GC(173) Old regions: 29->29
[2026-03-02T11:10:08.083+0530][info][gc,heap     ] GC(173) Archive regions: 0->0
[2026-03-02T11:10:08.083+0530][info][gc,heap     ] GC(173) Humongous regions: 1->1
[2026-03-02T11:10:08.083+0530][info][gc,metaspace] GC(173) Metaspace: 74850K(75392K)->74850K(75392K) NonClass: 65584K(65856K)->65584K(65856K) Class: 9265K(9536K)->9265K(9536K)
[2026-03-02T11:10:08.083+0530][info][gc          ] GC(173) Pause Young (Normal) (G1 Evacuation Pause) 335M->31M(512M) 4.288ms
[2026-03-02T11:10:08.083+0530][info][gc,cpu      ] GC(173) User=0.00s Sys=0.00s Real=0.01s
[2026-03-02T11:10:12.623+0530][info][gc,start    ] GC(174) Pause Young (Normal) (G1 Evacuation Pause)
[2026-03-02T11:10:12.623+0530][info][gc,task     ] GC(174) Using 12 workers of 13 for evacuation
[2026-03-02T11:10:12.629+0530][info][gc,phases   ] GC(174)   Pre Evacuate Collection Set: 0.2ms
[2026-03-02T11:10:12.629+0530][info][gc,phases   ] GC(174)   Merge Heap Roots: 0.2ms
[2026-03-02T11:10:12.629+0530][info][gc,phases   ] GC(174)   Evacuate Collection Set: 5.0ms
[2026-03-02T11:10:12.629+0530][info][gc,phases   ] GC(174)   Post Evacuate Collection Set: 0.7ms
[2026-03-02T11:10:12.629+0530][info][gc,phases   ] GC(174)   Other: 0.3ms
[2026-03-02T11:10:12.629+0530][info][gc,heap     ] GC(174) Eden regions: 305->0(302)
[2026-03-02T11:10:12.629+0530][info][gc,heap     ] GC(174) Survivor regions: 2->5(39)
[2026-03-02T11:10:12.629+0530][info][gc,heap     ] GC(174) Old regions: 29->29
[2026-03-02T11:10:12.629+0530][info][gc,heap     ] GC(174) Archive regions: 0->0
[2026-03-02T11:10:12.629+0530][info][gc,heap     ] GC(174) Humongous regions: 1->1
[2026-03-02T11:10:12.629+0530][info][gc,metaspace] GC(174) Metaspace: 74850K(75392K)->74850K(75392K) NonClass: 65584K(65856K)->65584K(65856K) Class: 9265K(9536K)->9265K(9536K)
[2026-03-02T11:10:12.629+0530][info][gc          ] GC(174) Pause Young (Normal) (G1 Evacuation Pause) 336M->33M(512M) 6.714ms
[2026-03-02T11:10:12.629+0530][info][gc,cpu      ] GC(174) User=0.05s Sys=0.02s Real=0.01s
[2026-03-02T11:10:17.093+0530][info][gc,start    ] GC(175) Pause Young (Normal) (G1 Evacuation Pause)
[2026-03-02T11:10:17.093+0530][info][gc,task     ] GC(175) Using 12 workers of 13 for evacuation
[2026-03-02T11:10:17.093+0530][info][gc,phases   ] GC(175)   Pre Evacuate Collection Set: 0.2ms
[2026-03-02T11:10:17.093+0530][info][gc,phases   ] GC(175)   Merge Heap Roots: 0.1ms
[2026-03-02T11:10:17.093+0530][info][gc,phases   ] GC(175)   Evacuate Collection Set: 5.0ms
[2026-03-02T11:10:17.093+0530][info][gc,phases   ] GC(175)   Post Evacuate Collection Set: 0.7ms
[2026-03-02T11:10:17.093+0530][info][gc,phases   ] GC(175)   Other: 0.3ms
[2026-03-02T11:10:17.093+0530][info][gc,heap     ] GC(175) Eden regions: 302->0(302)
[2026-03-02T11:10:17.093+0530][info][gc,heap     ] GC(175) Survivor regions: 5->5(39)
[2026-03-02T11:10:17.093+0530][info][gc,heap     ] GC(175) Old regions: 29->29
[2026-03-02T11:10:17.093+0530][info][gc,heap     ] GC(175) Archive regions: 0->0
[2026-03-02T11:10:17.093+0530][info][gc,heap     ] GC(175) Humongous regions: 1->1
[2026-03-02T11:10:17.093+0530][info][gc,metaspace] GC(175) Metaspace: 74850K(75392K)->74850K(75392K) NonClass: 65584K(65856K)->65584K(65856K) Class: 9265K(9536K)->9265K(9536K)
[2026-03-02T11:10:17.093+0530][info][gc          ] GC(175) Pause Young (Normal) (G1 Evacuation Pause) 335M->33M(512M) 6.635ms
[2026-03-02T11:10:17.093+0530][info][gc,cpu      ] GC(175) User=0.00s Sys=0.00s Real=0.00s
[2026-03-02T11:10:21.686+0530][info][gc,start    ] GC(176) Pause Young (Normal) (G1 Evacuation Pause)
[2026-03-02T11:10:21.686+0530][info][gc,task     ] GC(176) Using 12 workers of 13 for evacuation
[2026-03-02T11:10:21.691+0530][info][gc,phases   ] GC(176)   Pre Evacuate Collection Set: 0.1ms
[2026-03-02T11:10:21.691+0530][info][gc,phases   ] GC(176)   Merge Heap Roots: 0.1ms
[2026-03-02T11:10:21.691+0530][info][gc,phases   ] GC(176)   Evacuate Collection Set: 4.0ms
[2026-03-02T11:10:21.691+0530][info][gc,phases   ] GC(176)   Post Evacuate Collection Set: 0.7ms
[2026-03-02T11:10:21.691+0530][info][gc,phases   ] GC(176)   Other: 0.2ms
[2026-03-02T11:10:21.691+0530][info][gc,heap     ] GC(176) Eden regions: 302->0(302)
[2026-03-02T11:10:21.691+0530][info][gc,heap     ] GC(176) Survivor regions: 5->5(39)
[2026-03-02T11:10:21.691+0530][info][gc,heap     ] GC(176) Old regions: 29->29
[2026-03-02T11:10:21.691+0530][info][gc,heap     ] GC(176) Archive regions: 0->0
[2026-03-02T11:10:21.691+0530][info][gc,heap     ] GC(176) Humongous regions: 1->1
[2026-03-02T11:10:21.691+0530][info][gc,metaspace] GC(176) Metaspace: 74850K(75392K)->74850K(75392K) NonClass: 65584K(65856K)->65584K(65856K) Class: 9265K(9536K)->9265K(9536K)
[2026-03-02T11:10:21.691+0530][info][gc          ] GC(176) Pause Young (Normal) (G1 Evacuation Pause) 335M->33M(512M) 5.370ms
[2026-03-02T11:10:21.691+0530][info][gc,cpu      ] GC(176) User=0.06s Sys=0.00s Real=0.00s
[2026-03-02T11:10:25.906+0530][info][gc,start    ] GC(177) Pause Young (Normal) (G1 Evacuation Pause)
[2026-03-02T11:10:25.906+0530][info][gc,task     ] GC(177) Using 12 workers of 13 for evacuation
[2026-03-02T11:10:25.910+0530][info][gc,phases   ] GC(177)   Pre Evacuate Collection Set: 0.2ms
[2026-03-02T11:10:25.910+0530][info][gc,phases   ] GC(177)   Merge Heap Roots: 0.2ms
[2026-03-02T11:10:25.910+0530][info][gc,phases   ] GC(177)   Evacuate Collection Set: 2.2ms
[2026-03-02T11:10:25.910+0530][info][gc,phases   ] GC(177)   Post Evacuate Collection Set: 0.7ms
[2026-03-02T11:10:25.910+0530][info][gc,phases   ] GC(177)   Other: 0.3ms
[2026-03-02T11:10:25.910+0530][info][gc,heap     ] GC(177) Eden regions: 302->0(305)
[2026-03-02T11:10:25.910+0530][info][gc,heap     ] GC(177) Survivor regions: 5->2(39)
[2026-03-02T11:10:25.910+0530][info][gc,heap     ] GC(177) Old regions: 29->29
[2026-03-02T11:10:25.910+0530][info][gc,heap     ] GC(177) Archive regions: 0->0
[2026-03-02T11:10:25.910+0530][info][gc,heap     ] GC(177) Humongous regions: 1->1
[2026-03-02T11:10:25.910+0530][info][gc,metaspace] GC(177) Metaspace: 74850K(75392K)->74850K(75392K) NonClass: 65584K(65856K)->65584K(65856K) Class: 9265K(9536K)->9265K(9536K)
[2026-03-02T11:10:25.910+0530][info][gc          ] GC(177) Pause Young (Normal) (G1 Evacuation Pause) 335M->31M(512M) 4.184ms
[2026-03-02T11:10:25.910+0530][info][gc,cpu      ] GC(177) User=0.00s Sys=0.00s Real=0.00s
[2026-03-02T11:10:29.985+0530][info][gc,start    ] GC(178) Pause Young (Normal) (G1 Evacuation Pause)
[2026-03-02T11:10:29.985+0530][info][gc,task     ] GC(178) Using 12 workers of 13 for evacuation
[2026-03-02T11:10:30.000+0530][info][gc,phases   ] GC(178)   Pre Evacuate Collection Set: 0.2ms
[2026-03-02T11:10:30.000+0530][info][gc,phases   ] GC(178)   Merge Heap Roots: 0.1ms
[2026-03-02T11:10:30.000+0530][info][gc,phases   ] GC(178)   Evacuate Collection Set: 5.3ms
[2026-03-02T11:10:30.000+0530][info][gc,phases   ] GC(178)   Post Evacuate Collection Set: 0.7ms
[2026-03-02T11:10:30.000+0530][info][gc,phases   ] GC(178)   Other: 0.3ms
[2026-03-02T11:10:30.000+0530][info][gc,heap     ] GC(178) Eden regions: 305->0(302)
[2026-03-02T11:10:30.000+0530][info][gc,heap     ] GC(178) Survivor regions: 2->5(39)
[2026-03-02T11:10:30.000+0530][info][gc,heap     ] GC(178) Old regions: 29->29
[2026-03-02T11:10:30.000+0530][info][gc,heap     ] GC(178) Archive regions: 0->0
[2026-03-02T11:10:30.000+0530][info][gc,heap     ] GC(178) Humongous regions: 1->1
[2026-03-02T11:10:30.000+0530][info][gc,metaspace] GC(178) Metaspace: 74908K(75456K)->74908K(75456K) NonClass: 65642K(65920K)->65642K(65920K) Class: 9265K(9536K)->9265K(9536K)
[2026-03-02T11:10:30.000+0530][info][gc          ] GC(178) Pause Young (Normal) (G1 Evacuation Pause) 336M->33M(512M) 6.921ms
[2026-03-02T11:10:30.000+0530][info][gc,cpu      ] GC(178) User=0.06s Sys=0.00s Real=0.02s
[2026-03-02T11:10:33.983+0530][info][gc,start    ] GC(179) Pause Young (Normal) (G1 Evacuation Pause)
[2026-03-02T11:10:33.983+0530][info][gc,task     ] GC(179) Using 12 workers of 13 for evacuation
[2026-03-02T11:10:33.999+0530][info][gc,phases   ] GC(179)   Pre Evacuate Collection Set: 0.2ms
[2026-03-02T11:10:33.999+0530][info][gc,phases   ] GC(179)   Merge Heap Roots: 0.2ms
[2026-03-02T11:10:33.999+0530][info][gc,phases   ] GC(179)   Evacuate Collection Set: 4.7ms
[2026-03-02T11:10:33.999+0530][info][gc,phases   ] GC(179)   Post Evacuate Collection Set: 0.7ms
[2026-03-02T11:10:33.999+0530][info][gc,phases   ] GC(179)   Other: 0.2ms
[2026-03-02T11:10:33.999+0530][info][gc,heap     ] GC(179) Eden regions: 302->0(302)
[2026-03-02T11:10:33.999+0530][info][gc,heap     ] GC(179) Survivor regions: 5->5(39)
[2026-03-02T11:10:33.999+0530][info][gc,heap     ] GC(179) Old regions: 29->29
[2026-03-02T11:10:33.999+0530][info][gc,heap     ] GC(179) Archive regions: 0->0
[2026-03-02T11:10:33.999+0530][info][gc,heap     ] GC(179) Humongous regions: 1->1
[2026-03-02T11:10:33.999+0530][info][gc,metaspace] GC(179) Metaspace: 74908K(75456K)->74908K(75456K) NonClass: 65642K(65920K)->65642K(65920K) Class: 9265K(9536K)->9265K(9536K)
[2026-03-02T11:10:33.999+0530][info][gc          ] GC(179) Pause Young (Normal) (G1 Evacuation Pause) 335M->33M(512M) 6.419ms
[2026-03-02T11:10:33.999+0530][info][gc,cpu      ] GC(179) User=0.00s Sys=0.02s Real=0.02s
[2026-03-02T11:10:41.929+0530][info][gc,start    ] GC(180) Pause Young (Normal) (G1 Evacuation Pause)
[2026-03-02T11:10:41.929+0530][info][gc,task     ] GC(180) Using 12 workers of 13 for evacuation
[2026-03-02T11:10:41.945+0530][info][gc,phases   ] GC(180)   Pre Evacuate Collection Set: 0.2ms
[2026-03-02T11:10:41.945+0530][info][gc,phases   ] GC(180)   Merge Heap Roots: 0.2ms
[2026-03-02T11:10:41.945+0530][info][gc,phases   ] GC(180)   Evacuate Collection Set: 4.4ms
[2026-03-02T11:10:41.945+0530][info][gc,phases   ] GC(180)   Post Evacuate Collection Set: 0.8ms
[2026-03-02T11:10:41.945+0530][info][gc,phases   ] GC(180)   Other: 0.2ms
[2026-03-02T11:10:41.945+0530][info][gc,heap     ] GC(180) Eden regions: 302->0(302)
[2026-03-02T11:10:41.945+0530][info][gc,heap     ] GC(180) Survivor regions: 5->5(39)
[2026-03-02T11:10:41.945+0530][info][gc,heap     ] GC(180) Old regions: 29->29
[2026-03-02T11:10:41.945+0530][info][gc,heap     ] GC(180) Archive regions: 0->0
[2026-03-02T11:10:41.945+0530][info][gc,heap     ] GC(180) Humongous regions: 1->1
[2026-03-02T11:10:41.945+0530][info][gc,metaspace] GC(180) Metaspace: 74908K(75456K)->74908K(75456K) NonClass: 65642K(65920K)->65642K(65920K) Class: 9266K(9536K)->9266K(9536K)
[2026-03-02T11:10:41.945+0530][info][gc          ] GC(180) Pause Young (Normal) (G1 Evacuation Pause) 335M->33M(512M) 6.224ms
[2026-03-02T11:10:41.945+0530][info][gc,cpu      ] GC(180) User=0.00s Sys=0.00s Real=0.02s
[2026-03-02T11:10:48.352+0530][info][gc,start    ] GC(181) Pause Young (Normal) (G1 Evacuation Pause)
[2026-03-02T11:10:48.352+0530][info][gc,task     ] GC(181) Using 12 workers of 13 for evacuation
[2026-03-02T11:10:48.368+0530][info][gc,phases   ] GC(181)   Pre Evacuate Collection Set: 0.1ms
[2026-03-02T11:10:48.368+0530][info][gc,phases   ] GC(181)   Merge Heap Roots: 0.1ms
[2026-03-02T11:10:48.368+0530][info][gc,phases   ] GC(181)   Evacuate Collection Set: 3.2ms
[2026-03-02T11:10:48.368+0530][info][gc,phases   ] GC(181)   Post Evacuate Collection Set: 0.4ms
[2026-03-02T11:10:48.368+0530][info][gc,phases   ] GC(181)   Other: 0.2ms
[2026-03-02T11:10:48.368+0530][info][gc,heap     ] GC(181) Eden regions: 302->0(302)
[2026-03-02T11:10:48.368+0530][info][gc,heap     ] GC(181) Survivor regions: 5->5(39)
[2026-03-02T11:10:48.368+0530][info][gc,heap     ] GC(181) Old regions: 29->29
[2026-03-02T11:10:48.368+0530][info][gc,heap     ] GC(181) Archive regions: 0->0
[2026-03-02T11:10:48.368+0530][info][gc,heap     ] GC(181) Humongous regions: 1->1
[2026-03-02T11:10:48.368+0530][info][gc,metaspace] GC(181) Metaspace: 74908K(75456K)->74908K(75456K) NonClass: 65642K(65920K)->65642K(65920K) Class: 9266K(9536K)->9266K(9536K)
[2026-03-02T11:10:48.368+0530][info][gc          ] GC(181) Pause Young (Normal) (G1 Evacuation Pause) 335M->33M(512M) 4.305ms
[2026-03-02T11:10:48.368+0530][info][gc,cpu      ] GC(181) User=0.00s Sys=0.00s Real=0.02s
[2026-03-02T11:10:54.819+0530][info][gc,start    ] GC(182) Pause Young (Normal) (G1 Evacuation Pause)
[2026-03-02T11:10:54.819+0530][info][gc,task     ] GC(182) Using 12 workers of 13 for evacuation
[2026-03-02T11:10:54.819+0530][info][gc,phases   ] GC(182)   Pre Evacuate Collection Set: 0.1ms
[2026-03-02T11:10:54.819+0530][info][gc,phases   ] GC(182)   Merge Heap Roots: 0.1ms
[2026-03-02T11:10:54.819+0530][info][gc,phases   ] GC(182)   Evacuate Collection Set: 2.3ms
[2026-03-02T11:10:54.819+0530][info][gc,phases   ] GC(182)   Post Evacuate Collection Set: 0.8ms
[2026-03-02T11:10:54.819+0530][info][gc,phases   ] GC(182)   Other: 0.2ms
[2026-03-02T11:10:54.819+0530][info][gc,heap     ] GC(182) Eden regions: 302->0(304)
[2026-03-02T11:10:54.819+0530][info][gc,heap     ] GC(182) Survivor regions: 5->3(39)
[2026-03-02T11:10:54.819+0530][info][gc,heap     ] GC(182) Old regions: 29->29
[2026-03-02T11:10:54.819+0530][info][gc,heap     ] GC(182) Archive regions: 0->0
[2026-03-02T11:10:54.819+0530][info][gc,heap     ] GC(182) Humongous regions: 1->1
[2026-03-02T11:10:54.819+0530][info][gc,metaspace] GC(182) Metaspace: 74911K(75456K)->74911K(75456K) NonClass: 65645K(65920K)->65645K(65920K) Class: 9266K(9536K)->9266K(9536K)
[2026-03-02T11:10:54.819+0530][info][gc          ] GC(182) Pause Young (Normal) (G1 Evacuation Pause) 335M->31M(512M) 3.902ms
[2026-03-02T11:10:54.819+0530][info][gc,cpu      ] GC(182) User=0.00s Sys=0.00s Real=0.00s
[2026-03-02T11:11:05.199+0530][info][gc,start    ] GC(183) Pause Young (Normal) (G1 Evacuation Pause)
[2026-03-02T11:11:05.199+0530][info][gc,task     ] GC(183) Using 12 workers of 13 for evacuation
[2026-03-02T11:11:05.208+0530][info][gc,phases   ] GC(183)   Pre Evacuate Collection Set: 0.4ms
[2026-03-02T11:11:05.208+0530][info][gc,phases   ] GC(183)   Merge Heap Roots: 0.3ms
[2026-03-02T11:11:05.208+0530][info][gc,phases   ] GC(183)   Evacuate Collection Set: 6.4ms
[2026-03-02T11:11:05.208+0530][info][gc,phases   ] GC(183)   Post Evacuate Collection Set: 0.5ms
[2026-03-02T11:11:05.209+0530][info][gc,phases   ] GC(183)   Other: 0.5ms
[2026-03-02T11:11:05.209+0530][info][gc,heap     ] GC(183) Eden regions: 304->0(304)
[2026-03-02T11:11:05.209+0530][info][gc,heap     ] GC(183) Survivor regions: 3->3(39)
[2026-03-02T11:11:05.209+0530][info][gc,heap     ] GC(183) Old regions: 29->29
[2026-03-02T11:11:05.209+0530][info][gc,heap     ] GC(183) Archive regions: 0->0
[2026-03-02T11:11:05.209+0530][info][gc,heap     ] GC(183) Humongous regions: 1->1
[2026-03-02T11:11:05.209+0530][info][gc,metaspace] GC(183) Metaspace: 74911K(75456K)->74911K(75456K) NonClass: 65645K(65920K)->65645K(65920K) Class: 9266K(9536K)->9266K(9536K)
[2026-03-02T11:11:05.209+0530][info][gc          ] GC(183) Pause Young (Normal) (G1 Evacuation Pause) 335M->32M(512M) 8.566ms
[2026-03-02T11:11:05.209+0530][info][gc,cpu      ] GC(183) User=0.06s Sys=0.00s Real=0.01s
[2026-03-02T11:11:14.998+0530][info][gc,start    ] GC(184) Pause Young (Normal) (G1 Evacuation Pause)
[2026-03-02T11:11:14.998+0530][info][gc,task     ] GC(184) Using 12 workers of 13 for evacuation
[2026-03-02T11:11:15.007+0530][info][gc,phases   ] GC(184)   Pre Evacuate Collection Set: 0.2ms
[2026-03-02T11:11:15.007+0530][info][gc,phases   ] GC(184)   Merge Heap Roots: 0.1ms
[2026-03-02T11:11:15.007+0530][info][gc,phases   ] GC(184)   Evacuate Collection Set: 5.9ms
[2026-03-02T11:11:15.007+0530][info][gc,phases   ] GC(184)   Post Evacuate Collection Set: 1.4ms
[2026-03-02T11:11:15.007+0530][info][gc,phases   ] GC(184)   Other: 0.4ms
[2026-03-02T11:11:15.007+0530][info][gc,heap     ] GC(184) Eden regions: 304->0(304)
[2026-03-02T11:11:15.008+0530][info][gc,heap     ] GC(184) Survivor regions: 3->3(39)
[2026-03-02T11:11:15.008+0530][info][gc,heap     ] GC(184) Old regions: 29->29
[2026-03-02T11:11:15.008+0530][info][gc,heap     ] GC(184) Archive regions: 0->0
[2026-03-02T11:11:15.008+0530][info][gc,heap     ] GC(184) Humongous regions: 1->1
[2026-03-02T11:11:15.008+0530][info][gc,metaspace] GC(184) Metaspace: 74911K(75456K)->74911K(75456K) NonClass: 65645K(65920K)->65645K(65920K) Class: 9266K(9536K)->9266K(9536K)
[2026-03-02T11:11:15.008+0530][info][gc          ] GC(184) Pause Young (Normal) (G1 Evacuation Pause) 336M->32M(512M) 8.766ms
[2026-03-02T11:11:15.008+0530][info][gc,cpu      ] GC(184) User=0.06s Sys=0.00s Real=0.01s
[2026-03-02T11:11:24.343+0530][info][gc,start    ] GC(185) Pause Young (Normal) (G1 Evacuation Pause)
[2026-03-02T11:11:24.343+0530][info][gc,task     ] GC(185) Using 12 workers of 13 for evacuation
[2026-03-02T11:11:24.350+0530][info][gc,phases   ] GC(185)   Pre Evacuate Collection Set: 0.1ms
[2026-03-02T11:11:24.350+0530][info][gc,phases   ] GC(185)   Merge Heap Roots: 0.1ms
[2026-03-02T11:11:24.350+0530][info][gc,phases   ] GC(185)   Evacuate Collection Set: 5.9ms
[2026-03-02T11:11:24.350+0530][info][gc,phases   ] GC(185)   Post Evacuate Collection Set: 0.6ms
[2026-03-02T11:11:24.350+0530][info][gc,phases   ] GC(185)   Other: 0.2ms
[2026-03-02T11:11:24.350+0530][info][gc,heap     ] GC(185) Eden regions: 304->0(304)
[2026-03-02T11:11:24.350+0530][info][gc,heap     ] GC(185) Survivor regions: 3->3(39)
[2026-03-02T11:11:24.350+0530][info][gc,heap     ] GC(185) Old regions: 29->29
[2026-03-02T11:11:24.350+0530][info][gc,heap     ] GC(185) Archive regions: 0->0
[2026-03-02T11:11:24.350+0530][info][gc,heap     ] GC(185) Humongous regions: 1->1
[2026-03-02T11:11:24.350+0530][info][gc,metaspace] GC(185) Metaspace: 74911K(75456K)->74911K(75456K) NonClass: 65645K(65920K)->65645K(65920K) Class: 9266K(9536K)->9266K(9536K)
[2026-03-02T11:11:24.350+0530][info][gc          ] GC(185) Pause Young (Normal) (G1 Evacuation Pause) 336M->31M(512M) 7.324ms
[2026-03-02T11:11:24.350+0530][info][gc,cpu      ] GC(185) User=0.03s Sys=0.00s Real=0.01s
[2026-03-02T11:11:34.506+0530][info][gc,start    ] GC(186) Pause Young (Normal) (G1 Evacuation Pause)
[2026-03-02T11:11:34.506+0530][info][gc,task     ] GC(186) Using 12 workers of 13 for evacuation
[2026-03-02T11:11:34.508+0530][info][gc,phases   ] GC(186)   Pre Evacuate Collection Set: 0.2ms
[2026-03-02T11:11:34.509+0530][info][gc,phases   ] GC(186)   Merge Heap Roots: 0.1ms
[2026-03-02T11:11:34.509+0530][info][gc,phases   ] GC(186)   Evacuate Collection Set: 1.1ms
[2026-03-02T11:11:34.509+0530][info][gc,phases   ] GC(186)   Post Evacuate Collection Set: 1.0ms
[2026-03-02T11:11:34.509+0530][info][gc,phases   ] GC(186)   Other: 0.4ms
[2026-03-02T11:11:34.509+0530][info][gc,heap     ] GC(186) Eden regions: 304->0(306)
[2026-03-02T11:11:34.509+0530][info][gc,heap     ] GC(186) Survivor regions: 3->1(39)
[2026-03-02T11:11:34.509+0530][info][gc,heap     ] GC(186) Old regions: 29->29
[2026-03-02T11:11:34.509+0530][info][gc,heap     ] GC(186) Archive regions: 0->0
[2026-03-02T11:11:34.509+0530][info][gc,heap     ] GC(186) Humongous regions: 1->1
[2026-03-02T11:11:34.509+0530][info][gc,metaspace] GC(186) Metaspace: 74911K(75456K)->74911K(75456K) NonClass: 65645K(65920K)->65645K(65920K) Class: 9266K(9536K)->9266K(9536K)
[2026-03-02T11:11:34.509+0530][info][gc          ] GC(186) Pause Young (Normal) (G1 Evacuation Pause) 335M->29M(512M) 3.607ms
[2026-03-02T11:11:34.509+0530][info][gc,cpu      ] GC(186) User=0.00s Sys=0.00s Real=0.00s
[2026-03-02T11:11:44.601+0530][info][gc,start    ] GC(187) Pause Young (Normal) (G1 Evacuation Pause)
[2026-03-02T11:11:44.601+0530][info][gc,task     ] GC(187) Using 12 workers of 13 for evacuation
[2026-03-02T11:11:44.607+0530][info][gc,phases   ] GC(187)   Pre Evacuate Collection Set: 0.2ms
[2026-03-02T11:11:44.607+0530][info][gc,phases   ] GC(187)   Merge Heap Roots: 0.1ms
[2026-03-02T11:11:44.607+0530][info][gc,phases   ] GC(187)   Evacuate Collection Set: 4.2ms
[2026-03-02T11:11:44.607+0530][info][gc,phases   ] GC(187)   Post Evacuate Collection Set: 1.1ms
[2026-03-02T11:11:44.607+0530][info][gc,phases   ] GC(187)   Other: 0.2ms
[2026-03-02T11:11:44.607+0530][info][gc,heap     ] GC(187) Eden regions: 306->0(304)
[2026-03-02T11:11:44.607+0530][info][gc,heap     ] GC(187) Survivor regions: 1->3(39)
[2026-03-02T11:11:44.607+0530][info][gc,heap     ] GC(187) Old regions: 29->29
[2026-03-02T11:11:44.607+0530][info][gc,heap     ] GC(187) Archive regions: 0->0
[2026-03-02T11:11:44.607+0530][info][gc,heap     ] GC(187) Humongous regions: 1->1
[2026-03-02T11:11:44.607+0530][info][gc,metaspace] GC(187) Metaspace: 74911K(75456K)->74911K(75456K) NonClass: 65645K(65920K)->65645K(65920K) Class: 9266K(9536K)->9266K(9536K)
[2026-03-02T11:11:44.608+0530][info][gc          ] GC(187) Pause Young (Normal) (G1 Evacuation Pause) 335M->31M(512M) 6.170ms
[2026-03-02T11:11:44.608+0530][info][gc,cpu      ] GC(187) User=0.00s Sys=0.00s Real=0.01s
[2026-03-02T11:11:55.203+0530][info][gc,start    ] GC(188) Pause Young (Normal) (G1 Evacuation Pause)
[2026-03-02T11:11:55.203+0530][info][gc,task     ] GC(188) Using 12 workers of 13 for evacuation
[2026-03-02T11:11:55.208+0530][info][gc,phases   ] GC(188)   Pre Evacuate Collection Set: 0.1ms
[2026-03-02T11:11:55.208+0530][info][gc,phases   ] GC(188)   Merge Heap Roots: 0.1ms
[2026-03-02T11:11:55.208+0530][info][gc,phases   ] GC(188)   Evacuate Collection Set: 3.4ms
[2026-03-02T11:11:55.208+0530][info][gc,phases   ] GC(188)   Post Evacuate Collection Set: 0.6ms
[2026-03-02T11:11:55.208+0530][info][gc,phases   ] GC(188)   Other: 0.2ms
[2026-03-02T11:11:55.208+0530][info][gc,heap     ] GC(188) Eden regions: 304->0(304)
[2026-03-02T11:11:55.208+0530][info][gc,heap     ] GC(188) Survivor regions: 3->3(39)
[2026-03-02T11:11:55.208+0530][info][gc,heap     ] GC(188) Old regions: 29->29
[2026-03-02T11:11:55.208+0530][info][gc,heap     ] GC(188) Archive regions: 0->0
[2026-03-02T11:11:55.208+0530][info][gc,heap     ] GC(188) Humongous regions: 1->1
[2026-03-02T11:11:55.208+0530][info][gc,metaspace] GC(188) Metaspace: 74911K(75456K)->74911K(75456K) NonClass: 65645K(65920K)->65645K(65920K) Class: 9266K(9536K)->9266K(9536K)
[2026-03-02T11:11:55.208+0530][info][gc          ] GC(188) Pause Young (Normal) (G1 Evacuation Pause) 335M->31M(512M) 4.773ms
[2026-03-02T11:11:55.208+0530][info][gc,cpu      ] GC(188) User=0.02s Sys=0.00s Real=0.00s
[2026-03-02T11:12:06.471+0530][info][gc,start    ] GC(189) Pause Young (Normal) (G1 Evacuation Pause)
[2026-03-02T11:12:06.471+0530][info][gc,task     ] GC(189) Using 12 workers of 13 for evacuation
[2026-03-02T11:12:06.480+0530][info][gc,phases   ] GC(189)   Pre Evacuate Collection Set: 0.3ms
[2026-03-02T11:12:06.480+0530][info][gc,phases   ] GC(189)   Merge Heap Roots: 0.2ms
[2026-03-02T11:12:06.480+0530][info][gc,phases   ] GC(189)   Evacuate Collection Set: 6.6ms
[2026-03-02T11:12:06.480+0530][info][gc,phases   ] GC(189)   Post Evacuate Collection Set: 1.4ms
[2026-03-02T11:12:06.480+0530][info][gc,phases   ] GC(189)   Other: 0.6ms
[2026-03-02T11:12:06.480+0530][info][gc,heap     ] GC(189) Eden regions: 304->0(304)
[2026-03-02T11:12:06.480+0530][info][gc,heap     ] GC(189) Survivor regions: 3->3(39)
[2026-03-02T11:12:06.480+0530][info][gc,heap     ] GC(189) Old regions: 29->29
[2026-03-02T11:12:06.480+0530][info][gc,heap     ] GC(189) Archive regions: 0->0
[2026-03-02T11:12:06.480+0530][info][gc,heap     ] GC(189) Humongous regions: 1->1
[2026-03-02T11:12:06.480+0530][info][gc,metaspace] GC(189) Metaspace: 74911K(75456K)->74911K(75456K) NonClass: 65645K(65920K)->65645K(65920K) Class: 9266K(9536K)->9266K(9536K)
[2026-03-02T11:12:06.481+0530][info][gc          ] GC(189) Pause Young (Normal) (G1 Evacuation Pause) 335M->31M(512M) 9.974ms
[2026-03-02T11:12:06.481+0530][info][gc,cpu      ] GC(189) User=0.00s Sys=0.00s Real=0.01s
[2026-03-02T11:12:18.776+0530][info][gc,start    ] GC(190) Pause Young (Normal) (G1 Evacuation Pause)
[2026-03-02T11:12:18.776+0530][info][gc,task     ] GC(190) Using 12 workers of 13 for evacuation
[2026-03-02T11:12:18.778+0530][info][gc,phases   ] GC(190)   Pre Evacuate Collection Set: 0.4ms
[2026-03-02T11:12:18.778+0530][info][gc,phases   ] GC(190)   Merge Heap Roots: 0.3ms
[2026-03-02T11:12:18.778+0530][info][gc,phases   ] GC(190)   Evacuate Collection Set: 0.8ms
[2026-03-02T11:12:18.778+0530][info][gc,phases   ] GC(190)   Post Evacuate Collection Set: 0.7ms
[2026-03-02T11:12:18.778+0530][info][gc,phases   ] GC(190)   Other: 0.5ms
[2026-03-02T11:12:18.778+0530][info][gc,heap     ] GC(190) Eden regions: 304->0(306)
[2026-03-02T11:12:18.778+0530][info][gc,heap     ] GC(190) Survivor regions: 3->1(39)
[2026-03-02T11:12:18.778+0530][info][gc,heap     ] GC(190) Old regions: 29->29
[2026-03-02T11:12:18.779+0530][info][gc,heap     ] GC(190) Archive regions: 0->0
[2026-03-02T11:12:18.779+0530][info][gc,heap     ] GC(190) Humongous regions: 1->1
[2026-03-02T11:12:18.779+0530][info][gc,metaspace] GC(190) Metaspace: 74911K(75456K)->74911K(75456K) NonClass: 65645K(65920K)->65645K(65920K) Class: 9266K(9536K)->9266K(9536K)
[2026-03-02T11:12:18.779+0530][info][gc          ] GC(190) Pause Young (Normal) (G1 Evacuation Pause) 335M->29M(512M) 2.988ms
[2026-03-02T11:12:18.779+0530][info][gc,cpu      ] GC(190) User=0.00s Sys=0.00s Real=0.00s
[2026-03-02T11:12:31.534+0530][info][gc,start    ] GC(191) Pause Young (Normal) (G1 Evacuation Pause)
[2026-03-02T11:12:31.534+0530][info][gc,task     ] GC(191) Using 12 workers of 13 for evacuation
[2026-03-02T11:12:31.539+0530][info][gc,phases   ] GC(191)   Pre Evacuate Collection Set: 0.2ms
[2026-03-02T11:12:31.539+0530][info][gc,phases   ] GC(191)   Merge Heap Roots: 0.1ms
[2026-03-02T11:12:31.539+0530][info][gc,phases   ] GC(191)   Evacuate Collection Set: 3.3ms
[2026-03-02T11:12:31.539+0530][info][gc,phases   ] GC(191)   Post Evacuate Collection Set: 0.7ms
[2026-03-02T11:12:31.539+0530][info][gc,phases   ] GC(191)   Other: 0.3ms
[2026-03-02T11:12:31.539+0530][info][gc,heap     ] GC(191) Eden regions: 306->0(304)
[2026-03-02T11:12:31.539+0530][info][gc,heap     ] GC(191) Survivor regions: 1->3(39)
[2026-03-02T11:12:31.539+0530][info][gc,heap     ] GC(191) Old regions: 29->29
[2026-03-02T11:12:31.539+0530][info][gc,heap     ] GC(191) Archive regions: 0->0
[2026-03-02T11:12:31.539+0530][info][gc,heap     ] GC(191) Humongous regions: 1->1
[2026-03-02T11:12:31.539+0530][info][gc,metaspace] GC(191) Metaspace: 74912K(75456K)->74912K(75456K) NonClass: 65645K(65920K)->65645K(65920K) Class: 9266K(9536K)->9266K(9536K)
[2026-03-02T11:12:31.539+0530][info][gc          ] GC(191) Pause Young (Normal) (G1 Evacuation Pause) 335M->31M(512M) 5.076ms
[2026-03-02T11:12:31.539+0530][info][gc,cpu      ] GC(191) User=0.00s Sys=0.00s Real=0.01s
[2026-03-02T11:12:41.820+0530][info][gc,start    ] GC(192) Pause Young (Normal) (G1 Evacuation Pause)
[2026-03-02T11:12:41.820+0530][info][gc,task     ] GC(192) Using 12 workers of 13 for evacuation
[2026-03-02T11:12:41.824+0530][info][gc,phases   ] GC(192)   Pre Evacuate Collection Set: 0.2ms
[2026-03-02T11:12:41.824+0530][info][gc,phases   ] GC(192)   Merge Heap Roots: 0.1ms
[2026-03-02T11:12:41.824+0530][info][gc,phases   ] GC(192)   Evacuate Collection Set: 3.0ms
[2026-03-02T11:12:41.824+0530][info][gc,phases   ] GC(192)   Post Evacuate Collection Set: 0.6ms
[2026-03-02T11:12:41.824+0530][info][gc,phases   ] GC(192)   Other: 0.2ms
[2026-03-02T11:12:41.824+0530][info][gc,heap     ] GC(192) Eden regions: 304->0(304)
[2026-03-02T11:12:41.824+0530][info][gc,heap     ] GC(192) Survivor regions: 3->3(39)
[2026-03-02T11:12:41.824+0530][info][gc,heap     ] GC(192) Old regions: 29->29
[2026-03-02T11:12:41.824+0530][info][gc,heap     ] GC(192) Archive regions: 0->0
[2026-03-02T11:12:41.824+0530][info][gc,heap     ] GC(192) Humongous regions: 1->1
[2026-03-02T11:12:41.824+0530][info][gc,metaspace] GC(192) Metaspace: 74912K(75456K)->74912K(75456K) NonClass: 65645K(65920K)->65645K(65920K) Class: 9266K(9536K)->9266K(9536K)
[2026-03-02T11:12:41.824+0530][info][gc          ] GC(192) Pause Young (Normal) (G1 Evacuation Pause) 335M->31M(512M) 4.469ms
[2026-03-02T11:12:41.824+0530][info][gc,cpu      ] GC(192) User=0.00s Sys=0.00s Real=0.00s
[2026-03-02T11:12:52.447+0530][info][gc,start    ] GC(193) Pause Young (Normal) (G1 Evacuation Pause)
[2026-03-02T11:12:52.447+0530][info][gc,task     ] GC(193) Using 12 workers of 13 for evacuation
[2026-03-02T11:12:52.452+0530][info][gc,phases   ] GC(193)   Pre Evacuate Collection Set: 0.2ms
[2026-03-02T11:12:52.452+0530][info][gc,phases   ] GC(193)   Merge Heap Roots: 0.2ms
[2026-03-02T11:12:52.453+0530][info][gc,phases   ] GC(193)   Evacuate Collection Set: 3.4ms
[2026-03-02T11:12:52.453+0530][info][gc,phases   ] GC(193)   Post Evacuate Collection Set: 1.2ms
[2026-03-02T11:12:52.453+0530][info][gc,phases   ] GC(193)   Other: 0.3ms
[2026-03-02T11:12:52.453+0530][info][gc,heap     ] GC(193) Eden regions: 304->0(304)
[2026-03-02T11:12:52.453+0530][info][gc,heap     ] GC(193) Survivor regions: 3->3(39)
[2026-03-02T11:12:52.453+0530][info][gc,heap     ] GC(193) Old regions: 29->29
[2026-03-02T11:12:52.453+0530][info][gc,heap     ] GC(193) Archive regions: 0->0
[2026-03-02T11:12:52.453+0530][info][gc,heap     ] GC(193) Humongous regions: 1->1
[2026-03-02T11:12:52.453+0530][info][gc,metaspace] GC(193) Metaspace: 74912K(75456K)->74912K(75456K) NonClass: 65645K(65920K)->65645K(65920K) Class: 9266K(9536K)->9266K(9536K)
[2026-03-02T11:12:52.453+0530][info][gc          ] GC(193) Pause Young (Normal) (G1 Evacuation Pause) 335M->31M(512M) 6.091ms
[2026-03-02T11:12:52.453+0530][info][gc,cpu      ] GC(193) User=0.00s Sys=0.00s Real=0.01s
[2026-03-02T11:13:03.165+0530][info][gc,start    ] GC(194) Pause Young (Normal) (G1 Evacuation Pause)
[2026-03-02T11:13:03.165+0530][info][gc,task     ] GC(194) Using 12 workers of 13 for evacuation
[2026-03-02T11:13:03.174+0530][info][gc,phases   ] GC(194)   Pre Evacuate Collection Set: 0.4ms
[2026-03-02T11:13:03.174+0530][info][gc,phases   ] GC(194)   Merge Heap Roots: 0.4ms
[2026-03-02T11:13:03.174+0530][info][gc,phases   ] GC(194)   Evacuate Collection Set: 7.5ms
[2026-03-02T11:13:03.175+0530][info][gc,phases   ] GC(194)   Post Evacuate Collection Set: 1.3ms
[2026-03-02T11:13:03.175+0530][info][gc,phases   ] GC(194)   Other: 0.5ms
[2026-03-02T11:13:03.175+0530][info][gc,heap     ] GC(194) Eden regions: 304->0(304)
[2026-03-02T11:13:03.175+0530][info][gc,heap     ] GC(194) Survivor regions: 3->3(39)
[2026-03-02T11:13:03.175+0530][info][gc,heap     ] GC(194) Old regions: 29->29
[2026-03-02T11:13:03.175+0530][info][gc,heap     ] GC(194) Archive regions: 0->0
[2026-03-02T11:13:03.175+0530][info][gc,heap     ] GC(194) Humongous regions: 1->1
[2026-03-02T11:13:03.175+0530][info][gc,metaspace] GC(194) Metaspace: 74912K(75456K)->74912K(75456K) NonClass: 65646K(65920K)->65646K(65920K) Class: 9266K(9536K)->9266K(9536K)
[2026-03-02T11:13:03.175+0530][info][gc          ] GC(194) Pause Young (Normal) (G1 Evacuation Pause) 335M->32M(512M) 10.962ms
[2026-03-02T11:13:03.175+0530][info][gc,cpu      ] GC(194) User=0.03s Sys=0.02s Real=0.01s
[2026-03-02T11:13:13.382+0530][info][gc,start    ] GC(195) Pause Young (Normal) (G1 Evacuation Pause)
[2026-03-02T11:13:13.382+0530][info][gc,task     ] GC(195) Using 12 workers of 13 for evacuation
[2026-03-02T11:13:13.392+0530][info][gc,phases   ] GC(195)   Pre Evacuate Collection Set: 0.3ms
[2026-03-02T11:13:13.393+0530][info][gc,phases   ] GC(195)   Merge Heap Roots: 0.4ms
[2026-03-02T11:13:13.393+0530][info][gc,phases   ] GC(195)   Evacuate Collection Set: 7.5ms
[2026-03-02T11:13:13.393+0530][info][gc,phases   ] GC(195)   Post Evacuate Collection Set: 1.3ms
[2026-03-02T11:13:13.393+0530][info][gc,phases   ] GC(195)   Other: 0.5ms
[2026-03-02T11:13:13.393+0530][info][gc,heap     ] GC(195) Eden regions: 304->0(304)
[2026-03-02T11:13:13.393+0530][info][gc,heap     ] GC(195) Survivor regions: 3->3(39)
[2026-03-02T11:13:13.393+0530][info][gc,heap     ] GC(195) Old regions: 29->29
[2026-03-02T11:13:13.393+0530][info][gc,heap     ] GC(195) Archive regions: 0->0
[2026-03-02T11:13:13.393+0530][info][gc,heap     ] GC(195) Humongous regions: 1->1
[2026-03-02T11:13:13.393+0530][info][gc,metaspace] GC(195) Metaspace: 74912K(75456K)->74912K(75456K) NonClass: 65646K(65920K)->65646K(65920K) Class: 9266K(9536K)->9266K(9536K)
[2026-03-02T11:13:13.393+0530][info][gc          ] GC(195) Pause Young (Normal) (G1 Evacuation Pause) 336M->31M(512M) 10.518ms
[2026-03-02T11:13:13.393+0530][info][gc,cpu      ] GC(195) User=0.02s Sys=0.00s Real=0.01s
[2026-03-02T11:13:23.900+0530][info][gc,start    ] GC(196) Pause Young (Normal) (G1 Evacuation Pause)
[2026-03-02T11:13:23.900+0530][info][gc,task     ] GC(196) Using 12 workers of 13 for evacuation
[2026-03-02T11:13:23.907+0530][info][gc,phases   ] GC(196)   Pre Evacuate Collection Set: 0.1ms
[2026-03-02T11:13:23.907+0530][info][gc,phases   ] GC(196)   Merge Heap Roots: 0.1ms
[2026-03-02T11:13:23.907+0530][info][gc,phases   ] GC(196)   Evacuate Collection Set: 5.5ms
[2026-03-02T11:13:23.907+0530][info][gc,phases   ] GC(196)   Post Evacuate Collection Set: 1.1ms
[2026-03-02T11:13:23.907+0530][info][gc,phases   ] GC(196)   Other: 0.2ms
[2026-03-02T11:13:23.907+0530][info][gc,heap     ] GC(196) Eden regions: 304->0(304)
[2026-03-02T11:13:23.907+0530][info][gc,heap     ] GC(196) Survivor regions: 3->3(39)
[2026-03-02T11:13:23.907+0530][info][gc,heap     ] GC(196) Old regions: 29->29
[2026-03-02T11:13:23.907+0530][info][gc,heap     ] GC(196) Archive regions: 0->0
[2026-03-02T11:13:23.907+0530][info][gc,heap     ] GC(196) Humongous regions: 1->1
[2026-03-02T11:13:23.907+0530][info][gc,metaspace] GC(196) Metaspace: 74912K(75456K)->74912K(75456K) NonClass: 65646K(65920K)->65646K(65920K) Class: 9266K(9536K)->9266K(9536K)
[2026-03-02T11:13:23.907+0530][info][gc          ] GC(196) Pause Young (Normal) (G1 Evacuation Pause) 335M->31M(512M) 7.832ms
[2026-03-02T11:13:23.908+0530][info][gc,cpu      ] GC(196) User=0.06s Sys=0.00s Real=0.01s
[2026-03-02T11:13:33.458+0530][info][gc,start    ] GC(197) Pause Young (Normal) (G1 Evacuation Pause)
[2026-03-02T11:13:33.458+0530][info][gc,task     ] GC(197) Using 12 workers of 13 for evacuation
[2026-03-02T11:13:33.471+0530][info][gc,phases   ] GC(197)   Pre Evacuate Collection Set: 0.1ms
[2026-03-02T11:13:33.471+0530][info][gc,phases   ] GC(197)   Merge Heap Roots: 0.1ms
[2026-03-02T11:13:33.471+0530][info][gc,phases   ] GC(197)   Evacuate Collection Set: 11.6ms
[2026-03-02T11:13:33.471+0530][info][gc,phases   ] GC(197)   Post Evacuate Collection Set: 0.6ms
[2026-03-02T11:13:33.471+0530][info][gc,phases   ] GC(197)   Other: 0.2ms
[2026-03-02T11:13:33.471+0530][info][gc,heap     ] GC(197) Eden regions: 304->0(304)
[2026-03-02T11:13:33.471+0530][info][gc,heap     ] GC(197) Survivor regions: 3->3(39)
[2026-03-02T11:13:33.471+0530][info][gc,heap     ] GC(197) Old regions: 29->29
[2026-03-02T11:13:33.471+0530][info][gc,heap     ] GC(197) Archive regions: 0->0
[2026-03-02T11:13:33.471+0530][info][gc,heap     ] GC(197) Humongous regions: 1->1
[2026-03-02T11:13:33.471+0530][info][gc,metaspace] GC(197) Metaspace: 74912K(75456K)->74912K(75456K) NonClass: 65646K(65920K)->65646K(65920K) Class: 9266K(9536K)->9266K(9536K)
[2026-03-02T11:13:33.471+0530][info][gc          ] GC(197) Pause Young (Normal) (G1 Evacuation Pause) 335M->31M(512M) 13.008ms
[2026-03-02T11:13:33.471+0530][info][gc,cpu      ] GC(197) User=0.02s Sys=0.00s Real=0.01s
[2026-03-02T11:13:42.502+0530][info][gc,start    ] GC(198) Pause Young (Normal) (G1 Evacuation Pause)
[2026-03-02T11:13:42.503+0530][info][gc,task     ] GC(198) Using 12 workers of 13 for evacuation
[2026-03-02T11:13:42.506+0530][info][gc,phases   ] GC(198)   Pre Evacuate Collection Set: 0.1ms
[2026-03-02T11:13:42.507+0530][info][gc,phases   ] GC(198)   Merge Heap Roots: 0.1ms
[2026-03-02T11:13:42.507+0530][info][gc,phases   ] GC(198)   Evacuate Collection Set: 1.8ms
[2026-03-02T11:13:42.507+0530][info][gc,phases   ] GC(198)   Post Evacuate Collection Set: 1.5ms
[2026-03-02T11:13:42.507+0530][info][gc,phases   ] GC(198)   Other: 0.2ms
[2026-03-02T11:13:42.507+0530][info][gc,heap     ] GC(198) Eden regions: 304->0(304)
[2026-03-02T11:13:42.507+0530][info][gc,heap     ] GC(198) Survivor regions: 3->3(39)
[2026-03-02T11:13:42.507+0530][info][gc,heap     ] GC(198) Old regions: 29->29
[2026-03-02T11:13:42.507+0530][info][gc,heap     ] GC(198) Archive regions: 0->0
[2026-03-02T11:13:42.507+0530][info][gc,heap     ] GC(198) Humongous regions: 1->1
[2026-03-02T11:13:42.507+0530][info][gc,metaspace] GC(198) Metaspace: 74923K(75456K)->74923K(75456K) NonClass: 65656K(65920K)->65656K(65920K) Class: 9266K(9536K)->9266K(9536K)
[2026-03-02T11:13:42.507+0530][info][gc          ] GC(198) Pause Young (Normal) (G1 Evacuation Pause) 335M->31M(512M) 4.307ms
[2026-03-02T11:13:42.507+0530][info][gc,cpu      ] GC(198) User=0.00s Sys=0.00s Real=0.00s
[2026-03-02T11:13:51.819+0530][info][gc,start    ] GC(199) Pause Young (Normal) (G1 Evacuation Pause)
[2026-03-02T11:13:51.819+0530][info][gc,task     ] GC(199) Using 12 workers of 13 for evacuation
[2026-03-02T11:13:51.827+0530][info][gc,phases   ] GC(199)   Pre Evacuate Collection Set: 0.1ms
[2026-03-02T11:13:51.827+0530][info][gc,phases   ] GC(199)   Merge Heap Roots: 0.1ms
[2026-03-02T11:13:51.827+0530][info][gc,phases   ] GC(199)   Evacuate Collection Set: 4.9ms
[2026-03-02T11:13:51.827+0530][info][gc,phases   ] GC(199)   Post Evacuate Collection Set: 1.1ms
[2026-03-02T11:13:51.827+0530][info][gc,phases   ] GC(199)   Other: 0.2ms
[2026-03-02T11:13:51.827+0530][info][gc,heap     ] GC(199) Eden regions: 304->0(305)
[2026-03-02T11:13:51.827+0530][info][gc,heap     ] GC(199) Survivor regions: 3->2(39)
[2026-03-02T11:13:51.827+0530][info][gc,heap     ] GC(199) Old regions: 29->29
[2026-03-02T11:13:51.827+0530][info][gc,heap     ] GC(199) Archive regions: 0->0
[2026-03-02T11:13:51.827+0530][info][gc,heap     ] GC(199) Humongous regions: 1->1
[2026-03-02T11:13:51.827+0530][info][gc,metaspace] GC(199) Metaspace: 74923K(75456K)->74923K(75456K) NonClass: 65656K(65920K)->65656K(65920K) Class: 9266K(9536K)->9266K(9536K)
[2026-03-02T11:13:51.827+0530][info][gc          ] GC(199) Pause Young (Normal) (G1 Evacuation Pause) 335M->30M(512M) 6.764ms
[2026-03-02T11:13:51.827+0530][info][gc,cpu      ] GC(199) User=0.00s Sys=0.00s Real=0.01s
[2026-03-02T11:14:00.455+0530][info][gc,start    ] GC(200) Pause Young (Normal) (G1 Evacuation Pause)
[2026-03-02T11:14:00.455+0530][info][gc,task     ] GC(200) Using 12 workers of 13 for evacuation
[2026-03-02T11:14:00.461+0530][info][gc,phases   ] GC(200)   Pre Evacuate Collection Set: 0.1ms
[2026-03-02T11:14:00.461+0530][info][gc,phases   ] GC(200)   Merge Heap Roots: 0.1ms
[2026-03-02T11:14:00.461+0530][info][gc,phases   ] GC(200)   Evacuate Collection Set: 4.9ms
[2026-03-02T11:14:00.461+0530][info][gc,phases   ] GC(200)   Post Evacuate Collection Set: 0.9ms
[2026-03-02T11:14:00.461+0530][info][gc,phases   ] GC(200)   Other: 0.2ms
[2026-03-02T11:14:00.461+0530][info][gc,heap     ] GC(200) Eden regions: 305->0(304)
[2026-03-02T11:14:00.461+0530][info][gc,heap     ] GC(200) Survivor regions: 2->3(39)
[2026-03-02T11:14:00.461+0530][info][gc,heap     ] GC(200) Old regions: 29->29
[2026-03-02T11:14:00.462+0530][info][gc,heap     ] GC(200) Archive regions: 0->0
[2026-03-02T11:14:00.462+0530][info][gc,heap     ] GC(200) Humongous regions: 1->1
[2026-03-02T11:14:00.462+0530][info][gc,metaspace] GC(200) Metaspace: 74923K(75456K)->74923K(75456K) NonClass: 65656K(65920K)->65656K(65920K) Class: 9266K(9536K)->9266K(9536K)
[2026-03-02T11:14:00.462+0530][info][gc          ] GC(200) Pause Young (Normal) (G1 Evacuation Pause) 335M->31M(512M) 6.915ms
[2026-03-02T11:14:00.462+0530][info][gc,cpu      ] GC(200) User=0.00s Sys=0.00s Real=0.01s
[2026-03-02T11:14:10.694+0530][info][gc,start    ] GC(201) Pause Young (Normal) (G1 Evacuation Pause)
[2026-03-02T11:14:10.694+0530][info][gc,task     ] GC(201) Using 12 workers of 13 for evacuation
[2026-03-02T11:14:10.704+0530][info][gc,phases   ] GC(201)   Pre Evacuate Collection Set: 0.2ms
[2026-03-02T11:14:10.704+0530][info][gc,phases   ] GC(201)   Merge Heap Roots: 0.2ms
[2026-03-02T11:14:10.704+0530][info][gc,phases   ] GC(201)   Evacuate Collection Set: 8.7ms
[2026-03-02T11:14:10.704+0530][info][gc,phases   ] GC(201)   Post Evacuate Collection Set: 0.9ms
[2026-03-02T11:14:10.704+0530][info][gc,phases   ] GC(201)   Other: 0.4ms
[2026-03-02T11:14:10.705+0530][info][gc,heap     ] GC(201) Eden regions: 304->0(304)
[2026-03-02T11:14:10.705+0530][info][gc,heap     ] GC(201) Survivor regions: 3->3(39)
[2026-03-02T11:14:10.705+0530][info][gc,heap     ] GC(201) Old regions: 29->29
[2026-03-02T11:14:10.705+0530][info][gc,heap     ] GC(201) Archive regions: 0->0
[2026-03-02T11:14:10.705+0530][info][gc,heap     ] GC(201) Humongous regions: 1->1
[2026-03-02T11:14:10.705+0530][info][gc,metaspace] GC(201) Metaspace: 74923K(75456K)->74923K(75456K) NonClass: 65656K(65920K)->65656K(65920K) Class: 9266K(9536K)->9266K(9536K)
[2026-03-02T11:14:10.705+0530][info][gc          ] GC(201) Pause Young (Normal) (G1 Evacuation Pause) 335M->31M(512M) 11.100ms
[2026-03-02T11:14:10.705+0530][info][gc,cpu      ] GC(201) User=0.00s Sys=0.02s Real=0.01s
[2026-03-02T11:14:20.001+0530][info][gc,start    ] GC(202) Pause Young (Normal) (G1 Evacuation Pause)
[2026-03-02T11:14:20.001+0530][info][gc,task     ] GC(202) Using 12 workers of 13 for evacuation
[2026-03-02T11:14:20.004+0530][info][gc,phases   ] GC(202)   Pre Evacuate Collection Set: 0.2ms
[2026-03-02T11:14:20.004+0530][info][gc,phases   ] GC(202)   Merge Heap Roots: 0.1ms
[2026-03-02T11:14:20.004+0530][info][gc,phases   ] GC(202)   Evacuate Collection Set: 2.6ms
[2026-03-02T11:14:20.004+0530][info][gc,phases   ] GC(202)   Post Evacuate Collection Set: 0.5ms
[2026-03-02T11:14:20.004+0530][info][gc,phases   ] GC(202)   Other: 0.2ms
[2026-03-02T11:14:20.004+0530][info][gc,heap     ] GC(202) Eden regions: 304->0(304)
[2026-03-02T11:14:20.004+0530][info][gc,heap     ] GC(202) Survivor regions: 3->3(39)
[2026-03-02T11:14:20.004+0530][info][gc,heap     ] GC(202) Old regions: 29->29
[2026-03-02T11:14:20.004+0530][info][gc,heap     ] GC(202) Archive regions: 0->0
[2026-03-02T11:14:20.004+0530][info][gc,heap     ] GC(202) Humongous regions: 1->1
[2026-03-02T11:14:20.004+0530][info][gc,metaspace] GC(202) Metaspace: 74923K(75456K)->74923K(75456K) NonClass: 65656K(65920K)->65656K(65920K) Class: 9266K(9536K)->9266K(9536K)
[2026-03-02T11:14:20.004+0530][info][gc          ] GC(202) Pause Young (Normal) (G1 Evacuation Pause) 335M->31M(512M) 3.840ms
[2026-03-02T11:14:20.004+0530][info][gc,cpu      ] GC(202) User=0.00s Sys=0.00s Real=0.00s
[2026-03-02T11:14:30.311+0530][info][gc,start    ] GC(203) Pause Young (Normal) (G1 Evacuation Pause)
[2026-03-02T11:14:30.311+0530][info][gc,task     ] GC(203) Using 12 workers of 13 for evacuation
[2026-03-02T11:14:30.318+0530][info][gc,phases   ] GC(203)   Pre Evacuate Collection Set: 0.2ms
[2026-03-02T11:14:30.318+0530][info][gc,phases   ] GC(203)   Merge Heap Roots: 0.2ms
[2026-03-02T11:14:30.318+0530][info][gc,phases   ] GC(203)   Evacuate Collection Set: 4.7ms
[2026-03-02T11:14:30.318+0530][info][gc,phases   ] GC(203)   Post Evacuate Collection Set: 1.3ms
[2026-03-02T11:14:30.318+0530][info][gc,phases   ] GC(203)   Other: 0.4ms
[2026-03-02T11:14:30.318+0530][info][gc,heap     ] GC(203) Eden regions: 304->0(304)
[2026-03-02T11:14:30.318+0530][info][gc,heap     ] GC(203) Survivor regions: 3->3(39)
[2026-03-02T11:14:30.318+0530][info][gc,heap     ] GC(203) Old regions: 29->29
[2026-03-02T11:14:30.318+0530][info][gc,heap     ] GC(203) Archive regions: 0->0
[2026-03-02T11:14:30.318+0530][info][gc,heap     ] GC(203) Humongous regions: 1->1
[2026-03-02T11:14:30.318+0530][info][gc,metaspace] GC(203) Metaspace: 74923K(75456K)->74923K(75456K) NonClass: 65657K(65920K)->65657K(65920K) Class: 9266K(9536K)->9266K(9536K)
[2026-03-02T11:14:30.319+0530][info][gc          ] GC(203) Pause Young (Normal) (G1 Evacuation Pause) 335M->31M(512M) 7.616ms
[2026-03-02T11:14:30.319+0530][info][gc,cpu      ] GC(203) User=0.06s Sys=0.00s Real=0.01s
[2026-03-02T11:14:41.204+0530][info][gc,start    ] GC(204) Pause Young (Normal) (G1 Evacuation Pause)
[2026-03-02T11:14:41.204+0530][info][gc,task     ] GC(204) Using 12 workers of 13 for evacuation
[2026-03-02T11:14:41.207+0530][info][gc,phases   ] GC(204)   Pre Evacuate Collection Set: 0.1ms
[2026-03-02T11:14:41.207+0530][info][gc,phases   ] GC(204)   Merge Heap Roots: 0.1ms
[2026-03-02T11:14:41.207+0530][info][gc,phases   ] GC(204)   Evacuate Collection Set: 0.7ms
[2026-03-02T11:14:41.207+0530][info][gc,phases   ] GC(204)   Post Evacuate Collection Set: 1.0ms
[2026-03-02T11:14:41.207+0530][info][gc,phases   ] GC(204)   Other: 0.2ms
[2026-03-02T11:14:41.207+0530][info][gc,heap     ] GC(204) Eden regions: 304->0(306)
[2026-03-02T11:14:41.207+0530][info][gc,heap     ] GC(204) Survivor regions: 3->1(39)
[2026-03-02T11:14:41.207+0530][info][gc,heap     ] GC(204) Old regions: 29->29
[2026-03-02T11:14:41.207+0530][info][gc,heap     ] GC(204) Archive regions: 0->0
[2026-03-02T11:14:41.207+0530][info][gc,heap     ] GC(204) Humongous regions: 1->1
[2026-03-02T11:14:41.207+0530][info][gc,metaspace] GC(204) Metaspace: 74923K(75456K)->74923K(75456K) NonClass: 65657K(65920K)->65657K(65920K) Class: 9266K(9536K)->9266K(9536K)
[2026-03-02T11:14:41.207+0530][info][gc          ] GC(204) Pause Young (Normal) (G1 Evacuation Pause) 335M->29M(512M) 2.371ms
[2026-03-02T11:14:41.207+0530][info][gc,cpu      ] GC(204) User=0.00s Sys=0.00s Real=0.00s
[2026-03-02T11:14:51.086+0530][info][gc,start    ] GC(205) Pause Young (Normal) (G1 Evacuation Pause)
[2026-03-02T11:14:51.086+0530][info][gc,task     ] GC(205) Using 12 workers of 13 for evacuation
[2026-03-02T11:14:51.092+0530][info][gc,phases   ] GC(205)   Pre Evacuate Collection Set: 0.1ms
[2026-03-02T11:14:51.092+0530][info][gc,phases   ] GC(205)   Merge Heap Roots: 0.1ms
[2026-03-02T11:14:51.092+0530][info][gc,phases   ] GC(205)   Evacuate Collection Set: 4.5ms
[2026-03-02T11:14:51.092+0530][info][gc,phases   ] GC(205)   Post Evacuate Collection Set: 1.1ms
[2026-03-02T11:14:51.092+0530][info][gc,phases   ] GC(205)   Other: 0.3ms
[2026-03-02T11:14:51.092+0530][info][gc,heap     ] GC(205) Eden regions: 306->0(304)
[2026-03-02T11:14:51.092+0530][info][gc,heap     ] GC(205) Survivor regions: 1->3(39)
[2026-03-02T11:14:51.092+0530][info][gc,heap     ] GC(205) Old regions: 29->29
[2026-03-02T11:14:51.093+0530][info][gc,heap     ] GC(205) Archive regions: 0->0
[2026-03-02T11:14:51.093+0530][info][gc,heap     ] GC(205) Humongous regions: 1->1
[2026-03-02T11:14:51.093+0530][info][gc,metaspace] GC(205) Metaspace: 74923K(75456K)->74923K(75456K) NonClass: 65657K(65920K)->65657K(65920K) Class: 9266K(9536K)->9266K(9536K)
[2026-03-02T11:14:51.093+0530][info][gc          ] GC(205) Pause Young (Normal) (G1 Evacuation Pause) 335M->31M(512M) 6.931ms
[2026-03-02T11:14:51.093+0530][info][gc,cpu      ] GC(205) User=0.00s Sys=0.00s Real=0.01s
[2026-03-02T11:15:01.035+0530][info][gc,start    ] GC(206) Pause Young (Normal) (G1 Evacuation Pause)
[2026-03-02T11:15:01.035+0530][info][gc,task     ] GC(206) Using 12 workers of 13 for evacuation
[2026-03-02T11:15:01.043+0530][info][gc,phases   ] GC(206)   Pre Evacuate Collection Set: 0.2ms
[2026-03-02T11:15:01.043+0530][info][gc,phases   ] GC(206)   Merge Heap Roots: 0.2ms
[2026-03-02T11:15:01.043+0530][info][gc,phases   ] GC(206)   Evacuate Collection Set: 5.1ms
[2026-03-02T11:15:01.043+0530][info][gc,phases   ] GC(206)   Post Evacuate Collection Set: 1.4ms
[2026-03-02T11:15:01.043+0530][info][gc,phases   ] GC(206)   Other: 0.3ms
[2026-03-02T11:15:01.043+0530][info][gc,heap     ] GC(206) Eden regions: 304->0(304)
[2026-03-02T11:15:01.043+0530][info][gc,heap     ] GC(206) Survivor regions: 3->3(39)
[2026-03-02T11:15:01.043+0530][info][gc,heap     ] GC(206) Old regions: 29->29
[2026-03-02T11:15:01.043+0530][info][gc,heap     ] GC(206) Archive regions: 0->0
[2026-03-02T11:15:01.044+0530][info][gc,heap     ] GC(206) Humongous regions: 1->1
[2026-03-02T11:15:01.044+0530][info][gc,metaspace] GC(206) Metaspace: 74923K(75456K)->74923K(75456K) NonClass: 65657K(65920K)->65657K(65920K) Class: 9266K(9536K)->9266K(9536K)
[2026-03-02T11:15:01.044+0530][info][gc          ] GC(206) Pause Young (Normal) (G1 Evacuation Pause) 335M->31M(512M) 7.958ms
[2026-03-02T11:15:01.044+0530][info][gc,cpu      ] GC(206) User=0.00s Sys=0.00s Real=0.01s
[2026-03-02T11:15:11.857+0530][info][gc,start    ] GC(207) Pause Young (Normal) (G1 Evacuation Pause)
[2026-03-02T11:15:11.857+0530][info][gc,task     ] GC(207) Using 12 workers of 13 for evacuation
[2026-03-02T11:15:11.861+0530][info][gc,phases   ] GC(207)   Pre Evacuate Collection Set: 0.2ms
[2026-03-02T11:15:11.863+0530][info][gc,phases   ] GC(207)   Merge Heap Roots: 0.2ms
[2026-03-02T11:15:11.863+0530][info][gc,phases   ] GC(207)   Evacuate Collection Set: 3.3ms
[2026-03-02T11:15:11.863+0530][info][gc,phases   ] GC(207)   Post Evacuate Collection Set: 0.7ms
[2026-03-02T11:15:11.863+0530][info][gc,phases   ] GC(207)   Other: 0.3ms
[2026-03-02T11:15:11.863+0530][info][gc,heap     ] GC(207) Eden regions: 304->0(304)
[2026-03-02T11:15:11.863+0530][info][gc,heap     ] GC(207) Survivor regions: 3->3(39)
[2026-03-02T11:15:11.863+0530][info][gc,heap     ] GC(207) Old regions: 29->29
[2026-03-02T11:15:11.863+0530][info][gc,heap     ] GC(207) Archive regions: 0->0
[2026-03-02T11:15:11.863+0530][info][gc,heap     ] GC(207) Humongous regions: 1->1
[2026-03-02T11:15:11.863+0530][info][gc,metaspace] GC(207) Metaspace: 74923K(75456K)->74923K(75456K) NonClass: 65657K(65920K)->65657K(65920K) Class: 9266K(9536K)->9266K(9536K)
[2026-03-02T11:15:11.863+0530][info][gc          ] GC(207) Pause Young (Normal) (G1 Evacuation Pause) 335M->31M(512M) 5.062ms
[2026-03-02T11:15:11.863+0530][info][gc,cpu      ] GC(207) User=0.05s Sys=0.02s Real=0.01s
[2026-03-02T11:15:21.400+0530][info][gc,start    ] GC(208) Pause Young (Normal) (G1 Evacuation Pause)
[2026-03-02T11:15:21.400+0530][info][gc,task     ] GC(208) Using 12 workers of 13 for evacuation
[2026-03-02T11:15:21.403+0530][info][gc,phases   ] GC(208)   Pre Evacuate Collection Set: 0.2ms
[2026-03-02T11:15:21.403+0530][info][gc,phases   ] GC(208)   Merge Heap Roots: 0.2ms
[2026-03-02T11:15:21.403+0530][info][gc,phases   ] GC(208)   Evacuate Collection Set: 2.0ms
[2026-03-02T11:15:21.403+0530][info][gc,phases   ] GC(208)   Post Evacuate Collection Set: 0.4ms
[2026-03-02T11:15:21.403+0530][info][gc,phases   ] GC(208)   Other: 0.3ms
[2026-03-02T11:15:21.403+0530][info][gc,heap     ] GC(208) Eden regions: 304->0(304)
[2026-03-02T11:15:21.403+0530][info][gc,heap     ] GC(208) Survivor regions: 3->3(39)
[2026-03-02T11:15:21.403+0530][info][gc,heap     ] GC(208) Old regions: 29->29
[2026-03-02T11:15:21.403+0530][info][gc,heap     ] GC(208) Archive regions: 0->0
[2026-03-02T11:15:21.403+0530][info][gc,heap     ] GC(208) Humongous regions: 1->1
[2026-03-02T11:15:21.403+0530][info][gc,metaspace] GC(208) Metaspace: 74923K(75456K)->74923K(75456K) NonClass: 65657K(65920K)->65657K(65920K) Class: 9266K(9536K)->9266K(9536K)
[2026-03-02T11:15:21.404+0530][info][gc          ] GC(208) Pause Young (Normal) (G1 Evacuation Pause) 335M->31M(512M) 3.320ms
[2026-03-02T11:15:21.404+0530][info][gc,cpu      ] GC(208) User=0.00s Sys=0.00s Real=0.00s
[2026-03-02T11:15:29.884+0530][info][gc,start    ] GC(209) Pause Young (Normal) (G1 Evacuation Pause)
[2026-03-02T11:15:29.884+0530][info][gc,task     ] GC(209) Using 12 workers of 13 for evacuation
[2026-03-02T11:15:29.888+0530][info][gc,phases   ] GC(209)   Pre Evacuate Collection Set: 0.1ms
[2026-03-02T11:15:29.888+0530][info][gc,phases   ] GC(209)   Merge Heap Roots: 0.1ms
[2026-03-02T11:15:29.888+0530][info][gc,phases   ] GC(209)   Evacuate Collection Set: 2.7ms
[2026-03-02T11:15:29.888+0530][info][gc,phases   ] GC(209)   Post Evacuate Collection Set: 0.7ms
[2026-03-02T11:15:29.888+0530][info][gc,phases   ] GC(209)   Other: 0.2ms
[2026-03-02T11:15:29.888+0530][info][gc,heap     ] GC(209) Eden regions: 304->0(304)
[2026-03-02T11:15:29.888+0530][info][gc,heap     ] GC(209) Survivor regions: 3->3(39)
[2026-03-02T11:15:29.888+0530][info][gc,heap     ] GC(209) Old regions: 29->29
[2026-03-02T11:15:29.888+0530][info][gc,heap     ] GC(209) Archive regions: 0->0
[2026-03-02T11:15:29.888+0530][info][gc,heap     ] GC(209) Humongous regions: 1->1
[2026-03-02T11:15:29.888+0530][info][gc,metaspace] GC(209) Metaspace: 74923K(75456K)->74923K(75456K) NonClass: 65657K(65920K)->65657K(65920K) Class: 9266K(9536K)->9266K(9536K)
[2026-03-02T11:15:29.888+0530][info][gc          ] GC(209) Pause Young (Normal) (G1 Evacuation Pause) 335M->31M(512M) 4.073ms
[2026-03-02T11:15:29.888+0530][info][gc,cpu      ] GC(209) User=0.00s Sys=0.00s Real=0.00s
[2026-03-02T11:15:37.811+0530][info][gc,start    ] GC(210) Pause Young (Normal) (G1 Evacuation Pause)
[2026-03-02T11:15:37.811+0530][info][gc,task     ] GC(210) Using 12 workers of 13 for evacuation
[2026-03-02T11:15:37.814+0530][info][gc,phases   ] GC(210)   Pre Evacuate Collection Set: 0.2ms
[2026-03-02T11:15:37.814+0530][info][gc,phases   ] GC(210)   Merge Heap Roots: 0.2ms
[2026-03-02T11:15:37.814+0530][info][gc,phases   ] GC(210)   Evacuate Collection Set: 1.9ms
[2026-03-02T11:15:37.814+0530][info][gc,phases   ] GC(210)   Post Evacuate Collection Set: 0.4ms
[2026-03-02T11:15:37.814+0530][info][gc,phases   ] GC(210)   Other: 0.2ms
[2026-03-02T11:15:37.814+0530][info][gc,heap     ] GC(210) Eden regions: 304->0(304)
[2026-03-02T11:15:37.814+0530][info][gc,heap     ] GC(210) Survivor regions: 3->3(39)
[2026-03-02T11:15:37.814+0530][info][gc,heap     ] GC(210) Old regions: 29->29
[2026-03-02T11:15:37.814+0530][info][gc,heap     ] GC(210) Archive regions: 0->0
[2026-03-02T11:15:37.814+0530][info][gc,heap     ] GC(210) Humongous regions: 1->1
[2026-03-02T11:15:37.814+0530][info][gc,metaspace] GC(210) Metaspace: 74923K(75456K)->74923K(75456K) NonClass: 65657K(65920K)->65657K(65920K) Class: 9266K(9536K)->9266K(9536K)
[2026-03-02T11:15:37.814+0530][info][gc          ] GC(210) Pause Young (Normal) (G1 Evacuation Pause) 335M->31M(512M) 3.012ms
[2026-03-02T11:15:37.814+0530][info][gc,cpu      ] GC(210) User=0.00s Sys=0.02s Real=0.00s
[2026-03-02T11:15:47.120+0530][info][gc,start    ] GC(211) Pause Young (Normal) (G1 Evacuation Pause)
[2026-03-02T11:15:47.120+0530][info][gc,task     ] GC(211) Using 12 workers of 13 for evacuation
[2026-03-02T11:15:47.124+0530][info][gc,phases   ] GC(211)   Pre Evacuate Collection Set: 0.2ms
[2026-03-02T11:15:47.124+0530][info][gc,phases   ] GC(211)   Merge Heap Roots: 0.1ms
[2026-03-02T11:15:47.124+0530][info][gc,phases   ] GC(211)   Evacuate Collection Set: 3.7ms
[2026-03-02T11:15:47.124+0530][info][gc,phases   ] GC(211)   Post Evacuate Collection Set: 0.7ms
[2026-03-02T11:15:47.124+0530][info][gc,phases   ] GC(211)   Other: 0.3ms
[2026-03-02T11:15:47.124+0530][info][gc,heap     ] GC(211) Eden regions: 304->0(304)
[2026-03-02T11:15:47.124+0530][info][gc,heap     ] GC(211) Survivor regions: 3->3(39)
[2026-03-02T11:15:47.124+0530][info][gc,heap     ] GC(211) Old regions: 29->29
[2026-03-02T11:15:47.124+0530][info][gc,heap     ] GC(211) Archive regions: 0->0
[2026-03-02T11:15:47.124+0530][info][gc,heap     ] GC(211) Humongous regions: 1->1
[2026-03-02T11:15:47.124+0530][info][gc,metaspace] GC(211) Metaspace: 74923K(75456K)->74923K(75456K) NonClass: 65657K(65920K)->65657K(65920K) Class: 9266K(9536K)->9266K(9536K)
[2026-03-02T11:15:47.124+0530][info][gc          ] GC(211) Pause Young (Normal) (G1 Evacuation Pause) 335M->32M(512M) 5.495ms
[2026-03-02T11:15:47.124+0530][info][gc,cpu      ] GC(211) User=0.02s Sys=0.00s Real=0.00s
[2026-03-02T11:15:55.065+0530][info][gc,start    ] GC(212) Pause Young (Normal) (G1 Evacuation Pause)
[2026-03-02T11:15:55.065+0530][info][gc,task     ] GC(212) Using 12 workers of 13 for evacuation
[2026-03-02T11:15:55.069+0530][info][gc,phases   ] GC(212)   Pre Evacuate Collection Set: 0.2ms
[2026-03-02T11:15:55.069+0530][info][gc,phases   ] GC(212)   Merge Heap Roots: 0.2ms
[2026-03-02T11:15:55.069+0530][info][gc,phases   ] GC(212)   Evacuate Collection Set: 2.9ms
[2026-03-02T11:15:55.069+0530][info][gc,phases   ] GC(212)   Post Evacuate Collection Set: 0.4ms
[2026-03-02T11:15:55.069+0530][info][gc,phases   ] GC(212)   Other: 0.3ms
[2026-03-02T11:15:55.069+0530][info][gc,heap     ] GC(212) Eden regions: 304->0(304)
[2026-03-02T11:15:55.069+0530][info][gc,heap     ] GC(212) Survivor regions: 3->3(39)
[2026-03-02T11:15:55.069+0530][info][gc,heap     ] GC(212) Old regions: 29->29
[2026-03-02T11:15:55.069+0530][info][gc,heap     ] GC(212) Archive regions: 0->0
[2026-03-02T11:15:55.069+0530][info][gc,heap     ] GC(212) Humongous regions: 1->1
[2026-03-02T11:15:55.069+0530][info][gc,metaspace] GC(212) Metaspace: 74923K(75456K)->74923K(75456K) NonClass: 65657K(65920K)->65657K(65920K) Class: 9266K(9536K)->9266K(9536K)
[2026-03-02T11:15:55.069+0530][info][gc          ] GC(212) Pause Young (Normal) (G1 Evacuation Pause) 336M->31M(512M) 4.097ms
[2026-03-02T11:15:55.069+0530][info][gc,cpu      ] GC(212) User=0.00s Sys=0.00s Real=0.00s
[2026-03-02T11:16:03.023+0530][info][gc,start    ] GC(213) Pause Young (Normal) (G1 Evacuation Pause)
[2026-03-02T11:16:03.023+0530][info][gc,task     ] GC(213) Using 12 workers of 13 for evacuation
[2026-03-02T11:16:03.030+0530][info][gc,phases   ] GC(213)   Pre Evacuate Collection Set: 0.2ms
[2026-03-02T11:16:03.030+0530][info][gc,phases   ] GC(213)   Merge Heap Roots: 0.1ms
[2026-03-02T11:16:03.030+0530][info][gc,phases   ] GC(213)   Evacuate Collection Set: 3.8ms
[2026-03-02T11:16:03.030+0530][info][gc,phases   ] GC(213)   Post Evacuate Collection Set: 0.8ms
[2026-03-02T11:16:03.030+0530][info][gc,phases   ] GC(213)   Other: 0.3ms
[2026-03-02T11:16:03.030+0530][info][gc,heap     ] GC(213) Eden regions: 304->0(304)
[2026-03-02T11:16:03.030+0530][info][gc,heap     ] GC(213) Survivor regions: 3->3(39)
[2026-03-02T11:16:03.030+0530][info][gc,heap     ] GC(213) Old regions: 29->29
[2026-03-02T11:16:03.030+0530][info][gc,heap     ] GC(213) Archive regions: 0->0
[2026-03-02T11:16:03.030+0530][info][gc,heap     ] GC(213) Humongous regions: 1->1
[2026-03-02T11:16:03.030+0530][info][gc,metaspace] GC(213) Metaspace: 74923K(75456K)->74923K(75456K) NonClass: 65657K(65920K)->65657K(65920K) Class: 9266K(9536K)->9266K(9536K)
[2026-03-02T11:16:03.030+0530][info][gc          ] GC(213) Pause Young (Normal) (G1 Evacuation Pause) 335M->32M(512M) 5.535ms
[2026-03-02T11:16:03.030+0530][info][gc,cpu      ] GC(213) User=0.00s Sys=0.00s Real=0.01s
[2026-03-02T11:16:11.458+0530][info][gc,start    ] GC(214) Pause Young (Normal) (G1 Evacuation Pause)
[2026-03-02T11:16:11.458+0530][info][gc,task     ] GC(214) Using 12 workers of 13 for evacuation
[2026-03-02T11:16:11.461+0530][info][gc,phases   ] GC(214)   Pre Evacuate Collection Set: 0.1ms
[2026-03-02T11:16:11.461+0530][info][gc,phases   ] GC(214)   Merge Heap Roots: 0.1ms
[2026-03-02T11:16:11.461+0530][info][gc,phases   ] GC(214)   Evacuate Collection Set: 1.8ms
[2026-03-02T11:16:11.461+0530][info][gc,phases   ] GC(214)   Post Evacuate Collection Set: 0.4ms
[2026-03-02T11:16:11.461+0530][info][gc,phases   ] GC(214)   Other: 0.2ms
[2026-03-02T11:16:11.461+0530][info][gc,heap     ] GC(214) Eden regions: 304->0(304)
[2026-03-02T11:16:11.461+0530][info][gc,heap     ] GC(214) Survivor regions: 3->3(39)
[2026-03-02T11:16:11.461+0530][info][gc,heap     ] GC(214) Old regions: 29->29
[2026-03-02T11:16:11.461+0530][info][gc,heap     ] GC(214) Archive regions: 0->0
[2026-03-02T11:16:11.461+0530][info][gc,heap     ] GC(214) Humongous regions: 1->1
[2026-03-02T11:16:11.461+0530][info][gc,metaspace] GC(214) Metaspace: 74923K(75456K)->74923K(75456K) NonClass: 65657K(65920K)->65657K(65920K) Class: 9266K(9536K)->9266K(9536K)
[2026-03-02T11:16:11.461+0530][info][gc          ] GC(214) Pause Young (Normal) (G1 Evacuation Pause) 336M->31M(512M) 2.784ms
[2026-03-02T11:16:11.461+0530][info][gc,cpu      ] GC(214) User=0.00s Sys=0.00s Real=0.00s
[2026-03-02T11:16:19.722+0530][info][gc,start    ] GC(215) Pause Young (Normal) (G1 Evacuation Pause)
[2026-03-02T11:16:19.722+0530][info][gc,task     ] GC(215) Using 12 workers of 13 for evacuation
[2026-03-02T11:16:19.728+0530][info][gc,phases   ] GC(215)   Pre Evacuate Collection Set: 0.2ms
[2026-03-02T11:16:19.728+0530][info][gc,phases   ] GC(215)   Merge Heap Roots: 0.2ms
[2026-03-02T11:16:19.728+0530][info][gc,phases   ] GC(215)   Evacuate Collection Set: 3.3ms
[2026-03-02T11:16:19.728+0530][info][gc,phases   ] GC(215)   Post Evacuate Collection Set: 0.8ms
[2026-03-02T11:16:19.728+0530][info][gc,phases   ] GC(215)   Other: 0.3ms
[2026-03-02T11:16:19.728+0530][info][gc,heap     ] GC(215) Eden regions: 304->0(304)
[2026-03-02T11:16:19.728+0530][info][gc,heap     ] GC(215) Survivor regions: 3->3(39)
[2026-03-02T11:16:19.728+0530][info][gc,heap     ] GC(215) Old regions: 29->29
[2026-03-02T11:16:19.728+0530][info][gc,heap     ] GC(215) Archive regions: 0->0
[2026-03-02T11:16:19.728+0530][info][gc,heap     ] GC(215) Humongous regions: 1->1
[2026-03-02T11:16:19.728+0530][info][gc,metaspace] GC(215) Metaspace: 74923K(75456K)->74923K(75456K) NonClass: 65657K(65920K)->65657K(65920K) Class: 9266K(9536K)->9266K(9536K)
[2026-03-02T11:16:19.728+0530][info][gc          ] GC(215) Pause Young (Normal) (G1 Evacuation Pause) 335M->32M(512M) 5.077ms
[2026-03-02T11:16:19.728+0530][info][gc,cpu      ] GC(215) User=0.00s Sys=0.00s Real=0.01s
[2026-03-02T11:16:28.422+0530][info][gc,start    ] GC(216) Pause Young (Normal) (G1 Evacuation Pause)
[2026-03-02T11:16:28.422+0530][info][gc,task     ] GC(216) Using 12 workers of 13 for evacuation
[2026-03-02T11:16:28.426+0530][info][gc,phases   ] GC(216)   Pre Evacuate Collection Set: 0.2ms
[2026-03-02T11:16:28.426+0530][info][gc,phases   ] GC(216)   Merge Heap Roots: 0.2ms
[2026-03-02T11:16:28.426+0530][info][gc,phases   ] GC(216)   Evacuate Collection Set: 3.5ms
[2026-03-02T11:16:28.426+0530][info][gc,phases   ] GC(216)   Post Evacuate Collection Set: 0.7ms
[2026-03-02T11:16:28.426+0530][info][gc,phases   ] GC(216)   Other: 0.3ms
[2026-03-02T11:16:28.426+0530][info][gc,heap     ] GC(216) Eden regions: 304->0(305)
[2026-03-02T11:16:28.426+0530][info][gc,heap     ] GC(216) Survivor regions: 3->2(39)
[2026-03-02T11:16:28.426+0530][info][gc,heap     ] GC(216) Old regions: 29->29
[2026-03-02T11:16:28.426+0530][info][gc,heap     ] GC(216) Archive regions: 0->0
[2026-03-02T11:16:28.426+0530][info][gc,heap     ] GC(216) Humongous regions: 1->1
[2026-03-02T11:16:28.426+0530][info][gc,metaspace] GC(216) Metaspace: 74923K(75456K)->74923K(75456K) NonClass: 65657K(65920K)->65657K(65920K) Class: 9266K(9536K)->9266K(9536K)
[2026-03-02T11:16:28.426+0530][info][gc          ] GC(216) Pause Young (Normal) (G1 Evacuation Pause) 336M->30M(512M) 5.248ms
[2026-03-02T11:16:28.426+0530][info][gc,cpu      ] GC(216) User=0.00s Sys=0.00s Real=0.00s
[2026-03-02T11:21:41.252+0530][info][gc,start    ] GC(217) Pause Young (Normal) (G1 Evacuation Pause)
[2026-03-02T11:21:41.252+0530][info][gc,task     ] GC(217) Using 12 workers of 13 for evacuation
[2026-03-02T11:21:41.254+0530][info][gc,phases   ] GC(217)   Pre Evacuate Collection Set: 0.1ms
[2026-03-02T11:21:41.254+0530][info][gc,phases   ] GC(217)   Merge Heap Roots: 0.2ms
[2026-03-02T11:21:41.254+0530][info][gc,phases   ] GC(217)   Evacuate Collection Set: 0.6ms
[2026-03-02T11:21:41.254+0530][info][gc,phases   ] GC(217)   Post Evacuate Collection Set: 0.8ms
[2026-03-02T11:21:41.254+0530][info][gc,phases   ] GC(217)   Other: 0.2ms
[2026-03-02T11:21:41.254+0530][info][gc,heap     ] GC(217) Eden regions: 305->0(306)
[2026-03-02T11:21:41.254+0530][info][gc,heap     ] GC(217) Survivor regions: 2->1(39)
[2026-03-02T11:21:41.254+0530][info][gc,heap     ] GC(217) Old regions: 29->29
[2026-03-02T11:21:41.254+0530][info][gc,heap     ] GC(217) Archive regions: 0->0
[2026-03-02T11:21:41.254+0530][info][gc,heap     ] GC(217) Humongous regions: 1->1
[2026-03-02T11:21:41.254+0530][info][gc,metaspace] GC(217) Metaspace: 74945K(75456K)->74945K(75456K) NonClass: 65678K(65920K)->65678K(65920K) Class: 9266K(9536K)->9266K(9536K)
[2026-03-02T11:21:41.254+0530][info][gc          ] GC(217) Pause Young (Normal) (G1 Evacuation Pause) 335M->29M(512M) 2.291ms
[2026-03-02T11:21:41.254+0530][info][gc,cpu      ] GC(217) User=0.00s Sys=0.00s Real=0.00s
[2026-03-02T12:56:12.449+0530][info][gc,start    ] GC(218) Pause Young (Normal) (G1 Evacuation Pause)
[2026-03-02T12:56:12.449+0530][info][gc,task     ] GC(218) Using 12 workers of 13 for evacuation
[2026-03-02T12:56:12.473+0530][info][gc,phases   ] GC(218)   Pre Evacuate Collection Set: 1.6ms
[2026-03-02T12:56:12.473+0530][info][gc,phases   ] GC(218)   Merge Heap Roots: 0.5ms
[2026-03-02T12:56:12.473+0530][info][gc,phases   ] GC(218)   Evacuate Collection Set: 15.1ms
[2026-03-02T12:56:12.473+0530][info][gc,phases   ] GC(218)   Post Evacuate Collection Set: 4.0ms
[2026-03-02T12:56:12.473+0530][info][gc,phases   ] GC(218)   Other: 5.3ms
[2026-03-02T12:56:12.473+0530][info][gc,heap     ] GC(218) Eden regions: 306->0(306)
[2026-03-02T12:56:12.473+0530][info][gc,heap     ] GC(218) Survivor regions: 1->1(39)
[2026-03-02T12:56:12.473+0530][info][gc,heap     ] GC(218) Old regions: 29->29
[2026-03-02T12:56:12.473+0530][info][gc,heap     ] GC(218) Archive regions: 0->0
[2026-03-02T12:56:12.473+0530][info][gc,heap     ] GC(218) Humongous regions: 1->1
[2026-03-02T12:56:12.473+0530][info][gc,metaspace] GC(218) Metaspace: 75143K(75712K)->75143K(75712K) NonClass: 65862K(66112K)->65862K(66112K) Class: 9280K(9600K)->9280K(9600K)
[2026-03-02T12:56:12.473+0530][info][gc          ] GC(218) Pause Young (Normal) (G1 Evacuation Pause) 335M->30M(512M) 23.429ms
[2026-03-02T12:56:12.473+0530][info][gc,cpu      ] GC(218) User=0.05s Sys=0.03s Real=0.02s
[2026-03-02T12:57:21.548+0530][info][gc,heap,exit] Heap
[2026-03-02T12:57:21.548+0530][info][gc,heap,exit]  garbage-first heap   total 524288K, used 38497K [0x00000000dfe00000, 0x0000000100000000)
[2026-03-02T12:57:21.548+0530][info][gc,heap,exit]   region size 1024K, 9 young (9216K), 1 survivors (1024K)
[2026-03-02T12:57:21.548+0530][info][gc,heap,exit]  Metaspace       used 75227K, committed 75776K, reserved 1179648K
[2026-03-02T12:57:21.548+0530][info][gc,heap,exit]   class space    used 9296K, committed 9600K, reserved 1048576K
