[2026-03-04T13:24:15.491+0530][info][gc] Using G1
[2026-03-04T13:24:15.491+0530][info][gc,init] Version: 17.0.12+8-LTS-286 (release)
[2026-03-04T13:24:15.491+0530][info][gc,init] CPUs: 16 total, 16 available
[2026-03-04T13:24:15.491+0530][info][gc,init] Memory: 16044M
[2026-03-04T13:24:15.491+0530][info][gc,init] Large Page Support: Disabled
[2026-03-04T13:24:15.491+0530][info][gc,init] NUMA Support: Disabled
[2026-03-04T13:24:15.491+0530][info][gc,init] Compressed Oops: Enabled (32-bit)
[2026-03-04T13:24:15.491+0530][info][gc,init] Heap Region Size: 1M
[2026-03-04T13:24:15.491+0530][info][gc,init] Heap Min Capacity: 512M
[2026-03-04T13:24:15.491+0530][info][gc,init] Heap Initial Capacity: 512M
[2026-03-04T13:24:15.491+0530][info][gc,init] Heap Max Capacity: 514M
[2026-03-04T13:24:15.491+0530][info][gc,init] Pre-touch: Disabled
[2026-03-04T13:24:15.491+0530][info][gc,init] Parallel Workers: 13
[2026-03-04T13:24:15.491+0530][info][gc,init] Concurrent Workers: 3
[2026-03-04T13:24:15.491+0530][info][gc,init] Concurrent Refinement Workers: 13
[2026-03-04T13:24:15.491+0530][info][gc,init] Periodic GC: Disabled
[2026-03-04T13:24:15.497+0530][info][gc,metaspace] CDS archive(s) mapped at: [0x000001b9b2000000-0x000001b9b2bd0000-0x000001b9b2bd0000), size 12386304, SharedBaseAddress: 0x000001b9b2000000, ArchiveRelocationMode: 1.
[2026-03-04T13:24:15.497+0530][info][gc,metaspace] Compressed class space mapped at: 0x000001b9b3000000-0x000001b9f3000000, reserved size: 1073741824
[2026-03-04T13:24:15.497+0530][info][gc,metaspace] Narrow klass base: 0x000001b9b2000000, Narrow klass shift: 0, Narrow klass range: 0x100000000
[2026-03-04T13:24:16.086+0530][info][gc,start    ] GC(0) Pause Young (Normal) (G1 Evacuation Pause)
[2026-03-04T13:24:16.086+0530][info][gc,task     ] GC(0) Using 12 workers of 13 for evacuation
[2026-03-04T13:24:16.089+0530][info][gc,phases   ] GC(0)   Pre Evacuate Collection Set: 0.1ms
[2026-03-04T13:24:16.089+0530][info][gc,phases   ] GC(0)   Merge Heap Roots: 0.1ms
[2026-03-04T13:24:16.089+0530][info][gc,phases   ] GC(0)   Evacuate Collection Set: 3.5ms
[2026-03-04T13:24:16.089+0530][info][gc,phases   ] GC(0)   Post Evacuate Collection Set: 0.5ms
[2026-03-04T13:24:16.089+0530][info][gc,phases   ] GC(0)   Other: 0.5ms
[2026-03-04T13:24:16.089+0530][info][gc,heap     ] GC(0) Eden regions: 25->0(30)
[2026-03-04T13:24:16.089+0530][info][gc,heap     ] GC(0) Survivor regions: 0->4(4)
[2026-03-04T13:24:16.089+0530][info][gc,heap     ] GC(0) Old regions: 0->3
[2026-03-04T13:24:16.089+0530][info][gc,heap     ] GC(0) Archive regions: 0->0
[2026-03-04T13:24:16.089+0530][info][gc,heap     ] GC(0) Humongous regions: 2->2
[2026-03-04T13:24:16.089+0530][info][gc,metaspace] GC(0) Metaspace: 10980K(11200K)->10980K(11200K) NonClass: 9872K(9984K)->9872K(9984K) Class: 1107K(1216K)->1107K(1216K)
[2026-03-04T13:24:16.089+0530][info][gc          ] GC(0) Pause Young (Normal) (G1 Evacuation Pause) 27M->8M(512M) 4.818ms
[2026-03-04T13:24:16.089+0530][info][gc,cpu      ] GC(0) User=0.00s Sys=0.00s Real=0.00s
[2026-03-04T13:24:16.549+0530][info][gc,start    ] GC(1) Pause Young (Normal) (G1 Evacuation Pause)
[2026-03-04T13:24:16.549+0530][info][gc,task     ] GC(1) Using 12 workers of 13 for evacuation
[2026-03-04T13:24:16.551+0530][info][gc,phases   ] GC(1)   Pre Evacuate Collection Set: 0.1ms
[2026-03-04T13:24:16.551+0530][info][gc,phases   ] GC(1)   Merge Heap Roots: 0.1ms
[2026-03-04T13:24:16.551+0530][info][gc,phases   ] GC(1)   Evacuate Collection Set: 2.1ms
[2026-03-04T13:24:16.551+0530][info][gc,phases   ] GC(1)   Post Evacuate Collection Set: 0.3ms
[2026-03-04T13:24:16.551+0530][info][gc,phases   ] GC(1)   Other: 0.1ms
[2026-03-04T13:24:16.551+0530][info][gc,heap     ] GC(1) Eden regions: 27->0(142)
[2026-03-04T13:24:16.551+0530][info][gc,heap     ] GC(1) Survivor regions: 4->2(4)
[2026-03-04T13:24:16.551+0530][info][gc,heap     ] GC(1) Old regions: 3->7
[2026-03-04T13:24:16.551+0530][info][gc,heap     ] GC(1) Archive regions: 0->0
[2026-03-04T13:24:16.551+0530][info][gc,heap     ] GC(1) Humongous regions: 2->2
[2026-03-04T13:24:16.551+0530][info][gc,metaspace] GC(1) Metaspace: 16152K(16448K)->16152K(16448K) NonClass: 14368K(14528K)->14368K(14528K) Class: 1784K(1920K)->1784K(1920K)
[2026-03-04T13:24:16.551+0530][info][gc          ] GC(1) Pause Young (Normal) (G1 Evacuation Pause) 35M->9M(512M) 2.900ms
[2026-03-04T13:24:16.551+0530][info][gc,cpu      ] GC(1) User=0.02s Sys=0.00s Real=0.00s
[2026-03-04T13:24:16.753+0530][info][gc,start    ] GC(2) Pause Young (Concurrent Start) (Metadata GC Threshold)
[2026-03-04T13:24:16.753+0530][info][gc,task     ] GC(2) Using 12 workers of 13 for evacuation
[2026-03-04T13:24:16.755+0530][info][gc,phases   ] GC(2)   Pre Evacuate Collection Set: 0.1ms
[2026-03-04T13:24:16.755+0530][info][gc,phases   ] GC(2)   Merge Heap Roots: 0.0ms
[2026-03-04T13:24:16.755+0530][info][gc,phases   ] GC(2)   Evacuate Collection Set: 1.4ms
[2026-03-04T13:24:16.755+0530][info][gc,phases   ] GC(2)   Post Evacuate Collection Set: 0.3ms
[2026-03-04T13:24:16.755+0530][info][gc,phases   ] GC(2)   Other: 0.2ms
[2026-03-04T13:24:16.755+0530][info][gc,heap     ] GC(2) Eden regions: 24->0(239)
[2026-03-04T13:24:16.755+0530][info][gc,heap     ] GC(2) Survivor regions: 2->3(18)
[2026-03-04T13:24:16.755+0530][info][gc,heap     ] GC(2) Old regions: 7->7
[2026-03-04T13:24:16.755+0530][info][gc,heap     ] GC(2) Archive regions: 0->0
[2026-03-04T13:24:16.755+0530][info][gc,heap     ] GC(2) Humongous regions: 2->2
[2026-03-04T13:24:16.755+0530][info][gc,metaspace] GC(2) Metaspace: 21289K(21504K)->21289K(21504K) NonClass: 18896K(19008K)->18896K(19008K) Class: 2393K(2496K)->2393K(2496K)
[2026-03-04T13:24:16.756+0530][info][gc          ] GC(2) Pause Young (Concurrent Start) (Metadata GC Threshold) 33M->11M(512M) 2.147ms
[2026-03-04T13:24:16.756+0530][info][gc,cpu      ] GC(2) User=0.00s Sys=0.00s Real=0.00s
[2026-03-04T13:24:16.756+0530][info][gc          ] GC(3) Concurrent Mark Cycle
[2026-03-04T13:24:16.756+0530][info][gc,marking  ] GC(3) Concurrent Clear Claimed Marks
[2026-03-04T13:24:16.756+0530][info][gc,marking  ] GC(3) Concurrent Clear Claimed Marks 0.217ms
[2026-03-04T13:24:16.756+0530][info][gc,marking  ] GC(3) Concurrent Scan Root Regions
[2026-03-04T13:24:16.757+0530][info][gc,marking  ] GC(3) Concurrent Scan Root Regions 1.080ms
[2026-03-04T13:24:16.757+0530][info][gc,marking  ] GC(3) Concurrent Mark
[2026-03-04T13:24:16.757+0530][info][gc,marking  ] GC(3) Concurrent Mark From Roots
[2026-03-04T13:24:16.757+0530][info][gc,task     ] GC(3) Using 3 workers of 3 for marking
[2026-03-04T13:24:16.760+0530][info][gc,marking  ] GC(3) Concurrent Mark From Roots 2.065ms
[2026-03-04T13:24:16.760+0530][info][gc,marking  ] GC(3) Concurrent Preclean
[2026-03-04T13:24:16.760+0530][info][gc,marking  ] GC(3) Concurrent Preclean 0.142ms
[2026-03-04T13:24:16.760+0530][info][gc,start    ] GC(3) Pause Remark
[2026-03-04T13:24:16.760+0530][info][gc          ] GC(3) Pause Remark 12M->12M(512M) 1.566ms
[2026-03-04T13:24:16.760+0530][info][gc,cpu      ] GC(3) User=0.00s Sys=0.00s Real=0.00s
[2026-03-04T13:24:16.760+0530][info][gc,marking  ] GC(3) Concurrent Mark 4.062ms
[2026-03-04T13:24:16.760+0530][info][gc,marking  ] GC(3) Concurrent Rebuild Remembered Sets
[2026-03-04T13:24:16.760+0530][info][gc,marking  ] GC(3) Concurrent Rebuild Remembered Sets 1.149ms
[2026-03-04T13:24:16.760+0530][info][gc,start    ] GC(3) Pause Cleanup
[2026-03-04T13:24:16.760+0530][info][gc          ] GC(3) Pause Cleanup 12M->12M(512M) 0.093ms
[2026-03-04T13:24:16.760+0530][info][gc,cpu      ] GC(3) User=0.00s Sys=0.00s Real=0.00s
[2026-03-04T13:24:16.760+0530][info][gc,marking  ] GC(3) Concurrent Cleanup for Next Mark
[2026-03-04T13:24:16.760+0530][info][gc,marking  ] GC(3) Concurrent Cleanup for Next Mark 0.858ms
[2026-03-04T13:24:16.760+0530][info][gc          ] GC(3) Concurrent Mark Cycle 7.935ms
[2026-03-04T13:24:18.241+0530][info][gc,start    ] GC(4) Pause Young (Concurrent Start) (Metadata GC Threshold)
[2026-03-04T13:24:18.241+0530][info][gc,task     ] GC(4) Using 12 workers of 13 for evacuation
[2026-03-04T13:24:18.245+0530][info][gc,phases   ] GC(4)   Pre Evacuate Collection Set: 0.1ms
[2026-03-04T13:24:18.245+0530][info][gc,phases   ] GC(4)   Merge Heap Roots: 0.1ms
[2026-03-04T13:24:18.245+0530][info][gc,phases   ] GC(4)   Evacuate Collection Set: 5.5ms
[2026-03-04T13:24:18.245+0530][info][gc,phases   ] GC(4)   Post Evacuate Collection Set: 0.6ms
[2026-03-04T13:24:18.245+0530][info][gc,phases   ] GC(4)   Other: 0.2ms
[2026-03-04T13:24:18.245+0530][info][gc,heap     ] GC(4) Eden regions: 109->0(296)
[2026-03-04T13:24:18.245+0530][info][gc,heap     ] GC(4) Survivor regions: 3->11(31)
[2026-03-04T13:24:18.245+0530][info][gc,heap     ] GC(4) Old regions: 7->7
[2026-03-04T13:24:18.245+0530][info][gc,heap     ] GC(4) Archive regions: 0->0
[2026-03-04T13:24:18.245+0530][info][gc,heap     ] GC(4) Humongous regions: 2->2
[2026-03-04T13:24:18.245+0530][info][gc,metaspace] GC(4) Metaspace: 35729K(36096K)->35729K(36096K) NonClass: 31435K(31616K)->31435K(31616K) Class: 4293K(4480K)->4293K(4480K)
[2026-03-04T13:24:18.245+0530][info][gc          ] GC(4) Pause Young (Concurrent Start) (Metadata GC Threshold) 120M->18M(512M) 6.641ms
[2026-03-04T13:24:18.245+0530][info][gc,cpu      ] GC(4) User=0.00s Sys=0.00s Real=0.00s
[2026-03-04T13:24:18.245+0530][info][gc          ] GC(5) Concurrent Mark Cycle
[2026-03-04T13:24:18.245+0530][info][gc,marking  ] GC(5) Concurrent Clear Claimed Marks
[2026-03-04T13:24:18.245+0530][info][gc,marking  ] GC(5) Concurrent Clear Claimed Marks 0.030ms
[2026-03-04T13:24:18.245+0530][info][gc,marking  ] GC(5) Concurrent Scan Root Regions
[2026-03-04T13:24:18.248+0530][info][gc,marking  ] GC(5) Concurrent Scan Root Regions 2.352ms
[2026-03-04T13:24:18.248+0530][info][gc,marking  ] GC(5) Concurrent Mark
[2026-03-04T13:24:18.248+0530][info][gc,marking  ] GC(5) Concurrent Mark From Roots
[2026-03-04T13:24:18.248+0530][info][gc,task     ] GC(5) Using 3 workers of 3 for marking
[2026-03-04T13:24:18.248+0530][info][gc,marking  ] GC(5) Concurrent Mark From Roots 1.340ms
[2026-03-04T13:24:18.248+0530][info][gc,marking  ] GC(5) Concurrent Preclean
[2026-03-04T13:24:18.248+0530][info][gc,marking  ] GC(5) Concurrent Preclean 0.074ms
[2026-03-04T13:24:18.248+0530][info][gc,start    ] GC(5) Pause Remark
[2026-03-04T13:24:18.248+0530][info][gc          ] GC(5) Pause Remark 18M->18M(512M) 2.900ms
[2026-03-04T13:24:18.248+0530][info][gc,cpu      ] GC(5) User=0.02s Sys=0.00s Real=0.00s
[2026-03-04T13:24:18.248+0530][info][gc,marking  ] GC(5) Concurrent Mark 4.631ms
[2026-03-04T13:24:18.248+0530][info][gc,marking  ] GC(5) Concurrent Rebuild Remembered Sets
[2026-03-04T13:24:18.256+0530][info][gc,marking  ] GC(5) Concurrent Rebuild Remembered Sets 1.375ms
[2026-03-04T13:24:18.256+0530][info][gc,start    ] GC(5) Pause Cleanup
[2026-03-04T13:24:18.256+0530][info][gc          ] GC(5) Pause Cleanup 18M->18M(512M) 0.128ms
[2026-03-04T13:24:18.256+0530][info][gc,cpu      ] GC(5) User=0.00s Sys=0.00s Real=0.00s
[2026-03-04T13:24:18.256+0530][info][gc,marking  ] GC(5) Concurrent Cleanup for Next Mark
[2026-03-04T13:24:18.256+0530][info][gc,marking  ] GC(5) Concurrent Cleanup for Next Mark 0.944ms
[2026-03-04T13:24:18.256+0530][info][gc          ] GC(5) Concurrent Mark Cycle 9.868ms
[2026-03-04T13:24:20.939+0530][info][gc,start    ] GC(6) Pause Young (Concurrent Start) (Metadata GC Threshold)
[2026-03-04T13:24:20.939+0530][info][gc,task     ] GC(6) Using 12 workers of 13 for evacuation
[2026-03-04T13:24:20.949+0530][info][gc,phases   ] GC(6)   Pre Evacuate Collection Set: 0.1ms
[2026-03-04T13:24:20.949+0530][info][gc,phases   ] GC(6)   Merge Heap Roots: 0.1ms
[2026-03-04T13:24:20.949+0530][info][gc,phases   ] GC(6)   Evacuate Collection Set: 7.5ms
[2026-03-04T13:24:20.949+0530][info][gc,phases   ] GC(6)   Post Evacuate Collection Set: 0.8ms
[2026-03-04T13:24:20.949+0530][info][gc,phases   ] GC(6)   Other: 0.2ms
[2026-03-04T13:24:20.949+0530][info][gc,heap     ] GC(6) Eden regions: 132->0(289)
[2026-03-04T13:24:20.949+0530][info][gc,heap     ] GC(6) Survivor regions: 11->18(39)
[2026-03-04T13:24:20.949+0530][info][gc,heap     ] GC(6) Old regions: 7->7
[2026-03-04T13:24:20.949+0530][info][gc,heap     ] GC(6) Archive regions: 0->0
[2026-03-04T13:24:20.949+0530][info][gc,heap     ] GC(6) Humongous regions: 2->2
[2026-03-04T13:24:20.949+0530][info][gc,metaspace] GC(6) Metaspace: 59840K(60288K)->59840K(60288K) NonClass: 52318K(52544K)->52318K(52544K) Class: 7522K(7744K)->7522K(7744K)
[2026-03-04T13:24:20.949+0530][info][gc          ] GC(6) Pause Young (Concurrent Start) (Metadata GC Threshold) 149M->26M(512M) 8.802ms
[2026-03-04T13:24:20.949+0530][info][gc,cpu      ] GC(6) User=0.00s Sys=0.00s Real=0.01s
[2026-03-04T13:24:20.949+0530][info][gc          ] GC(7) Concurrent Mark Cycle
[2026-03-04T13:24:20.949+0530][info][gc,marking  ] GC(7) Concurrent Clear Claimed Marks
[2026-03-04T13:24:20.949+0530][info][gc,marking  ] GC(7) Concurrent Clear Claimed Marks 0.035ms
[2026-03-04T13:24:20.949+0530][info][gc,marking  ] GC(7) Concurrent Scan Root Regions
[2026-03-04T13:24:20.954+0530][info][gc,marking  ] GC(7) Concurrent Scan Root Regions 4.201ms
[2026-03-04T13:24:20.954+0530][info][gc,marking  ] GC(7) Concurrent Mark
[2026-03-04T13:24:20.954+0530][info][gc,marking  ] GC(7) Concurrent Mark From Roots
[2026-03-04T13:24:20.954+0530][info][gc,task     ] GC(7) Using 3 workers of 3 for marking
[2026-03-04T13:24:20.954+0530][info][gc,marking  ] GC(7) Concurrent Mark From Roots 1.919ms
[2026-03-04T13:24:20.954+0530][info][gc,marking  ] GC(7) Concurrent Preclean
[2026-03-04T13:24:20.954+0530][info][gc,marking  ] GC(7) Concurrent Preclean 0.080ms
[2026-03-04T13:24:20.954+0530][info][gc,start    ] GC(7) Pause Remark
[2026-03-04T13:24:20.954+0530][info][gc          ] GC(7) Pause Remark 27M->27M(512M) 3.744ms
[2026-03-04T13:24:20.954+0530][info][gc,cpu      ] GC(7) User=0.00s Sys=0.00s Real=0.00s
[2026-03-04T13:24:20.954+0530][info][gc,marking  ] GC(7) Concurrent Mark 6.092ms
[2026-03-04T13:24:20.954+0530][info][gc,marking  ] GC(7) Concurrent Rebuild Remembered Sets
[2026-03-04T13:24:20.954+0530][info][gc,marking  ] GC(7) Concurrent Rebuild Remembered Sets 1.227ms
[2026-03-04T13:24:20.954+0530][info][gc,start    ] GC(7) Pause Cleanup
[2026-03-04T13:24:20.954+0530][info][gc          ] GC(7) Pause Cleanup 27M->27M(512M) 0.089ms
[2026-03-04T13:24:20.954+0530][info][gc,cpu      ] GC(7) User=0.00s Sys=0.00s Real=0.00s
[2026-03-04T13:24:20.954+0530][info][gc,marking  ] GC(7) Concurrent Cleanup for Next Mark
[2026-03-04T13:24:20.954+0530][info][gc,marking  ] GC(7) Concurrent Cleanup for Next Mark 0.422ms
[2026-03-04T13:24:20.954+0530][info][gc          ] GC(7) Concurrent Mark Cycle 12.351ms
[2026-03-04T13:25:03.957+0530][info][gc,heap,exit] Heap
[2026-03-04T13:25:03.957+0530][info][gc,heap,exit]  garbage-first heap   total 524288K, used 287963K [0x00000000dfe00000, 0x0000000100000000)
[2026-03-04T13:25:03.957+0530][info][gc,heap,exit]   region size 1024K, 273 young (279552K), 18 survivors (18432K)
[2026-03-04T13:25:03.957+0530][info][gc,heap,exit]  Metaspace       used 88770K, committed 89472K, reserved 1179648K
[2026-03-04T13:25:03.957+0530][info][gc,heap,exit]   class space    used 11905K, committed 12224K, reserved 1048576K
